top - 17:55:02 up 11 days,  4:59,  6 users,  load average: 0.03, 0.01, 0.00
Tasks: 194 total,   1 running, 118 sleeping,   0 stopped,   0 zombie
%Cpu(s):  0.3 us,  0.0 sy,  0.0 ni, 99.6 id,  0.0 wa,  0.0 hi,  0.0 si,  0.0 st
KiB Mem : 32843380 total, 17584088 free,   266428 used, 14992864 buff/cache
--
  PID USER      PR  NI    VIRT    RES    SHR S %CPU %MEM     TIME+ COMMAND

top - 17:55:03 up 11 days,  4:59,  6 users,  load average: 0.03, 0.01, 0.00
Tasks: 194 total,   1 running, 118 sleeping,   0 stopped,   0 zombie
%Cpu(s):  0.1 us,  0.0 sy,  0.0 ni, 99.9 id,  0.0 wa,  0.0 hi,  0.0 si,  0.0 st
KiB Mem : 32843380 total, 17584088 free,   266428 used, 14992864 buff/cache
--
  PID USER      PR  NI    VIRT    RES    SHR S %CPU %MEM     TIME+ COMMAND
11560 freshman  20   0   42788   3996   3368 R  0.1  0.0   0:00.02 top

top - 17:55:04 up 11 days,  4:59,  6 users,  load average: 0.02, 0.01, 0.00
Tasks: 194 total,   1 running, 118 sleeping,   0 stopped,   0 zombie
%Cpu(s):  0.0 us,  0.1 sy,  0.0 ni, 99.9 id,  0.0 wa,  0.0 hi,  0.0 si,  0.0 st
KiB Mem : 32843380 total, 17584088 free,   266428 used, 14992864 buff/cache
--
  PID USER      PR  NI    VIRT    RES    SHR S %CPU %MEM     TIME+ COMMAND
11560 freshman  20   0   42788   3996   3368 R  0.1  0.0   0:00.03 top

top - 17:55:05 up 11 days,  4:59,  6 users,  load average: 0.02, 0.01, 0.00
Tasks: 194 total,   1 running, 118 sleeping,   0 stopped,   0 zombie
%Cpu(s):  0.0 us,  0.0 sy,  0.0 ni,100.0 id,  0.0 wa,  0.0 hi,  0.0 si,  0.0 st
KiB Mem : 32843380 total, 17584088 free,   266428 used, 14992864 buff/cache
--
  PID USER      PR  NI    VIRT    RES    SHR S %CPU %MEM     TIME+ COMMAND
 1808 root      20   0       0      0      0 I  0.1  0.0   0:13.03 kworker/1:2
11560 freshman  20   0   42788   3996   3368 R  0.1  0.0   0:00.04 top

top - 17:55:06 up 11 days,  4:59,  6 users,  load average: 0.02, 0.01, 0.00
Tasks: 194 total,   1 running, 118 sleeping,   0 stopped,   0 zombie
%Cpu(s):  0.1 us,  0.1 sy,  0.0 ni, 99.8 id,  0.0 wa,  0.0 hi,  0.0 si,  0.0 st
KiB Mem : 32843380 total, 17584088 free,   266428 used, 14992864 buff/cache
--
  PID USER      PR  NI    VIRT    RES    SHR S %CPU %MEM     TIME+ COMMAND
11385 freshman  20   0   21592   5376   3588 S  0.1  0.0   0:00.13 bash

top - 17:55:07 up 11 days,  4:59,  6 users,  load average: 0.02, 0.01, 0.00
Tasks: 194 total,   1 running, 118 sleeping,   0 stopped,   0 zombie
%Cpu(s):  0.0 us,  0.2 sy,  0.0 ni, 99.8 id,  0.0 wa,  0.0 hi,  0.0 si,  0.0 st
KiB Mem : 32843380 total, 17584088 free,   266428 used, 14992864 buff/cache
--
  PID USER      PR  NI    VIRT    RES    SHR S %CPU %MEM     TIME+ COMMAND
11560 freshman  20   0   42788   3996   3368 R  0.1  0.0   0:00.05 top

top - 17:55:08 up 11 days,  4:59,  6 users,  load average: 0.02, 0.01, 0.00
Tasks: 194 total,   1 running, 118 sleeping,   0 stopped,   0 zombie
%Cpu(s):  0.0 us,  0.0 sy,  0.0 ni,100.0 id,  0.0 wa,  0.0 hi,  0.0 si,  0.0 st
KiB Mem : 32843380 total, 17584212 free,   266288 used, 14992880 buff/cache
--
  PID USER      PR  NI    VIRT    RES    SHR S %CPU %MEM     TIME+ COMMAND
11560 freshman  20   0   42788   3996   3368 R  0.1  0.0   0:00.06 top

top - 17:55:09 up 11 days,  4:59,  6 users,  load average: 0.02, 0.01, 0.00
Tasks: 194 total,   1 running, 118 sleeping,   0 stopped,   0 zombie
%Cpu(s):  0.0 us,  0.0 sy,  0.0 ni,100.0 id,  0.0 wa,  0.0 hi,  0.0 si,  0.0 st
KiB Mem : 32843380 total, 17584212 free,   266288 used, 14992880 buff/cache
--
  PID USER      PR  NI    VIRT    RES    SHR S %CPU %MEM     TIME+ COMMAND
11560 freshman  20   0   42788   3996   3368 R  0.1  0.0   0:00.07 top

top - 17:55:10 up 11 days,  4:59,  6 users,  load average: 0.02, 0.01, 0.00
Tasks: 194 total,   1 running, 118 sleeping,   0 stopped,   0 zombie
%Cpu(s):  0.0 us,  0.1 sy,  0.0 ni, 99.9 id,  0.0 wa,  0.0 hi,  0.0 si,  0.0 st
KiB Mem : 32843380 total, 17584212 free,   266288 used, 14992880 buff/cache
--
  PID USER      PR  NI    VIRT    RES    SHR S %CPU %MEM     TIME+ COMMAND

top - 17:55:11 up 11 days,  4:59,  6 users,  load average: 0.02, 0.01, 0.00
Tasks: 194 total,   1 running, 118 sleeping,   0 stopped,   0 zombie
%Cpu(s):  0.0 us,  0.0 sy,  0.0 ni,100.0 id,  0.0 wa,  0.0 hi,  0.0 si,  0.0 st
KiB Mem : 32843380 total, 17583824 free,   266676 used, 14992880 buff/cache
--
  PID USER      PR  NI    VIRT    RES    SHR S %CPU %MEM     TIME+ COMMAND
11560 freshman  20   0   42788   3996   3368 R  0.1  0.0   0:00.08 top

top - 17:55:12 up 11 days,  4:59,  6 users,  load average: 0.02, 0.01, 0.00
Tasks: 194 total,   1 running, 118 sleeping,   0 stopped,   0 zombie
%Cpu(s):  0.0 us,  0.0 sy,  0.0 ni,100.0 id,  0.0 wa,  0.0 hi,  0.0 si,  0.0 st
KiB Mem : 32843380 total, 17583824 free,   266676 used, 14992880 buff/cache
--
  PID USER      PR  NI    VIRT    RES    SHR S %CPU %MEM     TIME+ COMMAND

top - 17:55:13 up 11 days,  4:59,  6 users,  load average: 0.02, 0.01, 0.00
Tasks: 194 total,   1 running, 118 sleeping,   0 stopped,   0 zombie
%Cpu(s):  0.0 us,  0.2 sy,  0.0 ni, 99.8 id,  0.0 wa,  0.0 hi,  0.0 si,  0.0 st
KiB Mem : 32843380 total, 17583824 free,   266676 used, 14992880 buff/cache
--
  PID USER      PR  NI    VIRT    RES    SHR S %CPU %MEM     TIME+ COMMAND
11560 freshman  20   0   42788   3996   3368 R  0.1  0.0   0:00.09 top

top - 17:55:14 up 11 days,  4:59,  6 users,  load average: 0.02, 0.01, 0.00
Tasks: 194 total,   1 running, 118 sleeping,   0 stopped,   0 zombie
%Cpu(s):  0.0 us,  0.0 sy,  0.0 ni,100.0 id,  0.0 wa,  0.0 hi,  0.0 si,  0.0 st
KiB Mem : 32843380 total, 17583444 free,   267052 used, 14992884 buff/cache
--
  PID USER      PR  NI    VIRT    RES    SHR S %CPU %MEM     TIME+ COMMAND

top - 17:55:15 up 11 days,  5:00,  6 users,  load average: 0.02, 0.01, 0.00
Tasks: 194 total,   1 running, 118 sleeping,   0 stopped,   0 zombie
%Cpu(s):  0.0 us,  0.2 sy,  0.0 ni, 99.8 id,  0.0 wa,  0.0 hi,  0.0 si,  0.0 st
KiB Mem : 32843380 total, 17583444 free,   267052 used, 14992884 buff/cache
--
  PID USER      PR  NI    VIRT    RES    SHR S %CPU %MEM     TIME+ COMMAND
11560 freshman  20   0   42788   3996   3368 R  0.1  0.0   0:00.10 top

top - 17:55:16 up 11 days,  5:00,  6 users,  load average: 0.02, 0.01, 0.00
Tasks: 194 total,   1 running, 118 sleeping,   0 stopped,   0 zombie
%Cpu(s):  0.1 us,  0.0 sy,  0.0 ni, 99.9 id,  0.0 wa,  0.0 hi,  0.0 si,  0.0 st
KiB Mem : 32843380 total, 17583444 free,   267052 used, 14992884 buff/cache
--
  PID USER      PR  NI    VIRT    RES    SHR S %CPU %MEM     TIME+ COMMAND
11560 freshman  20   0   42788   3996   3368 R  0.2  0.0   0:00.12 top

top - 17:55:17 up 11 days,  5:00,  6 users,  load average: 0.02, 0.01, 0.00
Tasks: 194 total,   1 running, 118 sleeping,   0 stopped,   0 zombie
%Cpu(s):  0.0 us,  0.0 sy,  0.0 ni, 99.9 id,  0.1 wa,  0.0 hi,  0.0 si,  0.0 st
KiB Mem : 32843380 total, 17583444 free,   267044 used, 14992892 buff/cache
--
  PID USER      PR  NI    VIRT    RES    SHR S %CPU %MEM     TIME+ COMMAND
11560 freshman  20   0   42788   3996   3368 R  0.1  0.0   0:00.13 top

top - 17:55:18 up 11 days,  5:00,  6 users,  load average: 0.02, 0.01, 0.00
Tasks: 194 total,   1 running, 118 sleeping,   0 stopped,   0 zombie
%Cpu(s):  0.0 us,  0.0 sy,  0.0 ni,100.0 id,  0.0 wa,  0.0 hi,  0.0 si,  0.0 st
KiB Mem : 32843380 total, 17583444 free,   267044 used, 14992892 buff/cache
--
  PID USER      PR  NI    VIRT    RES    SHR S %CPU %MEM     TIME+ COMMAND

top - 17:55:19 up 11 days,  5:00,  6 users,  load average: 0.02, 0.01, 0.00
Tasks: 194 total,   1 running, 118 sleeping,   0 stopped,   0 zombie
%Cpu(s):  0.1 us,  0.1 sy,  0.0 ni, 99.8 id,  0.0 wa,  0.0 hi,  0.0 si,  0.0 st
KiB Mem : 32843380 total, 17583444 free,   267044 used, 14992892 buff/cache
--
  PID USER      PR  NI    VIRT    RES    SHR S %CPU %MEM     TIME+ COMMAND
11560 freshman  20   0   42788   3996   3368 R  0.1  0.0   0:00.14 top

top - 17:55:20 up 11 days,  5:00,  6 users,  load average: 0.02, 0.01, 0.00
Tasks: 194 total,   1 running, 118 sleeping,   0 stopped,   0 zombie
%Cpu(s):  0.1 us,  0.1 sy,  0.0 ni, 99.8 id,  0.0 wa,  0.0 hi,  0.0 si,  0.0 st
KiB Mem : 32843380 total, 17583132 free,   267356 used, 14992892 buff/cache
--
  PID USER      PR  NI    VIRT    RES    SHR S %CPU %MEM     TIME+ COMMAND

top - 17:55:21 up 11 days,  5:00,  6 users,  load average: 0.02, 0.01, 0.00
Tasks: 194 total,   1 running, 118 sleeping,   0 stopped,   0 zombie
%Cpu(s):  0.0 us,  0.0 sy,  0.0 ni,100.0 id,  0.0 wa,  0.0 hi,  0.0 si,  0.0 st
KiB Mem : 32843380 total, 17583132 free,   267356 used, 14992892 buff/cache
--
  PID USER      PR  NI    VIRT    RES    SHR S %CPU %MEM     TIME+ COMMAND
11560 freshman  20   0   42788   3996   3368 R  0.2  0.0   0:00.16 top

top - 17:55:22 up 11 days,  5:00,  6 users,  load average: 0.02, 0.01, 0.00
Tasks: 194 total,   1 running, 118 sleeping,   0 stopped,   0 zombie
%Cpu(s):  0.0 us,  0.1 sy,  0.0 ni, 99.9 id,  0.0 wa,  0.0 hi,  0.0 si,  0.0 st
KiB Mem : 32843380 total, 17583132 free,   267356 used, 14992892 buff/cache
--
  PID USER      PR  NI    VIRT    RES    SHR S %CPU %MEM     TIME+ COMMAND
11560 freshman  20   0   42788   3996   3368 R  0.1  0.0   0:00.17 top

top - 17:55:24 up 11 days,  5:00,  6 users,  load average: 0.02, 0.01, 0.00
Tasks: 194 total,   1 running, 118 sleeping,   0 stopped,   0 zombie
%Cpu(s):  0.1 us,  0.1 sy,  0.0 ni, 99.8 id,  0.0 wa,  0.0 hi,  0.0 si,  0.0 st
KiB Mem : 32843380 total, 17583140 free,   267344 used, 14992896 buff/cache
--
  PID USER      PR  NI    VIRT    RES    SHR S %CPU %MEM     TIME+ COMMAND
11405 root      20   0       0      0      0 I  0.1  0.0   0:00.11 kworker/u16+

top - 17:55:25 up 11 days,  5:00,  6 users,  load average: 0.02, 0.01, 0.00
Tasks: 194 total,   1 running, 118 sleeping,   0 stopped,   0 zombie
%Cpu(s):  0.0 us,  0.0 sy,  0.0 ni,100.0 id,  0.0 wa,  0.0 hi,  0.0 si,  0.0 st
KiB Mem : 32843380 total, 17583140 free,   267344 used, 14992896 buff/cache
--
  PID USER      PR  NI    VIRT    RES    SHR S %CPU %MEM     TIME+ COMMAND
11384 freshman  20   0  107988   5584   4580 S  0.1  0.0   0:00.12 sshd
11560 freshman  20   0   42788   3996   3368 R  0.1  0.0   0:00.18 top

top - 17:55:26 up 11 days,  5:00,  6 users,  load average: 0.02, 0.01, 0.00
Tasks: 194 total,   1 running, 118 sleeping,   0 stopped,   0 zombie
%Cpu(s):  0.0 us,  0.2 sy,  0.0 ni, 99.8 id,  0.0 wa,  0.0 hi,  0.0 si,  0.0 st
KiB Mem : 32843380 total, 17583140 free,   267344 used, 14992896 buff/cache
--
  PID USER      PR  NI    VIRT    RES    SHR S %CPU %MEM     TIME+ COMMAND

top - 17:55:27 up 11 days,  5:00,  6 users,  load average: 0.02, 0.01, 0.00
Tasks: 194 total,   1 running, 118 sleeping,   0 stopped,   0 zombie
%Cpu(s):  0.1 us,  0.0 sy,  0.0 ni, 99.9 id,  0.0 wa,  0.0 hi,  0.0 si,  0.0 st
KiB Mem : 32843380 total, 17583132 free,   267344 used, 14992904 buff/cache
--
  PID USER      PR  NI    VIRT    RES    SHR S %CPU %MEM     TIME+ COMMAND
11560 freshman  20   0   42788   3996   3368 R  0.2  0.0   0:00.20 top
 1020 root      20   0  178600   9400   8600 S  0.1  0.0   1:09.84 thermald

top - 17:55:28 up 11 days,  5:00,  6 users,  load average: 0.02, 0.01, 0.00
Tasks: 194 total,   1 running, 118 sleeping,   0 stopped,   0 zombie
%Cpu(s):  0.0 us,  0.1 sy,  0.0 ni, 99.9 id,  0.0 wa,  0.0 hi,  0.0 si,  0.0 st
KiB Mem : 32843380 total, 17583132 free,   267344 used, 14992904 buff/cache
--
  PID USER      PR  NI    VIRT    RES    SHR S %CPU %MEM     TIME+ COMMAND

top - 17:55:29 up 11 days,  5:00,  6 users,  load average: 0.02, 0.01, 0.00
Tasks: 194 total,   1 running, 118 sleeping,   0 stopped,   0 zombie
%Cpu(s):  0.1 us,  0.0 sy,  0.0 ni, 99.9 id,  0.0 wa,  0.0 hi,  0.0 si,  0.0 st
KiB Mem : 32843380 total, 17583132 free,   267344 used, 14992904 buff/cache
--
  PID USER      PR  NI    VIRT    RES    SHR S %CPU %MEM     TIME+ COMMAND
11560 freshman  20   0   42788   3996   3368 R  0.1  0.0   0:00.21 top

top - 17:55:30 up 11 days,  5:00,  6 users,  load average: 0.02, 0.01, 0.00
Tasks: 194 total,   1 running, 118 sleeping,   0 stopped,   0 zombie
%Cpu(s):  0.0 us,  0.1 sy,  0.0 ni, 99.9 id,  0.0 wa,  0.0 hi,  0.0 si,  0.0 st
KiB Mem : 32843380 total, 17583132 free,   267344 used, 14992904 buff/cache
--
  PID USER      PR  NI    VIRT    RES    SHR S %CPU %MEM     TIME+ COMMAND
11560 freshman  20   0   42788   3996   3368 R  0.2  0.0   0:00.23 top
11384 freshman  20   0  107988   5584   4580 S  0.1  0.0   0:00.13 sshd

top - 17:55:31 up 11 days,  5:00,  6 users,  load average: 0.02, 0.01, 0.00
Tasks: 194 total,   1 running, 118 sleeping,   0 stopped,   0 zombie
%Cpu(s):  0.0 us,  0.0 sy,  0.0 ni,100.0 id,  0.0 wa,  0.0 hi,  0.0 si,  0.0 st
KiB Mem : 32843380 total, 17583132 free,   267344 used, 14992904 buff/cache
--
  PID USER      PR  NI    VIRT    RES    SHR S %CPU %MEM     TIME+ COMMAND

top - 17:55:32 up 11 days,  5:00,  6 users,  load average: 0.02, 0.01, 0.00
Tasks: 194 total,   1 running, 118 sleeping,   0 stopped,   0 zombie
%Cpu(s):  0.1 us,  0.1 sy,  0.0 ni, 99.8 id,  0.0 wa,  0.0 hi,  0.0 si,  0.0 st
KiB Mem : 32843380 total, 17583132 free,   267344 used, 14992904 buff/cache
--
  PID USER      PR  NI    VIRT    RES    SHR S %CPU %MEM     TIME+ COMMAND
11560 freshman  20   0   42788   3996   3368 R  0.1  0.0   0:00.24 top

top - 17:55:33 up 11 days,  5:00,  6 users,  load average: 0.02, 0.01, 0.00
Tasks: 194 total,   1 running, 118 sleeping,   0 stopped,   0 zombie
%Cpu(s):  0.1 us,  0.0 sy,  0.0 ni, 99.9 id,  0.0 wa,  0.0 hi,  0.0 si,  0.0 st
KiB Mem : 32843380 total, 17583148 free,   267316 used, 14992916 buff/cache
--
  PID USER      PR  NI    VIRT    RES    SHR S %CPU %MEM     TIME+ COMMAND
11560 freshman  20   0   42788   3996   3368 R  0.1  0.0   0:00.25 top

top - 17:55:34 up 11 days,  5:00,  6 users,  load average: 0.02, 0.01, 0.00
Tasks: 194 total,   1 running, 118 sleeping,   0 stopped,   0 zombie
%Cpu(s):  0.0 us,  0.0 sy,  0.0 ni,100.0 id,  0.0 wa,  0.0 hi,  0.0 si,  0.0 st
KiB Mem : 32843380 total, 17583148 free,   267316 used, 14992916 buff/cache
--
  PID USER      PR  NI    VIRT    RES    SHR S %CPU %MEM     TIME+ COMMAND
11560 freshman  20   0   42788   3996   3368 R  0.1  0.0   0:00.26 top

top - 17:55:35 up 11 days,  5:00,  6 users,  load average: 0.01, 0.01, 0.00
Tasks: 194 total,   1 running, 118 sleeping,   0 stopped,   0 zombie
%Cpu(s):  0.1 us,  0.1 sy,  0.0 ni, 99.8 id,  0.0 wa,  0.0 hi,  0.0 si,  0.0 st
KiB Mem : 32843380 total, 17583148 free,   267316 used, 14992916 buff/cache
--
  PID USER      PR  NI    VIRT    RES    SHR S %CPU %MEM     TIME+ COMMAND
11385 freshman  20   0   21704   5512   3588 S  0.1  0.0   0:00.14 bash

top - 17:55:36 up 11 days,  5:00,  6 users,  load average: 0.01, 0.01, 0.00
Tasks: 194 total,   1 running, 118 sleeping,   0 stopped,   0 zombie
%Cpu(s):  0.1 us,  0.0 sy,  0.0 ni, 99.9 id,  0.0 wa,  0.0 hi,  0.0 si,  0.0 st
KiB Mem : 32843380 total, 17583148 free,   267316 used, 14992916 buff/cache
--
  PID USER      PR  NI    VIRT    RES    SHR S %CPU %MEM     TIME+ COMMAND
11560 freshman  20   0   42788   3996   3368 R  0.1  0.0   0:00.27 top

top - 17:55:37 up 11 days,  5:00,  6 users,  load average: 0.01, 0.01, 0.00
Tasks: 194 total,   1 running, 118 sleeping,   0 stopped,   0 zombie
%Cpu(s):  0.0 us,  0.0 sy,  0.0 ni,100.0 id,  0.0 wa,  0.0 hi,  0.0 si,  0.0 st
KiB Mem : 32843380 total, 17583148 free,   267316 used, 14992916 buff/cache
--
  PID USER      PR  NI    VIRT    RES    SHR S %CPU %MEM     TIME+ COMMAND
11560 freshman  20   0   42788   3996   3368 R  0.1  0.0   0:00.28 top

top - 17:55:38 up 11 days,  5:00,  6 users,  load average: 0.01, 0.01, 0.00
Tasks: 194 total,   1 running, 118 sleeping,   0 stopped,   0 zombie
%Cpu(s):  0.0 us,  0.1 sy,  0.0 ni, 99.9 id,  0.0 wa,  0.0 hi,  0.0 si,  0.0 st
KiB Mem : 32843380 total, 17583148 free,   267316 used, 14992916 buff/cache
--
  PID USER      PR  NI    VIRT    RES    SHR S %CPU %MEM     TIME+ COMMAND

top - 17:55:39 up 11 days,  5:00,  6 users,  load average: 0.01, 0.01, 0.00
Tasks: 194 total,   1 running, 118 sleeping,   0 stopped,   0 zombie
%Cpu(s):  0.1 us,  0.1 sy,  0.0 ni, 99.8 id,  0.0 wa,  0.0 hi,  0.0 si,  0.0 st
KiB Mem : 32843380 total, 17583156 free,   267308 used, 14992916 buff/cache
--
  PID USER      PR  NI    VIRT    RES    SHR S %CPU %MEM     TIME+ COMMAND
11560 freshman  20   0   42788   3996   3368 R  0.2  0.0   0:00.30 top

top - 17:55:40 up 11 days,  5:00,  6 users,  load average: 0.01, 0.01, 0.00
Tasks: 194 total,   1 running, 118 sleeping,   0 stopped,   0 zombie
%Cpu(s):  0.0 us,  0.0 sy,  0.0 ni,100.0 id,  0.0 wa,  0.0 hi,  0.0 si,  0.0 st
KiB Mem : 32843380 total, 17583156 free,   267308 used, 14992916 buff/cache
--
  PID USER      PR  NI    VIRT    RES    SHR S %CPU %MEM     TIME+ COMMAND

top - 17:55:41 up 11 days,  5:00,  6 users,  load average: 0.01, 0.01, 0.00
Tasks: 194 total,   1 running, 118 sleeping,   0 stopped,   0 zombie
%Cpu(s):  0.1 us,  0.0 sy,  0.0 ni, 99.9 id,  0.0 wa,  0.0 hi,  0.0 si,  0.0 st
KiB Mem : 32843380 total, 17583156 free,   267308 used, 14992916 buff/cache
--
  PID USER      PR  NI    VIRT    RES    SHR S %CPU %MEM     TIME+ COMMAND
11560 freshman  20   0   42788   3996   3368 R  0.1  0.0   0:00.31 top

top - 17:55:42 up 11 days,  5:00,  6 users,  load average: 0.01, 0.01, 0.00
Tasks: 194 total,   1 running, 118 sleeping,   0 stopped,   0 zombie
%Cpu(s):  0.0 us,  0.0 sy,  0.0 ni,100.0 id,  0.0 wa,  0.0 hi,  0.0 si,  0.0 st
KiB Mem : 32843380 total, 17583156 free,   267304 used, 14992920 buff/cache
--
  PID USER      PR  NI    VIRT    RES    SHR S %CPU %MEM     TIME+ COMMAND

top - 17:55:43 up 11 days,  5:00,  6 users,  load average: 0.01, 0.01, 0.00
Tasks: 195 total,   2 running, 118 sleeping,   0 stopped,   0 zombie
%Cpu(s):  0.4 us,  0.0 sy,  0.0 ni, 99.6 id,  0.0 wa,  0.0 hi,  0.0 si,  0.0 st
KiB Mem : 32843380 total, 17583156 free,   267304 used, 14992920 buff/cache
--
  PID USER      PR  NI    VIRT    RES    SHR S %CPU %MEM     TIME+ COMMAND
11560 freshman  20   0   42788   3996   3368 R  0.2  0.0   0:00.33 top

top - 17:55:44 up 11 days,  5:00,  6 users,  load average: 0.01, 0.01, 0.00
Tasks: 195 total,   1 running, 119 sleeping,   0 stopped,   0 zombie
%Cpu(s):  5.5 us,  1.2 sy,  0.0 ni, 93.1 id,  0.0 wa,  0.0 hi,  0.1 si,  0.0 st
KiB Mem : 32843380 total, 17583156 free,   267304 used, 14992920 buff/cache
--
  PID USER      PR  NI    VIRT    RES    SHR S %CPU %MEM     TIME+ COMMAND
11573 freshman  20   0   87288  49244   4972 S  5.1  0.1   0:00.42 runspec
11560 freshman  20   0   42788   3996   3368 R  0.2  0.0   0:00.35 top
    8 root      20   0       0      0      0 I  0.1  0.0   0:19.93 rcu_sched
--
top - 17:55:45 up 11 days,  5:00,  6 users,  load average: 0.01, 0.01, 0.00
Tasks: 195 total,   1 running, 119 sleeping,   0 stopped,   0 zombie
%Cpu(s):  1.1 us,  0.9 sy,  0.0 ni, 98.0 id,  0.0 wa,  0.0 hi,  0.0 si,  0.0 st
KiB Mem : 32843380 total, 17537652 free,   312712 used, 14993016 buff/cache
--
  PID USER      PR  NI    VIRT    RES    SHR S %CPU %MEM     TIME+ COMMAND
11573 freshman  20   0   87560  49452   4972 S  1.2  0.2   0:00.52 runspec

top - 17:55:46 up 11 days,  5:00,  6 users,  load average: 0.01, 0.01, 0.00
Tasks: 194 total,   2 running, 118 sleeping,   0 stopped,   0 zombie
%Cpu(s):  0.9 us,  0.4 sy,  0.0 ni, 98.6 id,  0.1 wa,  0.0 hi,  0.0 si,  0.0 st
KiB Mem : 32843380 total, 17537652 free,   312712 used, 14993016 buff/cache
--
  PID USER      PR  NI    VIRT    RES    SHR S %CPU %MEM     TIME+ COMMAND
11573 freshman  20   0   87692  49612   4972 R  0.9  0.2   0:00.59 runspec
11560 freshman  20   0   42788   3996   3368 R  0.1  0.0   0:00.36 top

top - 17:55:47 up 11 days,  5:00,  6 users,  load average: 0.01, 0.01, 0.00
Tasks: 194 total,   1 running, 119 sleeping,   0 stopped,   0 zombie
%Cpu(s):  1.0 us,  0.7 sy,  0.0 ni, 98.3 id,  0.0 wa,  0.0 hi,  0.0 si,  0.0 st
KiB Mem : 32843380 total, 17537652 free,   312712 used, 14993016 buff/cache
--
  PID USER      PR  NI    VIRT    RES    SHR S %CPU %MEM     TIME+ COMMAND
11573 freshman  20   0   87976  49932   4972 S  0.9  0.2   0:00.66 runspec
11560 freshman  20   0   42788   3996   3368 R  0.1  0.0   0:00.37 top

top - 17:55:48 up 11 days,  5:00,  6 users,  load average: 0.01, 0.01, 0.00
Tasks: 194 total,   2 running, 118 sleeping,   0 stopped,   0 zombie
%Cpu(s):  8.8 us,  2.2 sy,  0.0 ni, 88.9 id,  0.0 wa,  0.0 hi,  0.0 si,  0.0 st
KiB Mem : 32843380 total, 17347860 free,   316276 used, 15179244 buff/cache
--
  PID USER      PR  NI    VIRT    RES    SHR S %CPU %MEM     TIME+ COMMAND
11573 freshman  20   0   91028  53012   4972 R 11.0  0.2   0:01.55 runspec

top - 17:55:49 up 11 days,  5:00,  6 users,  load average: 0.01, 0.01, 0.00
Tasks: 197 total,   2 running, 121 sleeping,   0 stopped,   0 zombie
%Cpu(s): 10.1 us,  2.5 sy,  0.0 ni, 87.4 id,  0.0 wa,  0.0 hi,  0.0 si,  0.0 st
KiB Mem : 32843380 total, 17347860 free,   316276 used, 15179244 buff/cache
--
  PID USER      PR  NI    VIRT    RES    SHR S %CPU %MEM     TIME+ COMMAND
11573 freshman  20   0   91028  53012   4972 S 10.3  0.2   0:02.38 runspec
11936 freshman  20   0   41936  35716   3356 R  2.0  0.1   0:00.16 perlbench_b+
11560 freshman  20   0   42788   3996   3368 R  0.1  0.0   0:00.38 top
--
top - 17:55:50 up 11 days,  5:00,  6 users,  load average: 0.09, 0.02, 0.01
Tasks: 197 total,   2 running, 121 sleeping,   0 stopped,   0 zombie
%Cpu(s): 11.9 us,  0.6 sy,  0.0 ni, 87.4 id,  0.0 wa,  0.0 hi,  0.0 si,  0.0 st
KiB Mem : 32843380 total, 17347860 free,   316276 used, 15179244 buff/cache
--
  PID USER      PR  NI    VIRT    RES    SHR S %CPU %MEM     TIME+ COMMAND
11936 freshman  20   0  157556 151304   3592 R 12.5  0.5   0:01.16 perlbench_b+

top - 17:55:51 up 11 days,  5:00,  6 users,  load average: 0.09, 0.02, 0.01
Tasks: 197 total,   2 running, 121 sleeping,   0 stopped,   0 zombie
%Cpu(s): 12.4 us,  0.1 sy,  0.0 ni, 87.3 id,  0.1 wa,  0.0 hi,  0.0 si,  0.0 st
KiB Mem : 32843380 total, 17005640 free,   464520 used, 15373220 buff/cache
--
  PID USER      PR  NI    VIRT    RES    SHR S %CPU %MEM     TIME+ COMMAND
11936 freshman  20   0  158232 152096   3592 R 12.4  0.5   0:02.16 perlbench_b+
11560 freshman  20   0   42788   3996   3368 R  0.1  0.0   0:00.39 top

top - 17:55:52 up 11 days,  5:00,  6 users,  load average: 0.09, 0.02, 0.01
Tasks: 197 total,   2 running, 121 sleeping,   0 stopped,   0 zombie
%Cpu(s): 12.6 us,  0.0 sy,  0.0 ni, 87.4 id,  0.0 wa,  0.0 hi,  0.0 si,  0.0 st
KiB Mem : 32843380 total, 17005640 free,   464520 used, 15373220 buff/cache
--
  PID USER      PR  NI    VIRT    RES    SHR S %CPU %MEM     TIME+ COMMAND
11936 freshman  20   0  159048 152888   3592 R 12.6  0.5   0:03.17 perlbench_b+

top - 17:55:53 up 11 days,  5:00,  6 users,  load average: 0.09, 0.02, 0.01
Tasks: 197 total,   2 running, 121 sleeping,   0 stopped,   0 zombie
%Cpu(s): 12.5 us,  0.0 sy,  0.0 ni, 87.5 id,  0.0 wa,  0.0 hi,  0.0 si,  0.0 st
KiB Mem : 32843380 total, 17005640 free,   464520 used, 15373220 buff/cache
--
  PID USER      PR  NI    VIRT    RES    SHR S %CPU %MEM     TIME+ COMMAND
11936 freshman  20   0  160240 153944   3592 R 12.5  0.5   0:04.18 perlbench_b+
11573 freshman  20   0   91028  53012   4972 S  0.1  0.2   0:02.39 runspec

top - 17:55:54 up 11 days,  5:00,  6 users,  load average: 0.09, 0.02, 0.01
Tasks: 197 total,   2 running, 121 sleeping,   0 stopped,   0 zombie
%Cpu(s): 12.4 us,  0.1 sy,  0.0 ni, 87.4 id,  0.0 wa,  0.0 hi,  0.0 si,  0.0 st
KiB Mem : 32843380 total, 17003068 free,   466776 used, 15373536 buff/cache
--
  PID USER      PR  NI    VIRT    RES    SHR S %CPU %MEM     TIME+ COMMAND
11936 freshman  20   0  160964 154708   3592 R 12.5  0.5   0:05.18 perlbench_b+
11560 freshman  20   0   42788   3996   3368 R  0.1  0.0   0:00.40 top

top - 17:55:55 up 11 days,  5:00,  6 users,  load average: 0.16, 0.04, 0.01
Tasks: 197 total,   2 running, 121 sleeping,   0 stopped,   0 zombie
%Cpu(s): 12.5 us,  0.0 sy,  0.0 ni, 87.5 id,  0.0 wa,  0.0 hi,  0.0 si,  0.0 st
KiB Mem : 32843380 total, 17003068 free,   466776 used, 15373536 buff/cache
--
  PID USER      PR  NI    VIRT    RES    SHR S %CPU %MEM     TIME+ COMMAND
11936 freshman  20   0  161660 155500   3592 R 12.5  0.5   0:06.19 perlbench_b+
11560 freshman  20   0   42788   3996   3368 R  0.1  0.0   0:00.41 top

top - 17:55:56 up 11 days,  5:00,  6 users,  load average: 0.16, 0.04, 0.01
Tasks: 197 total,   2 running, 121 sleeping,   0 stopped,   0 zombie
%Cpu(s): 12.5 us,  0.1 sy,  0.0 ni, 87.3 id,  0.0 wa,  0.0 hi,  0.0 si,  0.0 st
KiB Mem : 32843380 total, 17003068 free,   466776 used, 15373536 buff/cache
--
  PID USER      PR  NI    VIRT    RES    SHR S %CPU %MEM     TIME+ COMMAND
11936 freshman  20   0  162500 156292   3592 R 12.5  0.5   0:07.19 perlbench_b+

top - 17:55:57 up 11 days,  5:00,  6 users,  load average: 0.16, 0.04, 0.01
Tasks: 197 total,   2 running, 121 sleeping,   0 stopped,   0 zombie
%Cpu(s): 12.5 us,  0.0 sy,  0.0 ni, 87.5 id,  0.0 wa,  0.0 hi,  0.0 si,  0.0 st
KiB Mem : 32843380 total, 16999844 free,   469964 used, 15373572 buff/cache
--
  PID USER      PR  NI    VIRT    RES    SHR S %CPU %MEM     TIME+ COMMAND
11936 freshman  20   0  164012 157876   3592 R 12.4  0.5   0:08.19 perlbench_b+
11560 freshman  20   0   42788   3996   3368 R  0.1  0.0   0:00.42 top

top - 17:55:58 up 11 days,  5:00,  6 users,  load average: 0.16, 0.04, 0.01
Tasks: 197 total,   2 running, 121 sleeping,   0 stopped,   0 zombie
%Cpu(s): 12.4 us,  0.1 sy,  0.0 ni, 87.4 id,  0.0 wa,  0.0 hi,  0.0 si,  0.0 st
KiB Mem : 32843380 total, 16999844 free,   469964 used, 15373572 buff/cache
--
  PID USER      PR  NI    VIRT    RES    SHR S %CPU %MEM     TIME+ COMMAND
11936 freshman  20   0  164848 158668   3592 R 12.6  0.5   0:09.20 perlbench_b+

top - 17:55:59 up 11 days,  5:00,  6 users,  load average: 0.16, 0.04, 0.01
Tasks: 197 total,   2 running, 121 sleeping,   0 stopped,   0 zombie
%Cpu(s): 12.5 us,  0.1 sy,  0.0 ni, 87.3 id,  0.0 wa,  0.0 hi,  0.0 si,  0.0 st
KiB Mem : 32843380 total, 16999844 free,   469964 used, 15373572 buff/cache
--
  PID USER      PR  NI    VIRT    RES    SHR S %CPU %MEM     TIME+ COMMAND
11936 freshman  20   0  165536 159460   3592 R 12.5  0.5   0:10.21 perlbench_b+

top - 17:56:00 up 11 days,  5:00,  6 users,  load average: 0.23, 0.06, 0.02
Tasks: 197 total,   2 running, 121 sleeping,   0 stopped,   0 zombie
%Cpu(s): 12.5 us,  0.0 sy,  0.0 ni, 87.5 id,  0.0 wa,  0.0 hi,  0.0 si,  0.0 st
KiB Mem : 32843380 total, 16997488 free,   472272 used, 15373620 buff/cache
--
  PID USER      PR  NI    VIRT    RES    SHR S %CPU %MEM     TIME+ COMMAND
11936 freshman  20   0  166252 159988   3592 R 12.6  0.5   0:11.22 perlbench_b+

top - 17:56:01 up 11 days,  5:00,  6 users,  load average: 0.23, 0.06, 0.02
Tasks: 197 total,   2 running, 121 sleeping,   0 stopped,   0 zombie
%Cpu(s): 12.4 us,  0.1 sy,  0.0 ni, 87.4 id,  0.0 wa,  0.0 hi,  0.0 si,  0.0 st
KiB Mem : 32843380 total, 16997488 free,   472272 used, 15373620 buff/cache
--
  PID USER      PR  NI    VIRT    RES    SHR S %CPU %MEM     TIME+ COMMAND
11936 freshman  20   0  166948 160780   3592 R 12.4  0.5   0:12.22 perlbench_b+
11560 freshman  20   0   42788   3996   3368 R  0.1  0.0   0:00.43 top

top - 17:56:02 up 11 days,  5:00,  6 users,  load average: 0.23, 0.06, 0.02
Tasks: 197 total,   2 running, 121 sleeping,   0 stopped,   0 zombie
%Cpu(s): 12.4 us,  0.0 sy,  0.0 ni, 87.6 id,  0.0 wa,  0.0 hi,  0.0 si,  0.0 st
KiB Mem : 32843380 total, 16997488 free,   472272 used, 15373620 buff/cache
--
  PID USER      PR  NI    VIRT    RES    SHR S %CPU %MEM     TIME+ COMMAND
11936 freshman  20   0  167524 161308   3592 R 12.6  0.5   0:13.23 perlbench_b+

top - 17:56:03 up 11 days,  5:00,  6 users,  load average: 0.23, 0.06, 0.02
Tasks: 197 total,   2 running, 121 sleeping,   0 stopped,   0 zombie
%Cpu(s): 12.5 us,  0.1 sy,  0.0 ni, 87.3 id,  0.0 wa,  0.0 hi,  0.0 si,  0.0 st
KiB Mem : 32843380 total, 16995356 free,   474356 used, 15373668 buff/cache
--
  PID USER      PR  NI    VIRT    RES    SHR S %CPU %MEM     TIME+ COMMAND
11936 freshman  20   0  168348 162100   3592 R 12.4  0.5   0:14.23 perlbench_b+
 1027 root      20   0  110520   3512   3184 S  0.1  0.0   1:21.17 irqbalance

top - 17:56:04 up 11 days,  5:00,  6 users,  load average: 0.23, 0.06, 0.02
Tasks: 197 total,   2 running, 121 sleeping,   0 stopped,   0 zombie
%Cpu(s): 12.5 us,  0.0 sy,  0.0 ni, 87.5 id,  0.0 wa,  0.0 hi,  0.0 si,  0.0 st
KiB Mem : 32843380 total, 16995356 free,   474356 used, 15373668 buff/cache
--
  PID USER      PR  NI    VIRT    RES    SHR S %CPU %MEM     TIME+ COMMAND
11936 freshman  20   0  169196 163156   3592 R 12.5  0.5   0:15.23 perlbench_b+
11560 freshman  20   0   42788   3996   3368 R  0.1  0.0   0:00.44 top

top - 17:56:05 up 11 days,  5:00,  6 users,  load average: 0.29, 0.07, 0.02
Tasks: 197 total,   2 running, 121 sleeping,   0 stopped,   0 zombie
%Cpu(s): 12.5 us,  0.1 sy,  0.0 ni, 87.3 id,  0.0 wa,  0.0 hi,  0.0 si,  0.0 st
KiB Mem : 32843380 total, 16995356 free,   474356 used, 15373668 buff/cache
--
  PID USER      PR  NI    VIRT    RES    SHR S %CPU %MEM     TIME+ COMMAND
11936 freshman  20   0  169936 163948   3592 R 12.5  0.5   0:16.24 perlbench_b+

top - 17:56:06 up 11 days,  5:00,  6 users,  load average: 0.29, 0.07, 0.02
Tasks: 197 total,   2 running, 121 sleeping,   0 stopped,   0 zombie
%Cpu(s): 12.4 us,  0.0 sy,  0.0 ni, 87.4 id,  0.1 wa,  0.0 hi,  0.0 si,  0.0 st
KiB Mem : 32843380 total, 16992652 free,   477004 used, 15373724 buff/cache
--
  PID USER      PR  NI    VIRT    RES    SHR S %CPU %MEM     TIME+ COMMAND
11936 freshman  20   0  170936 164740   3592 R 12.5  0.5   0:17.24 perlbench_b+
11560 freshman  20   0   42788   3996   3368 R  0.1  0.0   0:00.45 top

top - 17:56:07 up 11 days,  5:00,  6 users,  load average: 0.29, 0.07, 0.02
Tasks: 197 total,   2 running, 121 sleeping,   0 stopped,   0 zombie
%Cpu(s): 12.5 us,  0.0 sy,  0.0 ni, 87.5 id,  0.0 wa,  0.0 hi,  0.0 si,  0.0 st
KiB Mem : 32843380 total, 16992652 free,   477004 used, 15373724 buff/cache
--
  PID USER      PR  NI    VIRT    RES    SHR S %CPU %MEM     TIME+ COMMAND
11936 freshman  20   0  171640 165532   3592 R 12.5  0.5   0:18.25 perlbench_b+
11444 root      20   0       0      0      0 I  0.1  0.0   0:00.03 kworker/u16+
11560 freshman  20   0   42788   3996   3368 R  0.1  0.0   0:00.46 top
--
top - 17:56:08 up 11 days,  5:00,  6 users,  load average: 0.29, 0.07, 0.02
Tasks: 197 total,   2 running, 121 sleeping,   0 stopped,   0 zombie
%Cpu(s): 12.5 us,  0.1 sy,  0.0 ni, 87.3 id,  0.0 wa,  0.0 hi,  0.0 si,  0.0 st
KiB Mem : 32843380 total, 16992652 free,   477004 used, 15373724 buff/cache
--
  PID USER      PR  NI    VIRT    RES    SHR S %CPU %MEM     TIME+ COMMAND
11936 freshman  20   0  172300 166060   3592 R 12.4  0.5   0:19.25 perlbench_b+

top - 17:56:09 up 11 days,  5:00,  6 users,  load average: 0.29, 0.07, 0.02
Tasks: 197 total,   2 running, 121 sleeping,   0 stopped,   0 zombie
%Cpu(s): 12.6 us,  0.0 sy,  0.0 ni, 87.4 id,  0.0 wa,  0.0 hi,  0.0 si,  0.0 st
KiB Mem : 32843380 total, 16990404 free,   479216 used, 15373760 buff/cache
--
  PID USER      PR  NI    VIRT    RES    SHR S %CPU %MEM     TIME+ COMMAND
11936 freshman  20   0  173008 166852   3592 R 12.6  0.5   0:20.26 perlbench_b+
11560 freshman  20   0   42788   3996   3368 R  0.1  0.0   0:00.47 top

top - 17:56:10 up 11 days,  5:00,  6 users,  load average: 0.35, 0.09, 0.03
Tasks: 197 total,   2 running, 121 sleeping,   0 stopped,   0 zombie
%Cpu(s): 12.5 us,  0.0 sy,  0.0 ni, 87.5 id,  0.0 wa,  0.0 hi,  0.0 si,  0.0 st
KiB Mem : 32843380 total, 16990404 free,   479216 used, 15373760 buff/cache
--
  PID USER      PR  NI    VIRT    RES    SHR S %CPU %MEM     TIME+ COMMAND
11936 freshman  20   0  173716 167380   3592 R 12.4  0.5   0:21.26 perlbench_b+

top - 17:56:11 up 11 days,  5:00,  6 users,  load average: 0.35, 0.09, 0.03
Tasks: 197 total,   2 running, 121 sleeping,   0 stopped,   0 zombie
%Cpu(s): 12.5 us,  0.1 sy,  0.0 ni, 87.3 id,  0.0 wa,  0.0 hi,  0.0 si,  0.0 st
KiB Mem : 32843380 total, 16990404 free,   479216 used, 15373760 buff/cache
--
  PID USER      PR  NI    VIRT    RES    SHR S %CPU %MEM     TIME+ COMMAND
11936 freshman  20   0  174436 168436   3592 R 12.6  0.5   0:22.27 perlbench_b+

top - 17:56:12 up 11 days,  5:00,  6 users,  load average: 0.35, 0.09, 0.03
Tasks: 197 total,   2 running, 121 sleeping,   0 stopped,   0 zombie
%Cpu(s): 12.5 us,  0.0 sy,  0.0 ni, 87.5 id,  0.0 wa,  0.0 hi,  0.0 si,  0.0 st
KiB Mem : 32843380 total, 16988172 free,   481384 used, 15373824 buff/cache
--
  PID USER      PR  NI    VIRT    RES    SHR S %CPU %MEM     TIME+ COMMAND
11936 freshman  20   0  175132 168964   3592 R 12.4  0.5   0:23.27 perlbench_b+
11560 freshman  20   0   42788   3996   3368 R  0.1  0.0   0:00.48 top

top - 17:56:13 up 11 days,  5:00,  6 users,  load average: 0.35, 0.09, 0.03
Tasks: 197 total,   2 running, 121 sleeping,   0 stopped,   0 zombie
%Cpu(s): 12.5 us,  0.1 sy,  0.0 ni, 87.3 id,  0.0 wa,  0.0 hi,  0.0 si,  0.0 st
KiB Mem : 32843380 total, 16988172 free,   481384 used, 15373824 buff/cache
--
  PID USER      PR  NI    VIRT    RES    SHR S %CPU %MEM     TIME+ COMMAND
11936 freshman  20   0  176224 170020   3592 R 12.6  0.5   0:24.28 perlbench_b+

top - 17:56:14 up 11 days,  5:00,  6 users,  load average: 0.35, 0.09, 0.03
Tasks: 197 total,   2 running, 121 sleeping,   0 stopped,   0 zombie
%Cpu(s): 12.5 us,  0.0 sy,  0.0 ni, 87.5 id,  0.0 wa,  0.0 hi,  0.0 si,  0.0 st
KiB Mem : 32843380 total, 16988172 free,   481384 used, 15373824 buff/cache
--
  PID USER      PR  NI    VIRT    RES    SHR S %CPU %MEM     TIME+ COMMAND
11936 freshman  20   0  176840 170812   3592 R 12.4  0.5   0:25.28 perlbench_b+
11560 freshman  20   0   42788   3996   3368 R  0.1  0.0   0:00.49 top

top - 17:56:15 up 11 days,  5:00,  6 users,  load average: 0.40, 0.10, 0.03
Tasks: 197 total,   2 running, 121 sleeping,   0 stopped,   0 zombie
%Cpu(s): 12.6 us,  0.0 sy,  0.0 ni, 87.4 id,  0.0 wa,  0.0 hi,  0.0 si,  0.0 st
KiB Mem : 32843380 total, 16985692 free,   483820 used, 15373868 buff/cache
--
  PID USER      PR  NI    VIRT    RES    SHR S %CPU %MEM     TIME+ COMMAND
11936 freshman  20   0  177628 171340   3592 R 12.6  0.5   0:26.29 perlbench_b+

top - 17:56:16 up 11 days,  5:01,  6 users,  load average: 0.40, 0.10, 0.03
Tasks: 197 total,   2 running, 121 sleeping,   0 stopped,   0 zombie
%Cpu(s): 12.6 us,  0.0 sy,  0.0 ni, 87.4 id,  0.0 wa,  0.0 hi,  0.0 si,  0.0 st
KiB Mem : 32843380 total, 16985692 free,   483820 used, 15373868 buff/cache
--
  PID USER      PR  NI    VIRT    RES    SHR S %CPU %MEM     TIME+ COMMAND
11936 freshman  20   0  178692 172368   3592 R 12.4  0.5   0:27.29 perlbench_b+

top - 17:56:17 up 11 days,  5:01,  6 users,  load average: 0.40, 0.10, 0.03
Tasks: 197 total,   2 running, 121 sleeping,   0 stopped,   0 zombie
%Cpu(s): 12.6 us,  0.0 sy,  0.0 ni, 87.4 id,  0.0 wa,  0.0 hi,  0.0 si,  0.0 st
KiB Mem : 32843380 total, 16985692 free,   483820 used, 15373868 buff/cache
--
  PID USER      PR  NI    VIRT    RES    SHR S %CPU %MEM     TIME+ COMMAND
11936 freshman  20   0  179260 173160   3592 R 12.6  0.5   0:28.30 perlbench_b+
11560 freshman  20   0   42788   3996   3368 R  0.1  0.0   0:00.50 top

top - 17:56:18 up 11 days,  5:01,  6 users,  load average: 0.40, 0.10, 0.03
Tasks: 197 total,   2 running, 121 sleeping,   0 stopped,   0 zombie
%Cpu(s): 12.4 us,  0.1 sy,  0.0 ni, 87.4 id,  0.0 wa,  0.0 hi,  0.0 si,  0.0 st
KiB Mem : 32843380 total, 16983112 free,   486352 used, 15373916 buff/cache
--
  PID USER      PR  NI    VIRT    RES    SHR S %CPU %MEM     TIME+ COMMAND
11936 freshman  20   0  180216 173952   3592 R 12.4  0.5   0:29.30 perlbench_b+

top - 17:56:19 up 11 days,  5:01,  6 users,  load average: 0.40, 0.10, 0.03
Tasks: 197 total,   2 running, 121 sleeping,   0 stopped,   0 zombie
%Cpu(s): 12.5 us,  0.0 sy,  0.0 ni, 87.5 id,  0.0 wa,  0.0 hi,  0.0 si,  0.0 st
KiB Mem : 32843380 total, 16983112 free,   486352 used, 15373916 buff/cache
--
  PID USER      PR  NI    VIRT    RES    SHR S %CPU %MEM     TIME+ COMMAND
11936 freshman  20   0  180932 174744   3592 R 12.5  0.5   0:30.30 perlbench_b+

top - 17:56:20 up 11 days,  5:01,  6 users,  load average: 0.45, 0.12, 0.04
Tasks: 198 total,   2 running, 122 sleeping,   0 stopped,   0 zombie
%Cpu(s): 12.5 us,  0.4 sy,  0.0 ni, 86.5 id,  0.6 wa,  0.0 hi,  0.0 si,  0.0 st
KiB Mem : 32843380 total, 16983112 free,   486352 used, 15373916 buff/cache
--
  PID USER      PR  NI    VIRT    RES    SHR S %CPU %MEM     TIME+ COMMAND
11936 freshman  20   0  181348 175008   3592 R 12.5  0.5   0:31.31 perlbench_b+
11405 root      20   0       0      0      0 D  0.4  0.0   0:00.14 kworker/u16+
11560 freshman  20   0   42788   3996   3368 R  0.1  0.0   0:00.51 top
--
top - 17:56:21 up 11 days,  5:01,  6 users,  load average: 0.45, 0.12, 0.04
Tasks: 198 total,   2 running, 121 sleeping,   0 stopped,   0 zombie
%Cpu(s): 12.3 us,  0.1 sy,  0.0 ni, 87.1 id,  0.2 wa,  0.0 hi,  0.2 si,  0.0 st
KiB Mem : 32843380 total, 16976124 free,   493420 used, 15373836 buff/cache
--
  PID USER      PR  NI    VIRT    RES    SHR S %CPU %MEM     TIME+ COMMAND
11936 freshman  20   0  187316 180976   3592 R 12.6  0.6   0:32.32 perlbench_b+
11405 root      20   0       0      0      0 I  0.1  0.0   0:00.15 kworker/u16+

top - 17:56:22 up 11 days,  5:01,  6 users,  load average: 0.45, 0.12, 0.04
Tasks: 198 total,   2 running, 121 sleeping,   0 stopped,   0 zombie
%Cpu(s): 12.6 us,  0.0 sy,  0.0 ni, 87.4 id,  0.0 wa,  0.0 hi,  0.0 si,  0.0 st
KiB Mem : 32843380 total, 16976124 free,   493420 used, 15373836 buff/cache
--
  PID USER      PR  NI    VIRT    RES    SHR S %CPU %MEM     TIME+ COMMAND
11936 freshman  20   0  187316 180976   3592 R 12.4  0.6   0:33.32 perlbench_b+

top - 17:56:23 up 11 days,  5:01,  6 users,  load average: 0.45, 0.12, 0.04
Tasks: 198 total,   2 running, 121 sleeping,   0 stopped,   0 zombie
%Cpu(s): 12.4 us,  0.0 sy,  0.0 ni, 87.4 id,  0.1 wa,  0.0 hi,  0.0 si,  0.0 st
KiB Mem : 32843380 total, 16976124 free,   493420 used, 15373836 buff/cache
--
  PID USER      PR  NI    VIRT    RES    SHR S %CPU %MEM     TIME+ COMMAND
11936 freshman  20   0  187316 180976   3592 R 12.5  0.6   0:34.32 perlbench_b+
11560 freshman  20   0   42788   3996   3368 R  0.1  0.0   0:00.52 top

top - 17:56:24 up 11 days,  5:01,  6 users,  load average: 0.45, 0.12, 0.04
Tasks: 198 total,   2 running, 121 sleeping,   0 stopped,   0 zombie
%Cpu(s): 12.5 us,  0.1 sy,  0.0 ni, 87.3 id,  0.0 wa,  0.0 hi,  0.0 si,  0.0 st
KiB Mem : 32843380 total, 16975524 free,   493788 used, 15374068 buff/cache
--
  PID USER      PR  NI    VIRT    RES    SHR S %CPU %MEM     TIME+ COMMAND
11936 freshman  20   0  187608 181240   3592 R 12.5  0.6   0:35.33 perlbench_b+
11560 freshman  20   0   42788   3996   3368 R  0.1  0.0   0:00.53 top

top - 17:56:25 up 11 days,  5:01,  6 users,  load average: 0.49, 0.13, 0.04
Tasks: 198 total,   2 running, 121 sleeping,   0 stopped,   0 zombie
%Cpu(s): 12.4 us,  0.0 sy,  0.0 ni, 87.6 id,  0.0 wa,  0.0 hi,  0.0 si,  0.0 st
KiB Mem : 32843380 total, 16975524 free,   493788 used, 15374068 buff/cache
--
  PID USER      PR  NI    VIRT    RES    SHR S %CPU %MEM     TIME+ COMMAND
11936 freshman  20   0  188668 182296   3592 R 12.5  0.6   0:36.34 perlbench_b+

top - 17:56:26 up 11 days,  5:01,  6 users,  load average: 0.49, 0.13, 0.04
Tasks: 198 total,   2 running, 121 sleeping,   0 stopped,   0 zombie
%Cpu(s): 12.5 us,  0.1 sy,  0.0 ni, 87.3 id,  0.0 wa,  0.0 hi,  0.0 si,  0.0 st
KiB Mem : 32843380 total, 16975524 free,   493788 used, 15374068 buff/cache
--
  PID USER      PR  NI    VIRT    RES    SHR S %CPU %MEM     TIME+ COMMAND
11936 freshman  20   0  189908 183616   3592 R 12.5  0.6   0:37.34 perlbench_b+
15627 root      20   0       0      0      0 I  0.1  0.0   0:02.86 kworker/0:2

top - 17:56:27 up 11 days,  5:01,  6 users,  load average: 0.49, 0.13, 0.04
Tasks: 198 total,   2 running, 121 sleeping,   0 stopped,   0 zombie
%Cpu(s): 12.5 us,  0.0 sy,  0.0 ni, 87.5 id,  0.0 wa,  0.0 hi,  0.0 si,  0.0 st
KiB Mem : 32843380 total, 16972672 free,   496600 used, 15374108 buff/cache
--
  PID USER      PR  NI    VIRT    RES    SHR S %CPU %MEM     TIME+ COMMAND
11936 freshman  20   0  190484 184144   3592 R 12.4  0.6   0:38.34 perlbench_b+
11560 freshman  20   0   42788   3996   3368 R  0.1  0.0   0:00.54 top

top - 17:56:28 up 11 days,  5:01,  6 users,  load average: 0.49, 0.13, 0.04
Tasks: 198 total,   2 running, 121 sleeping,   0 stopped,   0 zombie
%Cpu(s): 12.6 us,  0.0 sy,  0.0 ni, 87.4 id,  0.0 wa,  0.0 hi,  0.0 si,  0.0 st
KiB Mem : 32843380 total, 16972672 free,   496600 used, 15374108 buff/cache
--
  PID USER      PR  NI    VIRT    RES    SHR S %CPU %MEM     TIME+ COMMAND
11936 freshman  20   0  191180 184672   3592 R 12.6  0.6   0:39.35 perlbench_b+
11560 freshman  20   0   42788   3996   3368 R  0.1  0.0   0:00.55 top

top - 17:56:29 up 11 days,  5:01,  6 users,  load average: 0.49, 0.13, 0.04
Tasks: 198 total,   2 running, 121 sleeping,   0 stopped,   0 zombie
%Cpu(s): 12.6 us,  0.0 sy,  0.0 ni, 87.4 id,  0.0 wa,  0.0 hi,  0.0 si,  0.0 st
KiB Mem : 32843380 total, 16972672 free,   496600 used, 15374108 buff/cache
--
  PID USER      PR  NI    VIRT    RES    SHR S %CPU %MEM     TIME+ COMMAND
11936 freshman  20   0  192280 185992   3592 R 12.4  0.6   0:40.35 perlbench_b+

top - 17:56:30 up 11 days,  5:01,  6 users,  load average: 0.54, 0.15, 0.05
Tasks: 198 total,   2 running, 121 sleeping,   0 stopped,   0 zombie
%Cpu(s): 12.6 us,  0.0 sy,  0.0 ni, 87.4 id,  0.0 wa,  0.0 hi,  0.0 si,  0.0 st
KiB Mem : 32843380 total, 16970464 free,   498844 used, 15374072 buff/cache
--
  PID USER      PR  NI    VIRT    RES    SHR S %CPU %MEM     TIME+ COMMAND
11936 freshman  20   0  192688 186520   3592 R 12.6  0.6   0:41.36 perlbench_b+

top - 17:56:31 up 11 days,  5:01,  6 users,  load average: 0.54, 0.15, 0.05
Tasks: 198 total,   2 running, 121 sleeping,   0 stopped,   0 zombie
%Cpu(s): 12.5 us,  0.1 sy,  0.0 ni, 87.3 id,  0.0 wa,  0.0 hi,  0.0 si,  0.0 st
KiB Mem : 32843380 total, 16970464 free,   498844 used, 15374072 buff/cache
--
  PID USER      PR  NI    VIRT    RES    SHR S %CPU %MEM     TIME+ COMMAND
11936 freshman  20   0  193500 187312   3592 R 12.5  0.6   0:42.37 perlbench_b+
11560 freshman  20   0   42788   3996   3368 R  0.1  0.0   0:00.56 top

top - 17:56:32 up 11 days,  5:01,  6 users,  load average: 0.54, 0.15, 0.05
Tasks: 198 total,   2 running, 121 sleeping,   0 stopped,   0 zombie
%Cpu(s): 12.5 us,  0.0 sy,  0.0 ni, 87.5 id,  0.0 wa,  0.0 hi,  0.0 si,  0.0 st
KiB Mem : 32843380 total, 16970464 free,   498844 used, 15374072 buff/cache
--
  PID USER      PR  NI    VIRT    RES    SHR S %CPU %MEM     TIME+ COMMAND
11936 freshman  20   0  194332 187840   3592 R 12.5  0.6   0:43.37 perlbench_b+

top - 17:56:33 up 11 days,  5:01,  6 users,  load average: 0.54, 0.15, 0.05
Tasks: 198 total,   2 running, 121 sleeping,   0 stopped,   0 zombie
%Cpu(s): 12.4 us,  0.0 sy,  0.0 ni, 87.6 id,  0.0 wa,  0.0 hi,  0.0 si,  0.0 st
KiB Mem : 32843380 total, 16967588 free,   501684 used, 15374108 buff/cache
--
  PID USER      PR  NI    VIRT    RES    SHR S %CPU %MEM     TIME+ COMMAND
11936 freshman  20   0  195404 189160   3592 R 12.4  0.6   0:44.37 perlbench_b+
11560 freshman  20   0   42788   3996   3368 R  0.1  0.0   0:00.57 top

top - 17:56:34 up 11 days,  5:01,  6 users,  load average: 0.54, 0.15, 0.05
Tasks: 198 total,   2 running, 121 sleeping,   0 stopped,   0 zombie
%Cpu(s): 12.7 us,  0.1 sy,  0.0 ni, 87.2 id,  0.0 wa,  0.0 hi,  0.0 si,  0.0 st
KiB Mem : 32843380 total, 16967588 free,   501684 used, 15374108 buff/cache
--
  PID USER      PR  NI    VIRT    RES    SHR S %CPU %MEM     TIME+ COMMAND
11936 freshman  20   0  196408 189952   3592 R 12.6  0.6   0:45.38 perlbench_b+

top - 17:56:35 up 11 days,  5:01,  6 users,  load average: 0.57, 0.16, 0.05
Tasks: 198 total,   2 running, 121 sleeping,   0 stopped,   0 zombie
%Cpu(s): 12.5 us,  0.0 sy,  0.0 ni, 87.5 id,  0.0 wa,  0.0 hi,  0.0 si,  0.0 st
KiB Mem : 32843380 total, 16967588 free,   501684 used, 15374108 buff/cache
--
  PID USER      PR  NI    VIRT    RES    SHR S %CPU %MEM     TIME+ COMMAND
11936 freshman  20   0  197088 190744   3592 R 12.5  0.6   0:46.39 perlbench_b+

top - 17:56:36 up 11 days,  5:01,  6 users,  load average: 0.57, 0.16, 0.05
Tasks: 198 total,   2 running, 121 sleeping,   0 stopped,   0 zombie
%Cpu(s): 12.4 us,  0.1 sy,  0.0 ni, 87.4 id,  0.0 wa,  0.0 hi,  0.0 si,  0.0 st
KiB Mem : 32843380 total, 16965604 free,   503620 used, 15374156 buff/cache
--
  PID USER      PR  NI    VIRT    RES    SHR S %CPU %MEM     TIME+ COMMAND
11936 freshman  20   0  197496 191272   3592 R 12.5  0.6   0:47.39 perlbench_b+
11560 freshman  20   0   42788   3996   3368 R  0.1  0.0   0:00.58 top

top - 17:56:37 up 11 days,  5:01,  6 users,  load average: 0.57, 0.16, 0.05
Tasks: 198 total,   2 running, 121 sleeping,   0 stopped,   0 zombie
%Cpu(s): 12.7 us,  0.0 sy,  0.0 ni, 87.3 id,  0.0 wa,  0.0 hi,  0.0 si,  0.0 st
KiB Mem : 32843380 total, 16965604 free,   503620 used, 15374156 buff/cache
--
  PID USER      PR  NI    VIRT    RES    SHR S %CPU %MEM     TIME+ COMMAND
11936 freshman  20   0  198356 192064   3592 R 12.4  0.6   0:48.39 perlbench_b+

top - 17:56:38 up 11 days,  5:01,  6 users,  load average: 0.57, 0.16, 0.05
Tasks: 198 total,   2 running, 121 sleeping,   0 stopped,   0 zombie
%Cpu(s): 12.5 us,  0.0 sy,  0.0 ni, 87.5 id,  0.0 wa,  0.0 hi,  0.0 si,  0.0 st
KiB Mem : 32843380 total, 16965604 free,   503620 used, 15374156 buff/cache
--
  PID USER      PR  NI    VIRT    RES    SHR S %CPU %MEM     TIME+ COMMAND
11936 freshman  20   0  199248 192856   3592 R 12.6  0.6   0:49.40 perlbench_b+
11560 freshman  20   0   42788   3996   3368 R  0.1  0.0   0:00.59 top

top - 17:56:39 up 11 days,  5:01,  6 users,  load average: 0.57, 0.16, 0.05
Tasks: 198 total,   2 running, 121 sleeping,   0 stopped,   0 zombie
%Cpu(s): 12.4 us,  0.0 sy,  0.0 ni, 87.6 id,  0.0 wa,  0.0 hi,  0.0 si,  0.0 st
KiB Mem : 32843380 total, 16963620 free,   505560 used, 15374200 buff/cache
--
  PID USER      PR  NI    VIRT    RES    SHR S %CPU %MEM     TIME+ COMMAND
11936 freshman  20   0  199512 193120   3592 R 12.4  0.6   0:50.40 perlbench_b+

top - 17:56:40 up 11 days,  5:01,  6 users,  load average: 0.61, 0.18, 0.06
Tasks: 198 total,   2 running, 121 sleeping,   0 stopped,   0 zombie
%Cpu(s): 12.6 us,  0.0 sy,  0.0 ni, 87.4 id,  0.0 wa,  0.0 hi,  0.0 si,  0.0 st
KiB Mem : 32843380 total, 16963620 free,   505560 used, 15374200 buff/cache
--
  PID USER      PR  NI    VIRT    RES    SHR S %CPU %MEM     TIME+ COMMAND
11936 freshman  20   0  200372 194176   3592 R 12.6  0.6   0:51.41 perlbench_b+

top - 17:56:41 up 11 days,  5:01,  6 users,  load average: 0.61, 0.18, 0.06
Tasks: 198 total,   2 running, 121 sleeping,   0 stopped,   0 zombie
%Cpu(s): 12.5 us,  0.1 sy,  0.0 ni, 87.3 id,  0.0 wa,  0.0 hi,  0.0 si,  0.0 st
KiB Mem : 32843380 total, 16963620 free,   505560 used, 15374200 buff/cache
--
  PID USER      PR  NI    VIRT    RES    SHR S %CPU %MEM     TIME+ COMMAND
11936 freshman  20   0  200648 194440   3592 R 12.5  0.6   0:52.42 perlbench_b+

top - 17:56:42 up 11 days,  5:01,  6 users,  load average: 0.61, 0.18, 0.06
Tasks: 198 total,   2 running, 121 sleeping,   0 stopped,   0 zombie
%Cpu(s): 12.5 us,  0.0 sy,  0.0 ni, 87.5 id,  0.0 wa,  0.0 hi,  0.0 si,  0.0 st
KiB Mem : 32843380 total, 16961536 free,   507604 used, 15374240 buff/cache
--
  PID USER      PR  NI    VIRT    RES    SHR S %CPU %MEM     TIME+ COMMAND
11936 freshman  20   0  201764 195232   3592 R 12.5  0.6   0:53.42 perlbench_b+
11560 freshman  20   0   42788   3996   3368 R  0.1  0.0   0:00.60 top

top - 17:56:43 up 11 days,  5:01,  6 users,  load average: 0.61, 0.18, 0.06
Tasks: 198 total,   2 running, 121 sleeping,   0 stopped,   0 zombie
%Cpu(s): 12.5 us,  0.0 sy,  0.0 ni, 87.3 id,  0.1 wa,  0.0 hi,  0.0 si,  0.0 st
KiB Mem : 32843380 total, 16961536 free,   507604 used, 15374240 buff/cache
--
  PID USER      PR  NI    VIRT    RES    SHR S %CPU %MEM     TIME+ COMMAND
11936 freshman  20   0  202472 196024   3592 R 12.4  0.6   0:54.42 perlbench_b+
11560 freshman  20   0   42788   3996   3368 R  0.1  0.0   0:00.61 top

top - 17:56:44 up 11 days,  5:01,  6 users,  load average: 0.61, 0.18, 0.06
Tasks: 198 total,   2 running, 121 sleeping,   0 stopped,   0 zombie
%Cpu(s): 12.4 us,  0.1 sy,  0.0 ni, 87.4 id,  0.0 wa,  0.0 hi,  0.0 si,  0.0 st
KiB Mem : 32843380 total, 16961536 free,   507604 used, 15374240 buff/cache
--
  PID USER      PR  NI    VIRT    RES    SHR S %CPU %MEM     TIME+ COMMAND
11936 freshman  20   0  203024 196816   3592 R 12.6  0.6   0:55.43 perlbench_b+

top - 17:56:45 up 11 days,  5:01,  6 users,  load average: 0.64, 0.19, 0.06
Tasks: 198 total,   2 running, 121 sleeping,   0 stopped,   0 zombie
%Cpu(s): 12.5 us,  0.0 sy,  0.0 ni, 87.5 id,  0.0 wa,  0.0 hi,  0.0 si,  0.0 st
KiB Mem : 32843380 total, 16959032 free,   510064 used, 15374284 buff/cache
--
  PID USER      PR  NI    VIRT    RES    SHR S %CPU %MEM     TIME+ COMMAND
11936 freshman  20   0  204004 197608   3592 R 12.4  0.6   0:56.43 perlbench_b+
11560 freshman  20   0   42788   3996   3368 R  0.1  0.0   0:00.62 top

top - 17:56:46 up 11 days,  5:01,  6 users,  load average: 0.64, 0.19, 0.06
Tasks: 198 total,   2 running, 121 sleeping,   0 stopped,   0 zombie
%Cpu(s): 12.5 us,  0.1 sy,  0.0 ni, 87.3 id,  0.0 wa,  0.0 hi,  0.0 si,  0.0 st
KiB Mem : 32843380 total, 16959032 free,   510064 used, 15374284 buff/cache
--
  PID USER      PR  NI    VIRT    RES    SHR S %CPU %MEM     TIME+ COMMAND
11936 freshman  20   0  204716 198400   3592 R 12.5  0.6   0:57.44 perlbench_b+

top - 17:56:47 up 11 days,  5:01,  6 users,  load average: 0.64, 0.19, 0.06
Tasks: 198 total,   2 running, 121 sleeping,   0 stopped,   0 zombie
%Cpu(s): 12.6 us,  0.0 sy,  0.0 ni, 87.4 id,  0.0 wa,  0.0 hi,  0.0 si,  0.0 st
KiB Mem : 32843380 total, 16959032 free,   510064 used, 15374284 buff/cache
--
  PID USER      PR  NI    VIRT    RES    SHR S %CPU %MEM     TIME+ COMMAND
11936 freshman  20   0  206352 199984   3592 R 12.5  0.6   0:58.44 perlbench_b+

top - 17:56:48 up 11 days,  5:01,  6 users,  load average: 0.64, 0.19, 0.06
Tasks: 198 total,   2 running, 121 sleeping,   0 stopped,   0 zombie
%Cpu(s): 12.6 us,  0.0 sy,  0.0 ni, 87.4 id,  0.0 wa,  0.0 hi,  0.0 si,  0.0 st
KiB Mem : 32843380 total, 16956056 free,   513000 used, 15374324 buff/cache
--
  PID USER      PR  NI    VIRT    RES    SHR S %CPU %MEM     TIME+ COMMAND
11936 freshman  20   0  206792 200512   3592 R 12.5  0.6   0:59.45 perlbench_b+

top - 17:56:49 up 11 days,  5:01,  6 users,  load average: 0.64, 0.19, 0.06
Tasks: 198 total,   2 running, 121 sleeping,   0 stopped,   0 zombie
%Cpu(s): 12.4 us,  0.1 sy,  0.0 ni, 87.5 id,  0.0 wa,  0.0 hi,  0.0 si,  0.0 st
KiB Mem : 32843380 total, 16956056 free,   513000 used, 15374324 buff/cache
--
  PID USER      PR  NI    VIRT    RES    SHR S %CPU %MEM     TIME+ COMMAND
11936 freshman  20   0  207504 201040   3592 R 12.5  0.6   1:00.45 perlbench_b+
11560 freshman  20   0   42788   3996   3368 R  0.1  0.0   0:00.63 top

top - 17:56:50 up 11 days,  5:01,  6 users,  load average: 0.67, 0.20, 0.07
Tasks: 198 total,   2 running, 121 sleeping,   0 stopped,   0 zombie
%Cpu(s): 12.6 us,  0.0 sy,  0.0 ni, 87.4 id,  0.0 wa,  0.0 hi,  0.0 si,  0.0 st
KiB Mem : 32843380 total, 16956056 free,   513000 used, 15374324 buff/cache
--
  PID USER      PR  NI    VIRT    RES    SHR S %CPU %MEM     TIME+ COMMAND
11936 freshman  20   0  208180 201832   3592 R 12.5  0.6   1:01.46 perlbench_b+

top - 17:56:51 up 11 days,  5:01,  6 users,  load average: 0.67, 0.20, 0.07
Tasks: 198 total,   2 running, 121 sleeping,   0 stopped,   0 zombie
%Cpu(s): 12.5 us,  0.0 sy,  0.0 ni, 87.5 id,  0.0 wa,  0.0 hi,  0.0 si,  0.0 st
KiB Mem : 32843380 total, 16954072 free,   514936 used, 15374372 buff/cache
--
  PID USER      PR  NI    VIRT    RES    SHR S %CPU %MEM     TIME+ COMMAND
11936 freshman  20   0  208740 202360   3592 R 12.6  0.6   1:02.47 perlbench_b+
11560 freshman  20   0   42788   3996   3368 R  0.1  0.0   0:00.64 top

top - 17:56:52 up 11 days,  5:01,  6 users,  load average: 0.67, 0.20, 0.07
Tasks: 198 total,   2 running, 121 sleeping,   0 stopped,   0 zombie
%Cpu(s): 12.4 us,  0.1 sy,  0.0 ni, 87.4 id,  0.0 wa,  0.0 hi,  0.0 si,  0.0 st
KiB Mem : 32843380 total, 16954072 free,   514936 used, 15374372 buff/cache
--
  PID USER      PR  NI    VIRT    RES    SHR S %CPU %MEM     TIME+ COMMAND
11936 freshman  20   0  209552 203152   3592 R 12.4  0.6   1:03.47 perlbench_b+
11560 freshman  20   0   42788   3996   3368 R  0.1  0.0   0:00.65 top

top - 17:56:53 up 11 days,  5:01,  6 users,  load average: 0.67, 0.20, 0.07
Tasks: 198 total,   2 running, 121 sleeping,   0 stopped,   0 zombie
%Cpu(s): 12.5 us,  0.1 sy,  0.0 ni, 87.3 id,  0.0 wa,  0.0 hi,  0.0 si,  0.0 st
KiB Mem : 32843380 total, 16954072 free,   514936 used, 15374372 buff/cache
--
  PID USER      PR  NI    VIRT    RES    SHR S %CPU %MEM     TIME+ COMMAND
11936 freshman  20   0  209956 203680   3592 R 12.6  0.6   1:04.48 perlbench_b+

top - 17:56:54 up 11 days,  5:01,  6 users,  load average: 0.67, 0.20, 0.07
Tasks: 198 total,   2 running, 121 sleeping,   0 stopped,   0 zombie
%Cpu(s): 12.4 us,  0.0 sy,  0.0 ni, 87.6 id,  0.0 wa,  0.0 hi,  0.0 si,  0.0 st
KiB Mem : 32843380 total, 16952112 free,   516848 used, 15374420 buff/cache
--
  PID USER      PR  NI    VIRT    RES    SHR S %CPU %MEM     TIME+ COMMAND
11936 freshman  20   0  210780 204472   3592 R 12.4  0.6   1:05.48 perlbench_b+

top - 17:56:55 up 11 days,  5:01,  6 users,  load average: 0.70, 0.22, 0.08
Tasks: 198 total,   2 running, 121 sleeping,   0 stopped,   0 zombie
%Cpu(s): 12.4 us,  0.1 sy,  0.0 ni, 87.4 id,  0.0 wa,  0.0 hi,  0.0 si,  0.0 st
KiB Mem : 32843380 total, 16952112 free,   516848 used, 15374420 buff/cache
--
  PID USER      PR  NI    VIRT    RES    SHR S %CPU %MEM     TIME+ COMMAND
11936 freshman  20   0  211748 205264   3592 R 12.5  0.6   1:06.48 perlbench_b+
11560 freshman  20   0   42788   3996   3368 R  0.1  0.0   0:00.66 top

top - 17:56:56 up 11 days,  5:01,  6 users,  load average: 0.70, 0.22, 0.08
Tasks: 198 total,   2 running, 121 sleeping,   0 stopped,   0 zombie
%Cpu(s): 12.6 us,  0.0 sy,  0.0 ni, 87.4 id,  0.0 wa,  0.0 hi,  0.0 si,  0.0 st
KiB Mem : 32843380 total, 16952112 free,   516848 used, 15374420 buff/cache
--
  PID USER      PR  NI    VIRT    RES    SHR S %CPU %MEM     TIME+ COMMAND
11936 freshman  20   0  212152 205792   3592 R 12.4  0.6   1:07.48 perlbench_b+

top - 17:56:57 up 11 days,  5:01,  6 users,  load average: 0.70, 0.22, 0.08
Tasks: 198 total,   2 running, 121 sleeping,   0 stopped,   0 zombie
%Cpu(s): 12.4 us,  0.1 sy,  0.0 ni, 87.4 id,  0.0 wa,  0.0 hi,  0.0 si,  0.0 st
KiB Mem : 32843380 total, 16949856 free,   519064 used, 15374460 buff/cache
--
  PID USER      PR  NI    VIRT    RES    SHR S %CPU %MEM     TIME+ COMMAND
11936 freshman  20   0  212996 206584   3592 R 12.8  0.6   1:08.50 perlbench_b+
11560 freshman  20   0   42788   3996   3368 R  0.1  0.0   0:00.67 top

top - 17:56:58 up 11 days,  5:01,  6 users,  load average: 0.70, 0.22, 0.08
Tasks: 198 total,   2 running, 121 sleeping,   0 stopped,   0 zombie
%Cpu(s): 12.5 us,  0.0 sy,  0.0 ni, 87.5 id,  0.0 wa,  0.0 hi,  0.0 si,  0.0 st
KiB Mem : 32843380 total, 16949856 free,   519064 used, 15374460 buff/cache
--
  PID USER      PR  NI    VIRT    RES    SHR S %CPU %MEM     TIME+ COMMAND
11936 freshman  20   0  213720 207376   3592 R 12.4  0.6   1:09.50 perlbench_b+

top - 17:56:59 up 11 days,  5:01,  6 users,  load average: 0.70, 0.22, 0.08
Tasks: 198 total,   2 running, 121 sleeping,   0 stopped,   0 zombie
%Cpu(s): 12.6 us,  0.0 sy,  0.0 ni, 87.4 id,  0.0 wa,  0.0 hi,  0.0 si,  0.0 st
KiB Mem : 32843380 total, 16949856 free,   519064 used, 15374460 buff/cache
--
  PID USER      PR  NI    VIRT    RES    SHR S %CPU %MEM     TIME+ COMMAND
11936 freshman  20   0  213984 207640   3592 R 12.5  0.6   1:10.50 perlbench_b+

top - 17:57:00 up 11 days,  5:01,  6 users,  load average: 0.72, 0.23, 0.08
Tasks: 198 total,   2 running, 121 sleeping,   0 stopped,   0 zombie
%Cpu(s): 12.5 us,  0.1 sy,  0.0 ni, 87.3 id,  0.0 wa,  0.0 hi,  0.0 si,  0.0 st
KiB Mem : 32843380 total, 16947872 free,   521004 used, 15374504 buff/cache
--
  PID USER      PR  NI    VIRT    RES    SHR S %CPU %MEM     TIME+ COMMAND
11936 freshman  20   0  214820 208432   3592 R 12.5  0.6   1:11.51 perlbench_b+
11560 freshman  20   0   42788   3996   3368 R  0.1  0.0   0:00.68 top

top - 17:57:01 up 11 days,  5:01,  6 users,  load average: 0.72, 0.23, 0.08
Tasks: 198 total,   2 running, 121 sleeping,   0 stopped,   0 zombie
%Cpu(s): 12.4 us,  0.1 sy,  0.0 ni, 87.4 id,  0.0 wa,  0.0 hi,  0.0 si,  0.0 st
KiB Mem : 32843380 total, 16947872 free,   521004 used, 15374504 buff/cache
--
  PID USER      PR  NI    VIRT    RES    SHR S %CPU %MEM     TIME+ COMMAND
11936 freshman  20   0  215676 209488   3592 R 12.5  0.6   1:12.51 perlbench_b+

top - 17:57:02 up 11 days,  5:01,  6 users,  load average: 0.72, 0.23, 0.08
Tasks: 198 total,   2 running, 121 sleeping,   0 stopped,   0 zombie
%Cpu(s): 12.5 us,  0.0 sy,  0.0 ni, 87.5 id,  0.0 wa,  0.0 hi,  0.0 si,  0.0 st
KiB Mem : 32843380 total, 16947872 free,   521004 used, 15374504 buff/cache
--
  PID USER      PR  NI    VIRT    RES    SHR S %CPU %MEM     TIME+ COMMAND
11936 freshman  20   0  216496 210280   3592 R 12.5  0.6   1:13.52 perlbench_b+

top - 17:57:03 up 11 days,  5:01,  6 users,  load average: 0.72, 0.23, 0.08
Tasks: 198 total,   2 running, 121 sleeping,   0 stopped,   0 zombie
%Cpu(s): 12.6 us,  0.0 sy,  0.0 ni, 87.4 id,  0.0 wa,  0.0 hi,  0.0 si,  0.0 st
KiB Mem : 32843380 total, 16945640 free,   523180 used, 15374560 buff/cache
--
  PID USER      PR  NI    VIRT    RES    SHR S %CPU %MEM     TIME+ COMMAND
11936 freshman  20   0  217316 211072   3592 R 12.6  0.6   1:14.53 perlbench_b+
11560 freshman  20   0   42788   3996   3368 R  0.1  0.0   0:00.69 top

top - 17:57:04 up 11 days,  5:01,  6 users,  load average: 0.72, 0.23, 0.08
Tasks: 198 total,   2 running, 121 sleeping,   0 stopped,   0 zombie
%Cpu(s): 12.4 us,  0.1 sy,  0.0 ni, 87.4 id,  0.0 wa,  0.0 hi,  0.0 si,  0.0 st
KiB Mem : 32843380 total, 16945640 free,   523180 used, 15374560 buff/cache
--
  PID USER      PR  NI    VIRT    RES    SHR S %CPU %MEM     TIME+ COMMAND
11936 freshman  20   0  218004 211600   3592 R 12.4  0.6   1:15.53 perlbench_b+
11560 freshman  20   0   42788   3996   3368 R  0.1  0.0   0:00.70 top

top - 17:57:05 up 11 days,  5:01,  6 users,  load average: 0.74, 0.24, 0.09
Tasks: 198 total,   2 running, 121 sleeping,   0 stopped,   0 zombie
%Cpu(s): 12.6 us,  0.0 sy,  0.0 ni, 87.4 id,  0.0 wa,  0.0 hi,  0.0 si,  0.0 st
KiB Mem : 32843380 total, 16945640 free,   523180 used, 15374560 buff/cache
--
  PID USER      PR  NI    VIRT    RES    SHR S %CPU %MEM     TIME+ COMMAND
11936 freshman  20   0  218880 212392   3592 R 12.5  0.6   1:16.53 perlbench_b+

top - 17:57:06 up 11 days,  5:01,  6 users,  load average: 0.74, 0.24, 0.09
Tasks: 198 total,   2 running, 121 sleeping,   0 stopped,   0 zombie
%Cpu(s): 12.5 us,  0.1 sy,  0.0 ni, 87.3 id,  0.0 wa,  0.0 hi,  0.0 si,  0.0 st
KiB Mem : 32843380 total, 16943556 free,   525216 used, 15374608 buff/cache
--
  PID USER      PR  NI    VIRT    RES    SHR S %CPU %MEM     TIME+ COMMAND
11936 freshman  20   0  219284 212920   3592 R 12.4  0.6   1:17.53 perlbench_b+

top - 17:57:07 up 11 days,  5:01,  6 users,  load average: 0.74, 0.24, 0.09
Tasks: 198 total,   2 running, 121 sleeping,   0 stopped,   0 zombie
%Cpu(s): 12.5 us,  0.0 sy,  0.0 ni, 87.5 id,  0.0 wa,  0.0 hi,  0.0 si,  0.0 st
KiB Mem : 32843380 total, 16943556 free,   525216 used, 15374608 buff/cache
--
  PID USER      PR  NI    VIRT    RES    SHR S %CPU %MEM     TIME+ COMMAND
11936 freshman  20   0  220152 213712   3592 R 12.6  0.7   1:18.54 perlbench_b+
11560 freshman  20   0   42788   3996   3368 R  0.1  0.0   0:00.71 top

top - 17:57:08 up 11 days,  5:01,  6 users,  load average: 0.74, 0.24, 0.09
Tasks: 198 total,   2 running, 121 sleeping,   0 stopped,   0 zombie
%Cpu(s): 12.6 us,  0.0 sy,  0.0 ni, 87.4 id,  0.0 wa,  0.0 hi,  0.0 si,  0.0 st
KiB Mem : 32843380 total, 16943556 free,   525216 used, 15374608 buff/cache
--
  PID USER      PR  NI    VIRT    RES    SHR S %CPU %MEM     TIME+ COMMAND
11936 freshman  20   0  220704 214240   3592 R 12.4  0.7   1:19.54 perlbench_b+

top - 17:57:09 up 11 days,  5:01,  6 users,  load average: 0.74, 0.24, 0.09
Tasks: 198 total,   2 running, 121 sleeping,   0 stopped,   0 zombie
%Cpu(s): 12.6 us,  0.0 sy,  0.0 ni, 87.4 id,  0.0 wa,  0.0 hi,  0.0 si,  0.0 st
KiB Mem : 32843380 total, 16941300 free,   527428 used, 15374652 buff/cache
--
  PID USER      PR  NI    VIRT    RES    SHR S %CPU %MEM     TIME+ COMMAND
11936 freshman  20   0  221540 215296   3592 R 12.5  0.7   1:20.55 perlbench_b+
11560 freshman  20   0   42788   3996   3368 R  0.1  0.0   0:00.72 top

top - 17:57:10 up 11 days,  5:01,  6 users,  load average: 0.76, 0.26, 0.09
Tasks: 198 total,   2 running, 121 sleeping,   0 stopped,   0 zombie
%Cpu(s): 12.4 us,  0.1 sy,  0.0 ni, 87.4 id,  0.0 wa,  0.0 hi,  0.0 si,  0.0 st
KiB Mem : 32843380 total, 16941300 free,   527428 used, 15374652 buff/cache
--
  PID USER      PR  NI    VIRT    RES    SHR S %CPU %MEM     TIME+ COMMAND
11936 freshman  20   0  222556 216352   3592 R 12.5  0.7   1:21.55 perlbench_b+

top - 17:57:11 up 11 days,  5:01,  6 users,  load average: 0.76, 0.26, 0.09
Tasks: 198 total,   2 running, 121 sleeping,   0 stopped,   0 zombie
%Cpu(s): 12.6 us,  0.0 sy,  0.0 ni, 87.4 id,  0.0 wa,  0.0 hi,  0.0 si,  0.0 st
KiB Mem : 32843380 total, 16941300 free,   527428 used, 15374652 buff/cache
--
  PID USER      PR  NI    VIRT    RES    SHR S %CPU %MEM     TIME+ COMMAND
11936 freshman  20   0  223096 216616   3592 R 12.5  0.7   1:22.56 perlbench_b+

top - 17:57:12 up 11 days,  5:01,  6 users,  load average: 0.76, 0.26, 0.09
Tasks: 198 total,   2 running, 121 sleeping,   0 stopped,   0 zombie
%Cpu(s): 12.5 us,  0.1 sy,  0.0 ni, 87.3 id,  0.0 wa,  0.0 hi,  0.0 si,  0.0 st
KiB Mem : 32843380 total, 16938820 free,   529864 used, 15374696 buff/cache
--
  PID USER      PR  NI    VIRT    RES    SHR S %CPU %MEM     TIME+ COMMAND
11936 freshman  20   0  223772 217408   3592 R 12.5  0.7   1:23.56 perlbench_b+
11560 freshman  20   0   42788   3996   3368 R  0.1  0.0   0:00.73 top

top - 17:57:13 up 11 days,  5:01,  6 users,  load average: 0.76, 0.26, 0.09
Tasks: 198 total,   2 running, 121 sleeping,   0 stopped,   0 zombie
%Cpu(s): 12.5 us,  0.0 sy,  0.0 ni, 87.5 id,  0.0 wa,  0.0 hi,  0.0 si,  0.0 st
KiB Mem : 32843380 total, 16938820 free,   529864 used, 15374696 buff/cache
--
  PID USER      PR  NI    VIRT    RES    SHR S %CPU %MEM     TIME+ COMMAND
11936 freshman  20   0  227356 220840   3592 R 12.5  0.7   1:24.57 perlbench_b+
11560 freshman  20   0   42788   3996   3368 R  0.1  0.0   0:00.74 top

top - 17:57:14 up 11 days,  5:01,  6 users,  load average: 0.76, 0.26, 0.09
Tasks: 198 total,   2 running, 121 sleeping,   0 stopped,   0 zombie
%Cpu(s): 12.4 us,  0.1 sy,  0.0 ni, 87.4 id,  0.0 wa,  0.0 hi,  0.0 si,  0.0 st
KiB Mem : 32843380 total, 16938820 free,   529864 used, 15374696 buff/cache
--
  PID USER      PR  NI    VIRT    RES    SHR S %CPU %MEM     TIME+ COMMAND
11936 freshman  20   0  227752 221104   3592 R 12.5  0.7   1:25.57 perlbench_b+

top - 17:57:15 up 11 days,  5:02,  6 users,  load average: 0.78, 0.27, 0.10
Tasks: 198 total,   2 running, 121 sleeping,   0 stopped,   0 zombie
%Cpu(s): 12.5 us,  0.1 sy,  0.0 ni, 87.3 id,  0.0 wa,  0.0 hi,  0.0 si,  0.0 st
KiB Mem : 32843380 total, 16934728 free,   533912 used, 15374740 buff/cache
--
  PID USER      PR  NI    VIRT    RES    SHR S %CPU %MEM     TIME+ COMMAND
11936 freshman  20   0  228304 221632   3592 R 12.5  0.7   1:26.58 perlbench_b+

top - 17:57:16 up 11 days,  5:02,  6 users,  load average: 0.78, 0.27, 0.10
Tasks: 198 total,   2 running, 121 sleeping,   0 stopped,   0 zombie
%Cpu(s): 12.6 us,  0.0 sy,  0.0 ni, 87.4 id,  0.0 wa,  0.0 hi,  0.0 si,  0.0 st
KiB Mem : 32843380 total, 16934728 free,   533912 used, 15374740 buff/cache
--
  PID USER      PR  NI    VIRT    RES    SHR S %CPU %MEM     TIME+ COMMAND
11936 freshman  20   0  228836 222160   3592 R 12.6  0.7   1:27.59 perlbench_b+
11560 freshman  20   0   42788   3996   3368 R  0.1  0.0   0:00.75 top

top - 17:57:17 up 11 days,  5:02,  6 users,  load average: 0.78, 0.27, 0.10
Tasks: 198 total,   2 running, 121 sleeping,   0 stopped,   0 zombie
%Cpu(s): 12.5 us,  0.0 sy,  0.0 ni, 87.5 id,  0.0 wa,  0.0 hi,  0.0 si,  0.0 st
KiB Mem : 32843380 total, 16934728 free,   533912 used, 15374740 buff/cache
--
  PID USER      PR  NI    VIRT    RES    SHR S %CPU %MEM     TIME+ COMMAND
11936 freshman  20   0  229520 222952   3592 R 12.4  0.7   1:28.59 perlbench_b+

top - 17:57:18 up 11 days,  5:02,  6 users,  load average: 0.78, 0.27, 0.10
Tasks: 198 total,   2 running, 121 sleeping,   0 stopped,   0 zombie
%Cpu(s): 12.4 us,  0.0 sy,  0.0 ni, 87.5 id,  0.1 wa,  0.0 hi,  0.0 si,  0.0 st
KiB Mem : 32843380 total, 16932768 free,   535832 used, 15374780 buff/cache
--
  PID USER      PR  NI    VIRT    RES    SHR S %CPU %MEM     TIME+ COMMAND
11936 freshman  20   0  230220 223480   3592 R 12.5  0.7   1:29.59 perlbench_b+

top - 17:57:19 up 11 days,  5:02,  6 users,  load average: 0.78, 0.27, 0.10
Tasks: 198 total,   2 running, 121 sleeping,   0 stopped,   0 zombie
%Cpu(s): 12.5 us,  0.1 sy,  0.0 ni, 87.3 id,  0.0 wa,  0.0 hi,  0.0 si,  0.0 st
KiB Mem : 32843380 total, 16932768 free,   535832 used, 15374780 buff/cache
--
  PID USER      PR  NI    VIRT    RES    SHR S %CPU %MEM     TIME+ COMMAND
11936 freshman  20   0  230896 224272   3592 R 12.5  0.7   1:30.60 perlbench_b+
11560 freshman  20   0   42788   3996   3368 R  0.1  0.0   0:00.76 top

top - 17:57:20 up 11 days,  5:02,  6 users,  load average: 0.80, 0.28, 0.10
Tasks: 198 total,   2 running, 121 sleeping,   0 stopped,   0 zombie
%Cpu(s): 12.6 us,  0.0 sy,  0.0 ni, 87.4 id,  0.0 wa,  0.0 hi,  0.0 si,  0.0 st
KiB Mem : 32843380 total, 16932768 free,   535832 used, 15374780 buff/cache
--
  PID USER      PR  NI    VIRT    RES    SHR S %CPU %MEM     TIME+ COMMAND
11936 freshman  20   0  231476 224800   3592 R 12.5  0.7   1:31.60 perlbench_b+

top - 17:57:21 up 11 days,  5:02,  6 users,  load average: 0.80, 0.28, 0.10
Tasks: 198 total,   2 running, 121 sleeping,   0 stopped,   0 zombie
%Cpu(s): 12.4 us,  0.1 sy,  0.0 ni, 87.4 id,  0.0 wa,  0.0 hi,  0.0 si,  0.0 st
KiB Mem : 32843380 total, 16930412 free,   538152 used, 15374816 buff/cache
--
  PID USER      PR  NI    VIRT    RES    SHR S %CPU %MEM     TIME+ COMMAND
11936 freshman  20   0  232276 225592   3592 R 12.5  0.7   1:32.61 perlbench_b+

top - 17:57:22 up 11 days,  5:02,  6 users,  load average: 0.80, 0.28, 0.10
Tasks: 198 total,   2 running, 121 sleeping,   0 stopped,   0 zombie
%Cpu(s): 12.5 us,  0.0 sy,  0.0 ni, 87.5 id,  0.0 wa,  0.0 hi,  0.0 si,  0.0 st
KiB Mem : 32843380 total, 16930412 free,   538152 used, 15374816 buff/cache
--
  PID USER      PR  NI    VIRT    RES    SHR S %CPU %MEM     TIME+ COMMAND
11936 freshman  20   0  232976 226384   3592 R 12.5  0.7   1:33.61 perlbench_b+
11560 freshman  20   0   42788   3996   3368 R  0.1  0.0   0:00.77 top

top - 17:57:23 up 11 days,  5:02,  6 users,  load average: 0.80, 0.28, 0.10
Tasks: 198 total,   2 running, 121 sleeping,   0 stopped,   0 zombie
%Cpu(s): 12.7 us,  0.0 sy,  0.0 ni, 87.3 id,  0.0 wa,  0.0 hi,  0.0 si,  0.0 st
KiB Mem : 32843380 total, 16930412 free,   538152 used, 15374816 buff/cache
--
  PID USER      PR  NI    VIRT    RES    SHR S %CPU %MEM     TIME+ COMMAND
11936 freshman  20   0  233924 227176   3592 R 12.5  0.7   1:34.62 perlbench_b+

top - 17:57:24 up 11 days,  5:02,  6 users,  load average: 0.80, 0.28, 0.10
Tasks: 198 total,   2 running, 121 sleeping,   0 stopped,   0 zombie
%Cpu(s): 12.5 us,  0.0 sy,  0.0 ni, 87.5 id,  0.0 wa,  0.0 hi,  0.0 si,  0.0 st
KiB Mem : 32843380 total, 16928404 free,   540096 used, 15374880 buff/cache
--
  PID USER      PR  NI    VIRT    RES    SHR S %CPU %MEM     TIME+ COMMAND
11936 freshman  20   0  234660 227968   3592 R 12.5  0.7   1:35.62 perlbench_b+
11560 freshman  20   0   42788   3996   3368 R  0.1  0.0   0:00.78 top

top - 17:57:25 up 11 days,  5:02,  6 users,  load average: 0.90, 0.31, 0.11
Tasks: 198 total,   2 running, 121 sleeping,   0 stopped,   0 zombie
%Cpu(s): 12.5 us,  0.1 sy,  0.0 ni, 87.3 id,  0.0 wa,  0.0 hi,  0.0 si,  0.0 st
KiB Mem : 32843380 total, 16928404 free,   540096 used, 15374880 buff/cache
--
  PID USER      PR  NI    VIRT    RES    SHR S %CPU %MEM     TIME+ COMMAND
11936 freshman  20   0  235840 229288   3592 R 12.5  0.7   1:36.63 perlbench_b+
11560 freshman  20   0   42788   3996   3368 R  0.1  0.0   0:00.79 top

top - 17:57:26 up 11 days,  5:02,  6 users,  load average: 0.90, 0.31, 0.11
Tasks: 198 total,   2 running, 121 sleeping,   0 stopped,   0 zombie
%Cpu(s): 12.6 us,  0.0 sy,  0.0 ni, 87.4 id,  0.0 wa,  0.0 hi,  0.0 si,  0.0 st
KiB Mem : 32843380 total, 16928404 free,   540096 used, 15374880 buff/cache
--
  PID USER      PR  NI    VIRT    RES    SHR S %CPU %MEM     TIME+ COMMAND
11936 freshman  20   0  236112 229288   3592 R 12.5  0.7   1:37.63 perlbench_b+

top - 17:57:27 up 11 days,  5:02,  6 users,  load average: 0.90, 0.31, 0.11
Tasks: 198 total,   2 running, 121 sleeping,   0 stopped,   0 zombie
%Cpu(s): 12.5 us,  0.0 sy,  0.0 ni, 87.5 id,  0.0 wa,  0.0 hi,  0.0 si,  0.0 st
KiB Mem : 32843380 total, 16926172 free,   542296 used, 15374912 buff/cache
--
  PID USER      PR  NI    VIRT    RES    SHR S %CPU %MEM     TIME+ COMMAND
11936 freshman  20   0  236660 229816   3592 R 12.5  0.7   1:38.64 perlbench_b+

top - 17:57:28 up 11 days,  5:02,  6 users,  load average: 0.90, 0.31, 0.11
Tasks: 198 total,   2 running, 121 sleeping,   0 stopped,   0 zombie
%Cpu(s): 12.4 us,  0.1 sy,  0.0 ni, 87.4 id,  0.0 wa,  0.0 hi,  0.0 si,  0.0 st
KiB Mem : 32843380 total, 16926172 free,   542296 used, 15374912 buff/cache
--
  PID USER      PR  NI    VIRT    RES    SHR S %CPU %MEM     TIME+ COMMAND
11936 freshman  20   0  237460 230872   3592 R 12.5  0.7   1:39.64 perlbench_b+

top - 17:57:29 up 11 days,  5:02,  6 users,  load average: 0.90, 0.31, 0.11
Tasks: 198 total,   2 running, 121 sleeping,   0 stopped,   0 zombie
%Cpu(s): 12.4 us,  0.1 sy,  0.0 ni, 87.4 id,  0.0 wa,  0.0 hi,  0.0 si,  0.0 st
KiB Mem : 32843380 total, 16926172 free,   542296 used, 15374912 buff/cache
--
  PID USER      PR  NI    VIRT    RES    SHR S %CPU %MEM     TIME+ COMMAND
11936 freshman  20   0  238840 231664   3592 R 12.5  0.7   1:40.65 perlbench_b+
11560 freshman  20   0   42788   3996   3368 R  0.1  0.0   0:00.80 top

top - 17:57:30 up 11 days,  5:02,  6 users,  load average: 0.90, 0.32, 0.12
Tasks: 198 total,   2 running, 121 sleeping,   0 stopped,   0 zombie
%Cpu(s): 12.6 us,  0.0 sy,  0.0 ni, 87.4 id,  0.0 wa,  0.0 hi,  0.0 si,  0.0 st
KiB Mem : 32843380 total, 16923840 free,   544580 used, 15374960 buff/cache
--
  PID USER      PR  NI    VIRT    RES    SHR S %CPU %MEM     TIME+ COMMAND
11936 freshman  20   0  239508 232456   3592 R 12.6  0.7   1:41.66 perlbench_b+

top - 17:57:31 up 11 days,  5:02,  6 users,  load average: 0.90, 0.32, 0.12
Tasks: 198 total,   2 running, 121 sleeping,   0 stopped,   0 zombie
%Cpu(s): 12.4 us,  0.1 sy,  0.0 ni, 87.4 id,  0.0 wa,  0.0 hi,  0.0 si,  0.0 st
KiB Mem : 32843380 total, 16923840 free,   544580 used, 15374960 buff/cache
--
  PID USER      PR  NI    VIRT    RES    SHR S %CPU %MEM     TIME+ COMMAND
11936 freshman  20   0  240460 233248   3592 R 12.4  0.7   1:42.66 perlbench_b+
11560 freshman  20   0   42788   3996   3368 R  0.1  0.0   0:00.81 top

top - 17:57:32 up 11 days,  5:02,  6 users,  load average: 0.90, 0.32, 0.12
Tasks: 198 total,   2 running, 121 sleeping,   0 stopped,   0 zombie
%Cpu(s): 12.5 us,  0.0 sy,  0.0 ni, 87.5 id,  0.0 wa,  0.0 hi,  0.0 si,  0.0 st
KiB Mem : 32843380 total, 16923840 free,   544580 used, 15374960 buff/cache
--
  PID USER      PR  NI    VIRT    RES    SHR S %CPU %MEM     TIME+ COMMAND
11936 freshman  20   0  241128 234040   3592 R 12.5  0.7   1:43.66 perlbench_b+

top - 17:57:33 up 11 days,  5:02,  6 users,  load average: 0.90, 0.32, 0.12
Tasks: 198 total,   2 running, 121 sleeping,   0 stopped,   0 zombie
%Cpu(s): 12.5 us,  0.0 sy,  0.0 ni, 87.5 id,  0.0 wa,  0.0 hi,  0.0 si,  0.0 st
KiB Mem : 32843380 total, 16921336 free,   547048 used, 15374996 buff/cache
--
  PID USER      PR  NI    VIRT    RES    SHR S %CPU %MEM     TIME+ COMMAND
11936 freshman  20   0  242004 234832   3592 R 12.5  0.7   1:44.67 perlbench_b+
11560 freshman  20   0   42788   3996   3368 R  0.1  0.0   0:00.82 top

top - 17:57:34 up 11 days,  5:02,  6 users,  load average: 0.91, 0.33, 0.12
Tasks: 198 total,   2 running, 121 sleeping,   0 stopped,   0 zombie
%Cpu(s): 12.4 us,  0.1 sy,  0.0 ni, 87.5 id,  0.0 wa,  0.0 hi,  0.0 si,  0.0 st
KiB Mem : 32843380 total, 16921336 free,   547048 used, 15374996 buff/cache
--
  PID USER      PR  NI    VIRT    RES    SHR S %CPU %MEM     TIME+ COMMAND
11936 freshman  20   0  242668 235360   3592 R 12.5  0.7   1:45.68 perlbench_b+

top - 17:57:35 up 11 days,  5:02,  6 users,  load average: 0.91, 0.33, 0.12
Tasks: 198 total,   2 running, 121 sleeping,   0 stopped,   0 zombie
%Cpu(s): 12.4 us,  0.1 sy,  0.0 ni, 87.4 id,  0.0 wa,  0.0 hi,  0.0 si,  0.0 st
KiB Mem : 32843380 total, 16921336 free,   547048 used, 15374996 buff/cache
--
  PID USER      PR  NI    VIRT    RES    SHR S %CPU %MEM     TIME+ COMMAND
11936 freshman  20   0  243812 236680   3592 R 12.5  0.7   1:46.68 perlbench_b+
11560 freshman  20   0   42788   3996   3368 R  0.1  0.0   0:00.83 top

top - 17:57:36 up 11 days,  5:02,  6 users,  load average: 0.91, 0.33, 0.12
Tasks: 198 total,   2 running, 121 sleeping,   0 stopped,   0 zombie
%Cpu(s): 12.6 us,  0.0 sy,  0.0 ni, 87.4 id,  0.0 wa,  0.0 hi,  0.0 si,  0.0 st
KiB Mem : 32843380 total, 16918732 free,   549604 used, 15375044 buff/cache
--
  PID USER      PR  NI    VIRT    RES    SHR S %CPU %MEM     TIME+ COMMAND
11936 freshman  20   0  244348 237208   3592 R 12.4  0.7   1:47.68 perlbench_b+

top - 17:57:37 up 11 days,  5:02,  6 users,  load average: 0.91, 0.33, 0.12
Tasks: 198 total,   2 running, 121 sleeping,   0 stopped,   0 zombie
%Cpu(s): 12.6 us,  0.0 sy,  0.0 ni, 87.4 id,  0.0 wa,  0.0 hi,  0.0 si,  0.0 st
KiB Mem : 32843380 total, 16918732 free,   549604 used, 15375044 buff/cache
--
  PID USER      PR  NI    VIRT    RES    SHR S %CPU %MEM     TIME+ COMMAND
11936 freshman  20   0  244908 237736   3592 R 12.6  0.7   1:48.69 perlbench_b+
11560 freshman  20   0   42788   3996   3368 R  0.1  0.0   0:00.84 top

top - 17:57:38 up 11 days,  5:02,  6 users,  load average: 0.91, 0.33, 0.12
Tasks: 198 total,   2 running, 121 sleeping,   0 stopped,   0 zombie
%Cpu(s): 12.4 us,  0.1 sy,  0.0 ni, 87.4 id,  0.0 wa,  0.0 hi,  0.0 si,  0.0 st
KiB Mem : 32843380 total, 16918732 free,   549604 used, 15375044 buff/cache
--
  PID USER      PR  NI    VIRT    RES    SHR S %CPU %MEM     TIME+ COMMAND
11936 freshman  20   0  245600 238528   3592 R 12.4  0.7   1:49.69 perlbench_b+

top - 17:57:39 up 11 days,  5:02,  6 users,  load average: 0.92, 0.34, 0.13
Tasks: 198 total,   2 running, 121 sleeping,   0 stopped,   0 zombie
%Cpu(s): 12.4 us,  0.1 sy,  0.0 ni, 87.4 id,  0.0 wa,  0.0 hi,  0.0 si,  0.0 st
KiB Mem : 32843380 total, 16916748 free,   551544 used, 15375088 buff/cache
--
  PID USER      PR  NI    VIRT    RES    SHR S %CPU %MEM     TIME+ COMMAND
11936 freshman  20   0  246396 239320   3592 R 12.5  0.7   1:50.69 perlbench_b+

top - 17:57:40 up 11 days,  5:02,  6 users,  load average: 0.92, 0.34, 0.13
Tasks: 198 total,   2 running, 121 sleeping,   0 stopped,   0 zombie
%Cpu(s): 12.5 us,  0.0 sy,  0.0 ni, 87.5 id,  0.0 wa,  0.0 hi,  0.0 si,  0.0 st
KiB Mem : 32843380 total, 16916748 free,   551544 used, 15375088 buff/cache
--
  PID USER      PR  NI    VIRT    RES    SHR S %CPU %MEM     TIME+ COMMAND
11936 freshman  20   0  247764 240640   3592 R 12.6  0.7   1:51.71 perlbench_b+
11560 freshman  20   0   42788   3996   3368 R  0.1  0.0   0:00.85 top

top - 17:57:41 up 11 days,  5:02,  6 users,  load average: 0.92, 0.34, 0.13
Tasks: 198 total,   2 running, 121 sleeping,   0 stopped,   0 zombie
%Cpu(s): 12.4 us,  0.1 sy,  0.0 ni, 87.4 id,  0.0 wa,  0.0 hi,  0.0 si,  0.0 st
KiB Mem : 32843380 total, 16916748 free,   551544 used, 15375088 buff/cache
--
  PID USER      PR  NI    VIRT    RES    SHR S %CPU %MEM     TIME+ COMMAND
11936 freshman  20   0  247764 240640   3592 R 12.5  0.7   1:52.71 perlbench_b+

top - 17:57:42 up 11 days,  5:02,  6 users,  load average: 0.92, 0.34, 0.13
Tasks: 198 total,   2 running, 121 sleeping,   0 stopped,   0 zombie
%Cpu(s): 12.3 us,  0.1 sy,  0.0 ni, 87.5 id,  0.0 wa,  0.0 hi,  0.0 si,  0.0 st
KiB Mem : 32843380 total, 17085808 free,   382436 used, 15375136 buff/cache
--
  PID USER      PR  NI    VIRT    RES    SHR S %CPU %MEM     TIME+ COMMAND
11940 freshman  20   0   75092  69084   3156 R  4.6  0.2   0:00.37 perlbench_b+
11560 freshman  20   0   42788   3996   3368 R  0.1  0.0   0:00.86 top

top - 17:57:43 up 11 days,  5:02,  6 users,  load average: 0.92, 0.34, 0.13
Tasks: 198 total,   2 running, 121 sleeping,   0 stopped,   0 zombie
%Cpu(s): 12.4 us,  0.2 sy,  0.0 ni, 87.2 id,  0.1 wa,  0.0 hi,  0.0 si,  0.0 st
KiB Mem : 32843380 total, 17085808 free,   382436 used, 15375136 buff/cache
--
  PID USER      PR  NI    VIRT    RES    SHR S %CPU %MEM     TIME+ COMMAND
11940 freshman  20   0   96872  90864   3156 R 12.5  0.3   0:01.37 perlbench_b+

top - 17:57:44 up 11 days,  5:02,  6 users,  load average: 0.93, 0.36, 0.13
Tasks: 198 total,   2 running, 121 sleeping,   0 stopped,   0 zombie
%Cpu(s): 12.5 us,  0.0 sy,  0.0 ni, 87.5 id,  0.0 wa,  0.0 hi,  0.0 si,  0.0 st
KiB Mem : 32843380 total, 17085808 free,   382436 used, 15375136 buff/cache
--
  PID USER      PR  NI    VIRT    RES    SHR S %CPU %MEM     TIME+ COMMAND
11940 freshman  20   0   96872  90864   3156 R 12.5  0.3   0:02.38 perlbench_b+

top - 17:57:45 up 11 days,  5:02,  6 users,  load average: 0.93, 0.36, 0.13
Tasks: 198 total,   2 running, 121 sleeping,   0 stopped,   0 zombie
%Cpu(s): 12.5 us,  0.0 sy,  0.0 ni, 87.5 id,  0.0 wa,  0.0 hi,  0.0 si,  0.0 st
KiB Mem : 32843380 total, 17064176 free,   403868 used, 15375336 buff/cache
--
  PID USER      PR  NI    VIRT    RES    SHR S %CPU %MEM     TIME+ COMMAND
11940 freshman  20   0   96872  90864   3156 R 12.5  0.3   0:03.38 perlbench_b+

top - 17:57:46 up 11 days,  5:02,  6 users,  load average: 0.93, 0.36, 0.13
Tasks: 198 total,   2 running, 121 sleeping,   0 stopped,   0 zombie
%Cpu(s): 12.5 us,  0.1 sy,  0.0 ni, 87.3 id,  0.0 wa,  0.0 hi,  0.0 si,  0.0 st
KiB Mem : 32843380 total, 17064176 free,   403868 used, 15375336 buff/cache
--
  PID USER      PR  NI    VIRT    RES    SHR S %CPU %MEM     TIME+ COMMAND
11940 freshman  20   0   96872  90864   3156 R 12.5  0.3   0:04.39 perlbench_b+
11560 freshman  20   0   42788   3996   3368 R  0.1  0.0   0:00.87 top

top - 17:57:47 up 11 days,  5:02,  6 users,  load average: 0.93, 0.36, 0.13
Tasks: 198 total,   2 running, 121 sleeping,   0 stopped,   0 zombie
%Cpu(s): 12.6 us,  0.0 sy,  0.0 ni, 87.4 id,  0.0 wa,  0.0 hi,  0.0 si,  0.0 st
KiB Mem : 32843380 total, 17064176 free,   403868 used, 15375336 buff/cache
--
  PID USER      PR  NI    VIRT    RES    SHR S %CPU %MEM     TIME+ COMMAND
11940 freshman  20   0  100832  94556   3156 R 12.5  0.3   0:05.39 perlbench_b+
11560 freshman  20   0   42788   3996   3368 R  0.1  0.0   0:00.88 top

top - 17:57:48 up 11 days,  5:02,  6 users,  load average: 0.93, 0.36, 0.13
Tasks: 198 total,   2 running, 121 sleeping,   0 stopped,   0 zombie
%Cpu(s): 12.4 us,  0.1 sy,  0.0 ni, 87.4 id,  0.0 wa,  0.0 hi,  0.0 si,  0.0 st
KiB Mem : 32843380 total, 17054132 free,   413908 used, 15375340 buff/cache
--
  PID USER      PR  NI    VIRT    RES    SHR S %CPU %MEM     TIME+ COMMAND
11940 freshman  20   0  109616 102460   3156 R 12.5  0.3   0:06.40 perlbench_b+

top - 17:57:49 up 11 days,  5:02,  6 users,  load average: 0.93, 0.37, 0.14
Tasks: 198 total,   2 running, 121 sleeping,   0 stopped,   0 zombie
%Cpu(s): 12.3 us,  0.2 sy,  0.0 ni, 87.5 id,  0.0 wa,  0.0 hi,  0.0 si,  0.0 st
KiB Mem : 32843380 total, 17054132 free,   413908 used, 15375340 buff/cache
--
  PID USER      PR  NI    VIRT    RES    SHR S %CPU %MEM     TIME+ COMMAND
11940 freshman  20   0  192156 184788   3156 R 12.5  0.6   0:07.40 perlbench_b+
11560 freshman  20   0   42788   3996   3368 R  0.1  0.0   0:00.89 top

top - 17:57:50 up 11 days,  5:02,  6 users,  load average: 0.93, 0.37, 0.14
Tasks: 198 total,   2 running, 121 sleeping,   0 stopped,   0 zombie
%Cpu(s): 12.5 us,  0.0 sy,  0.0 ni, 87.5 id,  0.0 wa,  0.0 hi,  0.0 si,  0.0 st
KiB Mem : 32843380 total, 17054132 free,   413908 used, 15375340 buff/cache
--
  PID USER      PR  NI    VIRT    RES    SHR S %CPU %MEM     TIME+ COMMAND
11940 freshman  20   0  192156 184788   3156 R 12.5  0.6   0:08.41 perlbench_b+

top - 17:57:51 up 11 days,  5:02,  6 users,  load average: 0.93, 0.37, 0.14
Tasks: 198 total,   2 running, 121 sleeping,   0 stopped,   0 zombie
%Cpu(s): 12.6 us,  0.0 sy,  0.0 ni, 87.4 id,  0.0 wa,  0.0 hi,  0.0 si,  0.0 st
KiB Mem : 32843380 total, 16970472 free,   497568 used, 15375340 buff/cache
--
  PID USER      PR  NI    VIRT    RES    SHR S %CPU %MEM     TIME+ COMMAND
11940 freshman  20   0  192156 184788   3156 R 12.5  0.6   0:09.41 perlbench_b+

top - 17:57:52 up 11 days,  5:02,  6 users,  load average: 0.93, 0.37, 0.14
Tasks: 198 total,   2 running, 121 sleeping,   0 stopped,   0 zombie
%Cpu(s): 12.5 us,  0.0 sy,  0.0 ni, 87.5 id,  0.0 wa,  0.0 hi,  0.0 si,  0.0 st
KiB Mem : 32843380 total, 16970472 free,   497568 used, 15375340 buff/cache
--
  PID USER      PR  NI    VIRT    RES    SHR S %CPU %MEM     TIME+ COMMAND
11940 freshman  20   0  192156 184788   3156 R 12.5  0.6   0:10.42 perlbench_b+

top - 17:57:53 up 11 days,  5:02,  6 users,  load average: 0.93, 0.37, 0.14
Tasks: 198 total,   2 running, 121 sleeping,   0 stopped,   0 zombie
%Cpu(s): 12.4 us,  0.1 sy,  0.0 ni, 87.4 id,  0.0 wa,  0.0 hi,  0.0 si,  0.0 st
KiB Mem : 32843380 total, 16970472 free,   497568 used, 15375340 buff/cache
--
  PID USER      PR  NI    VIRT    RES    SHR S %CPU %MEM     TIME+ COMMAND
11940 freshman  20   0  216848 209620   3156 R 12.6  0.6   0:11.43 perlbench_b+
11560 freshman  20   0   42788   3996   3368 R  0.1  0.0   0:00.90 top

top - 17:57:54 up 11 days,  5:02,  6 users,  load average: 0.94, 0.38, 0.14
Tasks: 198 total,   2 running, 121 sleeping,   0 stopped,   0 zombie
%Cpu(s): 12.4 us,  0.1 sy,  0.0 ni, 87.4 id,  0.0 wa,  0.0 hi,  0.0 si,  0.0 st
KiB Mem : 32843380 total, 16945508 free,   522520 used, 15375352 buff/cache
--
  PID USER      PR  NI    VIRT    RES    SHR S %CPU %MEM     TIME+ COMMAND
11940 freshman  20   0  216848 209620   3156 R 12.5  0.6   0:12.44 perlbench_b+

top - 17:57:55 up 11 days,  5:02,  6 users,  load average: 0.94, 0.38, 0.14
Tasks: 198 total,   2 running, 121 sleeping,   0 stopped,   0 zombie
%Cpu(s): 12.6 us,  0.0 sy,  0.0 ni, 87.4 id,  0.0 wa,  0.0 hi,  0.0 si,  0.0 st
KiB Mem : 32843380 total, 16945508 free,   522520 used, 15375352 buff/cache
--
  PID USER      PR  NI    VIRT    RES    SHR S %CPU %MEM     TIME+ COMMAND
11940 freshman  20   0  216848 209620   3156 R 12.5  0.6   0:13.44 perlbench_b+
11560 freshman  20   0   42788   3996   3368 R  0.1  0.0   0:00.91 top

top - 17:57:56 up 11 days,  5:02,  6 users,  load average: 0.94, 0.38, 0.14
Tasks: 198 total,   2 running, 121 sleeping,   0 stopped,   0 zombie
%Cpu(s): 12.6 us,  0.0 sy,  0.0 ni, 87.4 id,  0.0 wa,  0.0 hi,  0.0 si,  0.0 st
KiB Mem : 32843380 total, 16945508 free,   522520 used, 15375352 buff/cache
--
  PID USER      PR  NI    VIRT    RES    SHR S %CPU %MEM     TIME+ COMMAND
11940 freshman  20   0  216848 209620   3156 R 12.5  0.6   0:14.45 perlbench_b+

top - 17:57:57 up 11 days,  5:02,  6 users,  load average: 0.94, 0.38, 0.14
Tasks: 198 total,   2 running, 121 sleeping,   0 stopped,   0 zombie
%Cpu(s): 12.4 us,  0.1 sy,  0.0 ni, 87.5 id,  0.0 wa,  0.0 hi,  0.0 si,  0.0 st
KiB Mem : 32843380 total, 16945508 free,   522520 used, 15375352 buff/cache
--
  PID USER      PR  NI    VIRT    RES    SHR S %CPU %MEM     TIME+ COMMAND
11940 freshman  20   0  216848 209620   3156 R 12.4  0.6   0:15.45 perlbench_b+

top - 17:57:58 up 11 days,  5:02,  6 users,  load average: 0.94, 0.38, 0.14
Tasks: 198 total,   2 running, 121 sleeping,   0 stopped,   0 zombie
%Cpu(s): 12.5 us,  0.1 sy,  0.0 ni, 87.4 id,  0.0 wa,  0.0 hi,  0.0 si,  0.0 st
KiB Mem : 32843380 total, 16945508 free,   522520 used, 15375352 buff/cache
--
  PID USER      PR  NI    VIRT    RES    SHR S %CPU %MEM     TIME+ COMMAND
11940 freshman  20   0  241332 233908   3156 R 12.5  0.7   0:16.45 perlbench_b+
11560 freshman  20   0   42788   3996   3368 R  0.1  0.0   0:00.92 top

top - 17:57:59 up 11 days,  5:02,  6 users,  load average: 0.94, 0.39, 0.15
Tasks: 198 total,   2 running, 121 sleeping,   0 stopped,   0 zombie
%Cpu(s): 12.5 us,  0.0 sy,  0.0 ni, 87.5 id,  0.0 wa,  0.0 hi,  0.0 si,  0.0 st
KiB Mem : 32843380 total, 16945508 free,   522520 used, 15375352 buff/cache
--
  PID USER      PR  NI    VIRT    RES    SHR S %CPU %MEM     TIME+ COMMAND
11940 freshman  20   0  241332 233908   3156 R 12.5  0.7   0:17.46 perlbench_b+

top - 17:58:00 up 11 days,  5:02,  6 users,  load average: 0.94, 0.39, 0.15
Tasks: 198 total,   2 running, 121 sleeping,   0 stopped,   0 zombie
%Cpu(s): 12.6 us,  0.0 sy,  0.0 ni, 87.4 id,  0.0 wa,  0.0 hi,  0.0 si,  0.0 st
KiB Mem : 32843380 total, 16921328 free,   546700 used, 15375352 buff/cache
--
  PID USER      PR  NI    VIRT    RES    SHR S %CPU %MEM     TIME+ COMMAND
11940 freshman  20   0  241332 233908   3156 R 12.5  0.7   0:18.46 perlbench_b+
11560 freshman  20   0   42788   3996   3368 R  0.1  0.0   0:00.93 top

top - 17:58:01 up 11 days,  5:02,  6 users,  load average: 0.94, 0.39, 0.15
Tasks: 198 total,   2 running, 121 sleeping,   0 stopped,   0 zombie
%Cpu(s): 12.5 us,  0.0 sy,  0.0 ni, 87.5 id,  0.0 wa,  0.0 hi,  0.0 si,  0.0 st
KiB Mem : 32843380 total, 16921328 free,   546700 used, 15375352 buff/cache
--
  PID USER      PR  NI    VIRT    RES    SHR S %CPU %MEM     TIME+ COMMAND
11940 freshman  20   0  241332 233908   3156 R 12.5  0.7   0:19.47 perlbench_b+
11560 freshman  20   0   42788   3996   3368 R  0.1  0.0   0:00.94 top

top - 17:58:02 up 11 days,  5:02,  6 users,  load average: 0.94, 0.39, 0.15
Tasks: 198 total,   2 running, 121 sleeping,   0 stopped,   0 zombie
%Cpu(s): 12.6 us,  0.0 sy,  0.0 ni, 87.4 id,  0.0 wa,  0.0 hi,  0.0 si,  0.0 st
KiB Mem : 32843380 total, 16921328 free,   546700 used, 15375352 buff/cache
--
  PID USER      PR  NI    VIRT    RES    SHR S %CPU %MEM     TIME+ COMMAND
11940 freshman  20   0  241332 233908   3156 R 12.5  0.7   0:20.47 perlbench_b+

top - 17:58:03 up 11 days,  5:02,  6 users,  load average: 0.94, 0.39, 0.15
Tasks: 198 total,   2 running, 121 sleeping,   0 stopped,   0 zombie
%Cpu(s): 12.5 us,  0.1 sy,  0.0 ni, 87.3 id,  0.0 wa,  0.0 hi,  0.0 si,  0.0 st
KiB Mem : 32843380 total, 16921080 free,   546940 used, 15375360 buff/cache
--
  PID USER      PR  NI    VIRT    RES    SHR S %CPU %MEM     TIME+ COMMAND
11940 freshman  20   0  241332 233908   3156 R 12.5  0.7   0:21.48 perlbench_b+

top - 17:58:04 up 11 days,  5:02,  6 users,  load average: 0.95, 0.40, 0.15
Tasks: 198 total,   2 running, 121 sleeping,   0 stopped,   0 zombie
%Cpu(s): 12.5 us,  0.0 sy,  0.0 ni, 87.4 id,  0.1 wa,  0.0 hi,  0.0 si,  0.0 st
KiB Mem : 32843380 total, 16921080 free,   546940 used, 15375360 buff/cache
--
  PID USER      PR  NI    VIRT    RES    SHR S %CPU %MEM     TIME+ COMMAND
11940 freshman  20   0  265420 258196   3156 R 12.5  0.8   0:22.48 perlbench_b+

top - 17:58:05 up 11 days,  5:02,  6 users,  load average: 0.95, 0.40, 0.15
Tasks: 198 total,   2 running, 121 sleeping,   0 stopped,   0 zombie
%Cpu(s): 12.7 us,  0.0 sy,  0.0 ni, 87.3 id,  0.0 wa,  0.0 hi,  0.0 si,  0.0 st
KiB Mem : 32843380 total, 16921080 free,   546940 used, 15375360 buff/cache
--
  PID USER      PR  NI    VIRT    RES    SHR S %CPU %MEM     TIME+ COMMAND
11940 freshman  20   0  265420 258196   3156 R 12.5  0.8   0:23.49 perlbench_b+
11560 freshman  20   0   42788   3996   3368 R  0.1  0.0   0:00.95 top

top - 17:58:06 up 11 days,  5:02,  6 users,  load average: 0.95, 0.40, 0.15
Tasks: 198 total,   2 running, 121 sleeping,   0 stopped,   0 zombie
%Cpu(s): 12.4 us,  0.1 sy,  0.0 ni, 87.4 id,  0.0 wa,  0.0 hi,  0.0 si,  0.0 st
KiB Mem : 32843380 total, 16897024 free,   570984 used, 15375372 buff/cache
--
  PID USER      PR  NI    VIRT    RES    SHR S %CPU %MEM     TIME+ COMMAND
11940 freshman  20   0  265420 258196   3156 R 12.6  0.8   0:24.50 perlbench_b+
11560 freshman  20   0   42788   3996   3368 R  0.1  0.0   0:00.96 top

top - 17:58:07 up 11 days,  5:02,  6 users,  load average: 0.95, 0.40, 0.15
Tasks: 198 total,   2 running, 121 sleeping,   0 stopped,   0 zombie
%Cpu(s): 12.5 us,  0.0 sy,  0.0 ni, 87.5 id,  0.0 wa,  0.0 hi,  0.0 si,  0.0 st
KiB Mem : 32843380 total, 16897024 free,   570984 used, 15375372 buff/cache
--
  PID USER      PR  NI    VIRT    RES    SHR S %CPU %MEM     TIME+ COMMAND
11940 freshman  20   0  265420 258196   3156 R 12.4  0.8   0:25.50 perlbench_b+

top - 17:58:08 up 11 days,  5:02,  6 users,  load average: 0.95, 0.40, 0.15
Tasks: 198 total,   2 running, 121 sleeping,   0 stopped,   0 zombie
%Cpu(s): 12.7 us,  0.0 sy,  0.0 ni, 87.3 id,  0.0 wa,  0.0 hi,  0.0 si,  0.0 st
KiB Mem : 32843380 total, 16897024 free,   570984 used, 15375372 buff/cache
--
  PID USER      PR  NI    VIRT    RES    SHR S %CPU %MEM     TIME+ COMMAND
11940 freshman  20   0  265420 258196   3156 R 12.5  0.8   0:26.50 perlbench_b+
11560 freshman  20   0   42788   3996   3368 R  0.1  0.0   0:00.97 top

top - 17:58:09 up 11 days,  5:02,  6 users,  load average: 0.95, 0.41, 0.16
Tasks: 198 total,   2 running, 121 sleeping,   0 stopped,   0 zombie
%Cpu(s): 12.3 us,  0.2 sy,  0.0 ni, 87.4 id,  0.0 wa,  0.0 hi,  0.0 si,  0.0 st
KiB Mem : 32843380 total, 16872976 free,   595032 used, 15375372 buff/cache
--
  PID USER      PR  NI    VIRT    RES    SHR S %CPU %MEM     TIME+ COMMAND
11940 freshman  20   0  289368 282220   3156 R 12.5  0.9   0:27.51 perlbench_b+

top - 17:58:10 up 11 days,  5:02,  6 users,  load average: 0.95, 0.41, 0.16
Tasks: 198 total,   2 running, 121 sleeping,   0 stopped,   0 zombie
%Cpu(s): 12.6 us,  0.0 sy,  0.0 ni, 87.4 id,  0.0 wa,  0.0 hi,  0.0 si,  0.0 st
KiB Mem : 32843380 total, 16872976 free,   595032 used, 15375372 buff/cache
--
  PID USER      PR  NI    VIRT    RES    SHR S %CPU %MEM     TIME+ COMMAND
11940 freshman  20   0  289368 282220   3156 R 12.6  0.9   0:28.52 perlbench_b+

top - 17:58:11 up 11 days,  5:02,  6 users,  load average: 0.95, 0.41, 0.16
Tasks: 198 total,   2 running, 121 sleeping,   0 stopped,   0 zombie
%Cpu(s): 12.5 us,  0.0 sy,  0.0 ni, 87.5 id,  0.0 wa,  0.0 hi,  0.0 si,  0.0 st
KiB Mem : 32843380 total, 16872976 free,   595032 used, 15375372 buff/cache
--
  PID USER      PR  NI    VIRT    RES    SHR S %CPU %MEM     TIME+ COMMAND
11940 freshman  20   0  289368 282220   3156 R 12.4  0.9   0:29.52 perlbench_b+

top - 17:58:12 up 11 days,  5:02,  6 users,  load average: 0.95, 0.41, 0.16
Tasks: 198 total,   2 running, 121 sleeping,   0 stopped,   0 zombie
%Cpu(s): 12.7 us,  0.0 sy,  0.0 ni, 87.3 id,  0.0 wa,  0.0 hi,  0.0 si,  0.0 st
KiB Mem : 32843380 total, 16873016 free,   594980 used, 15375384 buff/cache
--
  PID USER      PR  NI    VIRT    RES    SHR S %CPU %MEM     TIME+ COMMAND
11940 freshman  20   0  289368 282220   3156 R 12.6  0.9   0:30.53 perlbench_b+
11560 freshman  20   0   42788   3996   3368 R  0.1  0.0   0:00.98 top

top - 17:58:13 up 11 days,  5:02,  6 users,  load average: 0.95, 0.41, 0.16
Tasks: 198 total,   2 running, 121 sleeping,   0 stopped,   0 zombie
%Cpu(s): 12.4 us,  0.0 sy,  0.0 ni, 87.6 id,  0.0 wa,  0.0 hi,  0.0 si,  0.0 st
KiB Mem : 32843380 total, 16873016 free,   594980 used, 15375384 buff/cache
--
  PID USER      PR  NI    VIRT    RES    SHR S %CPU %MEM     TIME+ COMMAND
11940 freshman  20   0  289368 282220   3156 R 12.4  0.9   0:31.53 perlbench_b+
11560 freshman  20   0   42788   3996   3368 R  0.1  0.0   0:00.99 top

top - 17:58:14 up 11 days,  5:02,  6 users,  load average: 0.96, 0.42, 0.16
Tasks: 198 total,   2 running, 121 sleeping,   0 stopped,   0 zombie
%Cpu(s): 12.5 us,  0.1 sy,  0.0 ni, 87.3 id,  0.0 wa,  0.0 hi,  0.0 si,  0.0 st
KiB Mem : 32843380 total, 16873016 free,   594980 used, 15375384 buff/cache
--
  PID USER      PR  NI    VIRT    RES    SHR S %CPU %MEM     TIME+ COMMAND
11940 freshman  20   0  289368 282220   3156 R 12.6  0.9   0:32.54 perlbench_b+

top - 17:58:16 up 11 days,  5:03,  6 users,  load average: 0.96, 0.42, 0.16
Tasks: 198 total,   2 running, 121 sleeping,   0 stopped,   0 zombie
%Cpu(s): 12.4 us,  0.1 sy,  0.0 ni, 87.4 id,  0.0 wa,  0.0 hi,  0.0 si,  0.0 st
KiB Mem : 32843380 total, 16844704 free,   623292 used, 15375384 buff/cache
--
  PID USER      PR  NI    VIRT    RES    SHR S %CPU %MEM     TIME+ COMMAND
11940 freshman  20   0  317608 310468   3156 R 12.4  0.9   0:33.54 perlbench_b+

top - 17:58:17 up 11 days,  5:03,  6 users,  load average: 0.96, 0.42, 0.16
Tasks: 198 total,   2 running, 121 sleeping,   0 stopped,   0 zombie
%Cpu(s): 12.4 us,  0.0 sy,  0.0 ni, 87.4 id,  0.1 wa,  0.0 hi,  0.0 si,  0.0 st
KiB Mem : 32843380 total, 16844704 free,   623292 used, 15375384 buff/cache
--
  PID USER      PR  NI    VIRT    RES    SHR S %CPU %MEM     TIME+ COMMAND
11940 freshman  20   0  317608 310468   3156 R 12.6  0.9   0:34.55 perlbench_b+
11560 freshman  20   0   42788   3996   3368 R  0.1  0.0   0:01.00 top

top - 17:58:18 up 11 days,  5:03,  6 users,  load average: 0.96, 0.42, 0.16
Tasks: 198 total,   2 running, 121 sleeping,   0 stopped,   0 zombie
%Cpu(s): 12.3 us,  0.4 sy,  0.0 ni, 87.3 id,  0.0 wa,  0.0 hi,  0.0 si,  0.0 st
KiB Mem : 32843380 total, 16844704 free,   623292 used, 15375384 buff/cache
--
  PID USER      PR  NI    VIRT    RES    SHR S %CPU %MEM     TIME+ COMMAND
11942 freshman  20   0   93396  86944   3028 R  5.4  0.3   0:00.44 perlbench_b+

top - 17:58:19 up 11 days,  5:03,  6 users,  load average: 0.96, 0.42, 0.16
Tasks: 198 total,   2 running, 121 sleeping,   0 stopped,   0 zombie
%Cpu(s): 11.9 us,  0.6 sy,  0.0 ni, 87.4 id,  0.0 wa,  0.0 hi,  0.0 si,  0.0 st
KiB Mem : 32843380 total, 16877844 free,   590136 used, 15375400 buff/cache
--
  PID USER      PR  NI    VIRT    RES    SHR S %CPU %MEM     TIME+ COMMAND
11942 freshman  20   0  283632 277288   3028 R 12.4  0.8   0:01.44 perlbench_b+
11560 freshman  20   0   42788   3996   3368 R  0.1  0.0   0:01.01 top

top - 17:58:20 up 11 days,  5:03,  6 users,  load average: 0.96, 0.43, 0.16
Tasks: 198 total,   2 running, 121 sleeping,   0 stopped,   0 zombie
%Cpu(s): 12.2 us,  0.2 sy,  0.0 ni, 87.5 id,  0.0 wa,  0.0 hi,  0.0 si,  0.0 st
KiB Mem : 32843380 total, 16877844 free,   590136 used, 15375400 buff/cache
--
  PID USER      PR  NI    VIRT    RES    SHR S %CPU %MEM     TIME+ COMMAND
11942 freshman  20   0  473924 467632   3028 R 12.5  1.4   0:02.44 perlbench_b+

top - 17:58:21 up 11 days,  5:03,  6 users,  load average: 0.96, 0.43, 0.16
Tasks: 198 total,   2 running, 121 sleeping,   0 stopped,   0 zombie
%Cpu(s): 12.2 us,  0.5 sy,  0.0 ni, 87.3 id,  0.0 wa,  0.0 hi,  0.0 si,  0.0 st
KiB Mem : 32843380 total, 16877844 free,   590136 used, 15375400 buff/cache
--
  PID USER      PR  NI    VIRT    RES    SHR S %CPU %MEM     TIME+ COMMAND
11942 freshman  20   0  563356 556956   3028 R 12.5  1.7   0:03.45 perlbench_b+

top - 17:58:22 up 11 days,  5:03,  6 users,  load average: 0.96, 0.43, 0.16
Tasks: 198 total,   2 running, 121 sleeping,   0 stopped,   0 zombie
%Cpu(s): 12.5 us,  0.0 sy,  0.0 ni, 87.5 id,  0.0 wa,  0.0 hi,  0.0 si,  0.0 st
KiB Mem : 32843380 total, 16592108 free,   875708 used, 15375564 buff/cache
--
  PID USER      PR  NI    VIRT    RES    SHR S %CPU %MEM     TIME+ COMMAND
11942 freshman  20   0  568068 561476   3028 R 12.5  1.7   0:04.45 perlbench_b+
11560 freshman  20   0   42788   3996   3368 R  0.1  0.0   0:01.02 top

top - 17:58:23 up 11 days,  5:03,  6 users,  load average: 0.96, 0.43, 0.16
Tasks: 198 total,   2 running, 121 sleeping,   0 stopped,   0 zombie
%Cpu(s): 12.6 us,  0.0 sy,  0.0 ni, 87.4 id,  0.0 wa,  0.0 hi,  0.0 si,  0.0 st
KiB Mem : 32843380 total, 16592108 free,   875708 used, 15375564 buff/cache
--
  PID USER      PR  NI    VIRT    RES    SHR S %CPU %MEM     TIME+ COMMAND
11942 freshman  20   0  575492 568916   3028 R 12.5  1.7   0:05.46 perlbench_b+

top - 17:58:24 up 11 days,  5:03,  6 users,  load average: 0.96, 0.43, 0.16
Tasks: 198 total,   2 running, 121 sleeping,   0 stopped,   0 zombie
%Cpu(s): 12.6 us,  0.0 sy,  0.0 ni, 87.4 id,  0.0 wa,  0.0 hi,  0.0 si,  0.0 st
KiB Mem : 32843380 total, 16592108 free,   875708 used, 15375564 buff/cache
--
  PID USER      PR  NI    VIRT    RES    SHR S %CPU %MEM     TIME+ COMMAND
11942 freshman  20   0  580620 574036   3028 R 12.6  1.7   0:06.47 perlbench_b+

top - 17:58:25 up 11 days,  5:03,  6 users,  load average: 0.96, 0.44, 0.17
Tasks: 198 total,   2 running, 121 sleeping,   0 stopped,   0 zombie
%Cpu(s): 12.4 us,  0.1 sy,  0.0 ni, 87.4 id,  0.0 wa,  0.0 hi,  0.0 si,  0.0 st
KiB Mem : 32843380 total, 16566688 free,   901116 used, 15375576 buff/cache
--
  PID USER      PR  NI    VIRT    RES    SHR S %CPU %MEM     TIME+ COMMAND
11942 freshman  20   0  593416 586836   3028 R 12.5  1.8   0:07.48 perlbench_b+
11560 freshman  20   0   42788   3996   3368 R  0.1  0.0   0:01.03 top

top - 17:58:26 up 11 days,  5:03,  6 users,  load average: 0.96, 0.44, 0.17
Tasks: 198 total,   2 running, 121 sleeping,   0 stopped,   0 zombie
%Cpu(s): 12.4 us,  0.1 sy,  0.0 ni, 87.4 id,  0.0 wa,  0.0 hi,  0.0 si,  0.0 st
KiB Mem : 32843380 total, 16566688 free,   901116 used, 15375576 buff/cache
--
  PID USER      PR  NI    VIRT    RES    SHR S %CPU %MEM     TIME+ COMMAND
11942 freshman  20   0  611508 605132   3028 R 12.5  1.8   0:08.48 perlbench_b+
11560 freshman  20   0   42788   3996   3368 R  0.1  0.0   0:01.04 top

top - 17:58:27 up 11 days,  5:03,  6 users,  load average: 0.96, 0.44, 0.17
Tasks: 198 total,   2 running, 121 sleeping,   0 stopped,   0 zombie
%Cpu(s): 12.6 us,  0.0 sy,  0.0 ni, 87.4 id,  0.0 wa,  0.0 hi,  0.0 si,  0.0 st
KiB Mem : 32843380 total, 16566688 free,   901116 used, 15375576 buff/cache
--
  PID USER      PR  NI    VIRT    RES    SHR S %CPU %MEM     TIME+ COMMAND
11942 freshman  20   0  618872 612524   3028 R 12.4  1.9   0:09.48 perlbench_b+

top - 17:58:28 up 11 days,  5:03,  6 users,  load average: 0.96, 0.44, 0.17
Tasks: 198 total,   2 running, 121 sleeping,   0 stopped,   0 zombie
%Cpu(s): 12.4 us,  0.1 sy,  0.0 ni, 87.4 id,  0.0 wa,  0.0 hi,  0.0 si,  0.0 st
KiB Mem : 32843380 total, 16530604 free,   937196 used, 15375580 buff/cache
--
  PID USER      PR  NI    VIRT    RES    SHR S %CPU %MEM     TIME+ COMMAND
11942 freshman  20   0  629312 622820   3028 R 12.5  1.9   0:10.48 perlbench_b+

top - 17:58:29 up 11 days,  5:03,  6 users,  load average: 0.96, 0.44, 0.17
Tasks: 198 total,   2 running, 121 sleeping,   0 stopped,   0 zombie
%Cpu(s): 12.6 us,  0.0 sy,  0.0 ni, 87.4 id,  0.0 wa,  0.0 hi,  0.0 si,  0.0 st
KiB Mem : 32843380 total, 16530604 free,   937196 used, 15375580 buff/cache
--
  PID USER      PR  NI    VIRT    RES    SHR S %CPU %MEM     TIME+ COMMAND
11942 freshman  20   0  637136 630740   3028 R 12.5  1.9   0:11.49 perlbench_b+
11560 freshman  20   0   42788   3996   3368 R  0.1  0.0   0:01.05 top

top - 17:58:30 up 11 days,  5:03,  6 users,  load average: 0.97, 0.45, 0.17
Tasks: 198 total,   2 running, 121 sleeping,   0 stopped,   0 zombie
%Cpu(s): 12.6 us,  0.0 sy,  0.0 ni, 87.4 id,  0.0 wa,  0.0 hi,  0.0 si,  0.0 st
KiB Mem : 32843380 total, 16530604 free,   937196 used, 15375580 buff/cache
--
  PID USER      PR  NI    VIRT    RES    SHR S %CPU %MEM     TIME+ COMMAND
11942 freshman  20   0  637136 630740   3028 R 12.6  1.9   0:12.50 perlbench_b+

top - 17:58:31 up 11 days,  5:03,  6 users,  load average: 0.97, 0.45, 0.17
Tasks: 198 total,   2 running, 121 sleeping,   0 stopped,   0 zombie
%Cpu(s): 12.5 us,  0.0 sy,  0.0 ni, 87.5 id,  0.0 wa,  0.0 hi,  0.0 si,  0.0 st
KiB Mem : 32843380 total, 16522832 free,   944956 used, 15375592 buff/cache
--
  PID USER      PR  NI    VIRT    RES    SHR S %CPU %MEM     TIME+ COMMAND
11942 freshman  20   0  637136 630740   3028 R 12.4  1.9   0:13.50 perlbench_b+
11560 freshman  20   0   42788   3996   3368 R  0.1  0.0   0:01.06 top

top - 17:58:32 up 11 days,  5:03,  6 users,  load average: 0.97, 0.45, 0.17
Tasks: 198 total,   2 running, 121 sleeping,   0 stopped,   0 zombie
%Cpu(s): 12.5 us,  0.0 sy,  0.0 ni, 87.5 id,  0.0 wa,  0.0 hi,  0.0 si,  0.0 st
KiB Mem : 32843380 total, 16522832 free,   944956 used, 15375592 buff/cache
--
  PID USER      PR  NI    VIRT    RES    SHR S %CPU %MEM     TIME+ COMMAND
11942 freshman  20   0  640152 633644   3028 R 12.5  1.9   0:14.50 perlbench_b+

top - 17:58:33 up 11 days,  5:03,  6 users,  load average: 0.97, 0.45, 0.17
Tasks: 198 total,   2 running, 121 sleeping,   0 stopped,   0 zombie
%Cpu(s): 12.5 us,  0.1 sy,  0.0 ni, 87.3 id,  0.0 wa,  0.0 hi,  0.0 si,  0.0 st
KiB Mem : 32843380 total, 16522832 free,   944956 used, 15375592 buff/cache
--
  PID USER      PR  NI    VIRT    RES    SHR S %CPU %MEM     TIME+ COMMAND
11942 freshman  20   0  663504 657140   3028 R 12.5  2.0   0:15.51 perlbench_b+

top - 17:58:34 up 11 days,  5:03,  6 users,  load average: 0.97, 0.45, 0.17
Tasks: 198 total,   2 running, 121 sleeping,   0 stopped,   0 zombie
%Cpu(s): 12.6 us,  0.0 sy,  0.0 ni, 87.4 id,  0.0 wa,  0.0 hi,  0.0 si,  0.0 st
KiB Mem : 32843380 total, 16496256 free,   971512 used, 15375612 buff/cache
--
  PID USER      PR  NI    VIRT    RES    SHR S %CPU %MEM     TIME+ COMMAND
11942 freshman  20   0  663896 657404   3028 R 12.6  2.0   0:16.52 perlbench_b+
11560 freshman  20   0   42788   3996   3368 R  0.1  0.0   0:01.07 top

top - 17:58:35 up 11 days,  5:03,  6 users,  load average: 0.97, 0.46, 0.18
Tasks: 198 total,   2 running, 121 sleeping,   0 stopped,   0 zombie
%Cpu(s): 12.5 us,  0.0 sy,  0.0 ni, 87.5 id,  0.0 wa,  0.0 hi,  0.0 si,  0.0 st
KiB Mem : 32843380 total, 16496256 free,   971512 used, 15375612 buff/cache
--
  PID USER      PR  NI    VIRT    RES    SHR S %CPU %MEM     TIME+ COMMAND
11942 freshman  20   0  663896 657404   3028 R 12.4  2.0   0:17.52 perlbench_b+

top - 17:58:36 up 11 days,  5:03,  6 users,  load average: 0.97, 0.46, 0.18
Tasks: 198 total,   2 running, 121 sleeping,   0 stopped,   0 zombie
%Cpu(s): 12.6 us,  0.0 sy,  0.0 ni, 87.4 id,  0.0 wa,  0.0 hi,  0.0 si,  0.0 st
KiB Mem : 32843380 total, 16496256 free,   971512 used, 15375612 buff/cache
--
  PID USER      PR  NI    VIRT    RES    SHR S %CPU %MEM     TIME+ COMMAND
11942 freshman  20   0  663896 657404   3028 R 12.6  2.0   0:18.53 perlbench_b+
11560 freshman  20   0   42788   3996   3368 R  0.1  0.0   0:01.08 top

top - 17:58:37 up 11 days,  5:03,  6 users,  load average: 0.97, 0.46, 0.18
Tasks: 198 total,   2 running, 121 sleeping,   0 stopped,   0 zombie
%Cpu(s): 12.5 us,  0.1 sy,  0.0 ni, 87.3 id,  0.0 wa,  0.0 hi,  0.0 si,  0.0 st
KiB Mem : 32843380 total, 16496256 free,   971496 used, 15375628 buff/cache
--
  PID USER      PR  NI    VIRT    RES    SHR S %CPU %MEM     TIME+ COMMAND
11942 freshman  20   0  663896 657404   3028 R 12.4  2.0   0:19.53 perlbench_b+

top - 17:58:38 up 11 days,  5:03,  6 users,  load average: 0.97, 0.46, 0.18
Tasks: 198 total,   2 running, 121 sleeping,   0 stopped,   0 zombie
%Cpu(s): 12.5 us,  0.0 sy,  0.0 ni, 87.5 id,  0.0 wa,  0.0 hi,  0.0 si,  0.0 st
KiB Mem : 32843380 total, 16496256 free,   971496 used, 15375628 buff/cache
--
  PID USER      PR  NI    VIRT    RES    SHR S %CPU %MEM     TIME+ COMMAND
11942 freshman  20   0  663896 657404   3028 R 12.6  2.0   0:20.54 perlbench_b+

top - 17:58:39 up 11 days,  5:03,  6 users,  load average: 0.97, 0.46, 0.18
Tasks: 198 total,   2 running, 121 sleeping,   0 stopped,   0 zombie
%Cpu(s): 12.4 us,  0.1 sy,  0.0 ni, 87.4 id,  0.0 wa,  0.0 hi,  0.0 si,  0.0 st
KiB Mem : 32843380 total, 16496256 free,   971496 used, 15375628 buff/cache
--
  PID USER      PR  NI    VIRT    RES    SHR S %CPU %MEM     TIME+ COMMAND
11942 freshman  20   0  663896 657404   3028 R 12.4  2.0   0:21.54 perlbench_b+

top - 17:58:40 up 11 days,  5:03,  6 users,  load average: 0.97, 0.47, 0.18
Tasks: 198 total,   2 running, 121 sleeping,   0 stopped,   0 zombie
%Cpu(s): 12.5 us,  0.0 sy,  0.0 ni, 87.5 id,  0.0 wa,  0.0 hi,  0.0 si,  0.0 st
KiB Mem : 32843380 total, 16496256 free,   971496 used, 15375628 buff/cache
--
  PID USER      PR  NI    VIRT    RES    SHR S %CPU %MEM     TIME+ COMMAND
11942 freshman  20   0  663896 657404   3028 R 12.6  2.0   0:22.55 perlbench_b+
11560 freshman  20   0   42788   3996   3368 R  0.1  0.0   0:01.09 top

top - 17:58:41 up 11 days,  5:03,  6 users,  load average: 0.97, 0.47, 0.18
Tasks: 198 total,   2 running, 121 sleeping,   0 stopped,   0 zombie
%Cpu(s): 12.4 us,  0.1 sy,  0.0 ni, 87.4 id,  0.0 wa,  0.0 hi,  0.0 si,  0.0 st
KiB Mem : 32843380 total, 16496256 free,   971496 used, 15375628 buff/cache
--
  PID USER      PR  NI    VIRT    RES    SHR S %CPU %MEM     TIME+ COMMAND
11942 freshman  20   0  663896 657404   3028 R 12.5  2.0   0:23.56 perlbench_b+

top - 17:58:42 up 11 days,  5:03,  6 users,  load average: 0.97, 0.47, 0.18
Tasks: 198 total,   2 running, 121 sleeping,   0 stopped,   0 zombie
%Cpu(s): 12.6 us,  0.0 sy,  0.0 ni, 87.4 id,  0.0 wa,  0.0 hi,  0.0 si,  0.0 st
KiB Mem : 32843380 total, 16496256 free,   971496 used, 15375628 buff/cache
--
  PID USER      PR  NI    VIRT    RES    SHR S %CPU %MEM     TIME+ COMMAND
11942 freshman  20   0  663896 657404   3028 R 12.5  2.0   0:24.56 perlbench_b+
11560 freshman  20   0   42788   3996   3368 R  0.1  0.0   0:01.10 top

top - 17:58:43 up 11 days,  5:03,  6 users,  load average: 0.97, 0.47, 0.18
Tasks: 198 total,   2 running, 121 sleeping,   0 stopped,   0 zombie
%Cpu(s): 12.4 us,  0.1 sy,  0.0 ni, 87.4 id,  0.0 wa,  0.0 hi,  0.0 si,  0.0 st
KiB Mem : 32843380 total, 16496296 free,   971428 used, 15375656 buff/cache
--
  PID USER      PR  NI    VIRT    RES    SHR S %CPU %MEM     TIME+ COMMAND
11942 freshman  20   0  663896 657404   3028 R 12.5  2.0   0:25.57 perlbench_b+
11560 freshman  20   0   42788   3996   3368 R  0.1  0.0   0:01.11 top

top - 17:58:44 up 11 days,  5:03,  6 users,  load average: 0.97, 0.47, 0.18
Tasks: 198 total,   2 running, 121 sleeping,   0 stopped,   0 zombie
%Cpu(s): 12.6 us,  0.0 sy,  0.0 ni, 87.4 id,  0.0 wa,  0.0 hi,  0.0 si,  0.0 st
KiB Mem : 32843380 total, 16496296 free,   971428 used, 15375656 buff/cache
--
  PID USER      PR  NI    VIRT    RES    SHR S %CPU %MEM     TIME+ COMMAND
11942 freshman  20   0  663896 657404   3028 R 12.5  2.0   0:26.57 perlbench_b+

top - 17:58:45 up 11 days,  5:03,  6 users,  load average: 0.97, 0.48, 0.19
Tasks: 198 total,   2 running, 121 sleeping,   0 stopped,   0 zombie
%Cpu(s): 12.5 us,  0.0 sy,  0.0 ni, 87.5 id,  0.0 wa,  0.0 hi,  0.0 si,  0.0 st
KiB Mem : 32843380 total, 16496296 free,   971428 used, 15375656 buff/cache
--
  PID USER      PR  NI    VIRT    RES    SHR S %CPU %MEM     TIME+ COMMAND
11942 freshman  20   0  663896 657404   3028 R 12.5  2.0   0:27.58 perlbench_b+

top - 17:58:46 up 11 days,  5:03,  6 users,  load average: 0.97, 0.48, 0.19
Tasks: 198 total,   2 running, 121 sleeping,   0 stopped,   0 zombie
%Cpu(s): 12.5 us,  0.1 sy,  0.0 ni, 87.3 id,  0.0 wa,  0.0 hi,  0.0 si,  0.0 st
KiB Mem : 32843380 total, 16496256 free,   971456 used, 15375668 buff/cache
--
  PID USER      PR  NI    VIRT    RES    SHR S %CPU %MEM     TIME+ COMMAND
11942 freshman  20   0  663896 657404   3028 R 12.5  2.0   0:28.58 perlbench_b+
11560 freshman  20   0   42788   3996   3368 R  0.1  0.0   0:01.12 top

top - 17:58:47 up 11 days,  5:03,  6 users,  load average: 0.97, 0.48, 0.19
Tasks: 198 total,   2 running, 121 sleeping,   0 stopped,   0 zombie
%Cpu(s): 12.4 us,  0.1 sy,  0.0 ni, 87.5 id,  0.0 wa,  0.0 hi,  0.0 si,  0.0 st
KiB Mem : 32843380 total, 16496256 free,   971456 used, 15375668 buff/cache
--
  PID USER      PR  NI    VIRT    RES    SHR S %CPU %MEM     TIME+ COMMAND
11942 freshman  20   0  663896 657404   3028 R 12.5  2.0   0:29.59 perlbench_b+

top - 17:58:48 up 11 days,  5:03,  6 users,  load average: 0.97, 0.48, 0.19
Tasks: 198 total,   2 running, 121 sleeping,   0 stopped,   0 zombie
%Cpu(s): 12.6 us,  0.0 sy,  0.0 ni, 87.4 id,  0.0 wa,  0.0 hi,  0.0 si,  0.0 st
KiB Mem : 32843380 total, 16496256 free,   971456 used, 15375668 buff/cache
--
  PID USER      PR  NI    VIRT    RES    SHR S %CPU %MEM     TIME+ COMMAND
11942 freshman  20   0  663896 657404   3028 R 12.4  2.0   0:30.59 perlbench_b+
11560 freshman  20   0   42788   3996   3368 R  0.1  0.0   0:01.13 top

top - 17:58:49 up 11 days,  5:03,  6 users,  load average: 0.97, 0.48, 0.19
Tasks: 198 total,   2 running, 121 sleeping,   0 stopped,   0 zombie
%Cpu(s): 12.5 us,  0.0 sy,  0.0 ni, 87.5 id,  0.0 wa,  0.0 hi,  0.0 si,  0.0 st
KiB Mem : 32843380 total, 16496256 free,   971452 used, 15375672 buff/cache
--
  PID USER      PR  NI    VIRT    RES    SHR S %CPU %MEM     TIME+ COMMAND
11942 freshman  20   0  663896 657404   3028 R 12.6  2.0   0:31.60 perlbench_b+

top - 17:58:50 up 11 days,  5:03,  6 users,  load average: 0.98, 0.48, 0.19
Tasks: 198 total,   2 running, 121 sleeping,   0 stopped,   0 zombie
%Cpu(s): 12.6 us,  0.0 sy,  0.0 ni, 87.4 id,  0.0 wa,  0.0 hi,  0.0 si,  0.0 st
KiB Mem : 32843380 total, 16496256 free,   971452 used, 15375672 buff/cache
--
  PID USER      PR  NI    VIRT    RES    SHR S %CPU %MEM     TIME+ COMMAND
11942 freshman  20   0  663896 657404   3028 R 12.4  2.0   0:32.60 perlbench_b+

top - 17:58:51 up 11 days,  5:03,  6 users,  load average: 0.98, 0.48, 0.19
Tasks: 198 total,   2 running, 121 sleeping,   0 stopped,   0 zombie
%Cpu(s): 12.5 us,  0.1 sy,  0.0 ni, 87.3 id,  0.0 wa,  0.0 hi,  0.0 si,  0.0 st
KiB Mem : 32843380 total, 16496256 free,   971452 used, 15375672 buff/cache
--
  PID USER      PR  NI    VIRT    RES    SHR S %CPU %MEM     TIME+ COMMAND
11942 freshman  20   0  663896 657404   3028 R 12.6  2.0   0:33.61 perlbench_b+
11560 freshman  20   0   42788   3996   3368 R  0.1  0.0   0:01.14 top

top - 17:58:52 up 11 days,  5:03,  6 users,  load average: 0.98, 0.48, 0.19
Tasks: 198 total,   2 running, 121 sleeping,   0 stopped,   0 zombie
%Cpu(s): 12.5 us,  0.0 sy,  0.0 ni, 87.5 id,  0.0 wa,  0.0 hi,  0.0 si,  0.0 st
KiB Mem : 32843380 total, 16496256 free,   971428 used, 15375696 buff/cache
--
  PID USER      PR  NI    VIRT    RES    SHR S %CPU %MEM     TIME+ COMMAND
11942 freshman  20   0  663896 657404   3028 R 12.4  2.0   0:34.61 perlbench_b+

top - 17:58:53 up 11 days,  5:03,  6 users,  load average: 0.98, 0.48, 0.19
Tasks: 198 total,   2 running, 121 sleeping,   0 stopped,   0 zombie
%Cpu(s): 12.5 us,  0.1 sy,  0.0 ni, 87.3 id,  0.0 wa,  0.0 hi,  0.0 si,  0.0 st
KiB Mem : 32843380 total, 16496256 free,   971428 used, 15375696 buff/cache
--
  PID USER      PR  NI    VIRT    RES    SHR S %CPU %MEM     TIME+ COMMAND
11942 freshman  20   0  663896 657404   3028 R 12.6  2.0   0:35.62 perlbench_b+

top - 17:58:54 up 11 days,  5:03,  6 users,  load average: 0.98, 0.48, 0.19
Tasks: 198 total,   2 running, 121 sleeping,   0 stopped,   0 zombie
%Cpu(s): 12.5 us,  0.0 sy,  0.0 ni, 87.5 id,  0.0 wa,  0.0 hi,  0.0 si,  0.0 st
KiB Mem : 32843380 total, 16496256 free,   971428 used, 15375696 buff/cache
--
  PID USER      PR  NI    VIRT    RES    SHR S %CPU %MEM     TIME+ COMMAND
11942 freshman  20   0  663896 657404   3028 R 12.4  2.0   0:36.62 perlbench_b+
11560 freshman  20   0   42788   3996   3368 R  0.1  0.0   0:01.15 top

top - 17:58:55 up 11 days,  5:03,  6 users,  load average: 0.98, 0.49, 0.20
Tasks: 198 total,   2 running, 121 sleeping,   0 stopped,   0 zombie
%Cpu(s): 12.5 us,  0.0 sy,  0.0 ni, 87.5 id,  0.0 wa,  0.0 hi,  0.0 si,  0.0 st
KiB Mem : 32843380 total, 16496256 free,   971412 used, 15375712 buff/cache
--
  PID USER      PR  NI    VIRT    RES    SHR S %CPU %MEM     TIME+ COMMAND
11942 freshman  20   0  663896 657404   3028 R 12.6  2.0   0:37.63 perlbench_b+

top - 17:58:56 up 11 days,  5:03,  6 users,  load average: 0.98, 0.49, 0.20
Tasks: 198 total,   2 running, 121 sleeping,   0 stopped,   0 zombie
%Cpu(s): 12.6 us,  0.0 sy,  0.0 ni, 87.4 id,  0.0 wa,  0.0 hi,  0.0 si,  0.0 st
KiB Mem : 32843380 total, 16496256 free,   971412 used, 15375712 buff/cache
--
  PID USER      PR  NI    VIRT    RES    SHR S %CPU %MEM     TIME+ COMMAND
11942 freshman  20   0  663896 657404   3028 R 12.4  2.0   0:38.63 perlbench_b+
11560 freshman  20   0   42788   3996   3368 R  0.1  0.0   0:01.16 top

top - 17:58:57 up 11 days,  5:03,  6 users,  load average: 0.98, 0.49, 0.20
Tasks: 198 total,   2 running, 121 sleeping,   0 stopped,   0 zombie
%Cpu(s): 12.6 us,  0.0 sy,  0.0 ni, 87.4 id,  0.0 wa,  0.0 hi,  0.0 si,  0.0 st
KiB Mem : 32843380 total, 16496256 free,   971412 used, 15375712 buff/cache
--
  PID USER      PR  NI    VIRT    RES    SHR S %CPU %MEM     TIME+ COMMAND
11942 freshman  20   0  663896 657404   3028 R 12.6  2.0   0:39.64 perlbench_b+

top - 17:58:58 up 11 days,  5:03,  6 users,  load average: 0.98, 0.49, 0.20
Tasks: 198 total,   2 running, 121 sleeping,   0 stopped,   0 zombie
%Cpu(s): 12.6 us,  0.0 sy,  0.0 ni, 87.4 id,  0.0 wa,  0.0 hi,  0.0 si,  0.0 st
KiB Mem : 32843380 total, 16496132 free,   971520 used, 15375728 buff/cache
--
  PID USER      PR  NI    VIRT    RES    SHR S %CPU %MEM     TIME+ COMMAND
11942 freshman  20   0  663896 657404   3028 R 12.4  2.0   0:40.64 perlbench_b+

top - 17:58:59 up 11 days,  5:03,  6 users,  load average: 0.98, 0.49, 0.20
Tasks: 198 total,   2 running, 121 sleeping,   0 stopped,   0 zombie
%Cpu(s): 12.4 us,  0.1 sy,  0.0 ni, 87.4 id,  0.0 wa,  0.0 hi,  0.0 si,  0.0 st
KiB Mem : 32843380 total, 16496132 free,   971520 used, 15375728 buff/cache
--
  PID USER      PR  NI    VIRT    RES    SHR S %CPU %MEM     TIME+ COMMAND
11942 freshman  20   0  663896 657404   3028 R 12.6  2.0   0:41.65 perlbench_b+
11560 freshman  20   0   42788   3996   3368 R  0.1  0.0   0:01.17 top

top - 17:59:00 up 11 days,  5:03,  6 users,  load average: 0.98, 0.50, 0.20
Tasks: 198 total,   2 running, 121 sleeping,   0 stopped,   0 zombie
%Cpu(s): 12.6 us,  0.0 sy,  0.0 ni, 87.4 id,  0.0 wa,  0.0 hi,  0.0 si,  0.0 st
KiB Mem : 32843380 total, 16496132 free,   971520 used, 15375728 buff/cache
--
  PID USER      PR  NI    VIRT    RES    SHR S %CPU %MEM     TIME+ COMMAND
11942 freshman  20   0  663896 657404   3028 R 12.4  2.0   0:42.65 perlbench_b+

top - 17:59:01 up 11 days,  5:03,  6 users,  load average: 0.98, 0.50, 0.20
Tasks: 198 total,   2 running, 121 sleeping,   0 stopped,   0 zombie
%Cpu(s): 12.4 us,  0.1 sy,  0.0 ni, 87.4 id,  0.0 wa,  0.0 hi,  0.0 si,  0.0 st
KiB Mem : 32843380 total, 16496132 free,   971520 used, 15375728 buff/cache
--
  PID USER      PR  NI    VIRT    RES    SHR S %CPU %MEM     TIME+ COMMAND
11942 freshman  20   0  663896 657404   3028 R 12.6  2.0   0:43.66 perlbench_b+
11560 freshman  20   0   42788   3996   3368 R  0.1  0.0   0:01.18 top

top - 17:59:02 up 11 days,  5:03,  6 users,  load average: 0.98, 0.50, 0.20
Tasks: 198 total,   2 running, 121 sleeping,   0 stopped,   0 zombie
%Cpu(s): 12.5 us,  0.0 sy,  0.0 ni, 87.5 id,  0.0 wa,  0.0 hi,  0.0 si,  0.0 st
KiB Mem : 32843380 total, 16496132 free,   971520 used, 15375728 buff/cache
--
  PID USER      PR  NI    VIRT    RES    SHR S %CPU %MEM     TIME+ COMMAND
11942 freshman  20   0  663896 657404   3028 R 12.4  2.0   0:44.66 perlbench_b+
11561 freshman  20   0   13136   1004    908 S  0.1  0.0   0:00.01 grep

top - 17:59:03 up 11 days,  5:03,  6 users,  load average: 0.98, 0.50, 0.20
Tasks: 198 total,   2 running, 121 sleeping,   0 stopped,   0 zombie
%Cpu(s): 12.5 us,  0.0 sy,  0.0 ni, 87.5 id,  0.0 wa,  0.0 hi,  0.0 si,  0.0 st
KiB Mem : 32843380 total, 16496132 free,   971520 used, 15375728 buff/cache
--
  PID USER      PR  NI    VIRT    RES    SHR S %CPU %MEM     TIME+ COMMAND
11942 freshman  20   0  663896 657404   3028 R 12.6  2.0   0:45.67 perlbench_b+

top - 17:59:04 up 11 days,  5:03,  6 users,  load average: 0.98, 0.50, 0.20
Tasks: 198 total,   2 running, 121 sleeping,   0 stopped,   0 zombie
%Cpu(s): 12.5 us,  0.1 sy,  0.0 ni, 87.3 id,  0.0 wa,  0.0 hi,  0.0 si,  0.0 st
KiB Mem : 32843380 total, 16496132 free,   971496 used, 15375752 buff/cache
--
  PID USER      PR  NI    VIRT    RES    SHR S %CPU %MEM     TIME+ COMMAND
11942 freshman  20   0  663896 657404   3028 R 12.4  2.0   0:46.67 perlbench_b+
11560 freshman  20   0   42788   3996   3368 R  0.1  0.0   0:01.19 top

top - 17:59:05 up 11 days,  5:03,  6 users,  load average: 0.98, 0.51, 0.21
Tasks: 198 total,   2 running, 121 sleeping,   0 stopped,   0 zombie
%Cpu(s): 12.5 us,  0.0 sy,  0.0 ni, 87.5 id,  0.0 wa,  0.0 hi,  0.0 si,  0.0 st
KiB Mem : 32843380 total, 16496132 free,   971496 used, 15375752 buff/cache
--
  PID USER      PR  NI    VIRT    RES    SHR S %CPU %MEM     TIME+ COMMAND
11942 freshman  20   0  663896 657404   3028 R 12.5  2.0   0:47.67 perlbench_b+
11560 freshman  20   0   42788   3996   3368 R  0.1  0.0   0:01.20 top

top - 17:59:06 up 11 days,  5:03,  6 users,  load average: 0.98, 0.51, 0.21
Tasks: 198 total,   2 running, 121 sleeping,   0 stopped,   0 zombie
%Cpu(s): 12.4 us,  0.1 sy,  0.0 ni, 87.4 id,  0.0 wa,  0.0 hi,  0.0 si,  0.0 st
KiB Mem : 32843380 total, 16496132 free,   971496 used, 15375752 buff/cache
--
  PID USER      PR  NI    VIRT    RES    SHR S %CPU %MEM     TIME+ COMMAND
11942 freshman  20   0  671980 665588   3028 R 12.5  2.0   0:48.68 perlbench_b+

top - 17:59:07 up 11 days,  5:03,  6 users,  load average: 0.98, 0.51, 0.21
Tasks: 198 total,   2 running, 121 sleeping,   0 stopped,   0 zombie
%Cpu(s): 12.6 us,  0.0 sy,  0.0 ni, 87.4 id,  0.0 wa,  0.0 hi,  0.0 si,  0.0 st
KiB Mem : 32843380 total, 16492288 free,   975340 used, 15375752 buff/cache
--
  PID USER      PR  NI    VIRT    RES    SHR S %CPU %MEM     TIME+ COMMAND
11942 freshman  20   0  666880 660704   3028 R 12.5  2.0   0:49.68 perlbench_b+

top - 17:59:08 up 11 days,  5:03,  6 users,  load average: 0.98, 0.51, 0.21
Tasks: 198 total,   2 running, 121 sleeping,   0 stopped,   0 zombie
%Cpu(s): 12.4 us,  0.1 sy,  0.0 ni, 87.5 id,  0.0 wa,  0.0 hi,  0.0 si,  0.0 st
KiB Mem : 32843380 total, 16492288 free,   975340 used, 15375752 buff/cache
--
  PID USER      PR  NI    VIRT    RES    SHR S %CPU %MEM     TIME+ COMMAND
11942 freshman  20   0  666880 660704   3028 R 12.5  2.0   0:50.69 perlbench_b+
11560 freshman  20   0   42788   3996   3368 R  0.1  0.0   0:01.21 top

top - 17:59:09 up 11 days,  5:03,  6 users,  load average: 0.98, 0.51, 0.21
Tasks: 198 total,   2 running, 121 sleeping,   0 stopped,   0 zombie
%Cpu(s): 12.4 us,  0.1 sy,  0.0 ni, 87.4 id,  0.0 wa,  0.0 hi,  0.0 si,  0.0 st
KiB Mem : 32843380 total, 16492288 free,   975340 used, 15375752 buff/cache
--
  PID USER      PR  NI    VIRT    RES    SHR S %CPU %MEM     TIME+ COMMAND
11942 freshman  20   0  666880 660704   3028 R 12.5  2.0   0:51.69 perlbench_b+

top - 17:59:10 up 11 days,  5:03,  6 users,  load average: 0.98, 0.52, 0.21
Tasks: 198 total,   2 running, 121 sleeping,   0 stopped,   0 zombie
%Cpu(s): 12.6 us,  0.0 sy,  0.0 ni, 87.4 id,  0.0 wa,  0.0 hi,  0.0 si,  0.0 st
KiB Mem : 32843380 total, 16492536 free,   975064 used, 15375780 buff/cache
--
  PID USER      PR  NI    VIRT    RES    SHR S %CPU %MEM     TIME+ COMMAND
11942 freshman  20   0  666880 660704   3028 R 12.5  2.0   0:52.70 perlbench_b+

top - 17:59:11 up 11 days,  5:03,  6 users,  load average: 0.98, 0.52, 0.21
Tasks: 198 total,   2 running, 121 sleeping,   0 stopped,   0 zombie
%Cpu(s): 12.5 us,  0.0 sy,  0.0 ni, 87.5 id,  0.0 wa,  0.0 hi,  0.0 si,  0.0 st
KiB Mem : 32843380 total, 16492536 free,   975064 used, 15375780 buff/cache
--
  PID USER      PR  NI    VIRT    RES    SHR S %CPU %MEM     TIME+ COMMAND
11942 freshman  20   0  666880 660704   3028 R 12.5  2.0   0:53.70 perlbench_b+
11560 freshman  20   0   42788   3996   3368 R  0.1  0.0   0:01.22 top

top - 17:59:12 up 11 days,  5:03,  6 users,  load average: 0.98, 0.52, 0.21
Tasks: 198 total,   2 running, 121 sleeping,   0 stopped,   0 zombie
%Cpu(s): 12.5 us,  0.1 sy,  0.0 ni, 87.3 id,  0.0 wa,  0.0 hi,  0.0 si,  0.0 st
KiB Mem : 32843380 total, 16492536 free,   975064 used, 15375780 buff/cache
--
  PID USER      PR  NI    VIRT    RES    SHR S %CPU %MEM     TIME+ COMMAND
11942 freshman  20   0  666880 660704   3028 R 12.5  2.0   0:54.71 perlbench_b+

top - 17:59:13 up 11 days,  5:03,  6 users,  load average: 0.98, 0.52, 0.21
Tasks: 198 total,   2 running, 121 sleeping,   0 stopped,   0 zombie
%Cpu(s): 12.5 us,  0.0 sy,  0.0 ni, 87.5 id,  0.0 wa,  0.0 hi,  0.0 si,  0.0 st
KiB Mem : 32843380 total, 16492576 free,   975004 used, 15375800 buff/cache
--
  PID USER      PR  NI    VIRT    RES    SHR S %CPU %MEM     TIME+ COMMAND
11942 freshman  20   0  666880 660704   3028 R 12.5  2.0   0:55.71 perlbench_b+
11560 freshman  20   0   42788   3996   3368 R  0.1  0.0   0:01.23 top

top - 17:59:14 up 11 days,  5:03,  6 users,  load average: 0.98, 0.52, 0.21
Tasks: 198 total,   2 running, 121 sleeping,   0 stopped,   0 zombie
%Cpu(s): 12.7 us,  0.0 sy,  0.0 ni, 87.3 id,  0.0 wa,  0.0 hi,  0.0 si,  0.0 st
KiB Mem : 32843380 total, 16492576 free,   975004 used, 15375800 buff/cache
--
  PID USER      PR  NI    VIRT    RES    SHR S %CPU %MEM     TIME+ COMMAND
11942 freshman  20   0  666880 660704   3028 R 12.5  2.0   0:56.72 perlbench_b+
11560 freshman  20   0   42788   3996   3368 R  0.1  0.0   0:01.24 top

top - 17:59:15 up 11 days,  5:03,  6 users,  load average: 0.99, 0.53, 0.22
Tasks: 198 total,   2 running, 121 sleeping,   0 stopped,   0 zombie
%Cpu(s): 12.4 us,  0.1 sy,  0.0 ni, 87.4 id,  0.0 wa,  0.0 hi,  0.0 si,  0.0 st
KiB Mem : 32843380 total, 16492576 free,   975004 used, 15375800 buff/cache
--
  PID USER      PR  NI    VIRT    RES    SHR S %CPU %MEM     TIME+ COMMAND
11942 freshman  20   0  666880 660704   3028 R 12.5  2.0   0:57.73 perlbench_b+

top - 17:59:16 up 11 days,  5:04,  6 users,  load average: 0.99, 0.53, 0.22
Tasks: 198 total,   2 running, 121 sleeping,   0 stopped,   0 zombie
%Cpu(s): 12.5 us,  0.0 sy,  0.0 ni, 87.5 id,  0.0 wa,  0.0 hi,  0.0 si,  0.0 st
KiB Mem : 32843380 total, 16492536 free,   975044 used, 15375800 buff/cache
--
  PID USER      PR  NI    VIRT    RES    SHR S %CPU %MEM     TIME+ COMMAND
11942 freshman  20   0  666880 660704   3028 R 12.5  2.0   0:58.73 perlbench_b+

top - 17:59:17 up 11 days,  5:04,  6 users,  load average: 0.99, 0.53, 0.22
Tasks: 198 total,   2 running, 121 sleeping,   0 stopped,   0 zombie
%Cpu(s): 12.6 us,  0.0 sy,  0.0 ni, 87.4 id,  0.0 wa,  0.0 hi,  0.0 si,  0.0 st
KiB Mem : 32843380 total, 16492536 free,   975044 used, 15375800 buff/cache
--
  PID USER      PR  NI    VIRT    RES    SHR S %CPU %MEM     TIME+ COMMAND
11942 freshman  20   0  666880 660704   3028 R 12.5  2.0   0:59.74 perlbench_b+

top - 17:59:18 up 11 days,  5:04,  6 users,  load average: 0.99, 0.53, 0.22
Tasks: 198 total,   2 running, 121 sleeping,   0 stopped,   0 zombie
%Cpu(s): 12.5 us,  0.1 sy,  0.0 ni, 87.3 id,  0.0 wa,  0.0 hi,  0.0 si,  0.0 st
KiB Mem : 32843380 total, 16492536 free,   975044 used, 15375800 buff/cache
--
  PID USER      PR  NI    VIRT    RES    SHR S %CPU %MEM     TIME+ COMMAND
11942 freshman  20   0  666880 660704   3028 R 12.6  2.0   1:00.75 perlbench_b+
11560 freshman  20   0   42788   3996   3368 R  0.1  0.0   0:01.25 top

top - 17:59:19 up 11 days,  5:04,  6 users,  load average: 0.99, 0.53, 0.22
Tasks: 198 total,   2 running, 121 sleeping,   0 stopped,   0 zombie
%Cpu(s): 12.5 us,  0.0 sy,  0.0 ni, 87.5 id,  0.0 wa,  0.0 hi,  0.0 si,  0.0 st
KiB Mem : 32843380 total, 16492576 free,   974980 used, 15375824 buff/cache
--
  PID USER      PR  NI    VIRT    RES    SHR S %CPU %MEM     TIME+ COMMAND
11942 freshman  20   0  666880 660704   3028 R 12.4  2.0   1:01.75 perlbench_b+

top - 17:59:20 up 11 days,  5:04,  6 users,  load average: 0.91, 0.52, 0.21
Tasks: 195 total,   1 running, 119 sleeping,   0 stopped,   0 zombie
%Cpu(s):  0.7 us,  0.2 sy,  0.0 ni, 99.0 id,  0.0 wa,  0.0 hi,  0.0 si,  0.0 st
KiB Mem : 32843380 total, 16492576 free,   974980 used, 15375824 buff/cache
--
  PID USER      PR  NI    VIRT    RES    SHR S %CPU %MEM     TIME+ COMMAND

top - 17:59:21 up 11 days,  5:04,  6 users,  load average: 0.91, 0.52, 0.21
Tasks: 195 total,   1 running, 119 sleeping,   0 stopped,   0 zombie
%Cpu(s):  0.1 us,  0.0 sy,  0.0 ni, 99.9 id,  0.0 wa,  0.0 hi,  0.0 si,  0.0 st
KiB Mem : 32843380 total, 16492576 free,   974980 used, 15375824 buff/cache
--
  PID USER      PR  NI    VIRT    RES    SHR S %CPU %MEM     TIME+ COMMAND
11560 freshman  20   0   42788   3996   3368 R  0.1  0.0   0:01.26 top

top - 17:59:22 up 11 days,  5:04,  6 users,  load average: 0.91, 0.52, 0.21
Tasks: 195 total,   1 running, 119 sleeping,   0 stopped,   0 zombie
%Cpu(s):  0.0 us,  0.0 sy,  0.0 ni, 99.9 id,  0.1 wa,  0.0 hi,  0.0 si,  0.0 st
KiB Mem : 32843380 total, 17151480 free,   316060 used, 15375840 buff/cache
--
  PID USER      PR  NI    VIRT    RES    SHR S %CPU %MEM     TIME+ COMMAND
11560 freshman  20   0   42788   3996   3368 R  0.1  0.0   0:01.27 top

top - 17:59:23 up 11 days,  5:04,  6 users,  load average: 0.91, 0.52, 0.21
Tasks: 195 total,   1 running, 119 sleeping,   0 stopped,   0 zombie
%Cpu(s):  0.1 us,  0.0 sy,  0.0 ni, 99.9 id,  0.0 wa,  0.0 hi,  0.0 si,  0.0 st
KiB Mem : 32843380 total, 17151480 free,   316060 used, 15375840 buff/cache
--
  PID USER      PR  NI    VIRT    RES    SHR S %CPU %MEM     TIME+ COMMAND
 1020 root      20   0  178600   9400   8600 S  0.1  0.0   1:09.85 thermald
11560 freshman  20   0   42788   3996   3368 R  0.1  0.0   0:01.28 top

top - 17:59:24 up 11 days,  5:04,  6 users,  load average: 0.91, 0.52, 0.21
Tasks: 195 total,   1 running, 119 sleeping,   0 stopped,   0 zombie
%Cpu(s):  0.0 us,  0.1 sy,  0.0 ni, 99.9 id,  0.0 wa,  0.0 hi,  0.0 si,  0.0 st
KiB Mem : 32843380 total, 17151480 free,   316060 used, 15375840 buff/cache
--
  PID USER      PR  NI    VIRT    RES    SHR S %CPU %MEM     TIME+ COMMAND

top - 17:59:25 up 11 days,  5:04,  6 users,  load average: 0.83, 0.51, 0.21
Tasks: 195 total,   1 running, 119 sleeping,   0 stopped,   0 zombie
%Cpu(s):  0.0 us,  0.0 sy,  0.0 ni,100.0 id,  0.0 wa,  0.0 hi,  0.0 si,  0.0 st
KiB Mem : 32843380 total, 17151488 free,   316052 used, 15375840 buff/cache
--
  PID USER      PR  NI    VIRT    RES    SHR S %CPU %MEM     TIME+ COMMAND
11560 freshman  20   0   42788   3996   3368 R  0.1  0.0   0:01.29 top

top - 17:59:26 up 11 days,  5:04,  6 users,  load average: 0.83, 0.51, 0.21
Tasks: 195 total,   1 running, 119 sleeping,   0 stopped,   0 zombie
%Cpu(s):  0.0 us,  0.1 sy,  0.0 ni, 99.9 id,  0.0 wa,  0.0 hi,  0.0 si,  0.0 st
KiB Mem : 32843380 total, 17151488 free,   316052 used, 15375840 buff/cache
--
  PID USER      PR  NI    VIRT    RES    SHR S %CPU %MEM     TIME+ COMMAND
11560 freshman  20   0   42788   3996   3368 R  0.1  0.0   0:01.30 top

top - 17:59:27 up 11 days,  5:04,  6 users,  load average: 0.83, 0.51, 0.21
Tasks: 195 total,   1 running, 119 sleeping,   0 stopped,   0 zombie
%Cpu(s):  0.1 us,  0.0 sy,  0.0 ni, 99.9 id,  0.0 wa,  0.0 hi,  0.0 si,  0.0 st
KiB Mem : 32843380 total, 17151488 free,   316052 used, 15375840 buff/cache
--
  PID USER      PR  NI    VIRT    RES    SHR S %CPU %MEM     TIME+ COMMAND

top - 17:59:28 up 11 days,  5:04,  6 users,  load average: 0.83, 0.51, 0.21
Tasks: 198 total,   2 running, 121 sleeping,   0 stopped,   0 zombie
%Cpu(s):  3.9 us,  2.4 sy,  0.0 ni, 93.8 id,  0.0 wa,  0.0 hi,  0.0 si,  0.0 st
KiB Mem : 32843380 total, 16298308 free,  1169204 used, 15375868 buff/cache
--
  PID USER      PR  NI    VIRT    RES    SHR S %CPU %MEM     TIME+ COMMAND
11954 freshman  20   0  867812 861504   1372 R  2.4  2.6   0:00.19 bzip2_base.+
11573 freshman  20   0   91028  53012   4972 S  0.5  0.2   0:02.43 runspec
11560 freshman  20   0   42788   3996   3368 R  0.1  0.0   0:01.31 top
--
top - 17:59:29 up 11 days,  5:04,  6 users,  load average: 0.83, 0.51, 0.21
Tasks: 198 total,   2 running, 121 sleeping,   0 stopped,   0 zombie
%Cpu(s): 12.5 us,  0.1 sy,  0.0 ni, 87.3 id,  0.0 wa,  0.0 hi,  0.0 si,  0.0 st
KiB Mem : 32843380 total, 16298308 free,  1169204 used, 15375868 buff/cache
--
  PID USER      PR  NI    VIRT    RES    SHR S %CPU %MEM     TIME+ COMMAND
11954 freshman  20   0  872268 865580   1496 R 12.5  2.6   0:01.20 bzip2_base.+
 1028 root      20   0 1894016  27092  14936 S  0.1  0.1   1:32.19 snapd

top - 17:59:30 up 11 days,  5:04,  6 users,  load average: 0.85, 0.52, 0.22
Tasks: 198 total,   2 running, 121 sleeping,   0 stopped,   0 zombie
%Cpu(s): 12.5 us,  0.0 sy,  0.0 ni, 87.4 id,  0.1 wa,  0.0 hi,  0.0 si,  0.0 st
KiB Mem : 32843380 total, 16298308 free,  1169204 used, 15375868 buff/cache
--
  PID USER      PR  NI    VIRT    RES    SHR S %CPU %MEM     TIME+ COMMAND
11954 freshman  20   0  872268 865580   1496 R 12.6  2.6   0:02.21 bzip2_base.+
11560 freshman  20   0   42788   3996   3368 R  0.1  0.0   0:01.32 top

top - 17:59:31 up 11 days,  5:04,  6 users,  load average: 0.85, 0.52, 0.22
Tasks: 198 total,   2 running, 121 sleeping,   0 stopped,   0 zombie
%Cpu(s): 12.7 us,  0.0 sy,  0.0 ni, 87.3 id,  0.0 wa,  0.0 hi,  0.0 si,  0.0 st
KiB Mem : 32843380 total, 16285660 free,  1181816 used, 15375904 buff/cache
--
  PID USER      PR  NI    VIRT    RES    SHR S %CPU %MEM     TIME+ COMMAND
11954 freshman  20   0  872268 865580   1496 R 12.4  2.6   0:03.21 bzip2_base.+
11560 freshman  20   0   42788   3996   3368 R  0.1  0.0   0:01.33 top

top - 17:59:32 up 11 days,  5:04,  6 users,  load average: 0.85, 0.52, 0.22
Tasks: 198 total,   2 running, 121 sleeping,   0 stopped,   0 zombie
%Cpu(s): 12.4 us,  0.1 sy,  0.0 ni, 87.4 id,  0.0 wa,  0.0 hi,  0.0 si,  0.0 st
KiB Mem : 32843380 total, 16285660 free,  1181816 used, 15375904 buff/cache
--
  PID USER      PR  NI    VIRT    RES    SHR S %CPU %MEM     TIME+ COMMAND
11954 freshman  20   0  872268 865580   1496 R 12.6  2.6   0:04.22 bzip2_base.+

top - 17:59:33 up 11 days,  5:04,  6 users,  load average: 0.85, 0.52, 0.22
Tasks: 198 total,   2 running, 121 sleeping,   0 stopped,   0 zombie
%Cpu(s): 12.6 us,  0.0 sy,  0.0 ni, 87.4 id,  0.0 wa,  0.0 hi,  0.0 si,  0.0 st
KiB Mem : 32843380 total, 16285660 free,  1181816 used, 15375904 buff/cache
--
  PID USER      PR  NI    VIRT    RES    SHR S %CPU %MEM     TIME+ COMMAND
11954 freshman  20   0  872268 865580   1496 R 12.4  2.6   0:05.22 bzip2_base.+

top - 17:59:34 up 11 days,  5:04,  6 users,  load average: 0.85, 0.52, 0.22
Tasks: 198 total,   2 running, 121 sleeping,   0 stopped,   0 zombie
%Cpu(s): 12.5 us,  0.0 sy,  0.0 ni, 87.5 id,  0.0 wa,  0.0 hi,  0.0 si,  0.0 st
KiB Mem : 32843380 total, 16285596 free,  1181880 used, 15375904 buff/cache
--
  PID USER      PR  NI    VIRT    RES    SHR S %CPU %MEM     TIME+ COMMAND
11954 freshman  20   0  872268 865580   1496 R 12.6  2.6   0:06.23 bzip2_base.+
    8 root      20   0       0      0      0 I  0.1  0.0   0:19.94 rcu_sched
11560 freshman  20   0   42788   3996   3368 R  0.1  0.0   0:01.34 top
--
top - 17:59:35 up 11 days,  5:04,  6 users,  load average: 0.86, 0.53, 0.22
Tasks: 198 total,   2 running, 121 sleeping,   0 stopped,   0 zombie
%Cpu(s): 12.5 us,  0.1 sy,  0.0 ni, 87.3 id,  0.0 wa,  0.0 hi,  0.0 si,  0.0 st
KiB Mem : 32843380 total, 16285596 free,  1181880 used, 15375904 buff/cache
--
  PID USER      PR  NI    VIRT    RES    SHR S %CPU %MEM     TIME+ COMMAND
11954 freshman  20   0  872268 865580   1496 R 12.5  2.6   0:07.24 bzip2_base.+

top - 17:59:36 up 11 days,  5:04,  6 users,  load average: 0.86, 0.53, 0.22
Tasks: 198 total,   2 running, 121 sleeping,   0 stopped,   0 zombie
%Cpu(s): 12.5 us,  0.0 sy,  0.0 ni, 87.5 id,  0.0 wa,  0.0 hi,  0.0 si,  0.0 st
KiB Mem : 32843380 total, 16285596 free,  1181880 used, 15375904 buff/cache
--
  PID USER      PR  NI    VIRT    RES    SHR S %CPU %MEM     TIME+ COMMAND
11954 freshman  20   0  872268 865580   1496 R 12.5  2.6   0:08.24 bzip2_base.+

top - 17:59:37 up 11 days,  5:04,  6 users,  load average: 0.86, 0.53, 0.22
Tasks: 198 total,   2 running, 121 sleeping,   0 stopped,   0 zombie
%Cpu(s): 12.5 us,  0.0 sy,  0.0 ni, 87.5 id,  0.0 wa,  0.0 hi,  0.0 si,  0.0 st
KiB Mem : 32843380 total, 16285596 free,  1181880 used, 15375904 buff/cache
--
  PID USER      PR  NI    VIRT    RES    SHR S %CPU %MEM     TIME+ COMMAND
11954 freshman  20   0  872268 865580   1496 R 12.4  2.6   0:09.24 bzip2_base.+

top - 17:59:38 up 11 days,  5:04,  6 users,  load average: 0.86, 0.53, 0.22
Tasks: 198 total,   2 running, 121 sleeping,   0 stopped,   0 zombie
%Cpu(s): 12.5 us,  0.1 sy,  0.0 ni, 87.3 id,  0.0 wa,  0.0 hi,  0.0 si,  0.0 st
KiB Mem : 32843380 total, 16285596 free,  1181880 used, 15375904 buff/cache
--
  PID USER      PR  NI    VIRT    RES    SHR S %CPU %MEM     TIME+ COMMAND
11954 freshman  20   0  872268 865580   1496 R 12.6  2.6   0:10.25 bzip2_base.+
11560 freshman  20   0   42788   3996   3368 R  0.2  0.0   0:01.36 top

top - 17:59:39 up 11 days,  5:04,  6 users,  load average: 0.86, 0.53, 0.22
Tasks: 198 total,   2 running, 121 sleeping,   0 stopped,   0 zombie
%Cpu(s): 12.6 us,  0.0 sy,  0.0 ni, 87.4 id,  0.0 wa,  0.0 hi,  0.0 si,  0.0 st
KiB Mem : 32843380 total, 16285596 free,  1181880 used, 15375904 buff/cache
--
  PID USER      PR  NI    VIRT    RES    SHR S %CPU %MEM     TIME+ COMMAND
11954 freshman  20   0  872268 865580   1496 R 12.5  2.6   0:11.26 bzip2_base.+

top - 17:59:40 up 11 days,  5:04,  6 users,  load average: 0.87, 0.53, 0.23
Tasks: 198 total,   2 running, 121 sleeping,   0 stopped,   0 zombie
%Cpu(s): 12.5 us,  0.0 sy,  0.0 ni, 87.5 id,  0.0 wa,  0.0 hi,  0.0 si,  0.0 st
KiB Mem : 32843380 total, 16285660 free,  1181812 used, 15375908 buff/cache
--
  PID USER      PR  NI    VIRT    RES    SHR S %CPU %MEM     TIME+ COMMAND
11954 freshman  20   0  872268 865580   1496 R 12.5  2.6   0:12.26 bzip2_base.+

top - 17:59:41 up 11 days,  5:04,  6 users,  load average: 0.87, 0.53, 0.23
Tasks: 198 total,   2 running, 121 sleeping,   0 stopped,   0 zombie
%Cpu(s): 12.5 us,  0.0 sy,  0.0 ni, 87.5 id,  0.0 wa,  0.0 hi,  0.0 si,  0.0 st
KiB Mem : 32843380 total, 16285660 free,  1181812 used, 15375908 buff/cache
--
  PID USER      PR  NI    VIRT    RES    SHR S %CPU %MEM     TIME+ COMMAND
11954 freshman  20   0  872268 865580   1496 R 12.4  2.6   0:13.26 bzip2_base.+
11560 freshman  20   0   42788   3996   3368 R  0.1  0.0   0:01.37 top

top - 17:59:42 up 11 days,  5:04,  6 users,  load average: 0.87, 0.53, 0.23
Tasks: 198 total,   2 running, 121 sleeping,   0 stopped,   0 zombie
%Cpu(s): 12.6 us,  0.0 sy,  0.0 ni, 87.4 id,  0.0 wa,  0.0 hi,  0.0 si,  0.0 st
KiB Mem : 32843380 total, 16285660 free,  1181812 used, 15375908 buff/cache
--
  PID USER      PR  NI    VIRT    RES    SHR S %CPU %MEM     TIME+ COMMAND
11954 freshman  20   0  872268 865580   1496 R 12.6  2.6   0:14.27 bzip2_base.+

top - 17:59:43 up 11 days,  5:04,  6 users,  load average: 0.87, 0.53, 0.23
Tasks: 198 total,   2 running, 121 sleeping,   0 stopped,   0 zombie
%Cpu(s): 12.4 us,  0.1 sy,  0.0 ni, 87.4 id,  0.0 wa,  0.0 hi,  0.0 si,  0.0 st
KiB Mem : 32843380 total, 16285660 free,  1181804 used, 15375916 buff/cache
--
  PID USER      PR  NI    VIRT    RES    SHR S %CPU %MEM     TIME+ COMMAND
11954 freshman  20   0  872268 865580   1496 R 12.5  2.6   0:15.28 bzip2_base.+

top - 17:59:44 up 11 days,  5:04,  6 users,  load average: 0.87, 0.53, 0.23
Tasks: 198 total,   2 running, 121 sleeping,   0 stopped,   0 zombie
%Cpu(s): 12.6 us,  0.0 sy,  0.0 ni, 87.4 id,  0.0 wa,  0.0 hi,  0.0 si,  0.0 st
KiB Mem : 32843380 total, 16285660 free,  1181804 used, 15375916 buff/cache
--
  PID USER      PR  NI    VIRT    RES    SHR S %CPU %MEM     TIME+ COMMAND
11954 freshman  20   0  872268 866108   1496 R 12.4  2.6   0:16.28 bzip2_base.+

top - 17:59:45 up 11 days,  5:04,  6 users,  load average: 0.88, 0.54, 0.23
Tasks: 198 total,   2 running, 121 sleeping,   0 stopped,   0 zombie
%Cpu(s): 12.6 us,  0.0 sy,  0.0 ni, 87.4 id,  0.0 wa,  0.0 hi,  0.0 si,  0.0 st
KiB Mem : 32843380 total, 16285660 free,  1181804 used, 15375916 buff/cache
--
  PID USER      PR  NI    VIRT    RES    SHR S %CPU %MEM     TIME+ COMMAND
11954 freshman  20   0  870120 863924   1496 R 12.6  2.6   0:17.29 bzip2_base.+
11560 freshman  20   0   42788   3996   3368 R  0.1  0.0   0:01.38 top

top - 17:59:46 up 11 days,  5:04,  6 users,  load average: 0.88, 0.54, 0.23
Tasks: 198 total,   2 running, 121 sleeping,   0 stopped,   0 zombie
%Cpu(s): 12.4 us,  0.1 sy,  0.0 ni, 87.5 id,  0.0 wa,  0.0 hi,  0.0 si,  0.0 st
KiB Mem : 32843380 total, 16287332 free,  1180128 used, 15375920 buff/cache
--
  PID USER      PR  NI    VIRT    RES    SHR S %CPU %MEM     TIME+ COMMAND
11954 freshman  20   0  870120 863924   1496 R 12.4  2.6   0:18.29 bzip2_base.+
11560 freshman  20   0   42788   3996   3368 R  0.1  0.0   0:01.39 top

top - 17:59:47 up 11 days,  5:04,  6 users,  load average: 0.88, 0.54, 0.23
Tasks: 198 total,   2 running, 121 sleeping,   0 stopped,   0 zombie
%Cpu(s): 12.7 us,  0.0 sy,  0.0 ni, 87.3 id,  0.0 wa,  0.0 hi,  0.0 si,  0.0 st
KiB Mem : 32843380 total, 16287332 free,  1180128 used, 15375920 buff/cache
--
  PID USER      PR  NI    VIRT    RES    SHR S %CPU %MEM     TIME+ COMMAND
11954 freshman  20   0  870120 863924   1496 R 12.6  2.6   0:19.30 bzip2_base.+

top - 17:59:48 up 11 days,  5:04,  6 users,  load average: 0.88, 0.54, 0.23
Tasks: 198 total,   2 running, 121 sleeping,   0 stopped,   0 zombie
%Cpu(s): 12.5 us,  0.0 sy,  0.0 ni, 87.5 id,  0.0 wa,  0.0 hi,  0.0 si,  0.0 st
KiB Mem : 32843380 total, 16287332 free,  1180128 used, 15375920 buff/cache
--
  PID USER      PR  NI    VIRT    RES    SHR S %CPU %MEM     TIME+ COMMAND
11954 freshman  20   0  870120 863924   1496 R 12.4  2.6   0:20.30 bzip2_base.+

top - 17:59:49 up 11 days,  5:04,  6 users,  load average: 0.88, 0.54, 0.23
Tasks: 198 total,   2 running, 121 sleeping,   0 stopped,   0 zombie
%Cpu(s): 12.5 us,  0.0 sy,  0.0 ni, 87.5 id,  0.0 wa,  0.0 hi,  0.0 si,  0.0 st
KiB Mem : 32843380 total, 16287332 free,  1180128 used, 15375920 buff/cache
--
  PID USER      PR  NI    VIRT    RES    SHR S %CPU %MEM     TIME+ COMMAND
11954 freshman  20   0  870120 863924   1496 R 12.6  2.6   0:21.31 bzip2_base.+
11560 freshman  20   0   42788   3996   3368 R  0.1  0.0   0:01.40 top

top - 17:59:50 up 11 days,  5:04,  6 users,  load average: 0.89, 0.55, 0.23
Tasks: 198 total,   2 running, 121 sleeping,   0 stopped,   0 zombie
%Cpu(s): 12.5 us,  0.1 sy,  0.0 ni, 87.3 id,  0.0 wa,  0.0 hi,  0.0 si,  0.0 st
KiB Mem : 32843380 total, 16287332 free,  1180128 used, 15375920 buff/cache
--
  PID USER      PR  NI    VIRT    RES    SHR S %CPU %MEM     TIME+ COMMAND
11954 freshman  20   0  870120 863924   1496 R 12.4  2.6   0:22.31 bzip2_base.+

top - 17:59:51 up 11 days,  5:04,  6 users,  load average: 0.89, 0.55, 0.23
Tasks: 198 total,   2 running, 121 sleeping,   0 stopped,   0 zombie
%Cpu(s): 12.6 us,  0.0 sy,  0.0 ni, 87.4 id,  0.0 wa,  0.0 hi,  0.0 si,  0.0 st
KiB Mem : 32843380 total, 16287332 free,  1180128 used, 15375920 buff/cache
--
  PID USER      PR  NI    VIRT    RES    SHR S %CPU %MEM     TIME+ COMMAND
11954 freshman  20   0  875592 868676   1496 R 12.6  2.6   0:23.32 bzip2_base.+

top - 17:59:52 up 11 days,  5:04,  6 users,  load average: 0.89, 0.55, 0.23
Tasks: 198 total,   2 running, 121 sleeping,   0 stopped,   0 zombie
%Cpu(s): 12.4 us,  0.1 sy,  0.0 ni, 87.4 id,  0.0 wa,  0.0 hi,  0.0 si,  0.0 st
KiB Mem : 32843380 total, 16282124 free,  1185328 used, 15375928 buff/cache
--
  PID USER      PR  NI    VIRT    RES    SHR S %CPU %MEM     TIME+ COMMAND
11954 freshman  20   0  875592 869468   1496 R 12.4  2.6   0:24.32 bzip2_base.+
11560 freshman  20   0   42788   3996   3368 R  0.1  0.0   0:01.41 top

top - 17:59:53 up 11 days,  5:04,  6 users,  load average: 0.89, 0.55, 0.23
Tasks: 198 total,   2 running, 121 sleeping,   0 stopped,   0 zombie
%Cpu(s): 12.4 us,  0.0 sy,  0.0 ni, 87.6 id,  0.0 wa,  0.0 hi,  0.0 si,  0.0 st
KiB Mem : 32843380 total, 16282124 free,  1185328 used, 15375928 buff/cache
--
  PID USER      PR  NI    VIRT    RES    SHR S %CPU %MEM     TIME+ COMMAND
11954 freshman  20   0  875592 869468   1496 R 12.6  2.6   0:25.33 bzip2_base.+

top - 17:59:54 up 11 days,  5:04,  6 users,  load average: 0.89, 0.55, 0.23
Tasks: 198 total,   2 running, 121 sleeping,   0 stopped,   0 zombie
%Cpu(s): 12.6 us,  0.0 sy,  0.0 ni, 87.4 id,  0.0 wa,  0.0 hi,  0.0 si,  0.0 st
KiB Mem : 32843380 total, 16282124 free,  1185328 used, 15375928 buff/cache
--
  PID USER      PR  NI    VIRT    RES    SHR S %CPU %MEM     TIME+ COMMAND
11954 freshman  20   0  875592 869468   1496 R 12.4  2.6   0:26.33 bzip2_base.+
11560 freshman  20   0   42788   3996   3368 R  0.1  0.0   0:01.42 top

top - 17:59:55 up 11 days,  5:04,  6 users,  load average: 0.90, 0.56, 0.24
Tasks: 198 total,   2 running, 121 sleeping,   0 stopped,   0 zombie
%Cpu(s): 12.6 us,  0.0 sy,  0.0 ni, 87.4 id,  0.0 wa,  0.0 hi,  0.0 si,  0.0 st
KiB Mem : 32843380 total, 16281940 free,  1185508 used, 15375932 buff/cache
--
  PID USER      PR  NI    VIRT    RES    SHR S %CPU %MEM     TIME+ COMMAND
11954 freshman  20   0  875592 869468   1496 R 12.6  2.6   0:27.34 bzip2_base.+
11560 freshman  20   0   42788   3996   3368 R  0.1  0.0   0:01.43 top

top - 17:59:56 up 11 days,  5:04,  6 users,  load average: 0.90, 0.56, 0.24
Tasks: 198 total,   2 running, 121 sleeping,   0 stopped,   0 zombie
%Cpu(s): 12.4 us,  0.1 sy,  0.0 ni, 87.4 id,  0.0 wa,  0.0 hi,  0.0 si,  0.0 st
KiB Mem : 32843380 total, 16281940 free,  1185508 used, 15375932 buff/cache
--
  PID USER      PR  NI    VIRT    RES    SHR S %CPU %MEM     TIME+ COMMAND
11954 freshman  20   0  875592 869468   1496 R 12.4  2.6   0:28.34 bzip2_base.+

top - 17:59:57 up 11 days,  5:04,  6 users,  load average: 0.90, 0.56, 0.24
Tasks: 198 total,   2 running, 121 sleeping,   0 stopped,   0 zombie
%Cpu(s): 12.6 us,  0.0 sy,  0.0 ni, 87.4 id,  0.0 wa,  0.0 hi,  0.0 si,  0.0 st
KiB Mem : 32843380 total, 16281940 free,  1185508 used, 15375932 buff/cache
--
  PID USER      PR  NI    VIRT    RES    SHR S %CPU %MEM     TIME+ COMMAND
11954 freshman  20   0  875592 869468   1496 R 12.6  2.6   0:29.35 bzip2_base.+
11560 freshman  20   0   42788   3996   3368 R  0.1  0.0   0:01.44 top

top - 17:59:58 up 11 days,  5:04,  6 users,  load average: 0.90, 0.56, 0.24
Tasks: 198 total,   2 running, 121 sleeping,   0 stopped,   0 zombie
%Cpu(s): 12.5 us,  0.1 sy,  0.0 ni, 87.3 id,  0.0 wa,  0.0 hi,  0.0 si,  0.0 st
KiB Mem : 32843380 total, 16281752 free,  1185688 used, 15375940 buff/cache
--
  PID USER      PR  NI    VIRT    RES    SHR S %CPU %MEM     TIME+ COMMAND
11954 freshman  20   0  875592 869468   1496 R 12.5  2.6   0:30.36 bzip2_base.+

top - 17:59:59 up 11 days,  5:04,  6 users,  load average: 0.90, 0.56, 0.24
Tasks: 198 total,   2 running, 121 sleeping,   0 stopped,   0 zombie
%Cpu(s): 12.4 us,  0.0 sy,  0.0 ni, 87.6 id,  0.0 wa,  0.0 hi,  0.0 si,  0.0 st
KiB Mem : 32843380 total, 16281752 free,  1185688 used, 15375940 buff/cache
--
  PID USER      PR  NI    VIRT    RES    SHR S %CPU %MEM     TIME+ COMMAND
11954 freshman  20   0  875592 869468   1496 R 12.5  2.6   0:31.36 bzip2_base.+

top - 18:00:00 up 11 days,  5:04,  6 users,  load average: 0.91, 0.57, 0.24
Tasks: 198 total,   2 running, 121 sleeping,   0 stopped,   0 zombie
%Cpu(s): 12.6 us,  0.0 sy,  0.0 ni, 87.4 id,  0.0 wa,  0.0 hi,  0.0 si,  0.0 st
KiB Mem : 32843380 total, 16281752 free,  1185688 used, 15375940 buff/cache
--
  PID USER      PR  NI    VIRT    RES    SHR S %CPU %MEM     TIME+ COMMAND
11954 freshman  20   0  875592 869468   1496 R 12.4  2.6   0:32.36 bzip2_base.+
11560 freshman  20   0   42788   3996   3368 R  0.1  0.0   0:01.45 top

top - 18:00:01 up 11 days,  5:04,  6 users,  load average: 0.91, 0.57, 0.24
Tasks: 198 total,   2 running, 121 sleeping,   0 stopped,   0 zombie
%Cpu(s): 12.5 us,  0.1 sy,  0.0 ni, 87.3 id,  0.0 wa,  0.0 hi,  0.0 si,  0.0 st
KiB Mem : 32843380 total, 16281816 free,  1185624 used, 15375940 buff/cache
--
  PID USER      PR  NI    VIRT    RES    SHR S %CPU %MEM     TIME+ COMMAND
11954 freshman  20   0  875592 869468   1496 R 12.6  2.6   0:33.37 bzip2_base.+

top - 18:00:02 up 11 days,  5:04,  6 users,  load average: 0.91, 0.57, 0.24
Tasks: 198 total,   2 running, 121 sleeping,   0 stopped,   0 zombie
%Cpu(s): 12.5 us,  0.0 sy,  0.0 ni, 87.5 id,  0.0 wa,  0.0 hi,  0.0 si,  0.0 st
KiB Mem : 32843380 total, 16281816 free,  1185624 used, 15375940 buff/cache
--
  PID USER      PR  NI    VIRT    RES    SHR S %CPU %MEM     TIME+ COMMAND
11954 freshman  20   0  875592 869468   1496 R 12.5  2.6   0:34.38 bzip2_base.+

top - 18:00:03 up 11 days,  5:04,  6 users,  load average: 0.91, 0.57, 0.24
Tasks: 198 total,   2 running, 121 sleeping,   0 stopped,   0 zombie
%Cpu(s): 12.5 us,  0.1 sy,  0.0 ni, 87.3 id,  0.0 wa,  0.0 hi,  0.0 si,  0.0 st
KiB Mem : 32843380 total, 16281816 free,  1185624 used, 15375940 buff/cache
--
  PID USER      PR  NI    VIRT    RES    SHR S %CPU %MEM     TIME+ COMMAND
11954 freshman  20   0  875592 869468   1496 R 12.4  2.6   0:35.38 bzip2_base.+
11560 freshman  20   0   42788   3996   3368 R  0.1  0.0   0:01.46 top

top - 18:00:04 up 11 days,  5:04,  6 users,  load average: 0.91, 0.57, 0.24
Tasks: 198 total,   2 running, 121 sleeping,   0 stopped,   0 zombie
%Cpu(s): 12.5 us,  0.0 sy,  0.0 ni, 87.5 id,  0.0 wa,  0.0 hi,  0.0 si,  0.0 st
KiB Mem : 32843380 total, 16281808 free,  1185628 used, 15375944 buff/cache
--
  PID USER      PR  NI    VIRT    RES    SHR S %CPU %MEM     TIME+ COMMAND
11954 freshman  20   0  875592 869468   1496 R 12.6  2.6   0:36.39 bzip2_base.+

top - 18:00:05 up 11 days,  5:04,  6 users,  load average: 0.92, 0.57, 0.25
Tasks: 198 total,   2 running, 121 sleeping,   0 stopped,   0 zombie
%Cpu(s): 12.5 us,  0.0 sy,  0.0 ni, 87.5 id,  0.0 wa,  0.0 hi,  0.0 si,  0.0 st
KiB Mem : 32843380 total, 16281808 free,  1185628 used, 15375944 buff/cache
--
  PID USER      PR  NI    VIRT    RES    SHR S %CPU %MEM     TIME+ COMMAND
11954 freshman  20   0  875592 869468   1496 R 12.4  2.6   0:37.39 bzip2_base.+

top - 18:00:06 up 11 days,  5:04,  6 users,  load average: 0.92, 0.57, 0.25
Tasks: 198 total,   2 running, 121 sleeping,   0 stopped,   0 zombie
%Cpu(s): 12.4 us,  0.1 sy,  0.0 ni, 87.3 id,  0.1 wa,  0.0 hi,  0.0 si,  0.0 st
KiB Mem : 32843380 total, 16281808 free,  1185628 used, 15375944 buff/cache
--
  PID USER      PR  NI    VIRT    RES    SHR S %CPU %MEM     TIME+ COMMAND
11954 freshman  20   0  875592 869468   1496 R 12.6  2.6   0:38.40 bzip2_base.+
11560 freshman  20   0   42788   3996   3368 R  0.1  0.0   0:01.47 top

top - 18:00:07 up 11 days,  5:04,  6 users,  load average: 0.92, 0.57, 0.25
Tasks: 198 total,   2 running, 121 sleeping,   0 stopped,   0 zombie
%Cpu(s): 12.5 us,  0.0 sy,  0.0 ni, 87.5 id,  0.0 wa,  0.0 hi,  0.0 si,  0.0 st
KiB Mem : 32843380 total, 16281816 free,  1185612 used, 15375952 buff/cache
--
  PID USER      PR  NI    VIRT    RES    SHR S %CPU %MEM     TIME+ COMMAND
11954 freshman  20   0  875592 869468   1496 R 12.4  2.6   0:39.40 bzip2_base.+

top - 18:00:08 up 11 days,  5:04,  6 users,  load average: 0.92, 0.57, 0.25
Tasks: 198 total,   2 running, 121 sleeping,   0 stopped,   0 zombie
%Cpu(s): 12.4 us,  0.1 sy,  0.0 ni, 87.4 id,  0.0 wa,  0.0 hi,  0.0 si,  0.0 st
KiB Mem : 32843380 total, 16281816 free,  1185612 used, 15375952 buff/cache
--
  PID USER      PR  NI    VIRT    RES    SHR S %CPU %MEM     TIME+ COMMAND
11954 freshman  20   0  870900 864580   1496 R 12.6  2.6   0:40.41 bzip2_base.+
11560 freshman  20   0   42788   3996   3368 R  0.1  0.0   0:01.48 top

top - 18:00:09 up 11 days,  5:04,  6 users,  load average: 0.92, 0.57, 0.25
Tasks: 198 total,   2 running, 121 sleeping,   0 stopped,   0 zombie
%Cpu(s): 12.6 us,  0.0 sy,  0.0 ni, 87.4 id,  0.0 wa,  0.0 hi,  0.0 si,  0.0 st
KiB Mem : 32843380 total, 16281816 free,  1185612 used, 15375952 buff/cache
--
  PID USER      PR  NI    VIRT    RES    SHR S %CPU %MEM     TIME+ COMMAND
11954 freshman  20   0  870900 864580   1496 R 12.4  2.6   0:41.41 bzip2_base.+

top - 18:00:10 up 11 days,  5:04,  6 users,  load average: 0.92, 0.58, 0.25
Tasks: 198 total,   2 running, 121 sleeping,   0 stopped,   0 zombie
%Cpu(s): 12.6 us,  0.0 sy,  0.0 ni, 87.4 id,  0.0 wa,  0.0 hi,  0.0 si,  0.0 st
KiB Mem : 32843380 total, 16286520 free,  1180904 used, 15375956 buff/cache
--
  PID USER      PR  NI    VIRT    RES    SHR S %CPU %MEM     TIME+ COMMAND
11954 freshman  20   0  870900 864580   1496 R 12.6  2.6   0:42.42 bzip2_base.+
11560 freshman  20   0   42788   3996   3368 R  0.1  0.0   0:01.49 top

top - 18:00:11 up 11 days,  5:04,  6 users,  load average: 0.92, 0.58, 0.25
Tasks: 198 total,   2 running, 121 sleeping,   0 stopped,   0 zombie
%Cpu(s): 12.5 us,  0.0 sy,  0.0 ni, 87.5 id,  0.0 wa,  0.0 hi,  0.0 si,  0.0 st
KiB Mem : 32843380 total, 16286520 free,  1180904 used, 15375956 buff/cache
--
  PID USER      PR  NI    VIRT    RES    SHR S %CPU %MEM     TIME+ COMMAND
11954 freshman  20   0  870900 864580   1496 R 12.4  2.6   0:43.42 bzip2_base.+
11560 freshman  20   0   42788   3996   3368 R  0.1  0.0   0:01.50 top

top - 18:00:12 up 11 days,  5:04,  6 users,  load average: 0.92, 0.58, 0.25
Tasks: 198 total,   2 running, 121 sleeping,   0 stopped,   0 zombie
%Cpu(s): 12.6 us,  0.0 sy,  0.0 ni, 87.4 id,  0.0 wa,  0.0 hi,  0.0 si,  0.0 st
KiB Mem : 32843380 total, 16286520 free,  1180904 used, 15375956 buff/cache
--
  PID USER      PR  NI    VIRT    RES    SHR S %CPU %MEM     TIME+ COMMAND
11954 freshman  20   0  870900 864580   1496 R 12.6  2.6   0:44.43 bzip2_base.+

top - 18:00:13 up 11 days,  5:04,  6 users,  load average: 0.92, 0.58, 0.25
Tasks: 198 total,   2 running, 121 sleeping,   0 stopped,   0 zombie
%Cpu(s): 12.5 us,  0.0 sy,  0.0 ni, 87.5 id,  0.0 wa,  0.0 hi,  0.0 si,  0.0 st
KiB Mem : 32843380 total, 16280576 free,  1186848 used, 15375956 buff/cache
--
  PID USER      PR  NI    VIRT    RES    SHR S %CPU %MEM     TIME+ COMMAND
11954 freshman  20   0  877932 870916   1496 R 12.4  2.7   0:45.43 bzip2_base.+

top - 18:00:14 up 11 days,  5:04,  6 users,  load average: 0.92, 0.58, 0.25
Tasks: 198 total,   2 running, 121 sleeping,   0 stopped,   0 zombie
%Cpu(s): 12.5 us,  0.1 sy,  0.0 ni, 87.3 id,  0.0 wa,  0.0 hi,  0.0 si,  0.0 st
KiB Mem : 32843380 total, 16280576 free,  1186848 used, 15375956 buff/cache
--
  PID USER      PR  NI    VIRT    RES    SHR S %CPU %MEM     TIME+ COMMAND
11954 freshman  20   0  877932 870916   1496 R 12.6  2.7   0:46.44 bzip2_base.+

top - 18:00:15 up 11 days,  5:05,  6 users,  load average: 0.93, 0.59, 0.26
Tasks: 198 total,   2 running, 121 sleeping,   0 stopped,   0 zombie
%Cpu(s): 12.5 us,  0.0 sy,  0.0 ni, 87.5 id,  0.0 wa,  0.0 hi,  0.0 si,  0.0 st
KiB Mem : 32843380 total, 16280576 free,  1186848 used, 15375956 buff/cache
--
  PID USER      PR  NI    VIRT    RES    SHR S %CPU %MEM     TIME+ COMMAND
11954 freshman  20   0  877932 870916   1496 R 12.4  2.7   0:47.44 bzip2_base.+
11560 freshman  20   0   42788   3996   3368 R  0.1  0.0   0:01.51 top

top - 18:00:16 up 11 days,  5:05,  6 users,  load average: 0.93, 0.59, 0.26
Tasks: 198 total,   2 running, 121 sleeping,   0 stopped,   0 zombie
%Cpu(s): 12.7 us,  0.0 sy,  0.0 ni, 87.3 id,  0.0 wa,  0.0 hi,  0.0 si,  0.0 st
KiB Mem : 32843380 total, 16280328 free,  1187096 used, 15375956 buff/cache
--
  PID USER      PR  NI    VIRT    RES    SHR S %CPU %MEM     TIME+ COMMAND
11954 freshman  20   0  877932 870916   1496 R 12.6  2.7   0:48.45 bzip2_base.+
11560 freshman  20   0   42788   3996   3368 R  0.1  0.0   0:01.52 top

top - 18:00:17 up 11 days,  5:05,  6 users,  load average: 0.93, 0.59, 0.26
Tasks: 198 total,   2 running, 121 sleeping,   0 stopped,   0 zombie
%Cpu(s): 12.5 us,  0.0 sy,  0.0 ni, 87.5 id,  0.0 wa,  0.0 hi,  0.0 si,  0.0 st
KiB Mem : 32843380 total, 16280328 free,  1187096 used, 15375956 buff/cache
--
  PID USER      PR  NI    VIRT    RES    SHR S %CPU %MEM     TIME+ COMMAND
11954 freshman  20   0  877932 870916   1496 R 12.4  2.7   0:49.45 bzip2_base.+

top - 18:00:18 up 11 days,  5:05,  6 users,  load average: 0.93, 0.59, 0.26
Tasks: 198 total,   2 running, 121 sleeping,   0 stopped,   0 zombie
%Cpu(s): 12.5 us,  0.0 sy,  0.0 ni, 87.5 id,  0.0 wa,  0.0 hi,  0.0 si,  0.0 st
KiB Mem : 32843380 total, 16280328 free,  1187096 used, 15375956 buff/cache
--
  PID USER      PR  NI    VIRT    RES    SHR S %CPU %MEM     TIME+ COMMAND
11954 freshman  20   0  877932 870916   1496 R 12.6  2.7   0:50.46 bzip2_base.+
11560 freshman  20   0   42788   3996   3368 R  0.1  0.0   0:01.53 top

top - 18:00:19 up 11 days,  5:05,  6 users,  load average: 0.93, 0.59, 0.26
Tasks: 198 total,   2 running, 121 sleeping,   0 stopped,   0 zombie
%Cpu(s): 12.6 us,  0.0 sy,  0.0 ni, 87.4 id,  0.0 wa,  0.0 hi,  0.0 si,  0.0 st
KiB Mem : 32843380 total, 16280328 free,  1187084 used, 15375968 buff/cache
--
  PID USER      PR  NI    VIRT    RES    SHR S %CPU %MEM     TIME+ COMMAND
11954 freshman  20   0  877932 870916   1496 R 12.4  2.7   0:51.46 bzip2_base.+

top - 18:00:20 up 11 days,  5:05,  6 users,  load average: 0.94, 0.60, 0.26
Tasks: 198 total,   2 running, 121 sleeping,   0 stopped,   0 zombie
%Cpu(s): 12.6 us,  0.0 sy,  0.0 ni, 87.4 id,  0.0 wa,  0.0 hi,  0.0 si,  0.0 st
KiB Mem : 32843380 total, 16280328 free,  1187084 used, 15375968 buff/cache
--
  PID USER      PR  NI    VIRT    RES    SHR S %CPU %MEM     TIME+ COMMAND
11954 freshman  20   0  877932 870916   1496 R 12.6  2.7   0:52.47 bzip2_base.+

top - 18:00:21 up 11 days,  5:05,  6 users,  load average: 0.94, 0.60, 0.26
Tasks: 198 total,   2 running, 121 sleeping,   0 stopped,   0 zombie
%Cpu(s): 12.5 us,  0.1 sy,  0.0 ni, 87.3 id,  0.0 wa,  0.0 hi,  0.0 si,  0.0 st
KiB Mem : 32843380 total, 16280328 free,  1187084 used, 15375968 buff/cache
--
  PID USER      PR  NI    VIRT    RES    SHR S %CPU %MEM     TIME+ COMMAND
11954 freshman  20   0  877932 870916   1496 R 12.4  2.7   0:53.47 bzip2_base.+
11560 freshman  20   0   42788   3996   3368 R  0.1  0.0   0:01.54 top

top - 18:00:22 up 11 days,  5:05,  6 users,  load average: 0.94, 0.60, 0.26
Tasks: 198 total,   2 running, 121 sleeping,   0 stopped,   0 zombie
%Cpu(s): 12.6 us,  0.0 sy,  0.0 ni, 87.4 id,  0.0 wa,  0.0 hi,  0.0 si,  0.0 st
KiB Mem : 32843380 total, 16280320 free,  1187092 used, 15375968 buff/cache
--
  PID USER      PR  NI    VIRT    RES    SHR S %CPU %MEM     TIME+ COMMAND
11954 freshman  20   0  877932 870916   1496 R 12.6  2.7   0:54.48 bzip2_base.+

top - 18:00:23 up 11 days,  5:05,  6 users,  load average: 0.94, 0.60, 0.26
Tasks: 198 total,   2 running, 121 sleeping,   0 stopped,   0 zombie
%Cpu(s): 12.4 us,  0.0 sy,  0.0 ni, 87.6 id,  0.0 wa,  0.0 hi,  0.0 si,  0.0 st
KiB Mem : 32843380 total, 16280320 free,  1187092 used, 15375968 buff/cache
--
  PID USER      PR  NI    VIRT    RES    SHR S %CPU %MEM     TIME+ COMMAND
11954 freshman  20   0  877932 870916   1496 R 12.5  2.7   0:55.49 bzip2_base.+

top - 18:00:24 up 11 days,  5:05,  6 users,  load average: 0.94, 0.60, 0.26
Tasks: 198 total,   2 running, 121 sleeping,   0 stopped,   0 zombie
%Cpu(s): 12.6 us,  0.0 sy,  0.0 ni, 87.4 id,  0.0 wa,  0.0 hi,  0.0 si,  0.0 st
KiB Mem : 32843380 total, 16280320 free,  1187092 used, 15375968 buff/cache
--
  PID USER      PR  NI    VIRT    RES    SHR S %CPU %MEM     TIME+ COMMAND
11954 freshman  20   0  877932 870916   1496 R 12.4  2.7   0:56.49 bzip2_base.+

top - 18:00:25 up 11 days,  5:05,  6 users,  load average: 0.94, 0.60, 0.27
Tasks: 198 total,   2 running, 121 sleeping,   0 stopped,   0 zombie
%Cpu(s): 12.5 us,  0.1 sy,  0.0 ni, 87.3 id,  0.0 wa,  0.0 hi,  0.0 si,  0.0 st
KiB Mem : 32843380 total, 16280328 free,  1187076 used, 15375976 buff/cache
--
  PID USER      PR  NI    VIRT    RES    SHR S %CPU %MEM     TIME+ COMMAND
11954 freshman  20   0  877932 870916   1496 R 12.5  2.7   0:57.49 bzip2_base.+
11560 freshman  20   0   42788   3996   3368 R  0.1  0.0   0:01.55 top

top - 18:00:26 up 11 days,  5:05,  6 users,  load average: 0.94, 0.60, 0.27
Tasks: 198 total,   2 running, 121 sleeping,   0 stopped,   0 zombie
%Cpu(s): 12.6 us,  0.0 sy,  0.0 ni, 87.4 id,  0.0 wa,  0.0 hi,  0.0 si,  0.0 st
KiB Mem : 32843380 total, 16280328 free,  1187076 used, 15375976 buff/cache
--
  PID USER      PR  NI    VIRT    RES    SHR S %CPU %MEM     TIME+ COMMAND
11954 freshman  20   0  877932 870916   1496 R 12.5  2.7   0:58.50 bzip2_base.+
11560 freshman  20   0   42788   3996   3368 R  0.1  0.0   0:01.56 top

top - 18:00:27 up 11 days,  5:05,  6 users,  load average: 0.94, 0.60, 0.27
Tasks: 198 total,   2 running, 121 sleeping,   0 stopped,   0 zombie
%Cpu(s): 12.4 us,  0.1 sy,  0.0 ni, 87.5 id,  0.0 wa,  0.0 hi,  0.0 si,  0.0 st
KiB Mem : 32843380 total, 16280328 free,  1187076 used, 15375976 buff/cache
--
  PID USER      PR  NI    VIRT    RES    SHR S %CPU %MEM     TIME+ COMMAND
11954 freshman  20   0  877932 870916   1496 R 12.6  2.7   0:59.51 bzip2_base.+

top - 18:00:28 up 11 days,  5:05,  6 users,  load average: 0.94, 0.60, 0.27
Tasks: 198 total,   2 running, 121 sleeping,   0 stopped,   0 zombie
%Cpu(s): 12.6 us,  0.0 sy,  0.0 ni, 87.4 id,  0.0 wa,  0.0 hi,  0.0 si,  0.0 st
KiB Mem : 32843380 total, 16280328 free,  1187072 used, 15375980 buff/cache
--
  PID USER      PR  NI    VIRT    RES    SHR S %CPU %MEM     TIME+ COMMAND
11954 freshman  20   0  877932 870916   1496 R 12.4  2.7   1:00.51 bzip2_base.+
11560 freshman  20   0   42788   3996   3368 R  0.1  0.0   0:01.57 top

top - 18:00:29 up 11 days,  5:05,  6 users,  load average: 0.94, 0.60, 0.27
Tasks: 198 total,   2 running, 121 sleeping,   0 stopped,   0 zombie
%Cpu(s): 12.6 us,  0.0 sy,  0.0 ni, 87.4 id,  0.0 wa,  0.0 hi,  0.0 si,  0.0 st
KiB Mem : 32843380 total, 16280328 free,  1187072 used, 15375980 buff/cache
--
  PID USER      PR  NI    VIRT    RES    SHR S %CPU %MEM     TIME+ COMMAND
11954 freshman  20   0  877932 870916   1496 R 12.6  2.7   1:01.52 bzip2_base.+

top - 18:00:30 up 11 days,  5:05,  6 users,  load average: 0.95, 0.61, 0.27
Tasks: 198 total,   2 running, 121 sleeping,   0 stopped,   0 zombie
%Cpu(s): 12.5 us,  0.0 sy,  0.0 ni, 87.5 id,  0.0 wa,  0.0 hi,  0.0 si,  0.0 st
KiB Mem : 32843380 total, 16280328 free,  1187072 used, 15375980 buff/cache
--
  PID USER      PR  NI    VIRT    RES    SHR S %CPU %MEM     TIME+ COMMAND
11954 freshman  20   0  877932 870916   1496 R 12.4  2.7   1:02.52 bzip2_base.+

top - 18:00:31 up 11 days,  5:05,  6 users,  load average: 0.95, 0.61, 0.27
Tasks: 198 total,   2 running, 121 sleeping,   0 stopped,   0 zombie
%Cpu(s): 12.5 us,  0.1 sy,  0.0 ni, 87.2 id,  0.1 wa,  0.0 hi,  0.0 si,  0.0 st
KiB Mem : 32843380 total, 16285876 free,  1181524 used, 15375980 buff/cache
--
  PID USER      PR  NI    VIRT    RES    SHR S %CPU %MEM     TIME+ COMMAND
11954 freshman  20   0  871680 865360   1496 R 12.6  2.6   1:03.53 bzip2_base.+

top - 18:00:32 up 11 days,  5:05,  6 users,  load average: 0.95, 0.61, 0.27
Tasks: 198 total,   2 running, 121 sleeping,   0 stopped,   0 zombie
%Cpu(s): 12.5 us,  0.1 sy,  0.0 ni, 87.3 id,  0.0 wa,  0.0 hi,  0.0 si,  0.0 st
KiB Mem : 32843380 total, 16285876 free,  1181524 used, 15375980 buff/cache
--
  PID USER      PR  NI    VIRT    RES    SHR S %CPU %MEM     TIME+ COMMAND
11954 freshman  20   0  871680 865360   1496 R 12.4  2.6   1:04.53 bzip2_base.+
11560 freshman  20   0   42788   3996   3368 R  0.1  0.0   0:01.58 top
14905 root      20   0       0      0      0 I  0.1  0.0   0:00.31 kworker/3:1
--
top - 18:00:33 up 11 days,  5:05,  6 users,  load average: 0.95, 0.61, 0.27
Tasks: 198 total,   2 running, 121 sleeping,   0 stopped,   0 zombie
%Cpu(s): 12.5 us,  0.0 sy,  0.0 ni, 87.5 id,  0.0 wa,  0.0 hi,  0.0 si,  0.0 st
KiB Mem : 32843380 total, 16285876 free,  1181524 used, 15375980 buff/cache
--
  PID USER      PR  NI    VIRT    RES    SHR S %CPU %MEM     TIME+ COMMAND
11954 freshman  20   0  871680 865360   1496 R 12.6  2.6   1:05.54 bzip2_base.+

top - 18:00:34 up 11 days,  5:05,  6 users,  load average: 0.95, 0.61, 0.27
Tasks: 198 total,   2 running, 121 sleeping,   0 stopped,   0 zombie
%Cpu(s): 12.4 us,  0.1 sy,  0.0 ni, 87.4 id,  0.0 wa,  0.0 hi,  0.0 si,  0.0 st
KiB Mem : 32843380 total, 16285776 free,  1181612 used, 15375992 buff/cache
--
  PID USER      PR  NI    VIRT    RES    SHR S %CPU %MEM     TIME+ COMMAND
11954 freshman  20   0  871680 865360   1496 R 12.4  2.6   1:06.54 bzip2_base.+
11560 freshman  20   0   42788   3996   3368 R  0.1  0.0   0:01.59 top

top - 18:00:35 up 11 days,  5:05,  6 users,  load average: 0.95, 0.62, 0.27
Tasks: 198 total,   2 running, 121 sleeping,   0 stopped,   0 zombie
%Cpu(s): 12.6 us,  0.0 sy,  0.0 ni, 87.4 id,  0.0 wa,  0.0 hi,  0.0 si,  0.0 st
KiB Mem : 32843380 total, 16285776 free,  1181612 used, 15375992 buff/cache
--
  PID USER      PR  NI    VIRT    RES    SHR S %CPU %MEM     TIME+ COMMAND
11954 freshman  20   0  871680 865360   1496 R 12.6  2.6   1:07.55 bzip2_base.+

top - 18:00:36 up 11 days,  5:05,  6 users,  load average: 0.95, 0.62, 0.27
Tasks: 198 total,   2 running, 121 sleeping,   0 stopped,   0 zombie
%Cpu(s): 12.0 us,  0.6 sy,  0.0 ni, 87.3 id,  0.0 wa,  0.0 hi,  0.0 si,  0.0 st
KiB Mem : 32843380 total, 16285776 free,  1181612 used, 15375992 buff/cache
--
  PID USER      PR  NI    VIRT    RES    SHR S %CPU %MEM     TIME+ COMMAND
11956 freshman  20   0  103984  97300   1460 R  3.0  0.3   0:00.24 bzip2_base.+

top - 18:00:37 up 11 days,  5:05,  6 users,  load average: 0.95, 0.62, 0.27
Tasks: 198 total,   2 running, 121 sleeping,   0 stopped,   0 zombie
%Cpu(s): 12.5 us,  0.0 sy,  0.0 ni, 87.5 id,  0.0 wa,  0.0 hi,  0.0 si,  0.0 st
KiB Mem : 32843380 total, 17055436 free,   411948 used, 15375996 buff/cache
--
  PID USER      PR  NI    VIRT    RES    SHR S %CPU %MEM     TIME+ COMMAND
11956 freshman  20   0  103984  97300   1460 R 12.5  0.3   0:01.24 bzip2_base.+
11560 freshman  20   0   42788   3996   3368 R  0.1  0.0   0:01.60 top

top - 18:00:38 up 11 days,  5:05,  6 users,  load average: 0.95, 0.62, 0.27
Tasks: 198 total,   2 running, 121 sleeping,   0 stopped,   0 zombie
%Cpu(s): 12.6 us,  0.0 sy,  0.0 ni, 87.4 id,  0.0 wa,  0.0 hi,  0.0 si,  0.0 st
KiB Mem : 32843380 total, 17055436 free,   411948 used, 15375996 buff/cache
--
  PID USER      PR  NI    VIRT    RES    SHR S %CPU %MEM     TIME+ COMMAND
11956 freshman  20   0  103984  97300   1460 R 12.4  0.3   0:02.24 bzip2_base.+
11562 freshman  20   0   13136   1092    996 S  0.1  0.0   0:00.01 grep

top - 18:00:39 up 11 days,  5:05,  6 users,  load average: 0.95, 0.62, 0.27
Tasks: 198 total,   2 running, 121 sleeping,   0 stopped,   0 zombie
%Cpu(s): 12.4 us,  0.1 sy,  0.0 ni, 87.4 id,  0.0 wa,  0.0 hi,  0.0 si,  0.0 st
KiB Mem : 32843380 total, 17055436 free,   411948 used, 15375996 buff/cache
--
  PID USER      PR  NI    VIRT    RES    SHR S %CPU %MEM     TIME+ COMMAND
11956 freshman  20   0  101864  95644   1460 R 12.6  0.3   0:03.25 bzip2_base.+
11560 freshman  20   0   42788   3996   3368 R  0.1  0.0   0:01.61 top

top - 18:00:40 up 11 days,  5:05,  6 users,  load average: 0.95, 0.62, 0.28
Tasks: 198 total,   2 running, 121 sleeping,   0 stopped,   0 zombie
%Cpu(s): 12.6 us,  0.0 sy,  0.0 ni, 87.4 id,  0.0 wa,  0.0 hi,  0.0 si,  0.0 st
KiB Mem : 32843380 total, 17057296 free,   410088 used, 15375996 buff/cache
--
  PID USER      PR  NI    VIRT    RES    SHR S %CPU %MEM     TIME+ COMMAND
11956 freshman  20   0  101864  95644   1460 R 12.5  0.3   0:04.26 bzip2_base.+
11560 freshman  20   0   42788   3996   3368 R  0.1  0.0   0:01.62 top

top - 18:00:41 up 11 days,  5:05,  6 users,  load average: 0.95, 0.62, 0.28
Tasks: 198 total,   2 running, 121 sleeping,   0 stopped,   0 zombie
%Cpu(s): 12.6 us,  0.0 sy,  0.0 ni, 87.4 id,  0.0 wa,  0.0 hi,  0.0 si,  0.0 st
KiB Mem : 32843380 total, 17057296 free,   410088 used, 15375996 buff/cache
--
  PID USER      PR  NI    VIRT    RES    SHR S %CPU %MEM     TIME+ COMMAND
11956 freshman  20   0  107336 100396   1460 R 12.4  0.3   0:05.26 bzip2_base.+
11938 root      20   0       0      0      0 I  0.1  0.0   0:00.01 kworker/u16+

top - 18:00:42 up 11 days,  5:05,  6 users,  load average: 0.95, 0.62, 0.28
Tasks: 198 total,   2 running, 121 sleeping,   0 stopped,   0 zombie
%Cpu(s): 12.6 us,  0.0 sy,  0.0 ni, 87.4 id,  0.0 wa,  0.0 hi,  0.0 si,  0.0 st
KiB Mem : 32843380 total, 17057296 free,   410088 used, 15375996 buff/cache
--
  PID USER      PR  NI    VIRT    RES    SHR S %CPU %MEM     TIME+ COMMAND
11956 freshman  20   0  107336 100396   1460 R 12.6  0.3   0:06.27 bzip2_base.+

top - 18:00:43 up 11 days,  5:05,  6 users,  load average: 0.95, 0.62, 0.28
Tasks: 198 total,   2 running, 121 sleeping,   0 stopped,   0 zombie
%Cpu(s): 12.6 us,  0.0 sy,  0.0 ni, 87.4 id,  0.0 wa,  0.0 hi,  0.0 si,  0.0 st
KiB Mem : 32843380 total, 17052212 free,   415160 used, 15376008 buff/cache
--
  PID USER      PR  NI    VIRT    RES    SHR S %CPU %MEM     TIME+ COMMAND
11956 freshman  20   0  107336 100396   1460 R 12.4  0.3   0:07.27 bzip2_base.+
11560 freshman  20   0   42788   3996   3368 R  0.1  0.0   0:01.63 top

top - 18:00:44 up 11 days,  5:05,  6 users,  load average: 0.95, 0.62, 0.28
Tasks: 198 total,   2 running, 121 sleeping,   0 stopped,   0 zombie
%Cpu(s): 12.5 us,  0.0 sy,  0.0 ni, 87.5 id,  0.0 wa,  0.0 hi,  0.0 si,  0.0 st
KiB Mem : 32843380 total, 17052212 free,   415160 used, 15376008 buff/cache
--
  PID USER      PR  NI    VIRT    RES    SHR S %CPU %MEM     TIME+ COMMAND
11956 freshman  20   0  102648  96292   1460 R 12.6  0.3   0:08.28 bzip2_base.+

top - 18:00:45 up 11 days,  5:05,  6 users,  load average: 0.96, 0.63, 0.28
Tasks: 198 total,   2 running, 121 sleeping,   0 stopped,   0 zombie
%Cpu(s): 12.4 us,  0.1 sy,  0.0 ni, 87.4 id,  0.0 wa,  0.0 hi,  0.0 si,  0.0 st
KiB Mem : 32843380 total, 17052212 free,   415160 used, 15376008 buff/cache
--
  PID USER      PR  NI    VIRT    RES    SHR S %CPU %MEM     TIME+ COMMAND
11956 freshman  20   0  102648  96292   1460 R 12.4  0.3   0:09.28 bzip2_base.+
11560 freshman  20   0   42788   3996   3368 R  0.1  0.0   0:01.64 top

top - 18:00:46 up 11 days,  5:05,  6 users,  load average: 0.96, 0.63, 0.28
Tasks: 198 total,   2 running, 121 sleeping,   0 stopped,   0 zombie
%Cpu(s): 12.5 us,  0.0 sy,  0.0 ni, 87.5 id,  0.0 wa,  0.0 hi,  0.0 si,  0.0 st
KiB Mem : 32843380 total, 17049236 free,   418136 used, 15376008 buff/cache
--
  PID USER      PR  NI    VIRT    RES    SHR S %CPU %MEM     TIME+ COMMAND
11956 freshman  20   0  109680 103420   1460 R 12.6  0.3   0:10.29 bzip2_base.+

top - 18:00:47 up 11 days,  5:05,  6 users,  load average: 0.96, 0.63, 0.28
Tasks: 198 total,   2 running, 121 sleeping,   0 stopped,   0 zombie
%Cpu(s): 12.4 us,  0.1 sy,  0.0 ni, 87.3 id,  0.1 wa,  0.0 hi,  0.0 si,  0.0 st
KiB Mem : 32843380 total, 17049236 free,   418136 used, 15376008 buff/cache
--
  PID USER      PR  NI    VIRT    RES    SHR S %CPU %MEM     TIME+ COMMAND
11956 freshman  20   0  109680 103420   1460 R 12.5  0.3   0:11.30 bzip2_base.+

top - 18:00:48 up 11 days,  5:05,  6 users,  load average: 0.96, 0.63, 0.28
Tasks: 198 total,   2 running, 121 sleeping,   0 stopped,   0 zombie
%Cpu(s): 12.5 us,  0.1 sy,  0.0 ni, 87.3 id,  0.0 wa,  0.0 hi,  0.0 si,  0.0 st
KiB Mem : 32843380 total, 17049236 free,   418136 used, 15376008 buff/cache
--
  PID USER      PR  NI    VIRT    RES    SHR S %CPU %MEM     TIME+ COMMAND
11956 freshman  20   0  109680 103420   1460 R 12.6  0.3   0:12.31 bzip2_base.+
11560 freshman  20   0   42788   3996   3368 R  0.1  0.0   0:01.65 top

top - 18:00:49 up 11 days,  5:05,  6 users,  load average: 0.96, 0.63, 0.28
Tasks: 198 total,   2 running, 121 sleeping,   0 stopped,   0 zombie
%Cpu(s): 12.6 us,  0.0 sy,  0.0 ni, 87.4 id,  0.0 wa,  0.0 hi,  0.0 si,  0.0 st
KiB Mem : 32843380 total, 17049244 free,   418128 used, 15376008 buff/cache
--
  PID USER      PR  NI    VIRT    RES    SHR S %CPU %MEM     TIME+ COMMAND
11956 freshman  20   0  109680 103420   1460 R 12.4  0.3   0:13.31 bzip2_base.+

top - 18:00:50 up 11 days,  5:05,  6 users,  load average: 0.96, 0.64, 0.29
Tasks: 198 total,   2 running, 121 sleeping,   0 stopped,   0 zombie
%Cpu(s): 12.5 us,  0.0 sy,  0.0 ni, 87.5 id,  0.0 wa,  0.0 hi,  0.0 si,  0.0 st
KiB Mem : 32843380 total, 17049244 free,   418128 used, 15376008 buff/cache
--
  PID USER      PR  NI    VIRT    RES    SHR S %CPU %MEM     TIME+ COMMAND
11956 freshman  20   0  109680 103420   1460 R 12.5  0.3   0:14.31 bzip2_base.+
11560 freshman  20   0   42788   3996   3368 R  0.1  0.0   0:01.66 top

top - 18:00:51 up 11 days,  5:05,  6 users,  load average: 0.96, 0.64, 0.29
Tasks: 198 total,   2 running, 121 sleeping,   0 stopped,   0 zombie
%Cpu(s): 12.5 us,  0.0 sy,  0.0 ni, 87.5 id,  0.0 wa,  0.0 hi,  0.0 si,  0.0 st
KiB Mem : 32843380 total, 17049244 free,   418128 used, 15376008 buff/cache
--
  PID USER      PR  NI    VIRT    RES    SHR S %CPU %MEM     TIME+ COMMAND
11956 freshman  20   0  109680 103420   1460 R 12.5  0.3   0:15.32 bzip2_base.+

top - 18:00:52 up 11 days,  5:05,  6 users,  load average: 0.96, 0.64, 0.29
Tasks: 198 total,   2 running, 121 sleeping,   0 stopped,   0 zombie
%Cpu(s): 12.5 us,  0.1 sy,  0.0 ni, 87.3 id,  0.0 wa,  0.0 hi,  0.0 si,  0.0 st
KiB Mem : 32843380 total, 17049236 free,   418124 used, 15376020 buff/cache
--
  PID USER      PR  NI    VIRT    RES    SHR S %CPU %MEM     TIME+ COMMAND
11956 freshman  20   0  109680 103420   1460 R 12.6  0.3   0:16.33 bzip2_base.+

top - 18:00:53 up 11 days,  5:05,  6 users,  load average: 0.96, 0.64, 0.29
Tasks: 198 total,   2 running, 121 sleeping,   0 stopped,   0 zombie
%Cpu(s): 12.5 us,  0.0 sy,  0.0 ni, 87.5 id,  0.0 wa,  0.0 hi,  0.0 si,  0.0 st
KiB Mem : 32843380 total, 17049236 free,   418124 used, 15376020 buff/cache
--
  PID USER      PR  NI    VIRT    RES    SHR S %CPU %MEM     TIME+ COMMAND
11956 freshman  20   0  109680 103420   1460 R 12.4  0.3   0:17.33 bzip2_base.+
11560 freshman  20   0   42788   3996   3368 R  0.1  0.0   0:01.67 top

top - 18:00:54 up 11 days,  5:05,  6 users,  load average: 0.96, 0.64, 0.29
Tasks: 198 total,   2 running, 121 sleeping,   0 stopped,   0 zombie
%Cpu(s): 12.6 us,  0.0 sy,  0.0 ni, 87.4 id,  0.0 wa,  0.0 hi,  0.0 si,  0.0 st
KiB Mem : 32843380 total, 17049236 free,   418124 used, 15376020 buff/cache
--
  PID USER      PR  NI    VIRT    RES    SHR S %CPU %MEM     TIME+ COMMAND
11956 freshman  20   0  109680 103420   1460 R 12.6  0.3   0:18.34 bzip2_base.+

top - 18:00:55 up 11 days,  5:05,  6 users,  load average: 0.97, 0.64, 0.29
Tasks: 198 total,   2 running, 121 sleeping,   0 stopped,   0 zombie
%Cpu(s): 12.5 us,  0.1 sy,  0.0 ni, 87.3 id,  0.0 wa,  0.0 hi,  0.0 si,  0.0 st
KiB Mem : 32843380 total, 17055668 free,   411692 used, 15376020 buff/cache
--
  PID USER      PR  NI    VIRT    RES    SHR S %CPU %MEM     TIME+ COMMAND
11956 freshman  20   0  103428  97076   1460 R 12.4  0.3   0:19.34 bzip2_base.+
11560 freshman  20   0   42788   3996   3368 R  0.1  0.0   0:01.68 top

top - 18:00:56 up 11 days,  5:05,  6 users,  load average: 0.97, 0.64, 0.29
Tasks: 198 total,   2 running, 121 sleeping,   0 stopped,   0 zombie
%Cpu(s): 12.5 us,  0.0 sy,  0.0 ni, 87.5 id,  0.0 wa,  0.0 hi,  0.0 si,  0.0 st
KiB Mem : 32843380 total, 17055668 free,   411692 used, 15376020 buff/cache
--
  PID USER      PR  NI    VIRT    RES    SHR S %CPU %MEM     TIME+ COMMAND
11956 freshman  20   0  103428  97076   1460 R 12.6  0.3   0:20.35 bzip2_base.+
11560 freshman  20   0   42788   3996   3368 R  0.1  0.0   0:01.69 top

top - 18:00:57 up 11 days,  5:05,  6 users,  load average: 0.97, 0.64, 0.29
Tasks: 198 total,   2 running, 121 sleeping,   0 stopped,   0 zombie
%Cpu(s): 12.3 us,  0.2 sy,  0.0 ni, 87.5 id,  0.0 wa,  0.0 hi,  0.0 si,  0.0 st
KiB Mem : 32843380 total, 17055668 free,   411692 used, 15376020 buff/cache
--
  PID USER      PR  NI    VIRT    RES    SHR S %CPU %MEM     TIME+ COMMAND
11958 freshman  20   0  103984  97820   1456 R  3.7  0.3   0:00.30 bzip2_base.+

top - 18:00:58 up 11 days,  5:05,  6 users,  load average: 0.97, 0.64, 0.29
Tasks: 198 total,   2 running, 121 sleeping,   0 stopped,   0 zombie
%Cpu(s): 12.6 us,  0.0 sy,  0.0 ni, 87.4 id,  0.0 wa,  0.0 hi,  0.0 si,  0.0 st
KiB Mem : 32843380 total, 17055064 free,   412280 used, 15376036 buff/cache
--
  PID USER      PR  NI    VIRT    RES    SHR S %CPU %MEM     TIME+ COMMAND
11958 freshman  20   0  103984  97820   1456 R 12.6  0.3   0:01.31 bzip2_base.+

top - 18:00:59 up 11 days,  5:05,  6 users,  load average: 0.97, 0.64, 0.29
Tasks: 198 total,   2 running, 121 sleeping,   0 stopped,   0 zombie
%Cpu(s): 12.4 us,  0.1 sy,  0.0 ni, 87.4 id,  0.0 wa,  0.0 hi,  0.0 si,  0.0 st
KiB Mem : 32843380 total, 17055064 free,   412280 used, 15376036 buff/cache
--
  PID USER      PR  NI    VIRT    RES    SHR S %CPU %MEM     TIME+ COMMAND
11958 freshman  20   0  103984  97820   1456 R 12.4  0.3   0:02.31 bzip2_base.+

top - 18:01:00 up 11 days,  5:05,  6 users,  load average: 0.97, 0.65, 0.29
Tasks: 198 total,   2 running, 121 sleeping,   0 stopped,   0 zombie
%Cpu(s): 12.6 us,  0.0 sy,  0.0 ni, 87.4 id,  0.0 wa,  0.0 hi,  0.0 si,  0.0 st
KiB Mem : 32843380 total, 17055064 free,   412280 used, 15376036 buff/cache
--
  PID USER      PR  NI    VIRT    RES    SHR S %CPU %MEM     TIME+ COMMAND
11958 freshman  20   0  103984  97820   1456 R 12.5  0.3   0:03.32 bzip2_base.+
11560 freshman  20   0   42788   3996   3368 R  0.1  0.0   0:01.70 top

top - 18:01:01 up 11 days,  5:05,  6 users,  load average: 0.97, 0.65, 0.29
Tasks: 198 total,   2 running, 121 sleeping,   0 stopped,   0 zombie
%Cpu(s): 12.6 us,  0.0 sy,  0.0 ni, 87.4 id,  0.0 wa,  0.0 hi,  0.0 si,  0.0 st
KiB Mem : 32843380 total, 17054816 free,   412524 used, 15376040 buff/cache
--
  PID USER      PR  NI    VIRT    RES    SHR S %CPU %MEM     TIME+ COMMAND
11958 freshman  20   0  103984  97820   1456 R 12.6  0.3   0:04.33 bzip2_base.+

top - 18:01:02 up 11 days,  5:05,  6 users,  load average: 0.97, 0.65, 0.29
Tasks: 198 total,   2 running, 121 sleeping,   0 stopped,   0 zombie
%Cpu(s): 12.4 us,  0.1 sy,  0.0 ni, 87.4 id,  0.0 wa,  0.0 hi,  0.0 si,  0.0 st
KiB Mem : 32843380 total, 17054816 free,   412524 used, 15376040 buff/cache
--
  PID USER      PR  NI    VIRT    RES    SHR S %CPU %MEM     TIME+ COMMAND
11958 freshman  20   0  103984  97820   1456 R 12.4  0.3   0:05.33 bzip2_base.+

top - 18:01:03 up 11 days,  5:05,  6 users,  load average: 0.97, 0.65, 0.29
Tasks: 198 total,   2 running, 121 sleeping,   0 stopped,   0 zombie
%Cpu(s): 12.5 us,  0.0 sy,  0.0 ni, 87.5 id,  0.0 wa,  0.0 hi,  0.0 si,  0.0 st
KiB Mem : 32843380 total, 17054816 free,   412524 used, 15376040 buff/cache
--
  PID USER      PR  NI    VIRT    RES    SHR S %CPU %MEM     TIME+ COMMAND
11958 freshman  20   0  103984  97820   1456 R 12.5  0.3   0:06.33 bzip2_base.+
11560 freshman  20   0   42788   3996   3368 R  0.1  0.0   0:01.71 top

top - 18:01:04 up 11 days,  5:05,  6 users,  load average: 0.97, 0.65, 0.29
Tasks: 198 total,   2 running, 121 sleeping,   0 stopped,   0 zombie
%Cpu(s): 12.6 us,  0.0 sy,  0.0 ni, 87.4 id,  0.0 wa,  0.0 hi,  0.0 si,  0.0 st
KiB Mem : 32843380 total, 17054824 free,   412516 used, 15376040 buff/cache
--
  PID USER      PR  NI    VIRT    RES    SHR S %CPU %MEM     TIME+ COMMAND
11958 freshman  20   0  103984  97820   1456 R 12.5  0.3   0:07.34 bzip2_base.+
11560 freshman  20   0   42788   3996   3368 R  0.1  0.0   0:01.72 top

top - 18:01:05 up 11 days,  5:05,  6 users,  load average: 0.97, 0.65, 0.30
Tasks: 198 total,   2 running, 121 sleeping,   0 stopped,   0 zombie
%Cpu(s): 12.5 us,  0.1 sy,  0.0 ni, 87.3 id,  0.0 wa,  0.0 hi,  0.0 si,  0.0 st
KiB Mem : 32843380 total, 17054824 free,   412516 used, 15376040 buff/cache
--
  PID USER      PR  NI    VIRT    RES    SHR S %CPU %MEM     TIME+ COMMAND
11958 freshman  20   0  103984  97820   1456 R 12.6  0.3   0:08.35 bzip2_base.+

top - 18:01:06 up 11 days,  5:05,  6 users,  load average: 0.97, 0.65, 0.30
Tasks: 198 total,   2 running, 121 sleeping,   0 stopped,   0 zombie
%Cpu(s): 12.5 us,  0.0 sy,  0.0 ni, 87.5 id,  0.0 wa,  0.0 hi,  0.0 si,  0.0 st
KiB Mem : 32843380 total, 17054824 free,   412516 used, 15376040 buff/cache
--
  PID USER      PR  NI    VIRT    RES    SHR S %CPU %MEM     TIME+ COMMAND
11958 freshman  20   0  101864  95640   1456 R 12.4  0.3   0:09.35 bzip2_base.+

top - 18:01:07 up 11 days,  5:05,  6 users,  load average: 0.97, 0.65, 0.30
Tasks: 198 total,   2 running, 121 sleeping,   0 stopped,   0 zombie
%Cpu(s): 12.6 us,  0.0 sy,  0.0 ni, 87.4 id,  0.0 wa,  0.0 hi,  0.0 si,  0.0 st
KiB Mem : 32843380 total, 17057180 free,   410148 used, 15376052 buff/cache
--
  PID USER      PR  NI    VIRT    RES    SHR S %CPU %MEM     TIME+ COMMAND
11958 freshman  20   0  101864  95640   1456 R 12.5  0.3   0:10.35 bzip2_base.+
11560 freshman  20   0   42788   3996   3368 R  0.1  0.0   0:01.73 top

top - 18:01:08 up 11 days,  5:05,  6 users,  load average: 0.97, 0.65, 0.30
Tasks: 198 total,   2 running, 121 sleeping,   0 stopped,   0 zombie
%Cpu(s): 12.5 us,  0.0 sy,  0.0 ni, 87.5 id,  0.0 wa,  0.0 hi,  0.0 si,  0.0 st
KiB Mem : 32843380 total, 17057180 free,   410148 used, 15376052 buff/cache
--
  PID USER      PR  NI    VIRT    RES    SHR S %CPU %MEM     TIME+ COMMAND
11958 freshman  20   0  107336 101184   1456 R 12.5  0.3   0:11.36 bzip2_base.+

top - 18:01:09 up 11 days,  5:05,  6 users,  load average: 0.97, 0.65, 0.30
Tasks: 198 total,   2 running, 121 sleeping,   0 stopped,   0 zombie
%Cpu(s): 12.5 us,  0.1 sy,  0.0 ni, 87.3 id,  0.0 wa,  0.0 hi,  0.0 si,  0.0 st
KiB Mem : 32843380 total, 17057180 free,   410148 used, 15376052 buff/cache
--
  PID USER      PR  NI    VIRT    RES    SHR S %CPU %MEM     TIME+ COMMAND
11958 freshman  20   0  107336 101184   1456 R 12.6  0.3   0:12.37 bzip2_base.+
11560 freshman  20   0   42788   3996   3368 R  0.1  0.0   0:01.74 top

top - 18:01:10 up 11 days,  5:05,  6 users,  load average: 0.97, 0.66, 0.30
Tasks: 198 total,   2 running, 121 sleeping,   0 stopped,   0 zombie
%Cpu(s): 12.5 us,  0.0 sy,  0.0 ni, 87.5 id,  0.0 wa,  0.0 hi,  0.0 si,  0.0 st
KiB Mem : 32843380 total, 17051716 free,   415612 used, 15376052 buff/cache
--
  PID USER      PR  NI    VIRT    RES    SHR S %CPU %MEM     TIME+ COMMAND
11958 freshman  20   0  107336 101184   1456 R 12.4  0.3   0:13.37 bzip2_base.+

top - 18:01:11 up 11 days,  5:05,  6 users,  load average: 0.97, 0.66, 0.30
Tasks: 198 total,   2 running, 121 sleeping,   0 stopped,   0 zombie
%Cpu(s): 12.6 us,  0.0 sy,  0.0 ni, 87.4 id,  0.0 wa,  0.0 hi,  0.0 si,  0.0 st
KiB Mem : 32843380 total, 17051716 free,   415612 used, 15376052 buff/cache
--
  PID USER      PR  NI    VIRT    RES    SHR S %CPU %MEM     TIME+ COMMAND
11958 freshman  20   0  107336 101184   1456 R 12.6  0.3   0:14.38 bzip2_base.+
11560 freshman  20   0   42788   3996   3368 R  0.1  0.0   0:01.75 top

top - 18:01:12 up 11 days,  5:05,  6 users,  load average: 0.97, 0.66, 0.30
Tasks: 198 total,   2 running, 121 sleeping,   0 stopped,   0 zombie
%Cpu(s): 12.4 us,  0.1 sy,  0.0 ni, 87.4 id,  0.0 wa,  0.0 hi,  0.0 si,  0.0 st
KiB Mem : 32843380 total, 17051716 free,   415612 used, 15376052 buff/cache
--
  PID USER      PR  NI    VIRT    RES    SHR S %CPU %MEM     TIME+ COMMAND
11958 freshman  20   0  107336 101184   1456 R 12.4  0.3   0:15.38 bzip2_base.+

top - 18:01:13 up 11 days,  5:05,  6 users,  load average: 0.97, 0.66, 0.30
Tasks: 198 total,   2 running, 121 sleeping,   0 stopped,   0 zombie
%Cpu(s): 12.6 us,  0.0 sy,  0.0 ni, 87.4 id,  0.0 wa,  0.0 hi,  0.0 si,  0.0 st
KiB Mem : 32843380 total, 17051724 free,   415596 used, 15376060 buff/cache
--
  PID USER      PR  NI    VIRT    RES    SHR S %CPU %MEM     TIME+ COMMAND
11958 freshman  20   0  107336 101184   1456 R 12.6  0.3   0:16.39 bzip2_base.+
11560 freshman  20   0   42788   3996   3368 R  0.1  0.0   0:01.76 top

top - 18:01:14 up 11 days,  5:05,  6 users,  load average: 0.97, 0.66, 0.30
Tasks: 198 total,   2 running, 121 sleeping,   0 stopped,   0 zombie
%Cpu(s): 12.5 us,  0.1 sy,  0.0 ni, 87.3 id,  0.0 wa,  0.0 hi,  0.0 si,  0.0 st
KiB Mem : 32843380 total, 17051724 free,   415596 used, 15376060 buff/cache
--
  PID USER      PR  NI    VIRT    RES    SHR S %CPU %MEM     TIME+ COMMAND
11958 freshman  20   0  107336 101184   1456 R 12.4  0.3   0:17.39 bzip2_base.+

top - 18:01:15 up 11 days,  5:06,  6 users,  load average: 0.98, 0.67, 0.31
Tasks: 198 total,   2 running, 121 sleeping,   0 stopped,   0 zombie
%Cpu(s): 12.6 us,  0.0 sy,  0.0 ni, 87.4 id,  0.0 wa,  0.0 hi,  0.0 si,  0.0 st
KiB Mem : 32843380 total, 17051724 free,   415596 used, 15376060 buff/cache
--
  PID USER      PR  NI    VIRT    RES    SHR S %CPU %MEM     TIME+ COMMAND
11958 freshman  20   0  107336 101184   1456 R 12.6  0.3   0:18.40 bzip2_base.+

top - 18:01:16 up 11 days,  5:06,  6 users,  load average: 0.98, 0.67, 0.31
Tasks: 198 total,   2 running, 121 sleeping,   0 stopped,   0 zombie
%Cpu(s): 12.5 us,  0.0 sy,  0.0 ni, 87.5 id,  0.0 wa,  0.0 hi,  0.0 si,  0.0 st
KiB Mem : 32843380 total, 17051724 free,   415596 used, 15376060 buff/cache
--
  PID USER      PR  NI    VIRT    RES    SHR S %CPU %MEM     TIME+ COMMAND
11958 freshman  20   0  107336 101184   1456 R 12.4  0.3   0:19.40 bzip2_base.+
11560 freshman  20   0   42788   3996   3368 R  0.1  0.0   0:01.77 top

top - 18:01:17 up 11 days,  5:06,  6 users,  load average: 0.98, 0.67, 0.31
Tasks: 198 total,   2 running, 121 sleeping,   0 stopped,   0 zombie
%Cpu(s): 12.5 us,  0.1 sy,  0.0 ni, 87.3 id,  0.0 wa,  0.0 hi,  0.0 si,  0.0 st
KiB Mem : 32843380 total, 17051724 free,   415596 used, 15376060 buff/cache
--
  PID USER      PR  NI    VIRT    RES    SHR S %CPU %MEM     TIME+ COMMAND
11958 freshman  20   0  102648  96288   1456 R 12.6  0.3   0:20.41 bzip2_base.+

top - 18:01:18 up 11 days,  5:06,  6 users,  load average: 0.98, 0.67, 0.31
Tasks: 198 total,   2 running, 121 sleeping,   0 stopped,   0 zombie
%Cpu(s): 12.6 us,  0.0 sy,  0.0 ni, 87.3 id,  0.1 wa,  0.0 hi,  0.0 si,  0.0 st
KiB Mem : 32843380 total, 17051724 free,   415596 used, 15376060 buff/cache
--
  PID USER      PR  NI    VIRT    RES    SHR S %CPU %MEM     TIME+ COMMAND
11958 freshman  20   0  102648  96288   1456 R 12.4  0.3   0:21.41 bzip2_base.+

top - 18:01:19 up 11 days,  5:06,  6 users,  load average: 0.98, 0.67, 0.31
Tasks: 198 total,   2 running, 121 sleeping,   0 stopped,   0 zombie
%Cpu(s): 12.5 us,  0.0 sy,  0.0 ni, 87.5 id,  0.0 wa,  0.0 hi,  0.0 si,  0.0 st
KiB Mem : 32843380 total, 17049368 free,   417948 used, 15376064 buff/cache
--
  PID USER      PR  NI    VIRT    RES    SHR S %CPU %MEM     TIME+ COMMAND
11958 freshman  20   0  109680 103416   1456 R 12.5  0.3   0:22.41 bzip2_base.+
11560 freshman  20   0   42788   3996   3368 R  0.1  0.0   0:01.78 top

top - 18:01:20 up 11 days,  5:06,  6 users,  load average: 0.98, 0.67, 0.31
Tasks: 198 total,   2 running, 121 sleeping,   0 stopped,   0 zombie
%Cpu(s): 12.5 us,  0.1 sy,  0.0 ni, 87.3 id,  0.0 wa,  0.0 hi,  0.0 si,  0.0 st
KiB Mem : 32843380 total, 17049368 free,   417948 used, 15376064 buff/cache
--
  PID USER      PR  NI    VIRT    RES    SHR S %CPU %MEM     TIME+ COMMAND
11958 freshman  20   0  109680 103416   1456 R 12.5  0.3   0:23.42 bzip2_base.+
11560 freshman  20   0   42788   3996   3368 R  0.1  0.0   0:01.79 top

top - 18:01:21 up 11 days,  5:06,  6 users,  load average: 0.98, 0.67, 0.31
Tasks: 198 total,   2 running, 121 sleeping,   0 stopped,   0 zombie
%Cpu(s): 12.5 us,  0.0 sy,  0.0 ni, 87.5 id,  0.0 wa,  0.0 hi,  0.0 si,  0.0 st
KiB Mem : 32843380 total, 17049368 free,   417948 used, 15376064 buff/cache
--
  PID USER      PR  NI    VIRT    RES    SHR S %CPU %MEM     TIME+ COMMAND
11958 freshman  20   0  109680 103416   1456 R 12.6  0.3   0:24.43 bzip2_base.+

top - 18:01:22 up 11 days,  5:06,  6 users,  load average: 0.98, 0.67, 0.31
Tasks: 198 total,   2 running, 121 sleeping,   0 stopped,   0 zombie
%Cpu(s): 12.6 us,  0.0 sy,  0.0 ni, 87.4 id,  0.0 wa,  0.0 hi,  0.0 si,  0.0 st
KiB Mem : 32843380 total, 17049360 free,   417948 used, 15376072 buff/cache
--
  PID USER      PR  NI    VIRT    RES    SHR S %CPU %MEM     TIME+ COMMAND
11958 freshman  20   0  109680 103416   1456 R 12.4  0.3   0:25.43 bzip2_base.+

top - 18:01:23 up 11 days,  5:06,  6 users,  load average: 0.98, 0.67, 0.31
Tasks: 198 total,   2 running, 121 sleeping,   0 stopped,   0 zombie
%Cpu(s): 12.6 us,  0.0 sy,  0.0 ni, 87.4 id,  0.0 wa,  0.0 hi,  0.0 si,  0.0 st
KiB Mem : 32843380 total, 17049360 free,   417948 used, 15376072 buff/cache
--
  PID USER      PR  NI    VIRT    RES    SHR S %CPU %MEM     TIME+ COMMAND
11958 freshman  20   0  109680 103416   1456 R 12.5  0.3   0:26.43 bzip2_base.+
11560 freshman  20   0   42788   3996   3368 R  0.1  0.0   0:01.80 top

top - 18:01:25 up 11 days,  5:06,  6 users,  load average: 0.98, 0.68, 0.31
Tasks: 198 total,   2 running, 121 sleeping,   0 stopped,   0 zombie
%Cpu(s): 12.6 us,  0.0 sy,  0.0 ni, 87.4 id,  0.0 wa,  0.0 hi,  0.0 si,  0.0 st
KiB Mem : 32843380 total, 17049368 free,   417940 used, 15376072 buff/cache
--
  PID USER      PR  NI    VIRT    RES    SHR S %CPU %MEM     TIME+ COMMAND
11958 freshman  20   0  109680 103416   1456 R 12.5  0.3   0:27.44 bzip2_base.+

top - 18:01:26 up 11 days,  5:06,  6 users,  load average: 0.98, 0.68, 0.31
Tasks: 198 total,   2 running, 121 sleeping,   0 stopped,   0 zombie
%Cpu(s): 12.4 us,  0.1 sy,  0.0 ni, 87.4 id,  0.0 wa,  0.0 hi,  0.0 si,  0.0 st
KiB Mem : 32843380 total, 17049368 free,   417940 used, 15376072 buff/cache
--
  PID USER      PR  NI    VIRT    RES    SHR S %CPU %MEM     TIME+ COMMAND
11958 freshman  20   0  109680 103416   1456 R 12.6  0.3   0:28.45 bzip2_base.+
11560 freshman  20   0   42788   3996   3368 R  0.1  0.0   0:01.81 top

top - 18:01:27 up 11 days,  5:06,  6 users,  load average: 0.98, 0.68, 0.31
Tasks: 198 total,   2 running, 121 sleeping,   0 stopped,   0 zombie
%Cpu(s): 12.5 us,  0.0 sy,  0.0 ni, 87.5 id,  0.0 wa,  0.0 hi,  0.0 si,  0.0 st
KiB Mem : 32843380 total, 17049368 free,   417940 used, 15376072 buff/cache
--
  PID USER      PR  NI    VIRT    RES    SHR S %CPU %MEM     TIME+ COMMAND
11958 freshman  20   0  109680 103416   1456 R 12.4  0.3   0:29.45 bzip2_base.+

top - 18:01:28 up 11 days,  5:06,  6 users,  load average: 0.98, 0.68, 0.31
Tasks: 198 total,   2 running, 121 sleeping,   0 stopped,   0 zombie
%Cpu(s): 12.5 us,  0.1 sy,  0.0 ni, 87.3 id,  0.0 wa,  0.0 hi,  0.0 si,  0.0 st
KiB Mem : 32843380 total, 17049368 free,   417936 used, 15376076 buff/cache
--
  PID USER      PR  NI    VIRT    RES    SHR S %CPU %MEM     TIME+ COMMAND
11958 freshman  20   0  109680 103416   1456 R 12.4  0.3   0:30.45 bzip2_base.+

top - 18:01:29 up 11 days,  5:06,  6 users,  load average: 0.98, 0.68, 0.31
Tasks: 198 total,   2 running, 121 sleeping,   0 stopped,   0 zombie
%Cpu(s): 12.5 us,  0.0 sy,  0.0 ni, 87.5 id,  0.0 wa,  0.0 hi,  0.0 si,  0.0 st
KiB Mem : 32843380 total, 17049368 free,   417936 used, 15376076 buff/cache
--
  PID USER      PR  NI    VIRT    RES    SHR S %CPU %MEM     TIME+ COMMAND
11958 freshman  20   0  103428  97072   1456 R 12.8  0.3   0:31.47 bzip2_base.+
11560 freshman  20   0   42788   3996   3368 R  0.1  0.0   0:01.82 top

top - 18:01:30 up 11 days,  5:06,  6 users,  load average: 0.98, 0.68, 0.32
Tasks: 198 total,   2 running, 121 sleeping,   0 stopped,   0 zombie
%Cpu(s): 10.9 us,  1.6 sy,  0.0 ni, 87.3 id,  0.1 wa,  0.0 hi,  0.0 si,  0.0 st
KiB Mem : 32843380 total, 17049368 free,   417936 used, 15376076 buff/cache
--
  PID USER      PR  NI    VIRT    RES    SHR S %CPU %MEM     TIME+ COMMAND
11960 freshman  20   0  872268 865600   1532 R 11.0  2.6   0:00.89 bzip2_base.+

top - 18:01:31 up 11 days,  5:06,  6 users,  load average: 0.98, 0.68, 0.32
Tasks: 197 total,   2 running, 121 sleeping,   0 stopped,   0 zombie
%Cpu(s): 12.4 us,  0.1 sy,  0.0 ni, 87.4 id,  0.0 wa,  0.0 hi,  0.0 si,  0.0 st
KiB Mem : 32843380 total, 16285636 free,  1181652 used, 15376092 buff/cache
--
  PID USER      PR  NI    VIRT    RES    SHR S %CPU %MEM     TIME+ COMMAND
11960 freshman  20   0  872268 865600   1532 R 12.6  2.6   0:01.90 bzip2_base.+

top - 18:01:32 up 11 days,  5:06,  6 users,  load average: 0.98, 0.68, 0.32
Tasks: 197 total,   2 running, 121 sleeping,   0 stopped,   0 zombie
%Cpu(s): 12.7 us,  0.0 sy,  0.0 ni, 87.3 id,  0.0 wa,  0.0 hi,  0.0 si,  0.0 st
KiB Mem : 32843380 total, 16285636 free,  1181652 used, 15376092 buff/cache
--
  PID USER      PR  NI    VIRT    RES    SHR S %CPU %MEM     TIME+ COMMAND
11960 freshman  20   0  872268 865600   1532 R 12.4  2.6   0:02.90 bzip2_base.+
11560 freshman  20   0   42788   3996   3368 R  0.1  0.0   0:01.83 top

top - 18:01:33 up 11 days,  5:06,  6 users,  load average: 0.98, 0.68, 0.32
Tasks: 197 total,   2 running, 121 sleeping,   0 stopped,   0 zombie
%Cpu(s): 12.4 us,  0.0 sy,  0.0 ni, 87.6 id,  0.0 wa,  0.0 hi,  0.0 si,  0.0 st
KiB Mem : 32843380 total, 16285636 free,  1181652 used, 15376092 buff/cache
--
  PID USER      PR  NI    VIRT    RES    SHR S %CPU %MEM     TIME+ COMMAND
11960 freshman  20   0  872268 865600   1532 R 12.6  2.6   0:03.91 bzip2_base.+

top - 18:01:34 up 11 days,  5:06,  6 users,  load average: 0.98, 0.68, 0.32
Tasks: 197 total,   2 running, 121 sleeping,   0 stopped,   0 zombie
%Cpu(s): 12.5 us,  0.1 sy,  0.0 ni, 87.3 id,  0.0 wa,  0.0 hi,  0.0 si,  0.0 st
KiB Mem : 32843380 total, 16285776 free,  1181508 used, 15376096 buff/cache
--
  PID USER      PR  NI    VIRT    RES    SHR S %CPU %MEM     TIME+ COMMAND
11960 freshman  20   0  872268 865600   1532 R 12.4  2.6   0:04.91 bzip2_base.+
11560 freshman  20   0   42788   3996   3368 R  0.1  0.0   0:01.84 top

top - 18:01:35 up 11 days,  5:06,  6 users,  load average: 0.98, 0.69, 0.32
Tasks: 197 total,   2 running, 121 sleeping,   0 stopped,   0 zombie
%Cpu(s): 12.4 us,  0.0 sy,  0.0 ni, 87.4 id,  0.1 wa,  0.0 hi,  0.0 si,  0.0 st
KiB Mem : 32843380 total, 16285776 free,  1181508 used, 15376096 buff/cache
--
  PID USER      PR  NI    VIRT    RES    SHR S %CPU %MEM     TIME+ COMMAND
11960 freshman  20   0  872268 865600   1532 R 12.6  2.6   0:05.92 bzip2_base.+

top - 18:01:36 up 11 days,  5:06,  6 users,  load average: 0.98, 0.69, 0.32
Tasks: 197 total,   2 running, 121 sleeping,   0 stopped,   0 zombie
%Cpu(s): 12.5 us,  0.1 sy,  0.0 ni, 87.3 id,  0.0 wa,  0.0 hi,  0.0 si,  0.0 st
KiB Mem : 32843380 total, 16285776 free,  1181508 used, 15376096 buff/cache
--
  PID USER      PR  NI    VIRT    RES    SHR S %CPU %MEM     TIME+ COMMAND
11960 freshman  20   0  872268 865600   1532 R 12.4  2.6   0:06.92 bzip2_base.+
11560 freshman  20   0   42788   3996   3368 R  0.1  0.0   0:01.85 top

top - 18:01:37 up 11 days,  5:06,  6 users,  load average: 0.98, 0.69, 0.32
Tasks: 197 total,   2 running, 121 sleeping,   0 stopped,   0 zombie
%Cpu(s): 12.5 us,  0.0 sy,  0.0 ni, 87.5 id,  0.0 wa,  0.0 hi,  0.0 si,  0.0 st
KiB Mem : 32843380 total, 16285776 free,  1181508 used, 15376096 buff/cache
--
  PID USER      PR  NI    VIRT    RES    SHR S %CPU %MEM     TIME+ COMMAND
11960 freshman  20   0  872268 865600   1532 R 12.6  2.6   0:07.93 bzip2_base.+

top - 18:01:38 up 11 days,  5:06,  6 users,  load average: 0.98, 0.69, 0.32
Tasks: 197 total,   2 running, 121 sleeping,   0 stopped,   0 zombie
%Cpu(s): 12.6 us,  0.0 sy,  0.0 ni, 87.4 id,  0.0 wa,  0.0 hi,  0.0 si,  0.0 st
KiB Mem : 32843380 total, 16285776 free,  1181508 used, 15376096 buff/cache
--
  PID USER      PR  NI    VIRT    RES    SHR S %CPU %MEM     TIME+ COMMAND
11960 freshman  20   0  872268 865600   1532 R 12.5  2.6   0:08.94 bzip2_base.+

top - 18:01:39 up 11 days,  5:06,  6 users,  load average: 0.98, 0.69, 0.32
Tasks: 197 total,   2 running, 121 sleeping,   0 stopped,   0 zombie
%Cpu(s): 12.5 us,  0.0 sy,  0.0 ni, 87.5 id,  0.0 wa,  0.0 hi,  0.0 si,  0.0 st
KiB Mem : 32843380 total, 16285776 free,  1181508 used, 15376096 buff/cache
--
  PID USER      PR  NI    VIRT    RES    SHR S %CPU %MEM     TIME+ COMMAND
11960 freshman  20   0  872268 865600   1532 R 12.5  2.6   0:09.94 bzip2_base.+
11560 freshman  20   0   42788   3996   3368 R  0.1  0.0   0:01.86 top

top - 18:01:40 up 11 days,  5:06,  6 users,  load average: 0.98, 0.69, 0.32
Tasks: 197 total,   2 running, 121 sleeping,   0 stopped,   0 zombie
%Cpu(s): 12.4 us,  0.1 sy,  0.0 ni, 87.4 id,  0.0 wa,  0.0 hi,  0.0 si,  0.0 st
KiB Mem : 32843380 total, 16285776 free,  1181500 used, 15376104 buff/cache
--
  PID USER      PR  NI    VIRT    RES    SHR S %CPU %MEM     TIME+ COMMAND
11960 freshman  20   0  872268 865600   1532 R 12.4  2.6   0:10.94 bzip2_base.+

top - 18:01:41 up 11 days,  5:06,  6 users,  load average: 0.98, 0.69, 0.32
Tasks: 197 total,   2 running, 121 sleeping,   0 stopped,   0 zombie
%Cpu(s): 12.6 us,  0.0 sy,  0.0 ni, 87.4 id,  0.0 wa,  0.0 hi,  0.0 si,  0.0 st
KiB Mem : 32843380 total, 16285776 free,  1181500 used, 15376104 buff/cache
--
  PID USER      PR  NI    VIRT    RES    SHR S %CPU %MEM     TIME+ COMMAND
11960 freshman  20   0  872268 865600   1532 R 12.6  2.6   0:11.95 bzip2_base.+

top - 18:01:42 up 11 days,  5:06,  6 users,  load average: 0.98, 0.69, 0.32
Tasks: 197 total,   2 running, 121 sleeping,   0 stopped,   0 zombie
%Cpu(s): 12.6 us,  0.0 sy,  0.0 ni, 87.4 id,  0.0 wa,  0.0 hi,  0.0 si,  0.0 st
KiB Mem : 32843380 total, 16285776 free,  1181500 used, 15376104 buff/cache
--
  PID USER      PR  NI    VIRT    RES    SHR S %CPU %MEM     TIME+ COMMAND
11960 freshman  20   0  872268 865600   1532 R 12.5  2.6   0:12.96 bzip2_base.+
11560 freshman  20   0   42788   3996   3368 R  0.1  0.0   0:01.87 top

top - 18:01:43 up 11 days,  5:06,  6 users,  load average: 0.98, 0.69, 0.32
Tasks: 197 total,   2 running, 121 sleeping,   0 stopped,   0 zombie
%Cpu(s): 12.4 us,  0.1 sy,  0.0 ni, 87.4 id,  0.0 wa,  0.0 hi,  0.0 si,  0.0 st
KiB Mem : 32843380 total, 16285768 free,  1181504 used, 15376108 buff/cache
--
  PID USER      PR  NI    VIRT    RES    SHR S %CPU %MEM     TIME+ COMMAND
11960 freshman  20   0  872268 865600   1532 R 12.5  2.6   0:13.96 bzip2_base.+
11560 freshman  20   0   42788   3996   3368 R  0.1  0.0   0:01.88 top

top - 18:01:44 up 11 days,  5:06,  6 users,  load average: 0.98, 0.69, 0.32
Tasks: 197 total,   2 running, 121 sleeping,   0 stopped,   0 zombie
%Cpu(s): 12.6 us,  0.0 sy,  0.0 ni, 87.4 id,  0.0 wa,  0.0 hi,  0.0 si,  0.0 st
KiB Mem : 32843380 total, 16285768 free,  1181504 used, 15376108 buff/cache
--
  PID USER      PR  NI    VIRT    RES    SHR S %CPU %MEM     TIME+ COMMAND
11960 freshman  20   0  872268 865600   1532 R 12.4  2.6   0:14.96 bzip2_base.+

top - 18:01:45 up 11 days,  5:06,  6 users,  load average: 0.99, 0.70, 0.33
Tasks: 197 total,   2 running, 121 sleeping,   0 stopped,   0 zombie
%Cpu(s): 12.4 us,  0.1 sy,  0.0 ni, 87.5 id,  0.0 wa,  0.0 hi,  0.0 si,  0.0 st
KiB Mem : 32843380 total, 16285768 free,  1181504 used, 15376108 buff/cache
--
  PID USER      PR  NI    VIRT    RES    SHR S %CPU %MEM     TIME+ COMMAND
11960 freshman  20   0  872268 865600   1532 R 12.6  2.6   0:15.97 bzip2_base.+
11560 freshman  20   0   42788   3996   3368 R  0.1  0.0   0:01.89 top

top - 18:01:46 up 11 days,  5:06,  6 users,  load average: 0.99, 0.70, 0.33
Tasks: 197 total,   2 running, 121 sleeping,   0 stopped,   0 zombie
%Cpu(s): 12.6 us,  0.0 sy,  0.0 ni, 87.4 id,  0.0 wa,  0.0 hi,  0.0 si,  0.0 st
KiB Mem : 32843380 total, 16287512 free,  1179760 used, 15376108 buff/cache
--
  PID USER      PR  NI    VIRT    RES    SHR S %CPU %MEM     TIME+ COMMAND
11960 freshman  20   0  870120 863956   1532 R 12.5  2.6   0:16.98 bzip2_base.+

top - 18:01:47 up 11 days,  5:06,  6 users,  load average: 0.99, 0.70, 0.33
Tasks: 197 total,   2 running, 121 sleeping,   0 stopped,   0 zombie
%Cpu(s): 12.4 us,  0.1 sy,  0.0 ni, 87.4 id,  0.0 wa,  0.0 hi,  0.0 si,  0.0 st
KiB Mem : 32843380 total, 16287512 free,  1179760 used, 15376108 buff/cache
--
  PID USER      PR  NI    VIRT    RES    SHR S %CPU %MEM     TIME+ COMMAND
11960 freshman  20   0  870120 863956   1532 R 12.5  2.6   0:17.98 bzip2_base.+

top - 18:01:48 up 11 days,  5:06,  6 users,  load average: 0.99, 0.70, 0.33
Tasks: 197 total,   2 running, 121 sleeping,   0 stopped,   0 zombie
%Cpu(s): 12.6 us,  0.0 sy,  0.0 ni, 87.4 id,  0.0 wa,  0.0 hi,  0.0 si,  0.0 st
KiB Mem : 32843380 total, 16287512 free,  1179760 used, 15376108 buff/cache
--
  PID USER      PR  NI    VIRT    RES    SHR S %CPU %MEM     TIME+ COMMAND
11960 freshman  20   0  870120 863956   1532 R 12.5  2.6   0:18.99 bzip2_base.+
11560 freshman  20   0   42788   3996   3368 R  0.1  0.0   0:01.90 top

top - 18:01:49 up 11 days,  5:06,  6 users,  load average: 0.99, 0.70, 0.33
Tasks: 197 total,   2 running, 121 sleeping,   0 stopped,   0 zombie
%Cpu(s): 12.5 us,  0.0 sy,  0.0 ni, 87.5 id,  0.0 wa,  0.0 hi,  0.0 si,  0.0 st
KiB Mem : 32843380 total, 16287512 free,  1179760 used, 15376108 buff/cache
--
  PID USER      PR  NI    VIRT    RES    SHR S %CPU %MEM     TIME+ COMMAND
11960 freshman  20   0  870120 863956   1532 R 12.4  2.6   0:19.99 bzip2_base.+

top - 18:01:50 up 11 days,  5:06,  6 users,  load average: 0.99, 0.70, 0.33
Tasks: 197 total,   2 running, 121 sleeping,   0 stopped,   0 zombie
%Cpu(s): 12.5 us,  0.1 sy,  0.0 ni, 87.3 id,  0.0 wa,  0.0 hi,  0.0 si,  0.0 st
KiB Mem : 32843380 total, 16287512 free,  1179760 used, 15376108 buff/cache
--
  PID USER      PR  NI    VIRT    RES    SHR S %CPU %MEM     TIME+ COMMAND
11960 freshman  20   0  870120 863956   1532 R 12.5  2.6   0:20.99 bzip2_base.+
11560 freshman  20   0   42788   3996   3368 R  0.1  0.0   0:01.91 top

top - 18:01:51 up 11 days,  5:06,  6 users,  load average: 0.99, 0.70, 0.33
Tasks: 197 total,   2 running, 121 sleeping,   0 stopped,   0 zombie
%Cpu(s): 12.5 us,  0.0 sy,  0.0 ni, 87.5 id,  0.0 wa,  0.0 hi,  0.0 si,  0.0 st
KiB Mem : 32843380 total, 16287512 free,  1179760 used, 15376108 buff/cache
--
  PID USER      PR  NI    VIRT    RES    SHR S %CPU %MEM     TIME+ COMMAND
11960 freshman  20   0  870120 863956   1532 R 12.5  2.6   0:22.00 bzip2_base.+

top - 18:01:52 up 11 days,  5:06,  6 users,  load average: 0.99, 0.70, 0.33
Tasks: 197 total,   2 running, 121 sleeping,   0 stopped,   0 zombie
%Cpu(s): 12.4 us,  0.1 sy,  0.0 ni, 87.4 id,  0.0 wa,  0.0 hi,  0.0 si,  0.0 st
KiB Mem : 32843380 total, 16287512 free,  1179748 used, 15376120 buff/cache
--
  PID USER      PR  NI    VIRT    RES    SHR S %CPU %MEM     TIME+ COMMAND
11960 freshman  20   0  870120 863956   1532 R 12.6  2.6   0:23.01 bzip2_base.+

top - 18:01:53 up 11 days,  5:06,  6 users,  load average: 0.99, 0.70, 0.33
Tasks: 197 total,   2 running, 121 sleeping,   0 stopped,   0 zombie
%Cpu(s): 12.5 us,  0.0 sy,  0.0 ni, 87.5 id,  0.0 wa,  0.0 hi,  0.0 si,  0.0 st
KiB Mem : 32843380 total, 16287512 free,  1179748 used, 15376120 buff/cache
--
  PID USER      PR  NI    VIRT    RES    SHR S %CPU %MEM     TIME+ COMMAND
11960 freshman  20   0  875592 868708   1532 R 12.5  2.6   0:24.02 bzip2_base.+
11560 freshman  20   0   42788   3996   3368 R  0.1  0.0   0:01.92 top

top - 18:01:54 up 11 days,  5:06,  6 users,  load average: 0.99, 0.70, 0.33
Tasks: 197 total,   2 running, 121 sleeping,   0 stopped,   0 zombie
%Cpu(s): 12.6 us,  0.0 sy,  0.0 ni, 87.4 id,  0.0 wa,  0.0 hi,  0.0 si,  0.0 st
KiB Mem : 32843380 total, 16287512 free,  1179748 used, 15376120 buff/cache
--
  PID USER      PR  NI    VIRT    RES    SHR S %CPU %MEM     TIME+ COMMAND
11960 freshman  20   0  875592 868708   1532 R 12.5  2.6   0:25.02 bzip2_base.+

top - 18:01:55 up 11 days,  5:06,  6 users,  load average: 0.99, 0.71, 0.34
Tasks: 197 total,   2 running, 121 sleeping,   0 stopped,   0 zombie
%Cpu(s): 12.5 us,  0.1 sy,  0.0 ni, 87.3 id,  0.0 wa,  0.0 hi,  0.0 si,  0.0 st
KiB Mem : 32843380 total, 16282668 free,  1184592 used, 15376120 buff/cache
--
  PID USER      PR  NI    VIRT    RES    SHR S %CPU %MEM     TIME+ COMMAND
11960 freshman  20   0  875592 868708   1532 R 12.5  2.6   0:26.03 bzip2_base.+

top - 18:01:56 up 11 days,  5:06,  6 users,  load average: 0.99, 0.71, 0.34
Tasks: 197 total,   2 running, 121 sleeping,   0 stopped,   0 zombie
%Cpu(s): 12.5 us,  0.0 sy,  0.0 ni, 87.5 id,  0.0 wa,  0.0 hi,  0.0 si,  0.0 st
KiB Mem : 32843380 total, 16282668 free,  1184592 used, 15376120 buff/cache
--
  PID USER      PR  NI    VIRT    RES    SHR S %CPU %MEM     TIME+ COMMAND
11960 freshman  20   0  875592 868708   1532 R 12.5  2.6   0:27.03 bzip2_base.+

top - 18:01:57 up 11 days,  5:06,  6 users,  load average: 0.99, 0.71, 0.34
Tasks: 197 total,   2 running, 121 sleeping,   0 stopped,   0 zombie
%Cpu(s): 12.6 us,  0.0 sy,  0.0 ni, 87.4 id,  0.0 wa,  0.0 hi,  0.0 si,  0.0 st
KiB Mem : 32843380 total, 16282668 free,  1184592 used, 15376120 buff/cache
--
  PID USER      PR  NI    VIRT    RES    SHR S %CPU %MEM     TIME+ COMMAND
11960 freshman  20   0  875592 868708   1532 R 12.5  2.6   0:28.04 bzip2_base.+
11560 freshman  20   0   42788   3996   3368 R  0.1  0.0   0:01.93 top

top - 18:01:58 up 11 days,  5:06,  6 users,  load average: 0.99, 0.71, 0.34
Tasks: 197 total,   2 running, 121 sleeping,   0 stopped,   0 zombie
%Cpu(s): 12.5 us,  0.1 sy,  0.0 ni, 87.3 id,  0.0 wa,  0.0 hi,  0.0 si,  0.0 st
KiB Mem : 32843380 total, 16282676 free,  1184572 used, 15376132 buff/cache
--
  PID USER      PR  NI    VIRT    RES    SHR S %CPU %MEM     TIME+ COMMAND
11960 freshman  20   0  875592 868708   1532 R 12.5  2.6   0:29.04 bzip2_base.+

top - 18:01:59 up 11 days,  5:06,  6 users,  load average: 0.99, 0.71, 0.34
Tasks: 197 total,   2 running, 121 sleeping,   0 stopped,   0 zombie
%Cpu(s): 12.5 us,  0.0 sy,  0.0 ni, 87.5 id,  0.0 wa,  0.0 hi,  0.0 si,  0.0 st
KiB Mem : 32843380 total, 16282676 free,  1184572 used, 15376132 buff/cache
--
  PID USER      PR  NI    VIRT    RES    SHR S %CPU %MEM     TIME+ COMMAND
11960 freshman  20   0  875592 868708   1532 R 12.5  2.6   0:30.05 bzip2_base.+
11560 freshman  20   0   42788   3996   3368 R  0.1  0.0   0:01.94 top

top - 18:02:00 up 11 days,  5:06,  6 users,  load average: 0.99, 0.71, 0.34
Tasks: 197 total,   2 running, 121 sleeping,   0 stopped,   0 zombie
%Cpu(s): 12.5 us,  0.1 sy,  0.0 ni, 87.3 id,  0.0 wa,  0.0 hi,  0.0 si,  0.0 st
KiB Mem : 32843380 total, 16282676 free,  1184572 used, 15376132 buff/cache
--
  PID USER      PR  NI    VIRT    RES    SHR S %CPU %MEM     TIME+ COMMAND
11960 freshman  20   0  875592 868708   1532 R 12.5  2.6   0:31.05 bzip2_base.+

top - 18:02:01 up 11 days,  5:06,  6 users,  load average: 0.99, 0.71, 0.34
Tasks: 197 total,   2 running, 121 sleeping,   0 stopped,   0 zombie
%Cpu(s): 12.6 us,  0.0 sy,  0.0 ni, 87.4 id,  0.0 wa,  0.0 hi,  0.0 si,  0.0 st
KiB Mem : 32843380 total, 16282676 free,  1184572 used, 15376132 buff/cache
--
  PID USER      PR  NI    VIRT    RES    SHR S %CPU %MEM     TIME+ COMMAND
11960 freshman  20   0  875592 868708   1532 R 12.5  2.6   0:32.06 bzip2_base.+
11560 freshman  20   0   42788   3996   3368 R  0.1  0.0   0:01.95 top

top - 18:02:02 up 11 days,  5:06,  6 users,  load average: 0.99, 0.71, 0.34
Tasks: 197 total,   2 running, 121 sleeping,   0 stopped,   0 zombie
%Cpu(s): 12.4 us,  0.1 sy,  0.0 ni, 87.4 id,  0.0 wa,  0.0 hi,  0.0 si,  0.0 st
KiB Mem : 32843380 total, 16282676 free,  1184572 used, 15376132 buff/cache
--
  PID USER      PR  NI    VIRT    RES    SHR S %CPU %MEM     TIME+ COMMAND
11960 freshman  20   0  875592 868708   1532 R 12.5  2.6   0:33.06 bzip2_base.+
11560 freshman  20   0   42788   3996   3368 R  0.1  0.0   0:01.96 top

top - 18:02:03 up 11 days,  5:06,  6 users,  load average: 0.99, 0.71, 0.34
Tasks: 197 total,   2 running, 121 sleeping,   0 stopped,   0 zombie
%Cpu(s): 12.6 us,  0.0 sy,  0.0 ni, 87.4 id,  0.0 wa,  0.0 hi,  0.0 si,  0.0 st
KiB Mem : 32843380 total, 16282676 free,  1184572 used, 15376132 buff/cache
--
  PID USER      PR  NI    VIRT    RES    SHR S %CPU %MEM     TIME+ COMMAND
11960 freshman  20   0  875592 868708   1532 R 12.5  2.6   0:34.07 bzip2_base.+

top - 18:02:04 up 11 days,  5:06,  6 users,  load average: 0.99, 0.71, 0.34
Tasks: 197 total,   2 running, 121 sleeping,   0 stopped,   0 zombie
%Cpu(s): 12.5 us,  0.0 sy,  0.0 ni, 87.5 id,  0.0 wa,  0.0 hi,  0.0 si,  0.0 st
KiB Mem : 32843380 total, 16282676 free,  1184572 used, 15376132 buff/cache
--
  PID USER      PR  NI    VIRT    RES    SHR S %CPU %MEM     TIME+ COMMAND
11960 freshman  20   0  875592 868708   1532 R 12.5  2.6   0:35.07 bzip2_base.+

top - 18:02:05 up 11 days,  5:06,  6 users,  load average: 0.99, 0.72, 0.34
Tasks: 197 total,   2 running, 121 sleeping,   0 stopped,   0 zombie
%Cpu(s): 12.6 us,  0.0 sy,  0.0 ni, 87.4 id,  0.0 wa,  0.0 hi,  0.0 si,  0.0 st
KiB Mem : 32843380 total, 16282676 free,  1184572 used, 15376132 buff/cache
--
  PID USER      PR  NI    VIRT    RES    SHR S %CPU %MEM     TIME+ COMMAND
11960 freshman  20   0  875592 868708   1532 R 12.5  2.6   0:36.08 bzip2_base.+

top - 18:02:06 up 11 days,  5:06,  6 users,  load average: 0.99, 0.72, 0.34
Tasks: 197 total,   2 running, 121 sleeping,   0 stopped,   0 zombie
%Cpu(s): 12.6 us,  0.0 sy,  0.0 ni, 87.4 id,  0.0 wa,  0.0 hi,  0.0 si,  0.0 st
KiB Mem : 32843380 total, 16282676 free,  1184572 used, 15376132 buff/cache
--
  PID USER      PR  NI    VIRT    RES    SHR S %CPU %MEM     TIME+ COMMAND
11960 freshman  20   0  875592 868708   1532 R 12.5  2.6   0:37.08 bzip2_base.+
11560 freshman  20   0   42788   3996   3368 R  0.1  0.0   0:01.97 top

top - 18:02:07 up 11 days,  5:06,  6 users,  load average: 0.99, 0.72, 0.34
Tasks: 197 total,   2 running, 121 sleeping,   0 stopped,   0 zombie
%Cpu(s): 12.6 us,  0.0 sy,  0.0 ni, 87.4 id,  0.0 wa,  0.0 hi,  0.0 si,  0.0 st
KiB Mem : 32843380 total, 16282676 free,  1184564 used, 15376140 buff/cache
--
  PID USER      PR  NI    VIRT    RES    SHR S %CPU %MEM     TIME+ COMMAND
11960 freshman  20   0  875592 868708   1532 R 12.5  2.6   0:38.09 bzip2_base.+

top - 18:02:08 up 11 days,  5:06,  6 users,  load average: 0.99, 0.72, 0.34
Tasks: 197 total,   2 running, 121 sleeping,   0 stopped,   0 zombie
%Cpu(s): 12.5 us,  0.1 sy,  0.0 ni, 87.3 id,  0.0 wa,  0.0 hi,  0.0 si,  0.0 st
KiB Mem : 32843380 total, 16282676 free,  1184564 used, 15376140 buff/cache
--
  PID USER      PR  NI    VIRT    RES    SHR S %CPU %MEM     TIME+ COMMAND
11960 freshman  20   0  875592 868708   1532 R 12.5  2.6   0:39.09 bzip2_base.+
11560 freshman  20   0   42788   3996   3368 R  0.1  0.0   0:01.98 top

top - 18:02:09 up 11 days,  5:06,  6 users,  load average: 0.99, 0.72, 0.34
Tasks: 197 total,   2 running, 121 sleeping,   0 stopped,   0 zombie
%Cpu(s): 12.4 us,  0.0 sy,  0.0 ni, 87.6 id,  0.0 wa,  0.0 hi,  0.0 si,  0.0 st
KiB Mem : 32843380 total, 16282676 free,  1184564 used, 15376140 buff/cache
--
  PID USER      PR  NI    VIRT    RES    SHR S %CPU %MEM     TIME+ COMMAND
11960 freshman  20   0  875592 868708   1532 R 12.5  2.6   0:40.10 bzip2_base.+

top - 18:02:10 up 11 days,  5:06,  6 users,  load average: 0.99, 0.72, 0.35
Tasks: 197 total,   2 running, 121 sleeping,   0 stopped,   0 zombie
%Cpu(s): 12.5 us,  0.1 sy,  0.0 ni, 87.2 id,  0.1 wa,  0.0 hi,  0.0 si,  0.0 st
KiB Mem : 32843380 total, 16286652 free,  1180576 used, 15376152 buff/cache
--
  PID USER      PR  NI    VIRT    RES    SHR S %CPU %MEM     TIME+ COMMAND
11960 freshman  20   0  870900 864612   1532 R 12.5  2.6   0:41.10 bzip2_base.+
11560 freshman  20   0   42788   3996   3368 R  0.1  0.0   0:01.99 top

top - 18:02:11 up 11 days,  5:06,  6 users,  load average: 0.99, 0.72, 0.35
Tasks: 197 total,   2 running, 121 sleeping,   0 stopped,   0 zombie
%Cpu(s): 12.5 us,  0.0 sy,  0.0 ni, 87.5 id,  0.0 wa,  0.0 hi,  0.0 si,  0.0 st
KiB Mem : 32843380 total, 16286652 free,  1180576 used, 15376152 buff/cache
--
  PID USER      PR  NI    VIRT    RES    SHR S %CPU %MEM     TIME+ COMMAND
11960 freshman  20   0  870900 864612   1532 R 12.5  2.6   0:42.11 bzip2_base.+

top - 18:02:12 up 11 days,  5:06,  6 users,  load average: 0.99, 0.72, 0.35
Tasks: 197 total,   2 running, 121 sleeping,   0 stopped,   0 zombie
%Cpu(s): 12.6 us,  0.0 sy,  0.0 ni, 87.4 id,  0.0 wa,  0.0 hi,  0.0 si,  0.0 st
KiB Mem : 32843380 total, 16286652 free,  1180576 used, 15376152 buff/cache
--
  PID USER      PR  NI    VIRT    RES    SHR S %CPU %MEM     TIME+ COMMAND
11960 freshman  20   0  870900 864612   1532 R 12.6  2.6   0:43.12 bzip2_base.+

top - 18:02:13 up 11 days,  5:06,  6 users,  load average: 0.99, 0.72, 0.35
Tasks: 197 total,   2 running, 121 sleeping,   0 stopped,   0 zombie
%Cpu(s): 12.4 us,  0.1 sy,  0.0 ni, 87.5 id,  0.0 wa,  0.0 hi,  0.0 si,  0.0 st
KiB Mem : 32843380 total, 16286644 free,  1180584 used, 15376152 buff/cache
--
  PID USER      PR  NI    VIRT    RES    SHR S %CPU %MEM     TIME+ COMMAND
11960 freshman  20   0  870900 864612   1532 R 12.4  2.6   0:44.12 bzip2_base.+
11560 freshman  20   0   42788   3996   3368 R  0.1  0.0   0:02.00 top

top - 18:02:14 up 11 days,  5:06,  6 users,  load average: 0.99, 0.72, 0.35
Tasks: 197 total,   2 running, 121 sleeping,   0 stopped,   0 zombie
%Cpu(s): 12.6 us,  0.0 sy,  0.0 ni, 87.4 id,  0.0 wa,  0.0 hi,  0.0 si,  0.0 st
KiB Mem : 32843380 total, 16286644 free,  1180584 used, 15376152 buff/cache
--
  PID USER      PR  NI    VIRT    RES    SHR S %CPU %MEM     TIME+ COMMAND
11960 freshman  20   0  870900 864612   1532 R 12.5  2.6   0:45.12 bzip2_base.+

top - 18:02:15 up 11 days,  5:06,  6 users,  load average: 0.99, 0.73, 0.35
Tasks: 197 total,   2 running, 121 sleeping,   0 stopped,   0 zombie
%Cpu(s): 12.4 us,  0.1 sy,  0.0 ni, 87.4 id,  0.0 wa,  0.0 hi,  0.0 si,  0.0 st
KiB Mem : 32843380 total, 16286644 free,  1180584 used, 15376152 buff/cache
--
  PID USER      PR  NI    VIRT    RES    SHR S %CPU %MEM     TIME+ COMMAND
11960 freshman  20   0  870900 864612   1532 R 12.5  2.6   0:46.13 bzip2_base.+
11560 freshman  20   0   42788   3996   3368 R  0.1  0.0   0:02.01 top

top - 18:02:16 up 11 days,  5:07,  6 users,  load average: 0.99, 0.73, 0.35
Tasks: 197 total,   2 running, 121 sleeping,   0 stopped,   0 zombie
%Cpu(s): 12.6 us,  0.0 sy,  0.0 ni, 87.4 id,  0.0 wa,  0.0 hi,  0.0 si,  0.0 st
KiB Mem : 32843380 total, 16286652 free,  1180576 used, 15376152 buff/cache
--
  PID USER      PR  NI    VIRT    RES    SHR S %CPU %MEM     TIME+ COMMAND
11960 freshman  20   0  870900 864612   1532 R 12.6  2.6   0:47.14 bzip2_base.+

top - 18:02:17 up 11 days,  5:07,  6 users,  load average: 0.99, 0.73, 0.35
Tasks: 197 total,   2 running, 121 sleeping,   0 stopped,   0 zombie
%Cpu(s): 12.5 us,  0.0 sy,  0.0 ni, 87.5 id,  0.0 wa,  0.0 hi,  0.0 si,  0.0 st
KiB Mem : 32843380 total, 16286652 free,  1180576 used, 15376152 buff/cache
--
  PID USER      PR  NI    VIRT    RES    SHR S %CPU %MEM     TIME+ COMMAND
11960 freshman  20   0  877932 870948   1532 R 12.4  2.7   0:48.14 bzip2_base.+

top - 18:02:18 up 11 days,  5:07,  6 users,  load average: 0.99, 0.73, 0.35
Tasks: 197 total,   2 running, 121 sleeping,   0 stopped,   0 zombie
%Cpu(s): 12.5 us,  0.1 sy,  0.0 ni, 87.3 id,  0.0 wa,  0.0 hi,  0.0 si,  0.0 st
KiB Mem : 32843380 total, 16286652 free,  1180576 used, 15376152 buff/cache
--
  PID USER      PR  NI    VIRT    RES    SHR S %CPU %MEM     TIME+ COMMAND
11960 freshman  20   0  877932 870948   1532 R 12.5  2.7   0:49.14 bzip2_base.+
11560 freshman  20   0   42788   3996   3368 R  0.1  0.0   0:02.02 top
11561 freshman  20   0   13136   1004    908 S  0.1  0.0   0:00.02 grep
--
top - 18:02:19 up 11 days,  5:07,  6 users,  load average: 0.99, 0.73, 0.35
Tasks: 197 total,   2 running, 121 sleeping,   0 stopped,   0 zombie
%Cpu(s): 12.5 us,  0.0 sy,  0.0 ni, 87.5 id,  0.0 wa,  0.0 hi,  0.0 si,  0.0 st
KiB Mem : 32843380 total, 16280568 free,  1186656 used, 15376156 buff/cache
--
  PID USER      PR  NI    VIRT    RES    SHR S %CPU %MEM     TIME+ COMMAND
11960 freshman  20   0  877932 870948   1532 R 12.5  2.7   0:50.15 bzip2_base.+
11560 freshman  20   0   42788   3996   3368 R  0.1  0.0   0:02.03 top

top - 18:02:20 up 11 days,  5:07,  6 users,  load average: 0.99, 0.73, 0.36
Tasks: 197 total,   2 running, 121 sleeping,   0 stopped,   0 zombie
%Cpu(s): 12.5 us,  0.1 sy,  0.0 ni, 87.4 id,  0.0 wa,  0.0 hi,  0.0 si,  0.0 st
KiB Mem : 32843380 total, 16280568 free,  1186656 used, 15376156 buff/cache
--
  PID USER      PR  NI    VIRT    RES    SHR S %CPU %MEM     TIME+ COMMAND
11960 freshman  20   0  877932 870948   1532 R 12.4  2.7   0:51.15 bzip2_base.+

top - 18:02:21 up 11 days,  5:07,  6 users,  load average: 0.99, 0.73, 0.36
Tasks: 197 total,   2 running, 121 sleeping,   0 stopped,   0 zombie
%Cpu(s): 12.5 us,  0.0 sy,  0.0 ni, 87.5 id,  0.0 wa,  0.0 hi,  0.0 si,  0.0 st
KiB Mem : 32843380 total, 16280568 free,  1186656 used, 15376156 buff/cache
--
  PID USER      PR  NI    VIRT    RES    SHR S %CPU %MEM     TIME+ COMMAND
11960 freshman  20   0  877932 870948   1532 R 12.6  2.7   0:52.16 bzip2_base.+
11560 freshman  20   0   42788   3996   3368 R  0.1  0.0   0:02.04 top

top - 18:02:22 up 11 days,  5:07,  6 users,  load average: 0.99, 0.73, 0.36
Tasks: 197 total,   2 running, 121 sleeping,   0 stopped,   0 zombie
%Cpu(s): 12.6 us,  0.0 sy,  0.0 ni, 87.4 id,  0.0 wa,  0.0 hi,  0.0 si,  0.0 st
KiB Mem : 32843380 total, 16280576 free,  1186640 used, 15376164 buff/cache
--
  PID USER      PR  NI    VIRT    RES    SHR S %CPU %MEM     TIME+ COMMAND
11960 freshman  20   0  877932 870948   1532 R 12.4  2.7   0:53.16 bzip2_base.+

top - 18:02:23 up 11 days,  5:07,  6 users,  load average: 0.99, 0.73, 0.36
Tasks: 197 total,   2 running, 121 sleeping,   0 stopped,   0 zombie
%Cpu(s): 12.6 us,  0.0 sy,  0.0 ni, 87.4 id,  0.0 wa,  0.0 hi,  0.0 si,  0.0 st
KiB Mem : 32843380 total, 16280576 free,  1186640 used, 15376164 buff/cache
--
  PID USER      PR  NI    VIRT    RES    SHR S %CPU %MEM     TIME+ COMMAND
11960 freshman  20   0  877932 870948   1532 R 12.6  2.7   0:54.17 bzip2_base.+
 1027 root      20   0  110520   3512   3184 S  0.1  0.0   1:21.18 irqbalance

top - 18:02:24 up 11 days,  5:07,  6 users,  load average: 0.99, 0.73, 0.36
Tasks: 197 total,   2 running, 121 sleeping,   0 stopped,   0 zombie
%Cpu(s): 12.5 us,  0.0 sy,  0.0 ni, 87.5 id,  0.0 wa,  0.0 hi,  0.0 si,  0.0 st
KiB Mem : 32843380 total, 16280576 free,  1186640 used, 15376164 buff/cache
--
  PID USER      PR  NI    VIRT    RES    SHR S %CPU %MEM     TIME+ COMMAND
11960 freshman  20   0  877932 870948   1532 R 12.4  2.7   0:55.17 bzip2_base.+
11560 freshman  20   0   42788   3996   3368 R  0.1  0.0   0:02.05 top

top - 18:02:25 up 11 days,  5:07,  6 users,  load average: 0.99, 0.74, 0.36
Tasks: 197 total,   2 running, 121 sleeping,   0 stopped,   0 zombie
%Cpu(s): 12.6 us,  0.0 sy,  0.0 ni, 87.4 id,  0.0 wa,  0.0 hi,  0.0 si,  0.0 st
KiB Mem : 32843380 total, 16280576 free,  1186636 used, 15376168 buff/cache
--
  PID USER      PR  NI    VIRT    RES    SHR S %CPU %MEM     TIME+ COMMAND
11960 freshman  20   0  877932 870948   1532 R 12.6  2.7   0:56.18 bzip2_base.+

top - 18:02:26 up 11 days,  5:07,  6 users,  load average: 0.99, 0.74, 0.36
Tasks: 197 total,   2 running, 121 sleeping,   0 stopped,   0 zombie
%Cpu(s): 12.5 us,  0.1 sy,  0.0 ni, 87.3 id,  0.0 wa,  0.0 hi,  0.0 si,  0.0 st
KiB Mem : 32843380 total, 16280576 free,  1186636 used, 15376168 buff/cache
--
  PID USER      PR  NI    VIRT    RES    SHR S %CPU %MEM     TIME+ COMMAND
11960 freshman  20   0  877932 870948   1532 R 12.4  2.7   0:57.18 bzip2_base.+

top - 18:02:27 up 11 days,  5:07,  6 users,  load average: 0.99, 0.74, 0.36
Tasks: 197 total,   2 running, 121 sleeping,   0 stopped,   0 zombie
%Cpu(s): 12.4 us,  0.0 sy,  0.0 ni, 87.6 id,  0.0 wa,  0.0 hi,  0.0 si,  0.0 st
KiB Mem : 32843380 total, 16280576 free,  1186636 used, 15376168 buff/cache
--
  PID USER      PR  NI    VIRT    RES    SHR S %CPU %MEM     TIME+ COMMAND
11960 freshman  20   0  877932 870948   1532 R 12.6  2.7   0:58.19 bzip2_base.+
11560 freshman  20   0   42788   3996   3368 R  0.1  0.0   0:02.06 top

top - 18:02:28 up 11 days,  5:07,  6 users,  load average: 0.99, 0.74, 0.36
Tasks: 197 total,   2 running, 121 sleeping,   0 stopped,   0 zombie
%Cpu(s): 12.4 us,  0.1 sy,  0.0 ni, 87.4 id,  0.0 wa,  0.0 hi,  0.0 si,  0.0 st
KiB Mem : 32843380 total, 16280576 free,  1186636 used, 15376168 buff/cache
--
  PID USER      PR  NI    VIRT    RES    SHR S %CPU %MEM     TIME+ COMMAND
11960 freshman  20   0  877932 870948   1532 R 12.4  2.7   0:59.19 bzip2_base.+

top - 18:02:29 up 11 days,  5:07,  6 users,  load average: 0.99, 0.74, 0.36
Tasks: 197 total,   2 running, 121 sleeping,   0 stopped,   0 zombie
%Cpu(s): 12.6 us,  0.0 sy,  0.0 ni, 87.4 id,  0.0 wa,  0.0 hi,  0.0 si,  0.0 st
KiB Mem : 32843380 total, 16280576 free,  1186636 used, 15376168 buff/cache
--
  PID USER      PR  NI    VIRT    RES    SHR S %CPU %MEM     TIME+ COMMAND
11960 freshman  20   0  877932 870948   1532 R 12.6  2.7   1:00.20 bzip2_base.+

top - 18:02:30 up 11 days,  5:07,  6 users,  load average: 1.00, 0.74, 0.36
Tasks: 197 total,   2 running, 121 sleeping,   0 stopped,   0 zombie
%Cpu(s): 12.5 us,  0.0 sy,  0.0 ni, 87.5 id,  0.0 wa,  0.0 hi,  0.0 si,  0.0 st
KiB Mem : 32843380 total, 16280576 free,  1186636 used, 15376168 buff/cache
--
  PID USER      PR  NI    VIRT    RES    SHR S %CPU %MEM     TIME+ COMMAND
11960 freshman  20   0  877932 870948   1532 R 12.4  2.7   1:01.20 bzip2_base.+
11560 freshman  20   0   42788   3996   3368 R  0.1  0.0   0:02.07 top

top - 18:02:31 up 11 days,  5:07,  6 users,  load average: 1.00, 0.74, 0.36
Tasks: 197 total,   2 running, 121 sleeping,   0 stopped,   0 zombie
%Cpu(s): 12.4 us,  0.1 sy,  0.0 ni, 87.4 id,  0.0 wa,  0.0 hi,  0.0 si,  0.0 st
KiB Mem : 32843380 total, 16280568 free,  1186632 used, 15376180 buff/cache
--
  PID USER      PR  NI    VIRT    RES    SHR S %CPU %MEM     TIME+ COMMAND
11960 freshman  20   0  877932 870948   1532 R 12.6  2.7   1:02.21 bzip2_base.+

top - 18:02:32 up 11 days,  5:07,  6 users,  load average: 1.00, 0.74, 0.36
Tasks: 197 total,   2 running, 121 sleeping,   0 stopped,   0 zombie
%Cpu(s): 12.6 us,  0.0 sy,  0.0 ni, 87.4 id,  0.0 wa,  0.0 hi,  0.0 si,  0.0 st
KiB Mem : 32843380 total, 16280568 free,  1186632 used, 15376180 buff/cache
--
  PID USER      PR  NI    VIRT    RES    SHR S %CPU %MEM     TIME+ COMMAND
11960 freshman  20   0  877932 870948   1532 R 12.4  2.7   1:03.21 bzip2_base.+
11560 freshman  20   0   42788   3996   3368 R  0.1  0.0   0:02.08 top

top - 18:02:33 up 11 days,  5:07,  6 users,  load average: 1.00, 0.74, 0.36
Tasks: 197 total,   2 running, 121 sleeping,   0 stopped,   0 zombie
%Cpu(s): 12.6 us,  0.0 sy,  0.0 ni, 87.4 id,  0.0 wa,  0.0 hi,  0.0 si,  0.0 st
KiB Mem : 32843380 total, 16280568 free,  1186632 used, 15376180 buff/cache
--
  PID USER      PR  NI    VIRT    RES    SHR S %CPU %MEM     TIME+ COMMAND
11960 freshman  20   0  871680 865392   1532 R 12.6  2.6   1:04.22 bzip2_base.+

top - 18:02:34 up 11 days,  5:07,  6 users,  load average: 1.00, 0.74, 0.36
Tasks: 197 total,   2 running, 121 sleeping,   0 stopped,   0 zombie
%Cpu(s): 12.4 us,  0.1 sy,  0.0 ni, 87.4 id,  0.0 wa,  0.0 hi,  0.0 si,  0.0 st
KiB Mem : 32843380 total, 16285908 free,  1181292 used, 15376180 buff/cache
--
  PID USER      PR  NI    VIRT    RES    SHR S %CPU %MEM     TIME+ COMMAND
11960 freshman  20   0  871680 865392   1532 R 12.4  2.6   1:05.22 bzip2_base.+
11560 freshman  20   0   42788   3996   3368 R  0.1  0.0   0:02.09 top

top - 18:02:35 up 11 days,  5:07,  6 users,  load average: 1.00, 0.75, 0.37
Tasks: 197 total,   2 running, 121 sleeping,   0 stopped,   0 zombie
%Cpu(s): 12.6 us,  0.0 sy,  0.0 ni, 87.4 id,  0.0 wa,  0.0 hi,  0.0 si,  0.0 st
KiB Mem : 32843380 total, 16285908 free,  1181292 used, 15376180 buff/cache
--
  PID USER      PR  NI    VIRT    RES    SHR S %CPU %MEM     TIME+ COMMAND
11960 freshman  20   0  871680 865392   1532 R 12.6  2.6   1:06.23 bzip2_base.+

top - 18:02:36 up 11 days,  5:07,  6 users,  load average: 1.00, 0.75, 0.37
Tasks: 197 total,   2 running, 121 sleeping,   0 stopped,   0 zombie
%Cpu(s): 12.5 us,  0.1 sy,  0.0 ni, 87.3 id,  0.0 wa,  0.0 hi,  0.0 si,  0.0 st
KiB Mem : 32843380 total, 16285908 free,  1181292 used, 15376180 buff/cache
--
  PID USER      PR  NI    VIRT    RES    SHR S %CPU %MEM     TIME+ COMMAND
11960 freshman  20   0  871680 865392   1532 R 12.5  2.6   1:07.24 bzip2_base.+
11560 freshman  20   0   42788   3996   3368 R  0.1  0.0   0:02.10 top

top - 18:02:37 up 11 days,  5:07,  6 users,  load average: 1.00, 0.75, 0.37
Tasks: 197 total,   2 running, 121 sleeping,   0 stopped,   0 zombie
%Cpu(s): 12.4 us,  0.0 sy,  0.0 ni, 87.4 id,  0.1 wa,  0.0 hi,  0.0 si,  0.0 st
KiB Mem : 32843380 total, 16285900 free,  1181300 used, 15376180 buff/cache
--
  PID USER      PR  NI    VIRT    RES    SHR S %CPU %MEM     TIME+ COMMAND
11960 freshman  20   0  871680 865392   1532 R 12.5  2.6   1:08.24 bzip2_base.+

top - 18:02:38 up 11 days,  5:07,  6 users,  load average: 1.00, 0.75, 0.37
Tasks: 197 total,   2 running, 121 sleeping,   0 stopped,   0 zombie
%Cpu(s): 12.4 us,  0.1 sy,  0.0 ni, 87.4 id,  0.0 wa,  0.0 hi,  0.0 si,  0.0 st
KiB Mem : 32843380 total, 16285900 free,  1181300 used, 15376180 buff/cache
--
  PID USER      PR  NI    VIRT    RES    SHR S %CPU %MEM     TIME+ COMMAND
11960 freshman  20   0  871680 865392   1532 R 12.4  2.6   1:09.24 bzip2_base.+

top - 18:02:39 up 11 days,  5:07,  6 users,  load average: 1.00, 0.75, 0.37
Tasks: 197 total,   2 running, 121 sleeping,   0 stopped,   0 zombie
%Cpu(s): 12.6 us,  0.0 sy,  0.0 ni, 87.4 id,  0.0 wa,  0.0 hi,  0.0 si,  0.0 st
KiB Mem : 32843380 total, 16285900 free,  1181300 used, 15376180 buff/cache
--
  PID USER      PR  NI    VIRT    RES    SHR S %CPU %MEM     TIME+ COMMAND
11960 freshman  20   0  871680 865392   1532 R 12.6  2.6   1:10.25 bzip2_base.+
11560 freshman  20   0   42788   3996   3368 R  0.1  0.0   0:02.11 top

top - 18:02:40 up 11 days,  5:07,  6 users,  load average: 1.00, 0.75, 0.37
Tasks: 197 total,   2 running, 121 sleeping,   0 stopped,   0 zombie
%Cpu(s): 12.5 us,  0.0 sy,  0.0 ni, 87.5 id,  0.0 wa,  0.0 hi,  0.0 si,  0.0 st
KiB Mem : 32843380 total, 16285900 free,  1181292 used, 15376188 buff/cache
--
  PID USER      PR  NI    VIRT    RES    SHR S %CPU %MEM     TIME+ COMMAND
11960 freshman  20   0  871680 865392   1532 R 12.5  2.6   1:11.26 bzip2_base.+

top - 18:02:41 up 11 days,  5:07,  6 users,  load average: 1.00, 0.75, 0.37
Tasks: 197 total,   2 running, 121 sleeping,   0 stopped,   0 zombie
%Cpu(s): 10.6 us,  2.0 sy,  0.0 ni, 87.4 id,  0.0 wa,  0.0 hi,  0.0 si,  0.0 st
KiB Mem : 32843380 total, 16285900 free,  1181292 used, 15376188 buff/cache
--
  PID USER      PR  NI    VIRT    RES    SHR S %CPU %MEM     TIME+ COMMAND
11962 freshman  20   0  872268 865628   1548 R 10.9  2.6   0:00.87 bzip2_base.+
11560 freshman  20   0   42788   3996   3368 R  0.1  0.0   0:02.12 top

top - 18:02:42 up 11 days,  5:07,  6 users,  load average: 1.00, 0.75, 0.37
Tasks: 197 total,   2 running, 121 sleeping,   0 stopped,   0 zombie
%Cpu(s): 12.6 us,  0.0 sy,  0.0 ni, 87.4 id,  0.0 wa,  0.0 hi,  0.0 si,  0.0 st
KiB Mem : 32843380 total, 16285900 free,  1181292 used, 15376188 buff/cache
--
  PID USER      PR  NI    VIRT    RES    SHR S %CPU %MEM     TIME+ COMMAND
11962 freshman  20   0  872268 865628   1548 R 12.4  2.6   0:01.87 bzip2_base.+

top - 18:02:43 up 11 days,  5:07,  6 users,  load average: 1.00, 0.75, 0.37
Tasks: 197 total,   2 running, 121 sleeping,   0 stopped,   0 zombie
%Cpu(s): 12.4 us,  0.1 sy,  0.0 ni, 87.4 id,  0.0 wa,  0.0 hi,  0.0 si,  0.0 st
KiB Mem : 32843380 total, 16285148 free,  1182036 used, 15376196 buff/cache
--
  PID USER      PR  NI    VIRT    RES    SHR S %CPU %MEM     TIME+ COMMAND
11962 freshman  20   0  872268 865628   1548 R 12.6  2.6   0:02.88 bzip2_base.+
11560 freshman  20   0   42788   3996   3368 R  0.1  0.0   0:02.13 top

top - 18:02:44 up 11 days,  5:07,  6 users,  load average: 1.00, 0.75, 0.37
Tasks: 197 total,   2 running, 121 sleeping,   0 stopped,   0 zombie
%Cpu(s): 12.5 us,  0.0 sy,  0.0 ni, 87.5 id,  0.0 wa,  0.0 hi,  0.0 si,  0.0 st
KiB Mem : 32843380 total, 16285148 free,  1182036 used, 15376196 buff/cache
--
  PID USER      PR  NI    VIRT    RES    SHR S %CPU %MEM     TIME+ COMMAND
11962 freshman  20   0  872268 865628   1548 R 12.4  2.6   0:03.88 bzip2_base.+

top - 18:02:45 up 11 days,  5:07,  6 users,  load average: 1.00, 0.76, 0.37
Tasks: 197 total,   2 running, 121 sleeping,   0 stopped,   0 zombie
%Cpu(s): 12.7 us,  0.1 sy,  0.0 ni, 87.2 id,  0.0 wa,  0.0 hi,  0.0 si,  0.0 st
KiB Mem : 32843380 total, 16285148 free,  1182036 used, 15376196 buff/cache
--
  PID USER      PR  NI    VIRT    RES    SHR S %CPU %MEM     TIME+ COMMAND
11962 freshman  20   0  872268 865628   1548 R 12.6  2.6   0:04.89 bzip2_base.+

top - 18:02:46 up 11 days,  5:07,  6 users,  load average: 1.00, 0.76, 0.37
Tasks: 197 total,   2 running, 121 sleeping,   0 stopped,   0 zombie
%Cpu(s): 12.4 us,  0.0 sy,  0.0 ni, 87.6 id,  0.0 wa,  0.0 hi,  0.0 si,  0.0 st
KiB Mem : 32843380 total, 16285156 free,  1182020 used, 15376204 buff/cache
--
  PID USER      PR  NI    VIRT    RES    SHR S %CPU %MEM     TIME+ COMMAND
11962 freshman  20   0  872268 865628   1548 R 12.4  2.6   0:05.89 bzip2_base.+

top - 18:02:47 up 11 days,  5:07,  6 users,  load average: 1.00, 0.76, 0.37
Tasks: 197 total,   2 running, 121 sleeping,   0 stopped,   0 zombie
%Cpu(s): 12.5 us,  0.0 sy,  0.0 ni, 87.5 id,  0.0 wa,  0.0 hi,  0.0 si,  0.0 st
KiB Mem : 32843380 total, 16285156 free,  1182020 used, 15376204 buff/cache
--
  PID USER      PR  NI    VIRT    RES    SHR S %CPU %MEM     TIME+ COMMAND
11962 freshman  20   0  872268 865628   1548 R 12.5  2.6   0:06.90 bzip2_base.+
11560 freshman  20   0   42788   3996   3368 R  0.1  0.0   0:02.14 top

top - 18:02:48 up 11 days,  5:07,  6 users,  load average: 1.00, 0.76, 0.37
Tasks: 197 total,   2 running, 121 sleeping,   0 stopped,   0 zombie
%Cpu(s): 12.5 us,  0.1 sy,  0.0 ni, 87.3 id,  0.0 wa,  0.0 hi,  0.0 si,  0.0 st
KiB Mem : 32843380 total, 16285156 free,  1182020 used, 15376204 buff/cache
--
  PID USER      PR  NI    VIRT    RES    SHR S %CPU %MEM     TIME+ COMMAND
11962 freshman  20   0  872268 865628   1548 R 12.5  2.6   0:07.90 bzip2_base.+

top - 18:02:49 up 11 days,  5:07,  6 users,  load average: 1.00, 0.76, 0.37
Tasks: 197 total,   2 running, 121 sleeping,   0 stopped,   0 zombie
%Cpu(s): 12.6 us,  0.0 sy,  0.0 ni, 87.4 id,  0.0 wa,  0.0 hi,  0.0 si,  0.0 st
KiB Mem : 32843380 total, 16285148 free,  1182028 used, 15376204 buff/cache
--
  PID USER      PR  NI    VIRT    RES    SHR S %CPU %MEM     TIME+ COMMAND
11962 freshman  20   0  872268 865628   1548 R 12.5  2.6   0:08.91 bzip2_base.+
11560 freshman  20   0   42788   3996   3368 R  0.1  0.0   0:02.15 top

top - 18:02:50 up 11 days,  5:07,  6 users,  load average: 1.00, 0.76, 0.38
Tasks: 198 total,   2 running, 121 sleeping,   0 stopped,   0 zombie
%Cpu(s): 12.4 us,  0.1 sy,  0.0 ni, 87.4 id,  0.0 wa,  0.0 hi,  0.0 si,  0.0 st
KiB Mem : 32843380 total, 16285148 free,  1182028 used, 15376204 buff/cache
--
  PID USER      PR  NI    VIRT    RES    SHR S %CPU %MEM     TIME+ COMMAND
11962 freshman  20   0  872268 865628   1548 R 12.5  2.6   0:09.91 bzip2_base.+

top - 18:02:51 up 11 days,  5:07,  6 users,  load average: 1.00, 0.76, 0.38
Tasks: 198 total,   2 running, 121 sleeping,   0 stopped,   0 zombie
%Cpu(s): 12.5 us,  0.0 sy,  0.0 ni, 87.5 id,  0.0 wa,  0.0 hi,  0.0 si,  0.0 st
KiB Mem : 32843380 total, 16285148 free,  1182028 used, 15376204 buff/cache
--
  PID USER      PR  NI    VIRT    RES    SHR S %CPU %MEM     TIME+ COMMAND
11962 freshman  20   0  872268 865628   1548 R 12.5  2.6   0:10.92 bzip2_base.+
11560 freshman  20   0   42788   3996   3368 R  0.1  0.0   0:02.16 top

top - 18:02:52 up 11 days,  5:07,  6 users,  load average: 1.00, 0.76, 0.38
Tasks: 198 total,   2 running, 121 sleeping,   0 stopped,   0 zombie
%Cpu(s): 12.7 us,  0.0 sy,  0.0 ni, 87.3 id,  0.0 wa,  0.0 hi,  0.0 si,  0.0 st
KiB Mem : 32843380 total, 16285148 free,  1182024 used, 15376208 buff/cache
--
  PID USER      PR  NI    VIRT    RES    SHR S %CPU %MEM     TIME+ COMMAND
11962 freshman  20   0  872268 865628   1548 R 12.5  2.6   0:11.92 bzip2_base.+

top - 18:02:53 up 11 days,  5:07,  6 users,  load average: 1.00, 0.76, 0.38
Tasks: 198 total,   2 running, 121 sleeping,   0 stopped,   0 zombie
%Cpu(s): 12.5 us,  0.0 sy,  0.0 ni, 87.5 id,  0.0 wa,  0.0 hi,  0.0 si,  0.0 st
KiB Mem : 32843380 total, 16285148 free,  1182024 used, 15376208 buff/cache
--
  PID USER      PR  NI    VIRT    RES    SHR S %CPU %MEM     TIME+ COMMAND
11962 freshman  20   0  872268 865628   1548 R 12.5  2.6   0:12.93 bzip2_base.+

top - 18:02:54 up 11 days,  5:07,  6 users,  load average: 1.00, 0.76, 0.38
Tasks: 198 total,   2 running, 121 sleeping,   0 stopped,   0 zombie
%Cpu(s): 12.4 us,  0.1 sy,  0.0 ni, 87.4 id,  0.0 wa,  0.0 hi,  0.0 si,  0.0 st
KiB Mem : 32843380 total, 16285148 free,  1182024 used, 15376208 buff/cache
--
  PID USER      PR  NI    VIRT    RES    SHR S %CPU %MEM     TIME+ COMMAND
11962 freshman  20   0  872268 865628   1548 R 12.5  2.6   0:13.93 bzip2_base.+
11560 freshman  20   0   42788   3996   3368 R  0.1  0.0   0:02.17 top

top - 18:02:55 up 11 days,  5:07,  6 users,  load average: 1.00, 0.77, 0.38
Tasks: 198 total,   2 running, 121 sleeping,   0 stopped,   0 zombie
%Cpu(s): 12.7 us,  0.0 sy,  0.0 ni, 87.3 id,  0.0 wa,  0.0 hi,  0.0 si,  0.0 st
KiB Mem : 32843380 total, 16285148 free,  1182016 used, 15376216 buff/cache
--
  PID USER      PR  NI    VIRT    RES    SHR S %CPU %MEM     TIME+ COMMAND
11962 freshman  20   0  872268 865628   1548 R 12.5  2.6   0:14.94 bzip2_base.+
11560 freshman  20   0   42788   3996   3368 R  0.1  0.0   0:02.18 top

top - 18:02:56 up 11 days,  5:07,  6 users,  load average: 1.00, 0.77, 0.38
Tasks: 198 total,   2 running, 121 sleeping,   0 stopped,   0 zombie
%Cpu(s): 12.5 us,  0.0 sy,  0.0 ni, 87.5 id,  0.0 wa,  0.0 hi,  0.0 si,  0.0 st
KiB Mem : 32843380 total, 16285148 free,  1182016 used, 15376216 buff/cache
--
  PID USER      PR  NI    VIRT    RES    SHR S %CPU %MEM     TIME+ COMMAND
11962 freshman  20   0  872268 865628   1548 R 12.5  2.6   0:15.94 bzip2_base.+

top - 18:02:57 up 11 days,  5:07,  6 users,  load average: 1.00, 0.77, 0.38
Tasks: 198 total,   2 running, 121 sleeping,   0 stopped,   0 zombie
%Cpu(s): 12.4 us,  0.1 sy,  0.0 ni, 87.5 id,  0.0 wa,  0.0 hi,  0.0 si,  0.0 st
KiB Mem : 32843380 total, 16285148 free,  1182016 used, 15376216 buff/cache
--
  PID USER      PR  NI    VIRT    RES    SHR S %CPU %MEM     TIME+ COMMAND
11962 freshman  20   0  872268 865628   1548 R 12.5  2.6   0:16.95 bzip2_base.+

top - 18:02:58 up 11 days,  5:07,  6 users,  load average: 1.00, 0.77, 0.38
Tasks: 198 total,   2 running, 121 sleeping,   0 stopped,   0 zombie
%Cpu(s): 12.6 us,  0.0 sy,  0.0 ni, 87.4 id,  0.0 wa,  0.0 hi,  0.0 si,  0.0 st
KiB Mem : 32843380 total, 16285156 free,  1182004 used, 15376220 buff/cache
--
  PID USER      PR  NI    VIRT    RES    SHR S %CPU %MEM     TIME+ COMMAND
11962 freshman  20   0  872268 865628   1548 R 12.5  2.6   0:17.95 bzip2_base.+

top - 18:02:59 up 11 days,  5:07,  6 users,  load average: 1.00, 0.77, 0.38
Tasks: 198 total,   2 running, 121 sleeping,   0 stopped,   0 zombie
%Cpu(s): 12.6 us,  0.0 sy,  0.0 ni, 87.4 id,  0.0 wa,  0.0 hi,  0.0 si,  0.0 st
KiB Mem : 32843380 total, 16285156 free,  1182004 used, 15376220 buff/cache
--
  PID USER      PR  NI    VIRT    RES    SHR S %CPU %MEM     TIME+ COMMAND
11962 freshman  20   0  872268 865628   1548 R 12.5  2.6   0:18.96 bzip2_base.+
11560 freshman  20   0   42788   3996   3368 R  0.1  0.0   0:02.19 top

top - 18:03:00 up 11 days,  5:07,  6 users,  load average: 1.00, 0.77, 0.38
Tasks: 198 total,   2 running, 121 sleeping,   0 stopped,   0 zombie
%Cpu(s): 12.5 us,  0.0 sy,  0.0 ni, 87.5 id,  0.0 wa,  0.0 hi,  0.0 si,  0.0 st
KiB Mem : 32843380 total, 16285156 free,  1182004 used, 15376220 buff/cache
--
  PID USER      PR  NI    VIRT    RES    SHR S %CPU %MEM     TIME+ COMMAND
11962 freshman  20   0  870120 863968   1548 R 12.5  2.6   0:19.96 bzip2_base.+

top - 18:03:01 up 11 days,  5:07,  6 users,  load average: 1.00, 0.77, 0.38
Tasks: 198 total,   2 running, 121 sleeping,   0 stopped,   0 zombie
%Cpu(s): 12.6 us,  0.0 sy,  0.0 ni, 87.4 id,  0.0 wa,  0.0 hi,  0.0 si,  0.0 st
KiB Mem : 32843380 total, 16287256 free,  1179904 used, 15376220 buff/cache
--
  PID USER      PR  NI    VIRT    RES    SHR S %CPU %MEM     TIME+ COMMAND
11962 freshman  20   0  870120 863968   1548 R 12.5  2.6   0:20.97 bzip2_base.+
11560 freshman  20   0   42788   3996   3368 R  0.1  0.0   0:02.20 top

top - 18:03:02 up 11 days,  5:07,  6 users,  load average: 1.00, 0.77, 0.38
Tasks: 198 total,   2 running, 121 sleeping,   0 stopped,   0 zombie
%Cpu(s): 12.5 us,  0.1 sy,  0.0 ni, 87.3 id,  0.0 wa,  0.0 hi,  0.0 si,  0.0 st
KiB Mem : 32843380 total, 16287256 free,  1179904 used, 15376220 buff/cache
--
  PID USER      PR  NI    VIRT    RES    SHR S %CPU %MEM     TIME+ COMMAND
11962 freshman  20   0  870120 863968   1548 R 12.6  2.6   0:21.98 bzip2_base.+
11560 freshman  20   0   42788   3996   3368 R  0.1  0.0   0:02.21 top

top - 18:03:03 up 11 days,  5:07,  6 users,  load average: 1.00, 0.77, 0.38
Tasks: 198 total,   2 running, 121 sleeping,   0 stopped,   0 zombie
%Cpu(s): 12.5 us,  0.0 sy,  0.0 ni, 87.5 id,  0.0 wa,  0.0 hi,  0.0 si,  0.0 st
KiB Mem : 32843380 total, 16287256 free,  1179904 used, 15376220 buff/cache
--
  PID USER      PR  NI    VIRT    RES    SHR S %CPU %MEM     TIME+ COMMAND
11962 freshman  20   0  870120 863968   1548 R 12.4  2.6   0:22.98 bzip2_base.+

top - 18:03:04 up 11 days,  5:07,  6 users,  load average: 1.00, 0.77, 0.38
Tasks: 198 total,   2 running, 121 sleeping,   0 stopped,   0 zombie
%Cpu(s): 12.5 us,  0.1 sy,  0.0 ni, 87.3 id,  0.0 wa,  0.0 hi,  0.0 si,  0.0 st
KiB Mem : 32843380 total, 16287008 free,  1180144 used, 15376228 buff/cache
--
  PID USER      PR  NI    VIRT    RES    SHR S %CPU %MEM     TIME+ COMMAND
11962 freshman  20   0  870120 863968   1548 R 12.5  2.6   0:23.98 bzip2_base.+

top - 18:03:05 up 11 days,  5:07,  6 users,  load average: 1.00, 0.77, 0.39
Tasks: 198 total,   2 running, 121 sleeping,   0 stopped,   0 zombie
%Cpu(s): 12.6 us,  0.0 sy,  0.0 ni, 87.4 id,  0.0 wa,  0.0 hi,  0.0 si,  0.0 st
KiB Mem : 32843380 total, 16287008 free,  1180144 used, 15376228 buff/cache
--
  PID USER      PR  NI    VIRT    RES    SHR S %CPU %MEM     TIME+ COMMAND
11962 freshman  20   0  875592 868720   1548 R 12.5  2.6   0:24.99 bzip2_base.+
11560 freshman  20   0   42788   3996   3368 R  0.1  0.0   0:02.22 top

top - 18:03:06 up 11 days,  5:07,  6 users,  load average: 1.00, 0.77, 0.39
Tasks: 198 total,   2 running, 121 sleeping,   0 stopped,   0 zombie
%Cpu(s): 12.4 us,  0.0 sy,  0.0 ni, 87.6 id,  0.0 wa,  0.0 hi,  0.0 si,  0.0 st
KiB Mem : 32843380 total, 16287008 free,  1180144 used, 15376228 buff/cache
--
  PID USER      PR  NI    VIRT    RES    SHR S %CPU %MEM     TIME+ COMMAND
11962 freshman  20   0  875592 868720   1548 R 12.5  2.6   0:26.00 bzip2_base.+

top - 18:03:07 up 11 days,  5:07,  6 users,  load average: 1.00, 0.77, 0.39
Tasks: 198 total,   2 running, 121 sleeping,   0 stopped,   0 zombie
%Cpu(s): 12.6 us,  0.0 sy,  0.0 ni, 87.4 id,  0.0 wa,  0.0 hi,  0.0 si,  0.0 st
KiB Mem : 32843380 total, 16282180 free,  1184968 used, 15376232 buff/cache
--
  PID USER      PR  NI    VIRT    RES    SHR S %CPU %MEM     TIME+ COMMAND
11962 freshman  20   0  875592 868720   1548 R 12.5  2.6   0:27.00 bzip2_base.+
11560 freshman  20   0   42788   3996   3368 R  0.1  0.0   0:02.23 top

top - 18:03:08 up 11 days,  5:07,  6 users,  load average: 1.00, 0.77, 0.39
Tasks: 198 total,   2 running, 121 sleeping,   0 stopped,   0 zombie
%Cpu(s): 12.6 us,  0.0 sy,  0.0 ni, 87.4 id,  0.0 wa,  0.0 hi,  0.0 si,  0.0 st
KiB Mem : 32843380 total, 16282180 free,  1184968 used, 15376232 buff/cache
--
  PID USER      PR  NI    VIRT    RES    SHR S %CPU %MEM     TIME+ COMMAND
11962 freshman  20   0  875592 868720   1548 R 12.5  2.6   0:28.01 bzip2_base.+

top - 18:03:09 up 11 days,  5:07,  6 users,  load average: 1.00, 0.77, 0.39
Tasks: 198 total,   2 running, 121 sleeping,   0 stopped,   0 zombie
%Cpu(s): 12.6 us,  0.0 sy,  0.0 ni, 87.4 id,  0.0 wa,  0.0 hi,  0.0 si,  0.0 st
KiB Mem : 32843380 total, 16282180 free,  1184968 used, 15376232 buff/cache
--
  PID USER      PR  NI    VIRT    RES    SHR S %CPU %MEM     TIME+ COMMAND
11962 freshman  20   0  875592 868720   1548 R 12.5  2.6   0:29.01 bzip2_base.+

top - 18:03:10 up 11 days,  5:07,  6 users,  load average: 1.00, 0.78, 0.39
Tasks: 198 total,   2 running, 121 sleeping,   0 stopped,   0 zombie
%Cpu(s): 12.6 us,  0.0 sy,  0.0 ni, 87.4 id,  0.0 wa,  0.0 hi,  0.0 si,  0.0 st
KiB Mem : 32843380 total, 16282188 free,  1184960 used, 15376232 buff/cache
--
  PID USER      PR  NI    VIRT    RES    SHR S %CPU %MEM     TIME+ COMMAND
11962 freshman  20   0  875592 868720   1548 R 12.5  2.6   0:30.02 bzip2_base.+

top - 18:03:11 up 11 days,  5:07,  6 users,  load average: 1.00, 0.78, 0.39
Tasks: 198 total,   2 running, 121 sleeping,   0 stopped,   0 zombie
%Cpu(s): 12.5 us,  0.0 sy,  0.0 ni, 87.5 id,  0.0 wa,  0.0 hi,  0.0 si,  0.0 st
KiB Mem : 32843380 total, 16282188 free,  1184960 used, 15376232 buff/cache
--
  PID USER      PR  NI    VIRT    RES    SHR S %CPU %MEM     TIME+ COMMAND
11962 freshman  20   0  875592 868720   1548 R 12.5  2.6   0:31.02 bzip2_base.+
11560 freshman  20   0   42788   3996   3368 R  0.2  0.0   0:02.25 top

top - 18:03:12 up 11 days,  5:07,  6 users,  load average: 1.00, 0.78, 0.39
Tasks: 198 total,   2 running, 121 sleeping,   0 stopped,   0 zombie
%Cpu(s): 12.4 us,  0.1 sy,  0.0 ni, 87.3 id,  0.0 wa,  0.0 hi,  0.1 si,  0.0 st
KiB Mem : 32843380 total, 16282188 free,  1184960 used, 15376232 buff/cache
--
  PID USER      PR  NI    VIRT    RES    SHR S %CPU %MEM     TIME+ COMMAND
11962 freshman  20   0  875592 868720   1548 R 12.5  2.6   0:32.03 bzip2_base.+

top - 18:03:13 up 11 days,  5:07,  6 users,  load average: 1.00, 0.78, 0.39
Tasks: 198 total,   2 running, 121 sleeping,   0 stopped,   0 zombie
%Cpu(s): 12.6 us,  0.0 sy,  0.0 ni, 87.4 id,  0.0 wa,  0.0 hi,  0.0 si,  0.0 st
KiB Mem : 32843380 total, 16282180 free,  1184956 used, 15376244 buff/cache
--
  PID USER      PR  NI    VIRT    RES    SHR S %CPU %MEM     TIME+ COMMAND
11962 freshman  20   0  875592 868720   1548 R 12.5  2.6   0:33.03 bzip2_base.+

top - 18:03:14 up 11 days,  5:07,  6 users,  load average: 1.00, 0.78, 0.39
Tasks: 198 total,   2 running, 121 sleeping,   0 stopped,   0 zombie
%Cpu(s): 12.4 us,  0.1 sy,  0.0 ni, 87.4 id,  0.0 wa,  0.0 hi,  0.0 si,  0.0 st
KiB Mem : 32843380 total, 16282180 free,  1184956 used, 15376244 buff/cache
--
  PID USER      PR  NI    VIRT    RES    SHR S %CPU %MEM     TIME+ COMMAND
11962 freshman  20   0  875592 868720   1548 R 12.5  2.6   0:34.04 bzip2_base.+
11560 freshman  20   0   42788   3996   3368 R  0.1  0.0   0:02.26 top

top - 18:03:15 up 11 days,  5:08,  6 users,  load average: 1.00, 0.78, 0.39
Tasks: 198 total,   2 running, 121 sleeping,   0 stopped,   0 zombie
%Cpu(s): 12.5 us,  0.0 sy,  0.0 ni, 87.5 id,  0.0 wa,  0.0 hi,  0.0 si,  0.0 st
KiB Mem : 32843380 total, 16282180 free,  1184956 used, 15376244 buff/cache
--
  PID USER      PR  NI    VIRT    RES    SHR S %CPU %MEM     TIME+ COMMAND
11962 freshman  20   0  875592 868720   1548 R 12.5  2.6   0:35.04 bzip2_base.+

top - 18:03:16 up 11 days,  5:08,  6 users,  load average: 1.00, 0.78, 0.39
Tasks: 198 total,   2 running, 121 sleeping,   0 stopped,   0 zombie
%Cpu(s): 12.6 us,  0.0 sy,  0.0 ni, 87.4 id,  0.0 wa,  0.0 hi,  0.0 si,  0.0 st
KiB Mem : 32843380 total, 16282180 free,  1184956 used, 15376244 buff/cache
--
  PID USER      PR  NI    VIRT    RES    SHR S %CPU %MEM     TIME+ COMMAND
11962 freshman  20   0  875592 868720   1548 R 12.5  2.6   0:36.05 bzip2_base.+
11560 freshman  20   0   42788   3996   3368 R  0.1  0.0   0:02.27 top

top - 18:03:17 up 11 days,  5:08,  6 users,  load average: 1.00, 0.78, 0.39
Tasks: 198 total,   2 running, 121 sleeping,   0 stopped,   0 zombie
%Cpu(s): 12.6 us,  0.0 sy,  0.0 ni, 87.4 id,  0.0 wa,  0.0 hi,  0.0 si,  0.0 st
KiB Mem : 32843380 total, 16282180 free,  1184956 used, 15376244 buff/cache
--
  PID USER      PR  NI    VIRT    RES    SHR S %CPU %MEM     TIME+ COMMAND
11962 freshman  20   0  875592 868720   1548 R 12.5  2.6   0:37.05 bzip2_base.+

top - 18:03:18 up 11 days,  5:08,  6 users,  load average: 1.00, 0.78, 0.39
Tasks: 198 total,   2 running, 121 sleeping,   0 stopped,   0 zombie
%Cpu(s): 12.6 us,  0.0 sy,  0.0 ni, 87.4 id,  0.0 wa,  0.0 hi,  0.0 si,  0.0 st
KiB Mem : 32843380 total, 16282180 free,  1184956 used, 15376244 buff/cache
--
  PID USER      PR  NI    VIRT    RES    SHR S %CPU %MEM     TIME+ COMMAND
11962 freshman  20   0  875592 868720   1548 R 12.5  2.6   0:38.06 bzip2_base.+

top - 18:03:19 up 11 days,  5:08,  6 users,  load average: 1.00, 0.78, 0.39
Tasks: 198 total,   2 running, 121 sleeping,   0 stopped,   0 zombie
%Cpu(s): 12.6 us,  0.0 sy,  0.0 ni, 87.4 id,  0.0 wa,  0.0 hi,  0.0 si,  0.0 st
KiB Mem : 32843380 total, 16282180 free,  1184948 used, 15376252 buff/cache
--
  PID USER      PR  NI    VIRT    RES    SHR S %CPU %MEM     TIME+ COMMAND
11962 freshman  20   0  875592 868720   1548 R 12.5  2.6   0:39.06 bzip2_base.+
11560 freshman  20   0   42788   3996   3368 R  0.1  0.0   0:02.28 top

top - 18:03:20 up 11 days,  5:08,  6 users,  load average: 1.00, 0.78, 0.40
Tasks: 198 total,   2 running, 121 sleeping,   0 stopped,   0 zombie
%Cpu(s): 12.5 us,  0.0 sy,  0.0 ni, 87.5 id,  0.0 wa,  0.0 hi,  0.0 si,  0.0 st
KiB Mem : 32843380 total, 16282180 free,  1184948 used, 15376252 buff/cache
--
  PID USER      PR  NI    VIRT    RES    SHR S %CPU %MEM     TIME+ COMMAND
11962 freshman  20   0  875592 868720   1548 R 12.5  2.6   0:40.07 bzip2_base.+

top - 18:03:21 up 11 days,  5:08,  6 users,  load average: 1.00, 0.78, 0.40
Tasks: 198 total,   2 running, 121 sleeping,   0 stopped,   0 zombie
%Cpu(s): 12.6 us,  0.0 sy,  0.0 ni, 87.4 id,  0.0 wa,  0.0 hi,  0.0 si,  0.0 st
KiB Mem : 32843380 total, 16282180 free,  1184948 used, 15376252 buff/cache
--
  PID USER      PR  NI    VIRT    RES    SHR S %CPU %MEM     TIME+ COMMAND
11962 freshman  20   0  875592 868720   1548 R 12.6  2.6   0:41.08 bzip2_base.+

top - 18:03:22 up 11 days,  5:08,  6 users,  load average: 1.00, 0.78, 0.40
Tasks: 198 total,   2 running, 121 sleeping,   0 stopped,   0 zombie
%Cpu(s): 12.6 us,  0.0 sy,  0.0 ni, 87.4 id,  0.0 wa,  0.0 hi,  0.0 si,  0.0 st
KiB Mem : 32843380 total, 16282188 free,  1184936 used, 15376256 buff/cache
--
  PID USER      PR  NI    VIRT    RES    SHR S %CPU %MEM     TIME+ COMMAND
11962 freshman  20   0  875592 868720   1548 R 12.4  2.6   0:42.08 bzip2_base.+
11560 freshman  20   0   42788   3996   3368 R  0.1  0.0   0:02.29 top

top - 18:03:23 up 11 days,  5:08,  6 users,  load average: 1.00, 0.78, 0.40
Tasks: 198 total,   2 running, 121 sleeping,   0 stopped,   0 zombie
%Cpu(s): 12.5 us,  0.0 sy,  0.0 ni, 87.5 id,  0.0 wa,  0.0 hi,  0.0 si,  0.0 st
KiB Mem : 32843380 total, 16282188 free,  1184936 used, 15376256 buff/cache
--
  PID USER      PR  NI    VIRT    RES    SHR S %CPU %MEM     TIME+ COMMAND
11962 freshman  20   0  875592 868720   1548 R 12.5  2.6   0:43.08 bzip2_base.+

top - 18:03:24 up 11 days,  5:08,  6 users,  load average: 1.00, 0.78, 0.40
Tasks: 198 total,   2 running, 121 sleeping,   0 stopped,   0 zombie
%Cpu(s): 12.6 us,  0.0 sy,  0.0 ni, 87.4 id,  0.0 wa,  0.0 hi,  0.0 si,  0.0 st
KiB Mem : 32843380 total, 16282188 free,  1184936 used, 15376256 buff/cache
--
  PID USER      PR  NI    VIRT    RES    SHR S %CPU %MEM     TIME+ COMMAND
11962 freshman  20   0  875592 868720   1548 R 12.5  2.6   0:44.09 bzip2_base.+
11560 freshman  20   0   42788   3996   3368 R  0.1  0.0   0:02.30 top

top - 18:03:25 up 11 days,  5:08,  6 users,  load average: 1.00, 0.79, 0.40
Tasks: 198 total,   2 running, 121 sleeping,   0 stopped,   0 zombie
%Cpu(s): 12.4 us,  0.1 sy,  0.0 ni, 87.5 id,  0.0 wa,  0.0 hi,  0.0 si,  0.0 st
KiB Mem : 32843380 total, 16286268 free,  1180856 used, 15376256 buff/cache
--
  PID USER      PR  NI    VIRT    RES    SHR S %CPU %MEM     TIME+ COMMAND
11962 freshman  20   0  870900 864620   1548 R 12.5  2.6   0:45.10 bzip2_base.+
11562 freshman  20   0   13136   1092    996 S  0.1  0.0   0:00.02 grep

top - 18:03:26 up 11 days,  5:08,  6 users,  load average: 1.00, 0.79, 0.40
Tasks: 198 total,   2 running, 121 sleeping,   0 stopped,   0 zombie
%Cpu(s): 12.6 us,  0.0 sy,  0.0 ni, 87.4 id,  0.0 wa,  0.0 hi,  0.0 si,  0.0 st
KiB Mem : 32843380 total, 16286268 free,  1180856 used, 15376256 buff/cache
--
  PID USER      PR  NI    VIRT    RES    SHR S %CPU %MEM     TIME+ COMMAND
11962 freshman  20   0  870900 864620   1548 R 12.5  2.6   0:46.10 bzip2_base.+

top - 18:03:27 up 11 days,  5:08,  6 users,  load average: 1.00, 0.79, 0.40
Tasks: 198 total,   2 running, 121 sleeping,   0 stopped,   0 zombie
%Cpu(s): 12.6 us,  0.0 sy,  0.0 ni, 87.4 id,  0.0 wa,  0.0 hi,  0.0 si,  0.0 st
KiB Mem : 32843380 total, 16286268 free,  1180856 used, 15376256 buff/cache
--
  PID USER      PR  NI    VIRT    RES    SHR S %CPU %MEM     TIME+ COMMAND
11962 freshman  20   0  870900 864620   1548 R 12.5  2.6   0:47.11 bzip2_base.+
11560 freshman  20   0   42788   3996   3368 R  0.1  0.0   0:02.31 top

top - 18:03:28 up 11 days,  5:08,  6 users,  load average: 1.00, 0.79, 0.40
Tasks: 198 total,   2 running, 121 sleeping,   0 stopped,   0 zombie
%Cpu(s): 12.6 us,  0.0 sy,  0.0 ni, 87.4 id,  0.0 wa,  0.0 hi,  0.0 si,  0.0 st
KiB Mem : 32843380 total, 16286272 free,  1180852 used, 15376256 buff/cache
--
  PID USER      PR  NI    VIRT    RES    SHR S %CPU %MEM     TIME+ COMMAND
11962 freshman  20   0  870900 864620   1548 R 12.5  2.6   0:48.11 bzip2_base.+

top - 18:03:29 up 11 days,  5:08,  6 users,  load average: 1.00, 0.79, 0.40
Tasks: 198 total,   2 running, 121 sleeping,   0 stopped,   0 zombie
%Cpu(s): 12.4 us,  0.1 sy,  0.0 ni, 87.4 id,  0.0 wa,  0.0 hi,  0.0 si,  0.0 st
KiB Mem : 32843380 total, 16286272 free,  1180852 used, 15376256 buff/cache
--
  PID USER      PR  NI    VIRT    RES    SHR S %CPU %MEM     TIME+ COMMAND
11962 freshman  20   0  877932 870956   1548 R 12.5  2.7   0:49.12 bzip2_base.+
11560 freshman  20   0   42788   3996   3368 R  0.1  0.0   0:02.32 top

top - 18:03:30 up 11 days,  5:08,  6 users,  load average: 1.00, 0.79, 0.40
Tasks: 198 total,   2 running, 121 sleeping,   0 stopped,   0 zombie
%Cpu(s): 12.6 us,  0.0 sy,  0.0 ni, 87.4 id,  0.0 wa,  0.0 hi,  0.0 si,  0.0 st
KiB Mem : 32843380 total, 16286272 free,  1180852 used, 15376256 buff/cache
--
  PID USER      PR  NI    VIRT    RES    SHR S %CPU %MEM     TIME+ COMMAND
11962 freshman  20   0  877932 870956   1548 R 12.5  2.7   0:50.12 bzip2_base.+

top - 18:03:31 up 11 days,  5:08,  6 users,  load average: 1.00, 0.79, 0.40
Tasks: 198 total,   2 running, 121 sleeping,   0 stopped,   0 zombie
%Cpu(s): 12.5 us,  0.0 sy,  0.0 ni, 87.5 id,  0.0 wa,  0.0 hi,  0.0 si,  0.0 st
KiB Mem : 32843380 total, 16280080 free,  1187032 used, 15376268 buff/cache
--
  PID USER      PR  NI    VIRT    RES    SHR S %CPU %MEM     TIME+ COMMAND
11962 freshman  20   0  877932 870956   1548 R 12.5  2.7   0:51.13 bzip2_base.+

top - 18:03:32 up 11 days,  5:08,  6 users,  load average: 1.00, 0.79, 0.40
Tasks: 198 total,   2 running, 121 sleeping,   0 stopped,   0 zombie
%Cpu(s): 12.5 us,  0.0 sy,  0.0 ni, 87.5 id,  0.0 wa,  0.0 hi,  0.0 si,  0.0 st
KiB Mem : 32843380 total, 16280080 free,  1187032 used, 15376268 buff/cache
--
  PID USER      PR  NI    VIRT    RES    SHR S %CPU %MEM     TIME+ COMMAND
11962 freshman  20   0  877932 870956   1548 R 12.5  2.7   0:52.13 bzip2_base.+
11560 freshman  20   0   42788   3996   3368 R  0.1  0.0   0:02.33 top

top - 18:03:33 up 11 days,  5:08,  6 users,  load average: 1.00, 0.79, 0.40
Tasks: 198 total,   2 running, 121 sleeping,   0 stopped,   0 zombie
%Cpu(s): 12.6 us,  0.0 sy,  0.0 ni, 87.4 id,  0.0 wa,  0.0 hi,  0.0 si,  0.0 st
KiB Mem : 32843380 total, 16280080 free,  1187032 used, 15376268 buff/cache
--
  PID USER      PR  NI    VIRT    RES    SHR S %CPU %MEM     TIME+ COMMAND
11962 freshman  20   0  877932 870956   1548 R 12.5  2.7   0:53.14 bzip2_base.+
11560 freshman  20   0   42788   3996   3368 R  0.1  0.0   0:02.34 top

top - 18:03:34 up 11 days,  5:08,  6 users,  load average: 1.00, 0.79, 0.40
Tasks: 198 total,   2 running, 121 sleeping,   0 stopped,   0 zombie
%Cpu(s): 12.5 us,  0.1 sy,  0.0 ni, 87.3 id,  0.0 wa,  0.0 hi,  0.0 si,  0.0 st
KiB Mem : 32843380 total, 16280096 free,  1187016 used, 15376268 buff/cache
--
  PID USER      PR  NI    VIRT    RES    SHR S %CPU %MEM     TIME+ COMMAND
11962 freshman  20   0  877932 870956   1548 R 12.5  2.7   0:54.14 bzip2_base.+

top - 18:03:35 up 11 days,  5:08,  6 users,  load average: 1.00, 0.80, 0.41
Tasks: 198 total,   2 running, 121 sleeping,   0 stopped,   0 zombie
%Cpu(s): 12.5 us,  0.0 sy,  0.0 ni, 87.5 id,  0.0 wa,  0.0 hi,  0.0 si,  0.0 st
KiB Mem : 32843380 total, 16280096 free,  1187016 used, 15376268 buff/cache
--
  PID USER      PR  NI    VIRT    RES    SHR S %CPU %MEM     TIME+ COMMAND
11962 freshman  20   0  877932 870956   1548 R 12.5  2.7   0:55.15 bzip2_base.+

top - 18:03:36 up 11 days,  5:08,  6 users,  load average: 1.00, 0.80, 0.41
Tasks: 198 total,   2 running, 121 sleeping,   0 stopped,   0 zombie
%Cpu(s): 12.5 us,  0.1 sy,  0.0 ni, 87.3 id,  0.0 wa,  0.0 hi,  0.0 si,  0.0 st
KiB Mem : 32843380 total, 16280096 free,  1187016 used, 15376268 buff/cache
--
  PID USER      PR  NI    VIRT    RES    SHR S %CPU %MEM     TIME+ COMMAND
11962 freshman  20   0  877932 870956   1548 R 12.5  2.7   0:56.15 bzip2_base.+
11560 freshman  20   0   42788   3996   3368 R  0.1  0.0   0:02.35 top

top - 18:03:37 up 11 days,  5:08,  6 users,  load average: 1.00, 0.80, 0.41
Tasks: 198 total,   2 running, 121 sleeping,   0 stopped,   0 zombie
%Cpu(s): 12.6 us,  0.0 sy,  0.0 ni, 87.4 id,  0.0 wa,  0.0 hi,  0.0 si,  0.0 st
KiB Mem : 32843380 total, 16280096 free,  1187016 used, 15376268 buff/cache
--
  PID USER      PR  NI    VIRT    RES    SHR S %CPU %MEM     TIME+ COMMAND
11962 freshman  20   0  877932 870956   1548 R 12.5  2.7   0:57.16 bzip2_base.+

top - 18:03:38 up 11 days,  5:08,  6 users,  load average: 1.00, 0.80, 0.41
Tasks: 198 total,   2 running, 121 sleeping,   0 stopped,   0 zombie
%Cpu(s): 12.6 us,  0.0 sy,  0.0 ni, 87.4 id,  0.0 wa,  0.0 hi,  0.0 si,  0.0 st
KiB Mem : 32843380 total, 16280096 free,  1187016 used, 15376268 buff/cache
--
  PID USER      PR  NI    VIRT    RES    SHR S %CPU %MEM     TIME+ COMMAND
11962 freshman  20   0  877932 870956   1548 R 12.5  2.7   0:58.16 bzip2_base.+
11560 freshman  20   0   42788   3996   3368 R  0.1  0.0   0:02.36 top

top - 18:03:39 up 11 days,  5:08,  6 users,  load average: 1.00, 0.80, 0.41
Tasks: 198 total,   2 running, 121 sleeping,   0 stopped,   0 zombie
%Cpu(s): 12.6 us,  0.0 sy,  0.0 ni, 87.4 id,  0.0 wa,  0.0 hi,  0.0 si,  0.0 st
KiB Mem : 32843380 total, 16280096 free,  1187016 used, 15376268 buff/cache
--
  PID USER      PR  NI    VIRT    RES    SHR S %CPU %MEM     TIME+ COMMAND
11962 freshman  20   0  877932 870956   1548 R 12.5  2.7   0:59.17 bzip2_base.+

top - 18:03:40 up 11 days,  5:08,  6 users,  load average: 1.00, 0.80, 0.41
Tasks: 198 total,   2 running, 121 sleeping,   0 stopped,   0 zombie
%Cpu(s): 12.4 us,  0.1 sy,  0.0 ni, 87.5 id,  0.0 wa,  0.0 hi,  0.0 si,  0.0 st
KiB Mem : 32843380 total, 16280128 free,  1186972 used, 15376280 buff/cache
--
  PID USER      PR  NI    VIRT    RES    SHR S %CPU %MEM     TIME+ COMMAND
11962 freshman  20   0  877932 870956   1548 R 12.6  2.7   1:00.18 bzip2_base.+
11560 freshman  20   0   42788   3996   3368 R  0.1  0.0   0:02.37 top

top - 18:03:41 up 11 days,  5:08,  6 users,  load average: 1.00, 0.80, 0.41
Tasks: 198 total,   2 running, 121 sleeping,   0 stopped,   0 zombie
%Cpu(s): 12.6 us,  0.0 sy,  0.0 ni, 87.4 id,  0.0 wa,  0.0 hi,  0.0 si,  0.0 st
KiB Mem : 32843380 total, 16280128 free,  1186972 used, 15376280 buff/cache
--
  PID USER      PR  NI    VIRT    RES    SHR S %CPU %MEM     TIME+ COMMAND
11962 freshman  20   0  877932 870956   1548 R 12.4  2.7   1:01.18 bzip2_base.+

top - 18:03:42 up 11 days,  5:08,  6 users,  load average: 1.00, 0.80, 0.41
Tasks: 198 total,   2 running, 121 sleeping,   0 stopped,   0 zombie
%Cpu(s): 12.6 us,  0.0 sy,  0.0 ni, 87.4 id,  0.0 wa,  0.0 hi,  0.0 si,  0.0 st
KiB Mem : 32843380 total, 16280128 free,  1186972 used, 15376280 buff/cache
--
  PID USER      PR  NI    VIRT    RES    SHR S %CPU %MEM     TIME+ COMMAND
11962 freshman  20   0  877932 870956   1548 R 12.5  2.7   1:02.18 bzip2_base.+

top - 18:03:43 up 11 days,  5:08,  6 users,  load average: 1.00, 0.80, 0.41
Tasks: 198 total,   2 running, 121 sleeping,   0 stopped,   0 zombie
%Cpu(s): 12.4 us,  0.1 sy,  0.0 ni, 87.4 id,  0.0 wa,  0.0 hi,  0.0 si,  0.0 st
KiB Mem : 32843380 total, 16280128 free,  1186972 used, 15376280 buff/cache
--
  PID USER      PR  NI    VIRT    RES    SHR S %CPU %MEM     TIME+ COMMAND
11962 freshman  20   0  877932 870956   1548 R 12.5  2.7   1:03.19 bzip2_base.+

top - 18:03:44 up 11 days,  5:08,  6 users,  load average: 1.00, 0.80, 0.41
Tasks: 198 total,   2 running, 121 sleeping,   0 stopped,   0 zombie
%Cpu(s): 12.6 us,  0.0 sy,  0.0 ni, 87.4 id,  0.0 wa,  0.0 hi,  0.0 si,  0.0 st
KiB Mem : 32843380 total, 16280128 free,  1186972 used, 15376280 buff/cache
--
  PID USER      PR  NI    VIRT    RES    SHR S %CPU %MEM     TIME+ COMMAND
11962 freshman  20   0  877932 870956   1548 R 12.5  2.7   1:04.20 bzip2_base.+
11560 freshman  20   0   42788   3996   3368 R  0.1  0.0   0:02.38 top

top - 18:03:45 up 11 days,  5:08,  6 users,  load average: 1.00, 0.80, 0.41
Tasks: 198 total,   2 running, 121 sleeping,   0 stopped,   0 zombie
%Cpu(s): 12.5 us,  0.0 sy,  0.0 ni, 87.5 id,  0.0 wa,  0.0 hi,  0.0 si,  0.0 st
KiB Mem : 32843380 total, 16280128 free,  1186972 used, 15376280 buff/cache
--
  PID USER      PR  NI    VIRT    RES    SHR S %CPU %MEM     TIME+ COMMAND
11962 freshman  20   0  877932 870956   1548 R 12.5  2.7   1:05.20 bzip2_base.+
11560 freshman  20   0   42788   3996   3368 R  0.1  0.0   0:02.39 top

top - 18:03:46 up 11 days,  5:08,  6 users,  load average: 1.00, 0.80, 0.41
Tasks: 198 total,   2 running, 121 sleeping,   0 stopped,   0 zombie
%Cpu(s): 12.6 us,  0.0 sy,  0.0 ni, 87.4 id,  0.0 wa,  0.0 hi,  0.0 si,  0.0 st
KiB Mem : 32843380 total, 16280096 free,  1186996 used, 15376288 buff/cache
--
  PID USER      PR  NI    VIRT    RES    SHR S %CPU %MEM     TIME+ COMMAND
11962 freshman  20   0  877932 870956   1548 R 12.5  2.7   1:06.21 bzip2_base.+

top - 18:03:47 up 11 days,  5:08,  6 users,  load average: 1.00, 0.80, 0.41
Tasks: 198 total,   2 running, 121 sleeping,   0 stopped,   0 zombie
%Cpu(s): 12.6 us,  0.0 sy,  0.0 ni, 87.4 id,  0.0 wa,  0.0 hi,  0.0 si,  0.0 st
KiB Mem : 32843380 total, 16280096 free,  1186996 used, 15376288 buff/cache
--
  PID USER      PR  NI    VIRT    RES    SHR S %CPU %MEM     TIME+ COMMAND
11962 freshman  20   0  877932 870956   1548 R 12.5  2.7   1:07.21 bzip2_base.+
11560 freshman  20   0   42788   3996   3368 R  0.1  0.0   0:02.40 top

top - 18:03:48 up 11 days,  5:08,  6 users,  load average: 1.00, 0.80, 0.41
Tasks: 198 total,   2 running, 121 sleeping,   0 stopped,   0 zombie
%Cpu(s): 12.5 us,  0.0 sy,  0.0 ni, 87.5 id,  0.0 wa,  0.0 hi,  0.0 si,  0.0 st
KiB Mem : 32843380 total, 16280096 free,  1186996 used, 15376288 buff/cache
--
  PID USER      PR  NI    VIRT    RES    SHR S %CPU %MEM     TIME+ COMMAND
11962 freshman  20   0  877932 870956   1548 R 12.5  2.7   1:08.22 bzip2_base.+

top - 18:03:49 up 11 days,  5:08,  6 users,  load average: 1.00, 0.80, 0.41
Tasks: 198 total,   2 running, 121 sleeping,   0 stopped,   0 zombie
%Cpu(s): 12.5 us,  0.1 sy,  0.0 ni, 87.3 id,  0.0 wa,  0.0 hi,  0.0 si,  0.0 st
KiB Mem : 32843380 total, 16280128 free,  1186960 used, 15376292 buff/cache
--
  PID USER      PR  NI    VIRT    RES    SHR S %CPU %MEM     TIME+ COMMAND
11962 freshman  20   0  877932 870956   1548 R 12.5  2.7   1:09.22 bzip2_base.+

top - 18:03:50 up 11 days,  5:08,  6 users,  load average: 1.00, 0.81, 0.42
Tasks: 198 total,   2 running, 121 sleeping,   0 stopped,   0 zombie
%Cpu(s): 12.6 us,  0.0 sy,  0.0 ni, 87.4 id,  0.0 wa,  0.0 hi,  0.0 si,  0.0 st
KiB Mem : 32843380 total, 16280128 free,  1186960 used, 15376292 buff/cache
--
  PID USER      PR  NI    VIRT    RES    SHR S %CPU %MEM     TIME+ COMMAND
11962 freshman  20   0  877932 870956   1548 R 12.5  2.7   1:10.23 bzip2_base.+
11560 freshman  20   0   42788   3996   3368 R  0.1  0.0   0:02.41 top

top - 18:03:51 up 11 days,  5:08,  6 users,  load average: 1.00, 0.81, 0.42
Tasks: 198 total,   2 running, 121 sleeping,   0 stopped,   0 zombie
%Cpu(s): 12.5 us,  0.0 sy,  0.0 ni, 87.5 id,  0.0 wa,  0.0 hi,  0.0 si,  0.0 st
KiB Mem : 32843380 total, 16280128 free,  1186960 used, 15376292 buff/cache
--
  PID USER      PR  NI    VIRT    RES    SHR S %CPU %MEM     TIME+ COMMAND
11962 freshman  20   0  871680 865400   1548 R 12.5  2.6   1:11.23 bzip2_base.+

top - 18:03:52 up 11 days,  5:08,  6 users,  load average: 1.00, 0.81, 0.42
Tasks: 198 total,   2 running, 121 sleeping,   0 stopped,   0 zombie
%Cpu(s): 12.5 us,  0.1 sy,  0.0 ni, 87.3 id,  0.0 wa,  0.0 hi,  0.0 si,  0.0 st
KiB Mem : 32843380 total, 16285428 free,  1181652 used, 15376300 buff/cache
--
  PID USER      PR  NI    VIRT    RES    SHR S %CPU %MEM     TIME+ COMMAND
11962 freshman  20   0  871680 865400   1548 R 12.5  2.6   1:12.24 bzip2_base.+

top - 18:03:53 up 11 days,  5:08,  6 users,  load average: 1.00, 0.81, 0.42
Tasks: 198 total,   2 running, 121 sleeping,   0 stopped,   0 zombie
%Cpu(s): 12.6 us,  0.0 sy,  0.0 ni, 87.4 id,  0.0 wa,  0.0 hi,  0.0 si,  0.0 st
KiB Mem : 32843380 total, 16285428 free,  1181652 used, 15376300 buff/cache
--
  PID USER      PR  NI    VIRT    RES    SHR S %CPU %MEM     TIME+ COMMAND
11962 freshman  20   0  871680 865400   1548 R 12.5  2.6   1:13.24 bzip2_base.+
11560 freshman  20   0   42788   3996   3368 R  0.1  0.0   0:02.42 top

top - 18:03:54 up 11 days,  5:08,  6 users,  load average: 1.00, 0.81, 0.42
Tasks: 198 total,   2 running, 121 sleeping,   0 stopped,   0 zombie
%Cpu(s): 12.4 us,  0.0 sy,  0.0 ni, 87.6 id,  0.0 wa,  0.0 hi,  0.0 si,  0.0 st
KiB Mem : 32843380 total, 16285428 free,  1181652 used, 15376300 buff/cache
--
  PID USER      PR  NI    VIRT    RES    SHR S %CPU %MEM     TIME+ COMMAND
11962 freshman  20   0  871680 865400   1548 R 12.5  2.6   1:14.25 bzip2_base.+

top - 18:03:55 up 11 days,  5:08,  6 users,  load average: 1.00, 0.81, 0.42
Tasks: 198 total,   2 running, 121 sleeping,   0 stopped,   0 zombie
%Cpu(s): 11.9 us,  0.7 sy,  0.0 ni, 87.3 id,  0.0 wa,  0.0 hi,  0.0 si,  0.0 st
KiB Mem : 32843380 total, 16960968 free,   506104 used, 15376308 buff/cache
--
  PID USER      PR  NI    VIRT    RES    SHR S %CPU %MEM     TIME+ COMMAND
11965 freshman  20   0  210396 205984   1368 R  0.4  0.6   0:00.03 bzip2_base.+
11560 freshman  20   0   42788   3996   3368 R  0.1  0.0   0:02.43 top

top - 18:03:56 up 11 days,  5:08,  6 users,  load average: 1.00, 0.81, 0.42
Tasks: 198 total,   2 running, 121 sleeping,   0 stopped,   0 zombie
%Cpu(s): 11.7 us,  0.9 sy,  0.0 ni, 87.4 id,  0.0 wa,  0.0 hi,  0.0 si,  0.0 st
KiB Mem : 32843380 total, 16960968 free,   506104 used, 15376308 buff/cache
--
  PID USER      PR  NI    VIRT    RES    SHR S %CPU %MEM     TIME+ COMMAND
11965 freshman  20   0  626428 619792   1496 R 12.5  1.9   0:01.04 bzip2_base.+
11560 freshman  20   0   42788   3996   3368 R  0.1  0.0   0:02.44 top

top - 18:03:57 up 11 days,  5:08,  6 users,  load average: 1.00, 0.81, 0.42
Tasks: 198 total,   2 running, 121 sleeping,   0 stopped,   0 zombie
%Cpu(s): 12.5 us,  0.0 sy,  0.0 ni, 87.5 id,  0.0 wa,  0.0 hi,  0.0 si,  0.0 st
KiB Mem : 32843380 total, 16960968 free,   506104 used, 15376308 buff/cache
--
  PID USER      PR  NI    VIRT    RES    SHR S %CPU %MEM     TIME+ COMMAND
11965 freshman  20   0  626428 619792   1496 R 12.5  1.9   0:02.04 bzip2_base.+

top - 18:03:58 up 11 days,  5:08,  6 users,  load average: 1.00, 0.81, 0.42
Tasks: 198 total,   2 running, 121 sleeping,   0 stopped,   0 zombie
%Cpu(s): 12.5 us,  0.1 sy,  0.0 ni, 87.3 id,  0.0 wa,  0.0 hi,  0.0 si,  0.0 st
KiB Mem : 32843380 total, 16531304 free,   935768 used, 15376308 buff/cache
--
  PID USER      PR  NI    VIRT    RES    SHR S %CPU %MEM     TIME+ COMMAND
11965 freshman  20   0  626428 619792   1496 R 12.5  1.9   0:03.05 bzip2_base.+
11560 freshman  20   0   42788   3996   3368 R  0.1  0.0   0:02.45 top

top - 18:03:59 up 11 days,  5:08,  6 users,  load average: 1.00, 0.81, 0.42
Tasks: 198 total,   2 running, 121 sleeping,   0 stopped,   0 zombie
%Cpu(s): 12.5 us,  0.0 sy,  0.0 ni, 87.5 id,  0.0 wa,  0.0 hi,  0.0 si,  0.0 st
KiB Mem : 32843380 total, 16531304 free,   935768 used, 15376308 buff/cache
--
  PID USER      PR  NI    VIRT    RES    SHR S %CPU %MEM     TIME+ COMMAND
11965 freshman  20   0  626428 619792   1496 R 12.5  1.9   0:04.05 bzip2_base.+

top - 18:04:00 up 11 days,  5:08,  6 users,  load average: 1.00, 0.81, 0.43
Tasks: 198 total,   2 running, 121 sleeping,   0 stopped,   0 zombie
%Cpu(s): 12.5 us,  0.0 sy,  0.0 ni, 87.5 id,  0.0 wa,  0.0 hi,  0.0 si,  0.0 st
KiB Mem : 32843380 total, 16531304 free,   935768 used, 15376308 buff/cache
--
  PID USER      PR  NI    VIRT    RES    SHR S %CPU %MEM     TIME+ COMMAND
11965 freshman  20   0  626428 619792   1496 R 12.5  1.9   0:05.06 bzip2_base.+

top - 18:04:01 up 11 days,  5:08,  6 users,  load average: 1.00, 0.81, 0.43
Tasks: 198 total,   2 running, 121 sleeping,   0 stopped,   0 zombie
%Cpu(s): 12.5 us,  0.0 sy,  0.0 ni, 87.5 id,  0.0 wa,  0.0 hi,  0.0 si,  0.0 st
KiB Mem : 32843380 total, 16531336 free,   935736 used, 15376308 buff/cache
--
  PID USER      PR  NI    VIRT    RES    SHR S %CPU %MEM     TIME+ COMMAND
11965 freshman  20   0  626428 619792   1496 R 12.4  1.9   0:06.06 bzip2_base.+

top - 18:04:02 up 11 days,  5:08,  6 users,  load average: 1.00, 0.81, 0.43
Tasks: 198 total,   2 running, 121 sleeping,   0 stopped,   0 zombie
%Cpu(s): 12.4 us,  0.1 sy,  0.0 ni, 87.4 id,  0.0 wa,  0.0 hi,  0.0 si,  0.0 st
KiB Mem : 32843380 total, 16531336 free,   935736 used, 15376308 buff/cache
--
  PID USER      PR  NI    VIRT    RES    SHR S %CPU %MEM     TIME+ COMMAND
11965 freshman  20   0  626428 620320   1496 R 12.8  1.9   0:07.08 bzip2_base.+
11560 freshman  20   0   42788   3996   3368 R  0.1  0.0   0:02.46 top
17961 root      20   0       0      0      0 I  0.1  0.0   0:14.99 kworker/5:2
--
top - 18:04:03 up 11 days,  5:08,  6 users,  load average: 1.00, 0.81, 0.43
Tasks: 198 total,   2 running, 121 sleeping,   0 stopped,   0 zombie
%Cpu(s): 12.4 us,  0.1 sy,  0.0 ni, 87.4 id,  0.0 wa,  0.0 hi,  0.0 si,  0.0 st
KiB Mem : 32843380 total, 16531336 free,   935736 used, 15376308 buff/cache
--
  PID USER      PR  NI    VIRT    RES    SHR S %CPU %MEM     TIME+ COMMAND
11965 freshman  20   0  626428 620320   1496 R 12.4  1.9   0:08.08 bzip2_base.+

top - 18:04:04 up 11 days,  5:08,  6 users,  load average: 1.00, 0.81, 0.43
Tasks: 198 total,   2 running, 121 sleeping,   0 stopped,   0 zombie
%Cpu(s): 12.6 us,  0.0 sy,  0.0 ni, 87.4 id,  0.0 wa,  0.0 hi,  0.0 si,  0.0 st
KiB Mem : 32843380 total, 16530964 free,   936100 used, 15376316 buff/cache
--
  PID USER      PR  NI    VIRT    RES    SHR S %CPU %MEM     TIME+ COMMAND
11965 freshman  20   0  626428 620320   1496 R 12.5  1.9   0:09.08 bzip2_base.+
11560 freshman  20   0   42788   3996   3368 R  0.1  0.0   0:02.47 top

top - 18:04:05 up 11 days,  5:08,  6 users,  load average: 1.00, 0.82, 0.43
Tasks: 198 total,   2 running, 121 sleeping,   0 stopped,   0 zombie
%Cpu(s): 12.6 us,  0.0 sy,  0.0 ni, 87.4 id,  0.0 wa,  0.0 hi,  0.0 si,  0.0 st
KiB Mem : 32843380 total, 16530964 free,   936100 used, 15376316 buff/cache
--
  PID USER      PR  NI    VIRT    RES    SHR S %CPU %MEM     TIME+ COMMAND
11965 freshman  20   0  626428 620320   1496 R 12.5  1.9   0:10.09 bzip2_base.+

top - 18:04:06 up 11 days,  5:08,  6 users,  load average: 1.00, 0.82, 0.43
Tasks: 198 total,   2 running, 121 sleeping,   0 stopped,   0 zombie
%Cpu(s): 12.5 us,  0.0 sy,  0.0 ni, 87.5 id,  0.0 wa,  0.0 hi,  0.0 si,  0.0 st
KiB Mem : 32843380 total, 16530964 free,   936100 used, 15376316 buff/cache
--
  PID USER      PR  NI    VIRT    RES    SHR S %CPU %MEM     TIME+ COMMAND
11965 freshman  20   0  626428 620320   1496 R 12.6  1.9   0:11.10 bzip2_base.+
11560 freshman  20   0   42788   3996   3368 R  0.1  0.0   0:02.48 top

top - 18:04:07 up 11 days,  5:08,  6 users,  load average: 1.00, 0.82, 0.43
Tasks: 198 total,   2 running, 121 sleeping,   0 stopped,   0 zombie
%Cpu(s): 12.5 us,  0.0 sy,  0.0 ni, 87.5 id,  0.0 wa,  0.0 hi,  0.0 si,  0.0 st
KiB Mem : 32843380 total, 16530856 free,   936204 used, 15376320 buff/cache
--
  PID USER      PR  NI    VIRT    RES    SHR S %CPU %MEM     TIME+ COMMAND
11965 freshman  20   0  626428 620320   1496 R 12.4  1.9   0:12.10 bzip2_base.+
 1808 root      20   0       0      0      0 I  0.1  0.0   0:13.04 kworker/1:2

top - 18:04:08 up 11 days,  5:08,  6 users,  load average: 1.00, 0.82, 0.43
Tasks: 198 total,   2 running, 121 sleeping,   0 stopped,   0 zombie
%Cpu(s): 12.5 us,  0.1 sy,  0.0 ni, 87.3 id,  0.0 wa,  0.0 hi,  0.0 si,  0.0 st
KiB Mem : 32843380 total, 16530856 free,   936204 used, 15376320 buff/cache
--
  PID USER      PR  NI    VIRT    RES    SHR S %CPU %MEM     TIME+ COMMAND
11965 freshman  20   0  624280 618092   1496 R 12.5  1.9   0:13.10 bzip2_base.+

top - 18:04:09 up 11 days,  5:08,  6 users,  load average: 1.00, 0.82, 0.43
Tasks: 198 total,   2 running, 121 sleeping,   0 stopped,   0 zombie
%Cpu(s): 12.4 us,  0.1 sy,  0.0 ni, 87.4 id,  0.0 wa,  0.0 hi,  0.0 si,  0.0 st
KiB Mem : 32843380 total, 16530856 free,   936204 used, 15376320 buff/cache
--
  PID USER      PR  NI    VIRT    RES    SHR S %CPU %MEM     TIME+ COMMAND
11965 freshman  20   0  624280 618092   1496 R 12.5  1.9   0:14.11 bzip2_base.+
11560 freshman  20   0   42788   3996   3368 R  0.1  0.0   0:02.49 top

top - 18:04:10 up 11 days,  5:08,  6 users,  load average: 1.00, 0.82, 0.43
Tasks: 198 total,   2 running, 121 sleeping,   0 stopped,   0 zombie
%Cpu(s): 12.6 us,  0.0 sy,  0.0 ni, 87.4 id,  0.0 wa,  0.0 hi,  0.0 si,  0.0 st
KiB Mem : 32843380 total, 16533088 free,   933964 used, 15376328 buff/cache
--
  PID USER      PR  NI    VIRT    RES    SHR S %CPU %MEM     TIME+ COMMAND
11965 freshman  20   0  624280 618092   1496 R 12.5  1.9   0:15.11 bzip2_base.+

top - 18:04:11 up 11 days,  5:08,  6 users,  load average: 1.00, 0.82, 0.43
Tasks: 198 total,   2 running, 121 sleeping,   0 stopped,   0 zombie
%Cpu(s): 12.5 us,  0.0 sy,  0.0 ni, 87.5 id,  0.0 wa,  0.0 hi,  0.0 si,  0.0 st
KiB Mem : 32843380 total, 16533088 free,   933964 used, 15376328 buff/cache
--
  PID USER      PR  NI    VIRT    RES    SHR S %CPU %MEM     TIME+ COMMAND
11965 freshman  20   0  624280 618092   1496 R 12.5  1.9   0:16.12 bzip2_base.+
   11 root      rt   0       0      0      0 S  0.1  0.0   0:01.69 watchdog/0

top - 18:04:12 up 11 days,  5:08,  6 users,  load average: 1.00, 0.82, 0.43
Tasks: 198 total,   2 running, 121 sleeping,   0 stopped,   0 zombie
%Cpu(s): 12.5 us,  0.1 sy,  0.0 ni, 87.3 id,  0.0 wa,  0.0 hi,  0.0 si,  0.0 st
KiB Mem : 32843380 total, 16533088 free,   933964 used, 15376328 buff/cache
--
  PID USER      PR  NI    VIRT    RES    SHR S %CPU %MEM     TIME+ COMMAND
11965 freshman  20   0  629752 623636   1496 R 12.5  1.9   0:17.12 bzip2_base.+
11560 freshman  20   0   42788   3996   3368 R  0.1  0.0   0:02.50 top

top - 18:04:13 up 11 days,  5:08,  6 users,  load average: 1.00, 0.82, 0.43
Tasks: 198 total,   2 running, 121 sleeping,   0 stopped,   0 zombie
%Cpu(s): 12.4 us,  0.0 sy,  0.0 ni, 87.6 id,  0.0 wa,  0.0 hi,  0.0 si,  0.0 st
KiB Mem : 32843380 total, 16527880 free,   939168 used, 15376332 buff/cache
--
  PID USER      PR  NI    VIRT    RES    SHR S %CPU %MEM     TIME+ COMMAND
11965 freshman  20   0  629752 623636   1496 R 12.5  1.9   0:18.13 bzip2_base.+

top - 18:04:14 up 11 days,  5:08,  6 users,  load average: 1.00, 0.82, 0.43
Tasks: 198 total,   2 running, 121 sleeping,   0 stopped,   0 zombie
%Cpu(s): 12.5 us,  0.1 sy,  0.0 ni, 87.3 id,  0.0 wa,  0.0 hi,  0.0 si,  0.0 st
KiB Mem : 32843380 total, 16527880 free,   939168 used, 15376332 buff/cache
--
  PID USER      PR  NI    VIRT    RES    SHR S %CPU %MEM     TIME+ COMMAND
11965 freshman  20   0  629752 623636   1496 R 12.5  1.9   0:19.13 bzip2_base.+
11560 freshman  20   0   42788   3996   3368 R  0.1  0.0   0:02.51 top

top - 18:04:15 up 11 days,  5:09,  6 users,  load average: 1.00, 0.82, 0.44
Tasks: 198 total,   2 running, 121 sleeping,   0 stopped,   0 zombie
%Cpu(s): 12.5 us,  0.0 sy,  0.0 ni, 87.5 id,  0.0 wa,  0.0 hi,  0.0 si,  0.0 st
KiB Mem : 32843380 total, 16527880 free,   939168 used, 15376332 buff/cache
--
  PID USER      PR  NI    VIRT    RES    SHR S %CPU %MEM     TIME+ COMMAND
11965 freshman  20   0  629752 623636   1496 R 12.5  1.9   0:20.14 bzip2_base.+

top - 18:04:16 up 11 days,  5:09,  6 users,  load average: 1.00, 0.82, 0.44
Tasks: 198 total,   2 running, 121 sleeping,   0 stopped,   0 zombie
%Cpu(s): 12.6 us,  0.0 sy,  0.0 ni, 87.4 id,  0.0 wa,  0.0 hi,  0.0 si,  0.0 st
KiB Mem : 32843380 total, 16527600 free,   939448 used, 15376332 buff/cache
--
  PID USER      PR  NI    VIRT    RES    SHR S %CPU %MEM     TIME+ COMMAND
11965 freshman  20   0  629752 623636   1496 R 12.5  1.9   0:21.14 bzip2_base.+
11560 freshman  20   0   42788   3996   3368 R  0.1  0.0   0:02.52 top

top - 18:04:17 up 11 days,  5:09,  6 users,  load average: 1.00, 0.82, 0.44
Tasks: 198 total,   2 running, 121 sleeping,   0 stopped,   0 zombie
%Cpu(s): 12.5 us,  0.1 sy,  0.0 ni, 87.3 id,  0.0 wa,  0.0 hi,  0.0 si,  0.0 st
KiB Mem : 32843380 total, 16527600 free,   939448 used, 15376332 buff/cache
--
  PID USER      PR  NI    VIRT    RES    SHR S %CPU %MEM     TIME+ COMMAND
11965 freshman  20   0  629752 623636   1496 R 12.5  1.9   0:22.15 bzip2_base.+

top - 18:04:18 up 11 days,  5:09,  6 users,  load average: 1.00, 0.82, 0.44
Tasks: 198 total,   2 running, 121 sleeping,   0 stopped,   0 zombie
%Cpu(s): 12.5 us,  0.0 sy,  0.0 ni, 87.5 id,  0.0 wa,  0.0 hi,  0.0 si,  0.0 st
KiB Mem : 32843380 total, 16527600 free,   939448 used, 15376332 buff/cache
--
  PID USER      PR  NI    VIRT    RES    SHR S %CPU %MEM     TIME+ COMMAND
11965 freshman  20   0  629752 623636   1496 R 12.6  1.9   0:23.16 bzip2_base.+

top - 18:04:19 up 11 days,  5:09,  6 users,  load average: 1.00, 0.82, 0.44
Tasks: 198 total,   2 running, 121 sleeping,   0 stopped,   0 zombie
%Cpu(s): 12.4 us,  0.1 sy,  0.0 ni, 87.5 id,  0.0 wa,  0.0 hi,  0.0 si,  0.0 st
KiB Mem : 32843380 total, 16527632 free,   939408 used, 15376340 buff/cache
--
  PID USER      PR  NI    VIRT    RES    SHR S %CPU %MEM     TIME+ COMMAND
11965 freshman  20   0  629752 623636   1496 R 12.4  1.9   0:24.16 bzip2_base.+
11560 freshman  20   0   42788   3996   3368 R  0.1  0.0   0:02.53 top

top - 18:04:20 up 11 days,  5:09,  6 users,  load average: 1.00, 0.83, 0.44
Tasks: 198 total,   2 running, 121 sleeping,   0 stopped,   0 zombie
%Cpu(s): 12.6 us,  0.0 sy,  0.0 ni, 87.4 id,  0.0 wa,  0.0 hi,  0.0 si,  0.0 st
KiB Mem : 32843380 total, 16527632 free,   939408 used, 15376340 buff/cache
--
  PID USER      PR  NI    VIRT    RES    SHR S %CPU %MEM     TIME+ COMMAND
11965 freshman  20   0  629752 623636   1496 R 12.5  1.9   0:25.16 bzip2_base.+

top - 18:04:21 up 11 days,  5:09,  6 users,  load average: 1.00, 0.83, 0.44
Tasks: 198 total,   2 running, 121 sleeping,   0 stopped,   0 zombie
%Cpu(s): 12.6 us,  0.0 sy,  0.0 ni, 87.4 id,  0.0 wa,  0.0 hi,  0.0 si,  0.0 st
KiB Mem : 32843380 total, 16527632 free,   939408 used, 15376340 buff/cache
--
  PID USER      PR  NI    VIRT    RES    SHR S %CPU %MEM     TIME+ COMMAND
11965 freshman  20   0  629752 623636   1496 R 12.5  1.9   0:26.17 bzip2_base.+
11560 freshman  20   0   42788   3996   3368 R  0.1  0.0   0:02.54 top

top - 18:04:22 up 11 days,  5:09,  6 users,  load average: 1.00, 0.83, 0.44
Tasks: 198 total,   2 running, 121 sleeping,   0 stopped,   0 zombie
%Cpu(s): 12.4 us,  0.1 sy,  0.0 ni, 87.3 id,  0.1 wa,  0.0 hi,  0.0 si,  0.0 st
KiB Mem : 32843380 total, 16527600 free,   939436 used, 15376344 buff/cache
--
  PID USER      PR  NI    VIRT    RES    SHR S %CPU %MEM     TIME+ COMMAND
11965 freshman  20   0  629752 623636   1496 R 12.5  1.9   0:27.18 bzip2_base.+
 1020 root      20   0  178600   9400   8600 S  0.1  0.0   1:09.86 thermald

top - 18:04:23 up 11 days,  5:09,  6 users,  load average: 1.00, 0.83, 0.44
Tasks: 198 total,   2 running, 121 sleeping,   0 stopped,   0 zombie
%Cpu(s): 12.6 us,  0.0 sy,  0.0 ni, 87.4 id,  0.0 wa,  0.0 hi,  0.0 si,  0.0 st
KiB Mem : 32843380 total, 16527600 free,   939436 used, 15376344 buff/cache
--
  PID USER      PR  NI    VIRT    RES    SHR S %CPU %MEM     TIME+ COMMAND
11965 freshman  20   0  629752 623636   1496 R 12.5  1.9   0:28.18 bzip2_base.+

top - 18:04:24 up 11 days,  5:09,  6 users,  load average: 1.00, 0.83, 0.44
Tasks: 198 total,   2 running, 121 sleeping,   0 stopped,   0 zombie
%Cpu(s): 12.6 us,  0.0 sy,  0.0 ni, 87.4 id,  0.0 wa,  0.0 hi,  0.0 si,  0.0 st
KiB Mem : 32843380 total, 16527600 free,   939436 used, 15376344 buff/cache
--
  PID USER      PR  NI    VIRT    RES    SHR S %CPU %MEM     TIME+ COMMAND
11965 freshman  20   0  629752 623636   1496 R 12.5  1.9   0:29.19 bzip2_base.+
11560 freshman  20   0   42788   3996   3368 R  0.1  0.0   0:02.55 top

top - 18:04:25 up 11 days,  5:09,  6 users,  load average: 1.00, 0.83, 0.44
Tasks: 198 total,   2 running, 121 sleeping,   0 stopped,   0 zombie
%Cpu(s): 12.6 us,  0.0 sy,  0.0 ni, 87.4 id,  0.0 wa,  0.0 hi,  0.0 si,  0.0 st
KiB Mem : 32843380 total, 16527632 free,   939396 used, 15376352 buff/cache
--
  PID USER      PR  NI    VIRT    RES    SHR S %CPU %MEM     TIME+ COMMAND
11965 freshman  20   0  629752 623636   1496 R 12.5  1.9   0:30.19 bzip2_base.+
11560 freshman  20   0   42788   3996   3368 R  0.1  0.0   0:02.56 top

top - 18:04:26 up 11 days,  5:09,  6 users,  load average: 1.00, 0.83, 0.44
Tasks: 198 total,   2 running, 121 sleeping,   0 stopped,   0 zombie
%Cpu(s): 12.4 us,  0.1 sy,  0.0 ni, 87.5 id,  0.0 wa,  0.0 hi,  0.0 si,  0.0 st
KiB Mem : 32843380 total, 16527632 free,   939396 used, 15376352 buff/cache
--
  PID USER      PR  NI    VIRT    RES    SHR S %CPU %MEM     TIME+ COMMAND
11965 freshman  20   0  625060 618740   1496 R 12.4  1.9   0:31.19 bzip2_base.+

top - 18:04:27 up 11 days,  5:09,  6 users,  load average: 1.00, 0.83, 0.44
Tasks: 198 total,   2 running, 121 sleeping,   0 stopped,   0 zombie
%Cpu(s): 12.6 us,  0.0 sy,  0.0 ni, 87.4 id,  0.0 wa,  0.0 hi,  0.0 si,  0.0 st
KiB Mem : 32843380 total, 16527632 free,   939396 used, 15376352 buff/cache
--
  PID USER      PR  NI    VIRT    RES    SHR S %CPU %MEM     TIME+ COMMAND
11965 freshman  20   0  625060 618740   1496 R 12.6  1.9   0:32.20 bzip2_base.+

top - 18:04:28 up 11 days,  5:09,  6 users,  load average: 1.00, 0.83, 0.44
Tasks: 198 total,   2 running, 121 sleeping,   0 stopped,   0 zombie
%Cpu(s): 12.5 us,  0.0 sy,  0.0 ni, 87.5 id,  0.0 wa,  0.0 hi,  0.0 si,  0.0 st
KiB Mem : 32843380 total, 16532304 free,   934724 used, 15376352 buff/cache
--
  PID USER      PR  NI    VIRT    RES    SHR S %CPU %MEM     TIME+ COMMAND
11965 freshman  20   0  625060 618740   1496 R 12.5  1.9   0:33.21 bzip2_base.+
11560 freshman  20   0   42788   3996   3368 R  0.1  0.0   0:02.57 top

top - 18:04:29 up 11 days,  5:09,  6 users,  load average: 1.00, 0.83, 0.44
Tasks: 198 total,   2 running, 121 sleeping,   0 stopped,   0 zombie
%Cpu(s): 12.5 us,  0.1 sy,  0.0 ni, 87.3 id,  0.0 wa,  0.0 hi,  0.0 si,  0.0 st
KiB Mem : 32843380 total, 16532304 free,   934724 used, 15376352 buff/cache
--
  PID USER      PR  NI    VIRT    RES    SHR S %CPU %MEM     TIME+ COMMAND
11965 freshman  20   0  625060 618740   1496 R 12.5  1.9   0:34.21 bzip2_base.+

top - 18:04:30 up 11 days,  5:09,  6 users,  load average: 1.00, 0.83, 0.45
Tasks: 198 total,   2 running, 121 sleeping,   0 stopped,   0 zombie
%Cpu(s): 12.6 us,  0.0 sy,  0.0 ni, 87.4 id,  0.0 wa,  0.0 hi,  0.0 si,  0.0 st
KiB Mem : 32843380 total, 16532304 free,   934724 used, 15376352 buff/cache
--
  PID USER      PR  NI    VIRT    RES    SHR S %CPU %MEM     TIME+ COMMAND
11965 freshman  20   0  632092 625868   1496 R 12.4  1.9   0:35.21 bzip2_base.+
11560 freshman  20   0   42788   3996   3368 R  0.1  0.0   0:02.58 top

top - 18:04:31 up 11 days,  5:09,  6 users,  load average: 1.00, 0.83, 0.45
Tasks: 198 total,   2 running, 121 sleeping,   0 stopped,   0 zombie
%Cpu(s): 12.4 us,  0.0 sy,  0.0 ni, 87.6 id,  0.0 wa,  0.0 hi,  0.0 si,  0.0 st
KiB Mem : 32843380 total, 16525276 free,   941748 used, 15376356 buff/cache
--
  PID USER      PR  NI    VIRT    RES    SHR S %CPU %MEM     TIME+ COMMAND
11965 freshman  20   0  632092 625868   1496 R 12.6  1.9   0:36.22 bzip2_base.+

top - 18:04:32 up 11 days,  5:09,  6 users,  load average: 1.00, 0.83, 0.45
Tasks: 198 total,   2 running, 121 sleeping,   0 stopped,   0 zombie
%Cpu(s): 12.6 us,  0.0 sy,  0.0 ni, 87.4 id,  0.0 wa,  0.0 hi,  0.0 si,  0.0 st
KiB Mem : 32843380 total, 16525276 free,   941748 used, 15376356 buff/cache
--
  PID USER      PR  NI    VIRT    RES    SHR S %CPU %MEM     TIME+ COMMAND
11965 freshman  20   0  632092 625868   1496 R 12.5  1.9   0:37.23 bzip2_base.+
11560 freshman  20   0   42788   3996   3368 R  0.1  0.0   0:02.59 top

top - 18:04:33 up 11 days,  5:09,  6 users,  load average: 1.00, 0.83, 0.45
Tasks: 198 total,   2 running, 121 sleeping,   0 stopped,   0 zombie
%Cpu(s): 12.5 us,  0.1 sy,  0.0 ni, 87.3 id,  0.0 wa,  0.0 hi,  0.0 si,  0.0 st
KiB Mem : 32843380 total, 16525276 free,   941748 used, 15376356 buff/cache
--
  PID USER      PR  NI    VIRT    RES    SHR S %CPU %MEM     TIME+ COMMAND
11965 freshman  20   0  632092 625868   1496 R 12.5  1.9   0:38.23 bzip2_base.+

top - 18:04:34 up 11 days,  5:09,  6 users,  load average: 1.00, 0.83, 0.45
Tasks: 198 total,   2 running, 121 sleeping,   0 stopped,   0 zombie
%Cpu(s): 12.6 us,  0.0 sy,  0.0 ni, 87.4 id,  0.0 wa,  0.0 hi,  0.0 si,  0.0 st
KiB Mem : 32843380 total, 16525244 free,   941772 used, 15376364 buff/cache
--
  PID USER      PR  NI    VIRT    RES    SHR S %CPU %MEM     TIME+ COMMAND
11965 freshman  20   0  632092 625868   1496 R 12.5  1.9   0:39.24 bzip2_base.+

top - 18:04:35 up 11 days,  5:09,  6 users,  load average: 1.00, 0.84, 0.45
Tasks: 198 total,   2 running, 121 sleeping,   0 stopped,   0 zombie
%Cpu(s): 12.6 us,  0.0 sy,  0.0 ni, 87.4 id,  0.0 wa,  0.0 hi,  0.0 si,  0.0 st
KiB Mem : 32843380 total, 16525244 free,   941772 used, 15376364 buff/cache
--
  PID USER      PR  NI    VIRT    RES    SHR S %CPU %MEM     TIME+ COMMAND
11965 freshman  20   0  632092 625868   1496 R 12.5  1.9   0:40.24 bzip2_base.+

top - 18:04:37 up 11 days,  5:09,  6 users,  load average: 1.00, 0.84, 0.45
Tasks: 198 total,   2 running, 121 sleeping,   0 stopped,   0 zombie
%Cpu(s): 12.5 us,  0.0 sy,  0.0 ni, 87.5 id,  0.0 wa,  0.0 hi,  0.0 si,  0.0 st
KiB Mem : 32843380 total, 16525244 free,   941772 used, 15376364 buff/cache
--
  PID USER      PR  NI    VIRT    RES    SHR S %CPU %MEM     TIME+ COMMAND
11965 freshman  20   0  632092 625868   1496 R 12.5  1.9   0:41.25 bzip2_base.+
11560 freshman  20   0   42788   3996   3368 R  0.1  0.0   0:02.60 top

top - 18:04:38 up 11 days,  5:09,  6 users,  load average: 1.00, 0.84, 0.45
Tasks: 198 total,   2 running, 121 sleeping,   0 stopped,   0 zombie
%Cpu(s): 12.5 us,  0.0 sy,  0.0 ni, 87.5 id,  0.0 wa,  0.0 hi,  0.0 si,  0.0 st
KiB Mem : 32843380 total, 16525276 free,   941736 used, 15376368 buff/cache
--
  PID USER      PR  NI    VIRT    RES    SHR S %CPU %MEM     TIME+ COMMAND
11965 freshman  20   0  632092 625868   1496 R 12.5  1.9   0:42.25 bzip2_base.+
11560 freshman  20   0   42788   3996   3368 R  0.1  0.0   0:02.61 top

top - 18:04:39 up 11 days,  5:09,  6 users,  load average: 1.00, 0.84, 0.45
Tasks: 198 total,   2 running, 121 sleeping,   0 stopped,   0 zombie
%Cpu(s): 12.6 us,  0.0 sy,  0.0 ni, 87.4 id,  0.0 wa,  0.0 hi,  0.0 si,  0.0 st
KiB Mem : 32843380 total, 16525276 free,   941736 used, 15376368 buff/cache
--
  PID USER      PR  NI    VIRT    RES    SHR S %CPU %MEM     TIME+ COMMAND
11965 freshman  20   0  632092 625868   1496 R 12.5  1.9   0:43.26 bzip2_base.+

top - 18:04:40 up 11 days,  5:09,  6 users,  load average: 1.00, 0.84, 0.45
Tasks: 198 total,   2 running, 121 sleeping,   0 stopped,   0 zombie
%Cpu(s): 12.4 us,  0.1 sy,  0.0 ni, 87.4 id,  0.0 wa,  0.0 hi,  0.0 si,  0.0 st
KiB Mem : 32843380 total, 16525276 free,   941736 used, 15376368 buff/cache
--
  PID USER      PR  NI    VIRT    RES    SHR S %CPU %MEM     TIME+ COMMAND
11965 freshman  20   0  632092 625868   1496 R 12.5  1.9   0:44.26 bzip2_base.+

top - 18:04:41 up 11 days,  5:09,  6 users,  load average: 1.00, 0.84, 0.45
Tasks: 198 total,   2 running, 121 sleeping,   0 stopped,   0 zombie
%Cpu(s): 12.7 us,  0.0 sy,  0.0 ni, 87.3 id,  0.0 wa,  0.0 hi,  0.0 si,  0.0 st
KiB Mem : 32843380 total, 16525244 free,   941768 used, 15376368 buff/cache
--
  PID USER      PR  NI    VIRT    RES    SHR S %CPU %MEM     TIME+ COMMAND
11965 freshman  20   0  632092 625868   1496 R 12.5  1.9   0:45.27 bzip2_base.+

top - 18:04:42 up 11 days,  5:09,  6 users,  load average: 1.00, 0.84, 0.45
Tasks: 198 total,   2 running, 121 sleeping,   0 stopped,   0 zombie
%Cpu(s): 12.4 us,  0.0 sy,  0.0 ni, 87.4 id,  0.1 wa,  0.0 hi,  0.0 si,  0.0 st
KiB Mem : 32843380 total, 16525244 free,   941768 used, 15376368 buff/cache
--
  PID USER      PR  NI    VIRT    RES    SHR S %CPU %MEM     TIME+ COMMAND
11965 freshman  20   0  632092 625868   1496 R 12.4  1.9   0:46.27 bzip2_base.+
11560 freshman  20   0   42788   3996   3368 R  0.1  0.0   0:02.62 top

top - 18:04:43 up 11 days,  5:09,  6 users,  load average: 1.00, 0.84, 0.45
Tasks: 198 total,   2 running, 121 sleeping,   0 stopped,   0 zombie
%Cpu(s): 12.5 us,  0.1 sy,  0.0 ni, 87.3 id,  0.0 wa,  0.0 hi,  0.0 si,  0.0 st
KiB Mem : 32843380 total, 16525244 free,   941768 used, 15376368 buff/cache
--
  PID USER      PR  NI    VIRT    RES    SHR S %CPU %MEM     TIME+ COMMAND
11965 freshman  20   0  632092 625868   1496 R 12.6  1.9   0:47.28 bzip2_base.+
11560 freshman  20   0   42788   3996   3368 R  0.1  0.0   0:02.63 top

top - 18:04:44 up 11 days,  5:09,  6 users,  load average: 1.00, 0.84, 0.45
Tasks: 198 total,   2 running, 121 sleeping,   0 stopped,   0 zombie
%Cpu(s): 12.6 us,  0.0 sy,  0.0 ni, 87.4 id,  0.0 wa,  0.0 hi,  0.0 si,  0.0 st
KiB Mem : 32843380 total, 16525276 free,   941728 used, 15376376 buff/cache
--
  PID USER      PR  NI    VIRT    RES    SHR S %CPU %MEM     TIME+ COMMAND
11965 freshman  20   0  632092 625868   1496 R 12.5  1.9   0:48.29 bzip2_base.+

top - 18:04:45 up 11 days,  5:09,  6 users,  load average: 1.00, 0.84, 0.45
Tasks: 198 total,   2 running, 121 sleeping,   0 stopped,   0 zombie
%Cpu(s): 12.5 us,  0.0 sy,  0.0 ni, 87.5 id,  0.0 wa,  0.0 hi,  0.0 si,  0.0 st
KiB Mem : 32843380 total, 16525276 free,   941728 used, 15376376 buff/cache
--
  PID USER      PR  NI    VIRT    RES    SHR S %CPU %MEM     TIME+ COMMAND
11965 freshman  20   0  625840 619520   1496 R 12.5  1.9   0:49.29 bzip2_base.+

top - 18:04:46 up 11 days,  5:09,  6 users,  load average: 1.00, 0.84, 0.46
Tasks: 198 total,   2 running, 121 sleeping,   0 stopped,   0 zombie
%Cpu(s): 12.6 us,  0.0 sy,  0.0 ni, 87.4 id,  0.0 wa,  0.0 hi,  0.0 si,  0.0 st
KiB Mem : 32843380 total, 16525276 free,   941728 used, 15376376 buff/cache
--
  PID USER      PR  NI    VIRT    RES    SHR S %CPU %MEM     TIME+ COMMAND
11965 freshman  20   0  625840 619520   1496 R 12.4  1.9   0:50.29 bzip2_base.+
11560 freshman  20   0   42788   3996   3368 R  0.1  0.0   0:02.64 top

top - 18:04:47 up 11 days,  5:09,  6 users,  load average: 1.00, 0.84, 0.46
Tasks: 198 total,   2 running, 121 sleeping,   0 stopped,   0 zombie
%Cpu(s): 12.5 us,  0.1 sy,  0.0 ni, 87.3 id,  0.0 wa,  0.0 hi,  0.0 si,  0.0 st
KiB Mem : 32843380 total, 16531444 free,   935556 used, 15376380 buff/cache
--
  PID USER      PR  NI    VIRT    RES    SHR S %CPU %MEM     TIME+ COMMAND
11965 freshman  20   0  625840 619520   1496 R 12.6  1.9   0:51.30 bzip2_base.+
11560 freshman  20   0   42788   3996   3368 R  0.1  0.0   0:02.65 top

top - 18:04:48 up 11 days,  5:09,  6 users,  load average: 1.00, 0.84, 0.46
Tasks: 198 total,   2 running, 121 sleeping,   0 stopped,   0 zombie
%Cpu(s): 12.5 us,  0.0 sy,  0.0 ni, 87.5 id,  0.0 wa,  0.0 hi,  0.0 si,  0.0 st
KiB Mem : 32843380 total, 16531444 free,   935556 used, 15376380 buff/cache
--
  PID USER      PR  NI    VIRT    RES    SHR S %CPU %MEM     TIME+ COMMAND
11965 freshman  20   0  625840 619520   1496 R 12.5  1.9   0:52.31 bzip2_base.+

top - 18:04:49 up 11 days,  5:09,  6 users,  load average: 1.00, 0.84, 0.46
Tasks: 195 total,   1 running, 119 sleeping,   0 stopped,   0 zombie
%Cpu(s):  5.2 us,  0.2 sy,  0.0 ni, 94.5 id,  0.0 wa,  0.0 hi,  0.0 si,  0.0 st
KiB Mem : 32843380 total, 16531444 free,   935556 used, 15376380 buff/cache
--
  PID USER      PR  NI    VIRT    RES    SHR S %CPU %MEM     TIME+ COMMAND
11560 freshman  20   0   42788   3996   3368 R  0.1  0.0   0:02.66 top

top - 18:04:50 up 11 days,  5:09,  6 users,  load average: 1.00, 0.84, 0.46
Tasks: 195 total,   1 running, 119 sleeping,   0 stopped,   0 zombie
%Cpu(s):  0.0 us,  0.1 sy,  0.0 ni, 99.9 id,  0.0 wa,  0.0 hi,  0.0 si,  0.0 st
KiB Mem : 32843380 total, 17150632 free,   316360 used, 15376388 buff/cache
--
  PID USER      PR  NI    VIRT    RES    SHR S %CPU %MEM     TIME+ COMMAND
11405 root      20   0       0      0      0 I  0.1  0.0   0:00.16 kworker/u16+

top - 18:04:51 up 11 days,  5:09,  6 users,  load average: 0.92, 0.83, 0.45
Tasks: 195 total,   1 running, 119 sleeping,   0 stopped,   0 zombie
%Cpu(s):  0.0 us,  0.0 sy,  0.0 ni,100.0 id,  0.0 wa,  0.0 hi,  0.0 si,  0.0 st
KiB Mem : 32843380 total, 17150632 free,   316360 used, 15376388 buff/cache
--
  PID USER      PR  NI    VIRT    RES    SHR S %CPU %MEM     TIME+ COMMAND

top - 18:04:52 up 11 days,  5:09,  6 users,  load average: 0.92, 0.83, 0.45
Tasks: 195 total,   1 running, 119 sleeping,   0 stopped,   0 zombie
%Cpu(s):  0.0 us,  0.0 sy,  0.0 ni,100.0 id,  0.0 wa,  0.0 hi,  0.0 si,  0.0 st
KiB Mem : 32843380 total, 17150632 free,   316360 used, 15376388 buff/cache
--
  PID USER      PR  NI    VIRT    RES    SHR S %CPU %MEM     TIME+ COMMAND
11560 freshman  20   0   42788   3996   3368 R  0.2  0.0   0:02.68 top

top - 18:04:53 up 11 days,  5:09,  6 users,  load average: 0.92, 0.83, 0.45
Tasks: 195 total,   1 running, 119 sleeping,   0 stopped,   0 zombie
%Cpu(s):  0.0 us,  0.1 sy,  0.0 ni, 99.9 id,  0.0 wa,  0.0 hi,  0.0 si,  0.0 st
KiB Mem : 32843380 total, 17150600 free,   316384 used, 15376396 buff/cache
--
  PID USER      PR  NI    VIRT    RES    SHR S %CPU %MEM     TIME+ COMMAND
11560 freshman  20   0   42788   3996   3368 R  0.1  0.0   0:02.69 top

top - 18:04:54 up 11 days,  5:09,  6 users,  load average: 0.92, 0.83, 0.45
Tasks: 195 total,   1 running, 119 sleeping,   0 stopped,   0 zombie
%Cpu(s):  0.0 us,  0.1 sy,  0.0 ni, 99.9 id,  0.0 wa,  0.0 hi,  0.0 si,  0.0 st
KiB Mem : 32843380 total, 17150600 free,   316384 used, 15376396 buff/cache
--
  PID USER      PR  NI    VIRT    RES    SHR S %CPU %MEM     TIME+ COMMAND

top - 18:04:55 up 11 days,  5:09,  6 users,  load average: 0.92, 0.83, 0.45
Tasks: 195 total,   1 running, 119 sleeping,   0 stopped,   0 zombie
%Cpu(s):  0.0 us,  0.0 sy,  0.0 ni,100.0 id,  0.0 wa,  0.0 hi,  0.0 si,  0.0 st
KiB Mem : 32843380 total, 17150600 free,   316384 used, 15376396 buff/cache
--
  PID USER      PR  NI    VIRT    RES    SHR S %CPU %MEM     TIME+ COMMAND
11560 freshman  20   0   42788   3996   3368 R  0.1  0.0   0:02.70 top

top - 18:04:56 up 11 days,  5:09,  6 users,  load average: 0.85, 0.81, 0.45
Tasks: 195 total,   1 running, 119 sleeping,   0 stopped,   0 zombie
%Cpu(s):  0.0 us,  0.1 sy,  0.0 ni, 99.9 id,  0.0 wa,  0.0 hi,  0.0 si,  0.0 st
KiB Mem : 32843380 total, 17150600 free,   316380 used, 15376400 buff/cache
--
  PID USER      PR  NI    VIRT    RES    SHR S %CPU %MEM     TIME+ COMMAND
11560 freshman  20   0   42788   3996   3368 R  0.1  0.0   0:02.71 top

top - 18:04:57 up 11 days,  5:09,  6 users,  load average: 0.85, 0.81, 0.45
Tasks: 195 total,   1 running, 119 sleeping,   0 stopped,   0 zombie
%Cpu(s):  5.8 us,  0.4 sy,  0.0 ni, 93.8 id,  0.0 wa,  0.0 hi,  0.0 si,  0.0 st
KiB Mem : 32843380 total, 17150600 free,   316380 used, 15376400 buff/cache
--
  PID USER      PR  NI    VIRT    RES    SHR S %CPU %MEM     TIME+ COMMAND
11573 freshman  20   0   91028  53012   4972 S  0.4  0.2   0:02.46 runspec

top - 18:04:58 up 11 days,  5:09,  6 users,  load average: 0.85, 0.81, 0.45
Tasks: 198 total,   3 running, 120 sleeping,   0 stopped,   0 zombie
%Cpu(s):  1.7 us,  0.2 sy,  0.0 ni, 98.0 id,  0.0 wa,  0.0 hi,  0.0 si,  0.0 st
KiB Mem : 32843380 total, 17150600 free,   316380 used, 15376400 buff/cache
--
  PID USER      PR  NI    VIRT    RES    SHR S %CPU %MEM     TIME+ COMMAND
11983 freshman  20   0   51864  48016   4200 R  1.4  0.1   0:00.11 gcc_base.gc+
11573 freshman  20   0   91028  53012   4972 R  0.5  0.2   0:02.50 runspec
    8 root      20   0       0      0      0 I  0.1  0.0   0:19.95 rcu_sched
--
top - 18:04:59 up 11 days,  5:09,  6 users,  load average: 0.85, 0.81, 0.45
Tasks: 198 total,   2 running, 121 sleeping,   0 stopped,   0 zombie
%Cpu(s): 12.3 us,  0.4 sy,  0.0 ni, 87.3 id,  0.0 wa,  0.0 hi,  0.0 si,  0.0 st
KiB Mem : 32843380 total, 17052468 free,   414444 used, 15376468 buff/cache
--
  PID USER      PR  NI    VIRT    RES    SHR S %CPU %MEM     TIME+ COMMAND
11983 freshman  20   0  107768 102748   4264 R 12.6  0.3   0:01.12 gcc_base.gc+

top - 18:05:00 up 11 days,  5:09,  6 users,  load average: 0.86, 0.82, 0.45
Tasks: 198 total,   2 running, 121 sleeping,   0 stopped,   0 zombie
%Cpu(s): 12.5 us,  0.0 sy,  0.0 ni, 87.5 id,  0.0 wa,  0.0 hi,  0.0 si,  0.0 st
KiB Mem : 32843380 total, 17052468 free,   414444 used, 15376468 buff/cache
--
  PID USER      PR  NI    VIRT    RES    SHR S %CPU %MEM     TIME+ COMMAND
11983 freshman  20   0  107768 103704   4328 R 12.5  0.3   0:02.13 gcc_base.gc+
11560 freshman  20   0   42788   3996   3368 R  0.1  0.0   0:02.73 top

top - 18:05:01 up 11 days,  5:09,  6 users,  load average: 0.86, 0.82, 0.45
Tasks: 198 total,   2 running, 121 sleeping,   0 stopped,   0 zombie
%Cpu(s): 12.4 us,  0.2 sy,  0.0 ni, 87.3 id,  0.0 wa,  0.0 hi,  0.0 si,  0.0 st
KiB Mem : 32843380 total, 17052468 free,   414444 used, 15376468 buff/cache
--
  PID USER      PR  NI    VIRT    RES    SHR S %CPU %MEM     TIME+ COMMAND
11983 freshman  20   0  185560 181848   4328 R 12.5  0.6   0:03.14 gcc_base.gc+

top - 18:05:02 up 11 days,  5:09,  6 users,  load average: 0.86, 0.82, 0.45
Tasks: 198 total,   2 running, 121 sleeping,   0 stopped,   0 zombie
%Cpu(s): 12.1 us,  0.5 sy,  0.0 ni, 87.4 id,  0.0 wa,  0.0 hi,  0.0 si,  0.0 st
KiB Mem : 32843380 total, 17040736 free,   426172 used, 15376472 buff/cache
--
  PID USER      PR  NI    VIRT    RES    SHR S %CPU %MEM     TIME+ COMMAND
11983 freshman  20   0  117296 113760   4328 R 12.4  0.3   0:04.14 gcc_base.gc+
11560 freshman  20   0   42788   3996   3368 R  0.1  0.0   0:02.74 top

top - 18:05:03 up 11 days,  5:09,  6 users,  load average: 0.86, 0.82, 0.45
Tasks: 198 total,   2 running, 121 sleeping,   0 stopped,   0 zombie
%Cpu(s): 12.4 us,  0.1 sy,  0.0 ni, 87.5 id,  0.0 wa,  0.0 hi,  0.0 si,  0.0 st
KiB Mem : 32843380 total, 17040736 free,   426172 used, 15376472 buff/cache
--
  PID USER      PR  NI    VIRT    RES    SHR S %CPU %MEM     TIME+ COMMAND
11983 freshman  20   0  129464 125824   4392 R 12.6  0.4   0:05.15 gcc_base.gc+
11560 freshman  20   0   42788   3996   3368 R  0.2  0.0   0:02.76 top

top - 18:05:04 up 11 days,  5:09,  6 users,  load average: 0.86, 0.82, 0.45
Tasks: 198 total,   2 running, 121 sleeping,   0 stopped,   0 zombie
%Cpu(s): 12.5 us,  0.0 sy,  0.0 ni, 87.3 id,  0.1 wa,  0.0 hi,  0.0 si,  0.0 st
KiB Mem : 32843380 total, 17040736 free,   426172 used, 15376472 buff/cache
--
  PID USER      PR  NI    VIRT    RES    SHR S %CPU %MEM     TIME+ COMMAND
11983 freshman  20   0  129464 125824   4392 R 12.5  0.4   0:06.16 gcc_base.gc+

top - 18:05:05 up 11 days,  5:09,  6 users,  load average: 0.87, 0.82, 0.46
Tasks: 198 total,   2 running, 121 sleeping,   0 stopped,   0 zombie
%Cpu(s): 12.6 us,  0.1 sy,  0.0 ni, 87.2 id,  0.0 wa,  0.0 hi,  0.0 si,  0.0 st
KiB Mem : 32843380 total, 17028684 free,   438212 used, 15376484 buff/cache
--
  PID USER      PR  NI    VIRT    RES    SHR S %CPU %MEM     TIME+ COMMAND
11983 freshman  20   0  129464 126028   4452 R 12.5  0.4   0:07.17 gcc_base.gc+

top - 18:05:06 up 11 days,  5:09,  6 users,  load average: 0.87, 0.82, 0.46
Tasks: 198 total,   2 running, 121 sleeping,   0 stopped,   0 zombie
%Cpu(s): 12.4 us,  0.1 sy,  0.0 ni, 87.4 id,  0.0 wa,  0.0 hi,  0.0 si,  0.0 st
KiB Mem : 32843380 total, 17028684 free,   438212 used, 15376484 buff/cache
--
  PID USER      PR  NI    VIRT    RES    SHR S %CPU %MEM     TIME+ COMMAND
11983 freshman  20   0  133048 129636   4644 R 12.4  0.4   0:08.17 gcc_base.gc+
11560 freshman  20   0   42788   3996   3368 R  0.1  0.0   0:02.77 top

top - 18:05:07 up 11 days,  5:09,  6 users,  load average: 0.87, 0.82, 0.46
Tasks: 198 total,   2 running, 121 sleeping,   0 stopped,   0 zombie
%Cpu(s): 12.2 us,  0.2 sy,  0.0 ni, 87.6 id,  0.0 wa,  0.0 hi,  0.0 si,  0.0 st
KiB Mem : 32843380 total, 17028684 free,   438212 used, 15376484 buff/cache
--
  PID USER      PR  NI    VIRT    RES    SHR S %CPU %MEM     TIME+ COMMAND
11983 freshman  20   0  133932 130716   4644 R 12.5  0.4   0:09.17 gcc_base.gc+

top - 18:05:08 up 11 days,  5:09,  6 users,  load average: 0.87, 0.82, 0.46
Tasks: 198 total,   2 running, 121 sleeping,   0 stopped,   0 zombie
%Cpu(s): 12.7 us,  0.0 sy,  0.0 ni, 87.3 id,  0.0 wa,  0.0 hi,  0.0 si,  0.0 st
KiB Mem : 32843380 total, 17023716 free,   442568 used, 15377096 buff/cache
--
  PID USER      PR  NI    VIRT    RES    SHR S %CPU %MEM     TIME+ COMMAND
11983 freshman  20   0  133932 130716   4644 R 12.5  0.4   0:10.18 gcc_base.gc+
11560 freshman  20   0   42788   3996   3368 R  0.1  0.0   0:02.78 top

top - 18:05:09 up 11 days,  5:09,  6 users,  load average: 0.87, 0.82, 0.46
Tasks: 198 total,   2 running, 121 sleeping,   0 stopped,   0 zombie
%Cpu(s): 12.5 us,  0.0 sy,  0.0 ni, 87.5 id,  0.0 wa,  0.0 hi,  0.0 si,  0.0 st
KiB Mem : 32843380 total, 17023716 free,   442568 used, 15377096 buff/cache
--
  PID USER      PR  NI    VIRT    RES    SHR S %CPU %MEM     TIME+ COMMAND
11983 freshman  20   0  208144 204896   4644 R 12.6  0.6   0:11.19 gcc_base.gc+

top - 18:05:10 up 11 days,  5:09,  6 users,  load average: 0.88, 0.82, 0.46
Tasks: 198 total,   2 running, 121 sleeping,   0 stopped,   0 zombie
%Cpu(s): 12.2 us,  0.4 sy,  0.0 ni, 87.4 id,  0.0 wa,  0.0 hi,  0.0 si,  0.0 st
KiB Mem : 32843380 total, 17023716 free,   442568 used, 15377096 buff/cache
--
  PID USER      PR  NI    VIRT    RES    SHR S %CPU %MEM     TIME+ COMMAND
11983 freshman  20   0  149440 146108   4644 R 12.4  0.4   0:12.19 gcc_base.gc+

top - 18:05:11 up 11 days,  5:09,  6 users,  load average: 0.88, 0.82, 0.46
Tasks: 198 total,   2 running, 121 sleeping,   0 stopped,   0 zombie
%Cpu(s): 12.5 us,  0.1 sy,  0.0 ni, 87.3 id,  0.0 wa,  0.0 hi,  0.0 si,  0.0 st
KiB Mem : 32843380 total, 17008564 free,   457716 used, 15377100 buff/cache
--
  PID USER      PR  NI    VIRT    RES    SHR S %CPU %MEM     TIME+ COMMAND
11983 freshman  20   0  149440 146108   4644 R 12.6  0.4   0:13.20 gcc_base.gc+
11560 freshman  20   0   42788   3996   3368 R  0.1  0.0   0:02.79 top

top - 18:05:12 up 11 days,  5:09,  6 users,  load average: 0.88, 0.82, 0.46
Tasks: 198 total,   2 running, 121 sleeping,   0 stopped,   0 zombie
%Cpu(s): 12.5 us,  0.0 sy,  0.0 ni, 87.5 id,  0.0 wa,  0.0 hi,  0.0 si,  0.0 st
KiB Mem : 32843380 total, 17008564 free,   457716 used, 15377100 buff/cache
--
  PID USER      PR  NI    VIRT    RES    SHR S %CPU %MEM     TIME+ COMMAND
11983 freshman  20   0  149440 146108   4644 R 12.4  0.4   0:14.20 gcc_base.gc+
11560 freshman  20   0   42788   3996   3368 R  0.1  0.0   0:02.80 top
11561 freshman  20   0   13136   1004    908 S  0.1  0.0   0:00.03 grep
--
top - 18:05:13 up 11 days,  5:09,  6 users,  load average: 0.88, 0.82, 0.46
Tasks: 198 total,   3 running, 121 sleeping,   0 stopped,   0 zombie
%Cpu(s): 12.6 us,  0.0 sy,  0.0 ni, 87.4 id,  0.0 wa,  0.0 hi,  0.0 si,  0.0 st
KiB Mem : 32843380 total, 17008564 free,   457716 used, 15377100 buff/cache
--
  PID USER      PR  NI    VIRT    RES    SHR S %CPU %MEM     TIME+ COMMAND
11983 freshman  20   0  149440 146108   4644 R 12.5  0.4   0:15.20 gcc_base.gc+

top - 18:05:14 up 11 days,  5:09,  6 users,  load average: 0.88, 0.82, 0.46
Tasks: 198 total,   2 running, 121 sleeping,   0 stopped,   0 zombie
%Cpu(s): 12.4 us,  0.2 sy,  0.0 ni, 87.3 id,  0.0 wa,  0.0 hi,  0.0 si,  0.0 st
KiB Mem : 32843380 total, 17115072 free,   350764 used, 15377544 buff/cache
--
  PID USER      PR  NI    VIRT    RES    SHR S %CPU %MEM     TIME+ COMMAND
11985 freshman  20   0   42492  39220   4624 R  8.4  0.1   0:00.68 gcc_base.gc+

top - 18:05:15 up 11 days,  5:09,  6 users,  load average: 0.89, 0.83, 0.46
Tasks: 198 total,   2 running, 121 sleeping,   0 stopped,   0 zombie
%Cpu(s): 12.5 us,  0.0 sy,  0.0 ni, 87.5 id,  0.0 wa,  0.0 hi,  0.0 si,  0.0 st
KiB Mem : 32843380 total, 17115072 free,   350764 used, 15377544 buff/cache
--
  PID USER      PR  NI    VIRT    RES    SHR S %CPU %MEM     TIME+ COMMAND
11985 freshman  20   0   48068  44716   4624 R 12.4  0.1   0:01.68 gcc_base.gc+
11560 freshman  20   0   42788   3996   3368 R  0.1  0.0   0:02.81 top

top - 18:05:16 up 11 days,  5:10,  6 users,  load average: 0.89, 0.83, 0.46
Tasks: 198 total,   2 running, 121 sleeping,   0 stopped,   0 zombie
%Cpu(s): 12.6 us,  0.0 sy,  0.0 ni, 87.4 id,  0.0 wa,  0.0 hi,  0.0 si,  0.0 st
KiB Mem : 32843380 total, 17115072 free,   350764 used, 15377544 buff/cache
--
  PID USER      PR  NI    VIRT    RES    SHR S %CPU %MEM     TIME+ COMMAND
11985 freshman  20   0   57600  54388   4624 R 12.6  0.2   0:02.69 gcc_base.gc+

top - 18:05:17 up 11 days,  5:10,  6 users,  load average: 0.89, 0.83, 0.46
Tasks: 198 total,   2 running, 121 sleeping,   0 stopped,   0 zombie
%Cpu(s): 12.5 us,  0.0 sy,  0.0 ni, 87.5 id,  0.0 wa,  0.0 hi,  0.0 si,  0.0 st
KiB Mem : 32843380 total, 17077748 free,   387176 used, 15378456 buff/cache
--
  PID USER      PR  NI    VIRT    RES    SHR S %CPU %MEM     TIME+ COMMAND
11985 freshman  20   0   78796  75536   4624 R 12.4  0.2   0:03.69 gcc_base.gc+
11560 freshman  20   0   42788   3996   3368 R  0.1  0.0   0:02.82 top

top - 18:05:18 up 11 days,  5:10,  6 users,  load average: 0.89, 0.83, 0.46
Tasks: 198 total,   2 running, 121 sleeping,   0 stopped,   0 zombie
%Cpu(s): 12.6 us,  0.0 sy,  0.0 ni, 87.4 id,  0.0 wa,  0.0 hi,  0.0 si,  0.0 st
KiB Mem : 32843380 total, 17077748 free,   387176 used, 15378456 buff/cache
--
  PID USER      PR  NI    VIRT    RES    SHR S %CPU %MEM     TIME+ COMMAND
11985 freshman  20   0   84484  81224   4624 R 12.6  0.2   0:04.70 gcc_base.gc+

top - 18:05:19 up 11 days,  5:10,  6 users,  load average: 0.89, 0.83, 0.46
Tasks: 198 total,   2 running, 121 sleeping,   0 stopped,   0 zombie
%Cpu(s): 12.6 us,  0.0 sy,  0.0 ni, 87.4 id,  0.0 wa,  0.0 hi,  0.0 si,  0.0 st
KiB Mem : 32843380 total, 17077748 free,   387176 used, 15378456 buff/cache
--
  PID USER      PR  NI    VIRT    RES    SHR S %CPU %MEM     TIME+ COMMAND
11985 freshman  20   0   93492  89852   4624 R 12.4  0.3   0:05.70 gcc_base.gc+
11560 freshman  20   0   42788   3996   3368 R  0.1  0.0   0:02.83 top

top - 18:05:20 up 11 days,  5:10,  6 users,  load average: 0.90, 0.83, 0.47
Tasks: 198 total,   2 running, 121 sleeping,   0 stopped,   0 zombie
%Cpu(s): 12.4 us,  0.1 sy,  0.0 ni, 87.4 id,  0.0 wa,  0.0 hi,  0.0 si,  0.0 st
KiB Mem : 32843380 total, 17062116 free,   401968 used, 15379296 buff/cache
--
  PID USER      PR  NI    VIRT    RES    SHR S %CPU %MEM     TIME+ COMMAND
11985 freshman  20   0   93492  90116   4624 R 12.6  0.3   0:06.71 gcc_base.gc+

top - 18:05:21 up 11 days,  5:10,  6 users,  load average: 0.90, 0.83, 0.47
Tasks: 198 total,   2 running, 121 sleeping,   0 stopped,   0 zombie
%Cpu(s): 12.6 us,  0.0 sy,  0.0 ni, 87.4 id,  0.0 wa,  0.0 hi,  0.0 si,  0.0 st
KiB Mem : 32843380 total, 17062116 free,   401968 used, 15379296 buff/cache
--
  PID USER      PR  NI    VIRT    RES    SHR S %CPU %MEM     TIME+ COMMAND
11985 freshman  20   0   93492  90116   4624 R 12.5  0.3   0:07.72 gcc_base.gc+

top - 18:05:22 up 11 days,  5:10,  6 users,  load average: 0.90, 0.83, 0.47
Tasks: 198 total,   2 running, 121 sleeping,   0 stopped,   0 zombie
%Cpu(s): 12.4 us,  0.1 sy,  0.0 ni, 87.5 id,  0.0 wa,  0.0 hi,  0.0 si,  0.0 st
KiB Mem : 32843380 total, 17062116 free,   401968 used, 15379296 buff/cache
--
  PID USER      PR  NI    VIRT    RES    SHR S %CPU %MEM     TIME+ COMMAND
11985 freshman  20   0  104016 100548   4624 R 12.5  0.3   0:08.72 gcc_base.gc+
11560 freshman  20   0   42788   3996   3368 R  0.1  0.0   0:02.84 top

top - 18:05:23 up 11 days,  5:10,  6 users,  load average: 0.90, 0.83, 0.47
Tasks: 198 total,   2 running, 121 sleeping,   0 stopped,   0 zombie
%Cpu(s): 12.6 us,  0.0 sy,  0.0 ni, 87.4 id,  0.0 wa,  0.0 hi,  0.0 si,  0.0 st
KiB Mem : 32843380 total, 17044756 free,   418364 used, 15380260 buff/cache
--
  PID USER      PR  NI    VIRT    RES    SHR S %CPU %MEM     TIME+ COMMAND
11985 freshman  20   0  110684 106848   4624 R 12.5  0.3   0:09.73 gcc_base.gc+

top - 18:05:24 up 11 days,  5:10,  6 users,  load average: 0.90, 0.83, 0.47
Tasks: 198 total,   2 running, 121 sleeping,   0 stopped,   0 zombie
%Cpu(s): 12.5 us,  0.0 sy,  0.0 ni, 87.5 id,  0.0 wa,  0.0 hi,  0.0 si,  0.0 st
KiB Mem : 32843380 total, 17044756 free,   418364 used, 15380260 buff/cache
--
  PID USER      PR  NI    VIRT    RES    SHR S %CPU %MEM     TIME+ COMMAND
11985 freshman  20   0  110684 106848   4624 R 12.5  0.3   0:10.73 gcc_base.gc+
11560 freshman  20   0   42788   3996   3368 R  0.1  0.0   0:02.85 top

top - 18:05:25 up 11 days,  5:10,  6 users,  load average: 0.91, 0.83, 0.47
Tasks: 198 total,   2 running, 121 sleeping,   0 stopped,   0 zombie
%Cpu(s): 12.6 us,  0.0 sy,  0.0 ni, 87.4 id,  0.0 wa,  0.0 hi,  0.0 si,  0.0 st
KiB Mem : 32843380 total, 17044756 free,   418364 used, 15380260 buff/cache
--
  PID USER      PR  NI    VIRT    RES    SHR S %CPU %MEM     TIME+ COMMAND
11985 freshman  20   0  113392 109820   4624 R 12.5  0.3   0:11.74 gcc_base.gc+
11560 freshman  20   0   42788   3996   3368 R  0.1  0.0   0:02.86 top

top - 18:05:26 up 11 days,  5:10,  6 users,  load average: 0.91, 0.83, 0.47
Tasks: 198 total,   2 running, 121 sleeping,   0 stopped,   0 zombie
%Cpu(s): 12.5 us,  0.1 sy,  0.0 ni, 87.3 id,  0.0 wa,  0.0 hi,  0.0 si,  0.0 st
KiB Mem : 32843380 total, 17026652 free,   436120 used, 15380608 buff/cache
--
  PID USER      PR  NI    VIRT    RES    SHR S %CPU %MEM     TIME+ COMMAND
11985 freshman  20   0  127872 124276   4624 R 12.5  0.4   0:12.74 gcc_base.gc+

top - 18:05:27 up 11 days,  5:10,  6 users,  load average: 0.91, 0.83, 0.47
Tasks: 198 total,   2 running, 121 sleeping,   0 stopped,   0 zombie
%Cpu(s): 12.5 us,  0.0 sy,  0.0 ni, 87.5 id,  0.0 wa,  0.0 hi,  0.0 si,  0.0 st
KiB Mem : 32843380 total, 17026652 free,   436120 used, 15380608 buff/cache
--
  PID USER      PR  NI    VIRT    RES    SHR S %CPU %MEM     TIME+ COMMAND
11985 freshman  20   0  129032 125464   4624 R 12.5  0.4   0:13.75 gcc_base.gc+

top - 18:05:28 up 11 days,  5:10,  6 users,  load average: 0.91, 0.83, 0.47
Tasks: 198 total,   2 running, 121 sleeping,   0 stopped,   0 zombie
%Cpu(s): 12.4 us,  0.1 sy,  0.0 ni, 87.4 id,  0.0 wa,  0.0 hi,  0.0 si,  0.0 st
KiB Mem : 32843380 total, 17026652 free,   436120 used, 15380608 buff/cache
--
  PID USER      PR  NI    VIRT    RES    SHR S %CPU %MEM     TIME+ COMMAND
11985 freshman  20   0  129032 125464   4624 R 12.5  0.4   0:14.75 gcc_base.gc+
11560 freshman  20   0   42788   3996   3368 R  0.1  0.0   0:02.87 top

top - 18:05:29 up 11 days,  5:10,  6 users,  load average: 0.91, 0.83, 0.47
Tasks: 198 total,   2 running, 121 sleeping,   0 stopped,   0 zombie
%Cpu(s): 12.5 us,  0.0 sy,  0.0 ni, 87.3 id,  0.1 wa,  0.0 hi,  0.0 si,  0.0 st
KiB Mem : 32843380 total, 17024608 free,   437072 used, 15381700 buff/cache
--
  PID USER      PR  NI    VIRT    RES    SHR S %CPU %MEM     TIME+ COMMAND
11985 freshman  20   0  129032 125464   4624 R 12.5  0.4   0:15.76 gcc_base.gc+

top - 18:05:30 up 11 days,  5:10,  6 users,  load average: 0.92, 0.84, 0.47
Tasks: 198 total,   2 running, 121 sleeping,   0 stopped,   0 zombie
%Cpu(s): 12.6 us,  0.0 sy,  0.0 ni, 87.4 id,  0.0 wa,  0.0 hi,  0.0 si,  0.0 st
KiB Mem : 32843380 total, 17024608 free,   437072 used, 15381700 buff/cache
--
  PID USER      PR  NI    VIRT    RES    SHR S %CPU %MEM     TIME+ COMMAND
11985 freshman  20   0  134620 131216   4624 R 12.5  0.4   0:16.76 gcc_base.gc+

top - 18:05:31 up 11 days,  5:10,  6 users,  load average: 0.92, 0.84, 0.47
Tasks: 198 total,   2 running, 121 sleeping,   0 stopped,   0 zombie
%Cpu(s): 12.4 us,  0.0 sy,  0.0 ni, 87.6 id,  0.0 wa,  0.0 hi,  0.0 si,  0.0 st
KiB Mem : 32843380 total, 17024608 free,   437072 used, 15381700 buff/cache
--
  PID USER      PR  NI    VIRT    RES    SHR S %CPU %MEM     TIME+ COMMAND
11985 freshman  20   0  139664 136448   4624 R 12.5  0.4   0:17.77 gcc_base.gc+

top - 18:05:32 up 11 days,  5:10,  6 users,  load average: 0.92, 0.84, 0.47
Tasks: 198 total,   2 running, 121 sleeping,   0 stopped,   0 zombie
%Cpu(s): 12.7 us,  0.0 sy,  0.0 ni, 87.3 id,  0.0 wa,  0.0 hi,  0.0 si,  0.0 st
KiB Mem : 32843380 total, 17002784 free,   458020 used, 15382576 buff/cache
--
  PID USER      PR  NI    VIRT    RES    SHR S %CPU %MEM     TIME+ COMMAND
11985 freshman  20   0  150104 146568   4624 R 12.4  0.4   0:18.77 gcc_base.gc+
11560 freshman  20   0   42788   3996   3368 R  0.2  0.0   0:02.89 top

top - 18:05:33 up 11 days,  5:10,  6 users,  load average: 0.92, 0.84, 0.47
Tasks: 198 total,   2 running, 121 sleeping,   0 stopped,   0 zombie
%Cpu(s): 12.5 us,  0.0 sy,  0.0 ni, 87.5 id,  0.0 wa,  0.0 hi,  0.0 si,  0.0 st
KiB Mem : 32843380 total, 17002784 free,   458020 used, 15382576 buff/cache
--
  PID USER      PR  NI    VIRT    RES    SHR S %CPU %MEM     TIME+ COMMAND
11985 freshman  20   0  161224 158068   4624 R 12.6  0.5   0:19.78 gcc_base.gc+

top - 18:05:34 up 11 days,  5:10,  6 users,  load average: 0.92, 0.84, 0.47
Tasks: 198 total,   2 running, 121 sleeping,   0 stopped,   0 zombie
%Cpu(s): 12.5 us,  0.1 sy,  0.0 ni, 87.3 id,  0.0 wa,  0.0 hi,  0.0 si,  0.0 st
KiB Mem : 32843380 total, 17002784 free,   458020 used, 15382576 buff/cache
--
  PID USER      PR  NI    VIRT    RES    SHR S %CPU %MEM     TIME+ COMMAND
11985 freshman  20   0  183244 179772   4624 R 12.4  0.5   0:20.78 gcc_base.gc+

top - 18:05:35 up 11 days,  5:10,  6 users,  load average: 0.92, 0.84, 0.47
Tasks: 198 total,   2 running, 121 sleeping,   0 stopped,   0 zombie
%Cpu(s): 12.6 us,  0.0 sy,  0.0 ni, 87.4 id,  0.0 wa,  0.0 hi,  0.0 si,  0.0 st
KiB Mem : 32843380 total, 16960360 free,   499684 used, 15383336 buff/cache
--
  PID USER      PR  NI    VIRT    RES    SHR S %CPU %MEM     TIME+ COMMAND
11985 freshman  20   0  191444 187968   4624 R 12.5  0.6   0:21.78 gcc_base.gc+

top - 18:05:36 up 11 days,  5:10,  6 users,  load average: 0.92, 0.84, 0.47
Tasks: 198 total,   2 running, 121 sleeping,   0 stopped,   0 zombie
%Cpu(s): 12.4 us,  0.1 sy,  0.0 ni, 87.5 id,  0.0 wa,  0.0 hi,  0.0 si,  0.0 st
KiB Mem : 32843380 total, 16960360 free,   499684 used, 15383336 buff/cache
--
  PID USER      PR  NI    VIRT    RES    SHR S %CPU %MEM     TIME+ COMMAND
11985 freshman  20   0  191444 187968   4624 R 12.5  0.6   0:22.79 gcc_base.gc+

top - 18:05:37 up 11 days,  5:10,  6 users,  load average: 0.92, 0.84, 0.47
Tasks: 198 total,   2 running, 121 sleeping,   0 stopped,   0 zombie
%Cpu(s): 12.5 us,  0.0 sy,  0.0 ni, 87.5 id,  0.0 wa,  0.0 hi,  0.0 si,  0.0 st
KiB Mem : 32843380 total, 16960360 free,   499684 used, 15383336 buff/cache
--
  PID USER      PR  NI    VIRT    RES    SHR S %CPU %MEM     TIME+ COMMAND
11985 freshman  20   0  198344 194440   4624 R 12.5  0.6   0:23.79 gcc_base.gc+
11560 freshman  20   0   42788   3996   3368 R  0.2  0.0   0:02.91 top

top - 18:05:38 up 11 days,  5:10,  6 users,  load average: 0.92, 0.84, 0.47
Tasks: 198 total,   2 running, 121 sleeping,   0 stopped,   0 zombie
%Cpu(s): 12.5 us,  0.1 sy,  0.0 ni, 87.3 id,  0.0 wa,  0.0 hi,  0.0 si,  0.0 st
KiB Mem : 32843380 total, 16913760 free,   545756 used, 15383864 buff/cache
--
  PID USER      PR  NI    VIRT    RES    SHR S %CPU %MEM     TIME+ COMMAND
11985 freshman  20   0  237348 233968   4624 R 12.5  0.7   0:24.80 gcc_base.gc+

top - 18:05:39 up 11 days,  5:10,  6 users,  load average: 0.92, 0.84, 0.47
Tasks: 198 total,   2 running, 121 sleeping,   0 stopped,   0 zombie
%Cpu(s): 12.5 us,  0.0 sy,  0.0 ni, 87.5 id,  0.0 wa,  0.0 hi,  0.0 si,  0.0 st
KiB Mem : 32843380 total, 16913760 free,   545756 used, 15383864 buff/cache
--
  PID USER      PR  NI    VIRT    RES    SHR S %CPU %MEM     TIME+ COMMAND
11985 freshman  20   0  246536 243072   4624 R 12.6  0.7   0:25.81 gcc_base.gc+

top - 18:05:40 up 11 days,  5:10,  6 users,  load average: 0.93, 0.84, 0.48
Tasks: 198 total,   2 running, 121 sleeping,   0 stopped,   0 zombie
%Cpu(s): 12.5 us,  0.1 sy,  0.0 ni, 87.3 id,  0.0 wa,  0.0 hi,  0.0 si,  0.0 st
KiB Mem : 32843380 total, 16913760 free,   545756 used, 15383864 buff/cache
--
  PID USER      PR  NI    VIRT    RES    SHR S %CPU %MEM     TIME+ COMMAND
11985 freshman  20   0  261588 257972   4624 R 12.5  0.8   0:26.82 gcc_base.gc+
11560 freshman  20   0   42788   3996   3368 R  0.1  0.0   0:02.92 top

top - 18:05:41 up 11 days,  5:10,  6 users,  load average: 0.93, 0.84, 0.48
Tasks: 198 total,   2 running, 121 sleeping,   0 stopped,   0 zombie
%Cpu(s): 12.2 us,  0.4 sy,  0.0 ni, 87.4 id,  0.0 wa,  0.0 hi,  0.0 si,  0.0 st
KiB Mem : 32843380 total, 17108772 free,   350052 used, 15384556 buff/cache
--
  PID USER      PR  NI    VIRT    RES    SHR S %CPU %MEM     TIME+ COMMAND
11990 freshman  20   0   41504  37976   4236 R 11.1  0.1   0:00.89 gcc_base.gc+

top - 18:05:42 up 11 days,  5:10,  6 users,  load average: 0.93, 0.84, 0.48
Tasks: 198 total,   2 running, 121 sleeping,   0 stopped,   0 zombie
%Cpu(s): 12.5 us,  0.0 sy,  0.0 ni, 87.5 id,  0.0 wa,  0.0 hi,  0.0 si,  0.0 st
KiB Mem : 32843380 total, 17108772 free,   350052 used, 15384556 buff/cache
--
  PID USER      PR  NI    VIRT    RES    SHR S %CPU %MEM     TIME+ COMMAND
11990 freshman  20   0   53600  50320   4556 R 12.4  0.2   0:01.89 gcc_base.gc+

top - 18:05:43 up 11 days,  5:10,  6 users,  load average: 0.93, 0.84, 0.48
Tasks: 198 total,   2 running, 121 sleeping,   0 stopped,   0 zombie
%Cpu(s): 12.6 us,  0.0 sy,  0.0 ni, 87.4 id,  0.0 wa,  0.0 hi,  0.0 si,  0.0 st
KiB Mem : 32843380 total, 17108772 free,   350052 used, 15384556 buff/cache
--
  PID USER      PR  NI    VIRT    RES    SHR S %CPU %MEM     TIME+ COMMAND
11990 freshman  20   0   53600  50320   4556 R 12.6  0.2   0:02.90 gcc_base.gc+
11560 freshman  20   0   42788   3996   3368 R  0.1  0.0   0:02.93 top

top - 18:05:44 up 11 days,  5:10,  6 users,  load average: 0.93, 0.84, 0.48
Tasks: 198 total,   2 running, 121 sleeping,   0 stopped,   0 zombie
%Cpu(s): 12.3 us,  0.4 sy,  0.0 ni, 87.3 id,  0.0 wa,  0.0 hi,  0.0 si,  0.0 st
KiB Mem : 32843380 total, 17054832 free,   403256 used, 15385292 buff/cache
--
  PID USER      PR  NI    VIRT    RES    SHR S %CPU %MEM     TIME+ COMMAND
11990 freshman  20   0   94840  91424   4620 R 12.4  0.3   0:03.90 gcc_base.gc+

top - 18:05:45 up 11 days,  5:10,  6 users,  load average: 0.93, 0.84, 0.48
Tasks: 198 total,   2 running, 121 sleeping,   0 stopped,   0 zombie
%Cpu(s): 11.7 us,  0.7 sy,  0.0 ni, 87.5 id,  0.0 wa,  0.0 hi,  0.0 si,  0.0 st
KiB Mem : 32843380 total, 17054832 free,   403256 used, 15385292 buff/cache
--
  PID USER      PR  NI    VIRT    RES    SHR S %CPU %MEM     TIME+ COMMAND
11990 freshman  20   0  450828 447292   4620 R 12.8  1.4   0:04.92 gcc_base.gc+
11560 freshman  20   0   42788   3996   3368 R  0.1  0.0   0:02.94 top

top - 18:05:46 up 11 days,  5:10,  6 users,  load average: 0.93, 0.84, 0.48
Tasks: 198 total,   2 running, 121 sleeping,   0 stopped,   0 zombie
%Cpu(s): 12.3 us,  0.2 sy,  0.0 ni, 87.4 id,  0.0 wa,  0.0 hi,  0.0 si,  0.0 st
KiB Mem : 32843380 total, 17054832 free,   403256 used, 15385292 buff/cache
--
  PID USER      PR  NI    VIRT    RES    SHR S %CPU %MEM     TIME+ COMMAND
11990 freshman  20   0  160788 157324   4620 R 12.4  0.5   0:05.92 gcc_base.gc+

top - 18:05:47 up 11 days,  5:10,  6 users,  load average: 0.93, 0.84, 0.48
Tasks: 198 total,   2 running, 121 sleeping,   0 stopped,   0 zombie
%Cpu(s): 12.6 us,  0.0 sy,  0.0 ni, 87.4 id,  0.0 wa,  0.0 hi,  0.0 si,  0.0 st
KiB Mem : 32843380 total, 16993708 free,   464368 used, 15385304 buff/cache
--
  PID USER      PR  NI    VIRT    RES    SHR S %CPU %MEM     TIME+ COMMAND
11990 freshman  20   0  156380 152800   4620 R 12.5  0.5   0:06.92 gcc_base.gc+

top - 18:05:48 up 11 days,  5:10,  6 users,  load average: 0.93, 0.84, 0.48
Tasks: 198 total,   2 running, 121 sleeping,   0 stopped,   0 zombie
%Cpu(s): 12.6 us,  0.0 sy,  0.0 ni, 87.4 id,  0.0 wa,  0.0 hi,  0.0 si,  0.0 st
KiB Mem : 32843380 total, 16993708 free,   464368 used, 15385304 buff/cache
--
  PID USER      PR  NI    VIRT    RES    SHR S %CPU %MEM     TIME+ COMMAND
11990 freshman  20   0  156380 152800   4620 R 12.5  0.5   0:07.93 gcc_base.gc+
11560 freshman  20   0   42788   3996   3368 R  0.1  0.0   0:02.95 top

top - 18:05:49 up 11 days,  5:10,  6 users,  load average: 0.93, 0.84, 0.48
Tasks: 198 total,   2 running, 121 sleeping,   0 stopped,   0 zombie
%Cpu(s): 12.5 us,  0.0 sy,  0.0 ni, 87.5 id,  0.0 wa,  0.0 hi,  0.0 si,  0.0 st
KiB Mem : 32843380 total, 16993708 free,   464368 used, 15385304 buff/cache
--
  PID USER      PR  NI    VIRT    RES    SHR S %CPU %MEM     TIME+ COMMAND
11990 freshman  20   0  165748 162304   4620 R 12.4  0.5   0:08.93 gcc_base.gc+

top - 18:05:50 up 11 days,  5:10,  6 users,  load average: 0.94, 0.85, 0.48
Tasks: 198 total,   2 running, 121 sleeping,   0 stopped,   0 zombie
%Cpu(s): 12.5 us,  0.1 sy,  0.0 ni, 87.3 id,  0.0 wa,  0.0 hi,  0.0 si,  0.0 st
KiB Mem : 32843380 total, 16984308 free,   473768 used, 15385304 buff/cache
--
  PID USER      PR  NI    VIRT    RES    SHR S %CPU %MEM     TIME+ COMMAND
11990 freshman  20   0  165748 162304   4620 R 12.5  0.5   0:09.93 gcc_base.gc+
11560 freshman  20   0   42788   3996   3368 R  0.1  0.0   0:02.96 top

top - 18:05:51 up 11 days,  5:10,  6 users,  load average: 0.94, 0.85, 0.48
Tasks: 198 total,   2 running, 121 sleeping,   0 stopped,   0 zombie
%Cpu(s): 12.6 us,  0.0 sy,  0.0 ni, 87.4 id,  0.0 wa,  0.0 hi,  0.0 si,  0.0 st
KiB Mem : 32843380 total, 16984308 free,   473768 used, 15385304 buff/cache
--
  PID USER      PR  NI    VIRT    RES    SHR S %CPU %MEM     TIME+ COMMAND
11990 freshman  20   0  165748 162304   4620 R 12.5  0.5   0:10.94 gcc_base.gc+

top - 18:05:52 up 11 days,  5:10,  6 users,  load average: 0.94, 0.85, 0.48
Tasks: 198 total,   2 running, 121 sleeping,   0 stopped,   0 zombie
%Cpu(s): 12.3 us,  0.1 sy,  0.0 ni, 87.5 id,  0.0 wa,  0.0 hi,  0.0 si,  0.0 st
KiB Mem : 32843380 total, 16984308 free,   473768 used, 15385304 buff/cache
--
  PID USER      PR  NI    VIRT    RES    SHR S %CPU %MEM     TIME+ COMMAND
11990 freshman  20   0  335316 331792   4620 R 12.6  1.0   0:11.95 gcc_base.gc+
11560 freshman  20   0   42788   3996   3368 R  0.1  0.0   0:02.97 top

top - 18:05:53 up 11 days,  5:10,  6 users,  load average: 0.94, 0.85, 0.48
Tasks: 198 total,   2 running, 121 sleeping,   0 stopped,   0 zombie
%Cpu(s): 12.1 us,  0.5 sy,  0.0 ni, 87.4 id,  0.0 wa,  0.0 hi,  0.0 si,  0.0 st
KiB Mem : 32843380 total, 16961876 free,   496200 used, 15385304 buff/cache
--
  PID USER      PR  NI    VIRT    RES    SHR S %CPU %MEM     TIME+ COMMAND
11990 freshman  20   0  187412 184032   4620 R 12.4  0.6   0:12.95 gcc_base.gc+

top - 18:05:54 up 11 days,  5:10,  6 users,  load average: 0.94, 0.85, 0.48
Tasks: 198 total,   2 running, 121 sleeping,   0 stopped,   0 zombie
%Cpu(s): 12.5 us,  0.1 sy,  0.0 ni, 87.3 id,  0.0 wa,  0.0 hi,  0.0 si,  0.0 st
KiB Mem : 32843380 total, 16961876 free,   496200 used, 15385304 buff/cache
--
  PID USER      PR  NI    VIRT    RES    SHR S %CPU %MEM     TIME+ COMMAND
11990 freshman  20   0  187412 184032   4620 R 12.6  0.6   0:13.96 gcc_base.gc+
11560 freshman  20   0   42788   3996   3368 R  0.1  0.0   0:02.98 top

top - 18:05:55 up 11 days,  5:10,  6 users,  load average: 0.95, 0.85, 0.49
Tasks: 198 total,   2 running, 121 sleeping,   0 stopped,   0 zombie
%Cpu(s): 12.5 us,  0.0 sy,  0.0 ni, 87.5 id,  0.0 wa,  0.0 hi,  0.0 si,  0.0 st
KiB Mem : 32843380 total, 16961876 free,   496200 used, 15385304 buff/cache
--
  PID USER      PR  NI    VIRT    RES    SHR S %CPU %MEM     TIME+ COMMAND
11990 freshman  20   0  187412 184032   4620 R 12.5  0.6   0:14.97 gcc_base.gc+

top - 18:05:56 up 11 days,  5:10,  6 users,  load average: 0.95, 0.85, 0.49
Tasks: 198 total,   2 running, 121 sleeping,   0 stopped,   0 zombie
%Cpu(s): 12.5 us,  0.0 sy,  0.0 ni, 87.5 id,  0.0 wa,  0.0 hi,  0.0 si,  0.0 st
KiB Mem : 32843380 total, 16961964 free,   496108 used, 15385308 buff/cache
--
  PID USER      PR  NI    VIRT    RES    SHR S %CPU %MEM     TIME+ COMMAND
11990 freshman  20   0  187412 184032   4620 R 12.5  0.6   0:15.97 gcc_base.gc+

top - 18:05:57 up 11 days,  5:10,  6 users,  load average: 0.95, 0.85, 0.49
Tasks: 198 total,   2 running, 121 sleeping,   0 stopped,   0 zombie
%Cpu(s): 12.4 us,  0.1 sy,  0.0 ni, 87.4 id,  0.0 wa,  0.0 hi,  0.0 si,  0.0 st
KiB Mem : 32843380 total, 16961964 free,   496108 used, 15385308 buff/cache
--
  PID USER      PR  NI    VIRT    RES    SHR S %CPU %MEM     TIME+ COMMAND
11990 freshman  20   0  187412 184032   4620 R 12.4  0.6   0:16.97 gcc_base.gc+
11560 freshman  20   0   42788   3996   3368 R  0.1  0.0   0:02.99 top

top - 18:05:58 up 11 days,  5:10,  6 users,  load average: 0.95, 0.85, 0.49
Tasks: 198 total,   2 running, 121 sleeping,   0 stopped,   0 zombie
%Cpu(s): 12.4 us,  0.2 sy,  0.0 ni, 87.2 id,  0.1 wa,  0.0 hi,  0.0 si,  0.0 st
KiB Mem : 32843380 total, 16961964 free,   496108 used, 15385308 buff/cache
--
  PID USER      PR  NI    VIRT    RES    SHR S %CPU %MEM     TIME+ COMMAND
11990 freshman  20   0  187412 184140   4620 R 12.8  0.6   0:17.99 gcc_base.gc+

top - 18:05:59 up 11 days,  5:10,  6 users,  load average: 0.95, 0.85, 0.49
Tasks: 198 total,   2 running, 121 sleeping,   0 stopped,   0 zombie
%Cpu(s): 12.4 us,  0.1 sy,  0.0 ni, 87.4 id,  0.0 wa,  0.0 hi,  0.0 si,  0.0 st
KiB Mem : 32843380 total, 16956508 free,   501560 used, 15385312 buff/cache
--
  PID USER      PR  NI    VIRT    RES    SHR S %CPU %MEM     TIME+ COMMAND
11990 freshman  20   0  193392 189944   4620 R 12.4  0.6   0:18.99 gcc_base.gc+

top - 18:06:00 up 11 days,  5:10,  6 users,  load average: 0.95, 0.85, 0.49
Tasks: 198 total,   2 running, 121 sleeping,   0 stopped,   0 zombie
%Cpu(s): 12.5 us,  0.0 sy,  0.0 ni, 87.5 id,  0.0 wa,  0.0 hi,  0.0 si,  0.0 st
KiB Mem : 32843380 total, 16956508 free,   501560 used, 15385312 buff/cache
--
  PID USER      PR  NI    VIRT    RES    SHR S %CPU %MEM     TIME+ COMMAND
11990 freshman  20   0  193392 189944   4620 R 12.5  0.6   0:19.99 gcc_base.gc+
11560 freshman  20   0   42788   3996   3368 R  0.1  0.0   0:03.00 top

top - 18:06:01 up 11 days,  5:10,  6 users,  load average: 0.95, 0.85, 0.49
Tasks: 198 total,   2 running, 121 sleeping,   0 stopped,   0 zombie
%Cpu(s): 12.5 us,  0.1 sy,  0.0 ni, 87.3 id,  0.0 wa,  0.0 hi,  0.0 si,  0.0 st
KiB Mem : 32843380 total, 16956508 free,   501560 used, 15385312 buff/cache
--
  PID USER      PR  NI    VIRT    RES    SHR S %CPU %MEM     TIME+ COMMAND
11990 freshman  20   0  205416 202088   4620 R 12.5  0.6   0:21.00 gcc_base.gc+

top - 18:06:02 up 11 days,  5:10,  6 users,  load average: 0.95, 0.85, 0.49
Tasks: 198 total,   2 running, 121 sleeping,   0 stopped,   0 zombie
%Cpu(s): 12.4 us,  0.0 sy,  0.0 ni, 87.6 id,  0.0 wa,  0.0 hi,  0.0 si,  0.0 st
KiB Mem : 32843380 total, 16943636 free,   513572 used, 15386172 buff/cache
--
  PID USER      PR  NI    VIRT    RES    SHR S %CPU %MEM     TIME+ COMMAND
11990 freshman  20   0  205416 202088   4620 R 12.5  0.6   0:22.00 gcc_base.gc+
11560 freshman  20   0   42788   3996   3368 R  0.1  0.0   0:03.01 top

top - 18:06:03 up 11 days,  5:10,  6 users,  load average: 0.95, 0.85, 0.49
Tasks: 198 total,   2 running, 121 sleeping,   0 stopped,   0 zombie
%Cpu(s): 12.6 us,  0.0 sy,  0.0 ni, 87.4 id,  0.0 wa,  0.0 hi,  0.0 si,  0.0 st
KiB Mem : 32843380 total, 16943636 free,   513572 used, 15386172 buff/cache
--
  PID USER      PR  NI    VIRT    RES    SHR S %CPU %MEM     TIME+ COMMAND
11990 freshman  20   0  205416 202088   4620 R 12.5  0.6   0:23.01 gcc_base.gc+

top - 18:06:04 up 11 days,  5:10,  6 users,  load average: 0.95, 0.85, 0.49
Tasks: 198 total,   2 running, 121 sleeping,   0 stopped,   0 zombie
%Cpu(s): 11.8 us,  0.7 sy,  0.0 ni, 87.4 id,  0.0 wa,  0.0 hi,  0.0 si,  0.0 st
KiB Mem : 32843380 total, 16943636 free,   513572 used, 15386172 buff/cache
--
  PID USER      PR  NI    VIRT    RES    SHR S %CPU %MEM     TIME+ COMMAND
11992 freshman  20   0  328300 324732   4552 R  9.4  1.0   0:00.75 gcc_base.gc+

top - 18:06:05 up 11 days,  5:10,  6 users,  load average: 0.95, 0.86, 0.49
Tasks: 198 total,   2 running, 121 sleeping,   0 stopped,   0 zombie
%Cpu(s): 12.3 us,  0.2 sy,  0.0 ni, 87.5 id,  0.0 wa,  0.0 hi,  0.0 si,  0.0 st
KiB Mem : 32843380 total, 17004728 free,   451896 used, 15386756 buff/cache
--
  PID USER      PR  NI    VIRT    RES    SHR S %CPU %MEM     TIME+ COMMAND
11992 freshman  20   0  143924 139768   4552 R 12.5  0.4   0:01.76 gcc_base.gc+
11560 freshman  20   0   42788   3996   3368 R  0.1  0.0   0:03.02 top

top - 18:06:06 up 11 days,  5:10,  6 users,  load average: 0.95, 0.86, 0.49
Tasks: 198 total,   2 running, 121 sleeping,   0 stopped,   0 zombie
%Cpu(s): 12.6 us,  0.0 sy,  0.0 ni, 87.4 id,  0.0 wa,  0.0 hi,  0.0 si,  0.0 st
KiB Mem : 32843380 total, 17004728 free,   451896 used, 15386756 buff/cache
--
  PID USER      PR  NI    VIRT    RES    SHR S %CPU %MEM     TIME+ COMMAND
11992 freshman  20   0  143924 140080   4552 R 12.5  0.4   0:02.76 gcc_base.gc+

top - 18:06:07 up 11 days,  5:10,  6 users,  load average: 0.95, 0.86, 0.49
Tasks: 198 total,   2 running, 121 sleeping,   0 stopped,   0 zombie
%Cpu(s): 12.4 us,  0.1 sy,  0.0 ni, 87.4 id,  0.0 wa,  0.0 hi,  0.0 si,  0.0 st
KiB Mem : 32843380 total, 17004728 free,   451896 used, 15386756 buff/cache
--
  PID USER      PR  NI    VIRT    RES    SHR S %CPU %MEM     TIME+ COMMAND
11992 freshman  20   0  147588 144040   4552 R 12.4  0.4   0:03.76 gcc_base.gc+
11560 freshman  20   0   42788   3996   3368 R  0.1  0.0   0:03.03 top

top - 18:06:08 up 11 days,  5:10,  6 users,  load average: 0.95, 0.86, 0.49
Tasks: 198 total,   2 running, 121 sleeping,   0 stopped,   0 zombie
%Cpu(s): 12.6 us,  0.0 sy,  0.0 ni, 87.4 id,  0.0 wa,  0.0 hi,  0.0 si,  0.0 st
KiB Mem : 32843380 total, 17000536 free,   456080 used, 15386764 buff/cache
--
  PID USER      PR  NI    VIRT    RES    SHR S %CPU %MEM     TIME+ COMMAND
11992 freshman  20   0  147588 144040   4552 R 12.6  0.4   0:04.77 gcc_base.gc+
11560 freshman  20   0   42788   3996   3368 R  0.1  0.0   0:03.04 top

top - 18:06:09 up 11 days,  5:10,  6 users,  load average: 0.95, 0.86, 0.49
Tasks: 198 total,   2 running, 121 sleeping,   0 stopped,   0 zombie
%Cpu(s): 12.1 us,  0.4 sy,  0.0 ni, 87.5 id,  0.0 wa,  0.0 hi,  0.0 si,  0.0 st
KiB Mem : 32843380 total, 17000536 free,   456080 used, 15386764 buff/cache
--
  PID USER      PR  NI    VIRT    RES    SHR S %CPU %MEM     TIME+ COMMAND
11992 freshman  20   0  288828 285280   4552 R 12.4  0.9   0:05.77 gcc_base.gc+

top - 18:06:10 up 11 days,  5:10,  6 users,  load average: 0.96, 0.86, 0.50
Tasks: 198 total,   2 running, 121 sleeping,   0 stopped,   0 zombie
%Cpu(s): 12.5 us,  0.1 sy,  0.0 ni, 87.3 id,  0.0 wa,  0.0 hi,  0.0 si,  0.0 st
KiB Mem : 32843380 total, 17000536 free,   456080 used, 15386764 buff/cache
--
  PID USER      PR  NI    VIRT    RES    SHR S %CPU %MEM     TIME+ COMMAND
11992 freshman  20   0  288828 285280   4552 R 12.5  0.9   0:06.78 gcc_base.gc+

top - 18:06:11 up 11 days,  5:10,  6 users,  load average: 0.96, 0.86, 0.50
Tasks: 198 total,   2 running, 121 sleeping,   0 stopped,   0 zombie
%Cpu(s): 12.5 us,  0.0 sy,  0.0 ni, 87.5 id,  0.0 wa,  0.0 hi,  0.0 si,  0.0 st
KiB Mem : 32843380 total, 16859300 free,   597312 used, 15386768 buff/cache
--
  PID USER      PR  NI    VIRT    RES    SHR S %CPU %MEM     TIME+ COMMAND
11992 freshman  20   0  288828 285280   4552 R 12.6  0.9   0:07.79 gcc_base.gc+
11560 freshman  20   0   42788   3996   3368 R  0.1  0.0   0:03.05 top

top - 18:06:12 up 11 days,  5:10,  6 users,  load average: 0.96, 0.86, 0.50
Tasks: 198 total,   2 running, 121 sleeping,   0 stopped,   0 zombie
%Cpu(s): 12.1 us,  0.4 sy,  0.0 ni, 87.5 id,  0.0 wa,  0.0 hi,  0.0 si,  0.0 st
KiB Mem : 32843380 total, 16859300 free,   597312 used, 15386768 buff/cache
--
  PID USER      PR  NI    VIRT    RES    SHR S %CPU %MEM     TIME+ COMMAND
11992 freshman  20   0  152672 149264   4552 R 12.4  0.5   0:08.79 gcc_base.gc+

top - 18:06:13 up 11 days,  5:10,  6 users,  load average: 0.96, 0.86, 0.50
Tasks: 198 total,   2 running, 121 sleeping,   0 stopped,   0 zombie
%Cpu(s): 12.5 us,  0.2 sy,  0.0 ni, 87.2 id,  0.0 wa,  0.0 hi,  0.0 si,  0.0 st
KiB Mem : 32843380 total, 16859300 free,   597312 used, 15386768 buff/cache
--
  PID USER      PR  NI    VIRT    RES    SHR S %CPU %MEM     TIME+ COMMAND
11992 freshman  20   0  178220 174604   4552 R 12.5  0.5   0:09.79 gcc_base.gc+

top - 18:06:14 up 11 days,  5:10,  6 users,  load average: 0.96, 0.86, 0.50
Tasks: 198 total,   2 running, 121 sleeping,   0 stopped,   0 zombie
%Cpu(s): 12.5 us,  0.0 sy,  0.0 ni, 87.5 id,  0.0 wa,  0.0 hi,  0.0 si,  0.0 st
KiB Mem : 32843380 total, 16970180 free,   486432 used, 15386768 buff/cache
--
  PID USER      PR  NI    VIRT    RES    SHR S %CPU %MEM     TIME+ COMMAND
11992 freshman  20   0  178220 174604   4552 R 12.5  0.5   0:10.80 gcc_base.gc+
11560 freshman  20   0   42788   3996   3368 R  0.1  0.0   0:03.06 top

top - 18:06:15 up 11 days,  5:11,  6 users,  load average: 0.96, 0.86, 0.50
Tasks: 198 total,   2 running, 121 sleeping,   0 stopped,   0 zombie
%Cpu(s): 12.5 us,  0.0 sy,  0.0 ni, 87.4 id,  0.1 wa,  0.0 hi,  0.0 si,  0.0 st
KiB Mem : 32843380 total, 16970180 free,   486432 used, 15386768 buff/cache
--
  PID USER      PR  NI    VIRT    RES    SHR S %CPU %MEM     TIME+ COMMAND
11992 freshman  20   0  179520 175924   4552 R 12.5  0.5   0:11.80 gcc_base.gc+

top - 18:06:16 up 11 days,  5:11,  6 users,  load average: 0.96, 0.86, 0.50
Tasks: 198 total,   2 running, 121 sleeping,   0 stopped,   0 zombie
%Cpu(s): 12.4 us,  0.1 sy,  0.0 ni, 87.4 id,  0.0 wa,  0.0 hi,  0.0 si,  0.0 st
KiB Mem : 32843380 total, 16970180 free,   486432 used, 15386768 buff/cache
--
  PID USER      PR  NI    VIRT    RES    SHR S %CPU %MEM     TIME+ COMMAND
11992 freshman  20   0  179520 175924   4552 R 12.4  0.5   0:12.80 gcc_base.gc+
11560 freshman  20   0   42788   3996   3368 R  0.1  0.0   0:03.07 top

top - 18:06:17 up 11 days,  5:11,  6 users,  load average: 0.96, 0.86, 0.50
Tasks: 198 total,   2 running, 121 sleeping,   0 stopped,   0 zombie
%Cpu(s): 12.5 us,  0.1 sy,  0.0 ni, 87.3 id,  0.0 wa,  0.0 hi,  0.0 si,  0.0 st
KiB Mem : 32843380 total, 16967800 free,   487888 used, 15387692 buff/cache
--
  PID USER      PR  NI    VIRT    RES    SHR S %CPU %MEM     TIME+ COMMAND
11992 freshman  20   0  179520 175924   4552 R 12.6  0.5   0:13.81 gcc_base.gc+

top - 18:06:18 up 11 days,  5:11,  6 users,  load average: 0.96, 0.86, 0.50
Tasks: 198 total,   2 running, 121 sleeping,   0 stopped,   0 zombie
%Cpu(s): 12.4 us,  0.1 sy,  0.0 ni, 87.5 id,  0.0 wa,  0.0 hi,  0.0 si,  0.0 st
KiB Mem : 32843380 total, 16967800 free,   487888 used, 15387692 buff/cache
--
  PID USER      PR  NI    VIRT    RES    SHR S %CPU %MEM     TIME+ COMMAND
11992 freshman  20   0  179520 175924   4552 R 12.5  0.5   0:14.82 gcc_base.gc+
11560 freshman  20   0   42788   3996   3368 R  0.1  0.0   0:03.08 top

top - 18:06:19 up 11 days,  5:11,  6 users,  load average: 0.96, 0.86, 0.50
Tasks: 198 total,   2 running, 121 sleeping,   0 stopped,   0 zombie
%Cpu(s): 12.4 us,  0.1 sy,  0.0 ni, 87.3 id,  0.1 wa,  0.0 hi,  0.0 si,  0.0 st
KiB Mem : 32843380 total, 16967800 free,   487888 used, 15387692 buff/cache
--
  PID USER      PR  NI    VIRT    RES    SHR S %CPU %MEM     TIME+ COMMAND
11992 freshman  20   0  179520 175924   4552 R 12.5  0.5   0:15.82 gcc_base.gc+

top - 18:06:20 up 11 days,  5:11,  6 users,  load average: 0.96, 0.86, 0.50
Tasks: 198 total,   2 running, 121 sleeping,   0 stopped,   0 zombie
%Cpu(s): 12.2 us,  0.4 sy,  0.0 ni, 87.5 id,  0.0 wa,  0.0 hi,  0.0 si,  0.0 st
KiB Mem : 32843380 total, 17049996 free,   404764 used, 15388620 buff/cache
--
  PID USER      PR  NI    VIRT    RES    SHR S %CPU %MEM     TIME+ COMMAND
11994 freshman  20   0   99620  93364   4592 R 11.6  0.3   0:00.94 gcc_base.gc+
11560 freshman  20   0   42788   3996   3368 R  0.1  0.0   0:03.09 top

top - 18:06:21 up 11 days,  5:11,  6 users,  load average: 0.96, 0.86, 0.50
Tasks: 198 total,   2 running, 121 sleeping,   0 stopped,   0 zombie
%Cpu(s): 12.0 us,  0.6 sy,  0.0 ni, 87.3 id,  0.0 wa,  0.0 hi,  0.0 si,  0.0 st
KiB Mem : 32843380 total, 17049996 free,   404764 used, 15388620 buff/cache
--
  PID USER      PR  NI    VIRT    RES    SHR S %CPU %MEM     TIME+ COMMAND
11994 freshman  20   0  438880 435228   4592 R 12.6  1.3   0:01.95 gcc_base.gc+

top - 18:06:22 up 11 days,  5:11,  6 users,  load average: 0.96, 0.86, 0.50
Tasks: 198 total,   2 running, 121 sleeping,   0 stopped,   0 zombie
%Cpu(s): 12.2 us,  0.4 sy,  0.0 ni, 87.5 id,  0.0 wa,  0.0 hi,  0.0 si,  0.0 st
KiB Mem : 32843380 total, 17049996 free,   404764 used, 15388620 buff/cache
--
  PID USER      PR  NI    VIRT    RES    SHR S %CPU %MEM     TIME+ COMMAND
11994 freshman  20   0  170364 166484   4592 R 12.5  0.5   0:02.96 gcc_base.gc+
11560 freshman  20   0   42788   3996   3368 R  0.1  0.0   0:03.10 top

top - 18:06:23 up 11 days,  5:11,  6 users,  load average: 0.96, 0.86, 0.50
Tasks: 198 total,   2 running, 121 sleeping,   0 stopped,   0 zombie
%Cpu(s): 12.7 us,  0.0 sy,  0.0 ni, 87.3 id,  0.0 wa,  0.0 hi,  0.0 si,  0.0 st
KiB Mem : 32843380 total, 16977804 free,   476912 used, 15388664 buff/cache
--
  PID USER      PR  NI    VIRT    RES    SHR S %CPU %MEM     TIME+ COMMAND
11994 freshman  20   0  168496 164708   4592 R 12.4  0.5   0:03.96 gcc_base.gc+

top - 18:06:24 up 11 days,  5:11,  6 users,  load average: 0.96, 0.86, 0.50
Tasks: 198 total,   2 running, 121 sleeping,   0 stopped,   0 zombie
%Cpu(s): 12.5 us,  0.1 sy,  0.0 ni, 87.4 id,  0.0 wa,  0.0 hi,  0.0 si,  0.0 st
KiB Mem : 32843380 total, 16977804 free,   476912 used, 15388664 buff/cache
--
  PID USER      PR  NI    VIRT    RES    SHR S %CPU %MEM     TIME+ COMMAND
11994 freshman  20   0  172716 168928   4592 R 12.4  0.5   0:04.96 gcc_base.gc+
11560 freshman  20   0   42788   3996   3368 R  0.1  0.0   0:03.11 top

top - 18:06:25 up 11 days,  5:11,  6 users,  load average: 0.97, 0.87, 0.50
Tasks: 198 total,   2 running, 121 sleeping,   0 stopped,   0 zombie
%Cpu(s): 12.5 us,  0.0 sy,  0.0 ni, 87.5 id,  0.0 wa,  0.0 hi,  0.0 si,  0.0 st
KiB Mem : 32843380 total, 16977804 free,   476912 used, 15388664 buff/cache
--
  PID USER      PR  NI    VIRT    RES    SHR S %CPU %MEM     TIME+ COMMAND
11994 freshman  20   0  163832 160264   4592 R 12.6  0.5   0:05.97 gcc_base.gc+
11560 freshman  20   0   42788   3996   3368 R  0.1  0.0   0:03.12 top

top - 18:06:26 up 11 days,  5:11,  6 users,  load average: 0.97, 0.87, 0.50
Tasks: 198 total,   2 running, 121 sleeping,   0 stopped,   0 zombie
%Cpu(s): 12.4 us,  0.1 sy,  0.0 ni, 87.5 id,  0.0 wa,  0.0 hi,  0.0 si,  0.0 st
KiB Mem : 32843380 total, 16973984 free,   480732 used, 15388664 buff/cache
--
  PID USER      PR  NI    VIRT    RES    SHR S %CPU %MEM     TIME+ COMMAND
11994 freshman  20   0  172820 168972   4592 R 12.5  0.5   0:06.98 gcc_base.gc+
11560 freshman  20   0   42788   3996   3368 R  0.1  0.0   0:03.13 top

top - 18:06:27 up 11 days,  5:11,  6 users,  load average: 0.97, 0.87, 0.50
Tasks: 198 total,   2 running, 121 sleeping,   0 stopped,   0 zombie
%Cpu(s): 11.9 us,  0.6 sy,  0.0 ni, 87.5 id,  0.0 wa,  0.0 hi,  0.0 si,  0.0 st
KiB Mem : 32843380 total, 16973984 free,   480732 used, 15388664 buff/cache
--
  PID USER      PR  NI    VIRT    RES    SHR S %CPU %MEM     TIME+ COMMAND
11994 freshman  20   0  381952 378400   4592 R 12.5  1.2   0:07.99 gcc_base.gc+

top - 18:06:28 up 11 days,  5:11,  6 users,  load average: 0.97, 0.87, 0.50
Tasks: 198 total,   2 running, 121 sleeping,   0 stopped,   0 zombie
%Cpu(s): 12.5 us,  0.0 sy,  0.0 ni, 87.5 id,  0.0 wa,  0.0 hi,  0.0 si,  0.0 st
KiB Mem : 32843380 total, 16973984 free,   480732 used, 15388664 buff/cache
--
  PID USER      PR  NI    VIRT    RES    SHR S %CPU %MEM     TIME+ COMMAND
11994 freshman  20   0  381952 378400   4592 R 12.5  1.2   0:09.00 gcc_base.gc+
11560 freshman  20   0   42788   3996   3368 R  0.1  0.0   0:03.14 top

top - 18:06:29 up 11 days,  5:11,  6 users,  load average: 0.97, 0.87, 0.50
Tasks: 198 total,   2 running, 121 sleeping,   0 stopped,   0 zombie
%Cpu(s): 11.5 us,  1.1 sy,  0.0 ni, 87.3 id,  0.0 wa,  0.0 hi,  0.0 si,  0.0 st
KiB Mem : 32843380 total, 16791828 free,   662888 used, 15388664 buff/cache
--
  PID USER      PR  NI    VIRT    RES    SHR S %CPU %MEM     TIME+ COMMAND
11994 freshman  20   0  354256 350588   4592 R 12.5  1.1   0:10.00 gcc_base.gc+
11560 freshman  20   0   42788   3996   3368 R  0.1  0.0   0:03.15 top

top - 18:06:30 up 11 days,  5:11,  6 users,  load average: 0.97, 0.87, 0.51
Tasks: 198 total,   2 running, 121 sleeping,   0 stopped,   0 zombie
%Cpu(s): 12.5 us,  0.1 sy,  0.0 ni, 87.4 id,  0.0 wa,  0.0 hi,  0.0 si,  0.0 st
KiB Mem : 32843380 total, 16791828 free,   662888 used, 15388664 buff/cache
--
  PID USER      PR  NI    VIRT    RES    SHR S %CPU %MEM     TIME+ COMMAND
11994 freshman  20   0  194984 191536   4592 R 12.5  0.6   0:11.01 gcc_base.gc+

top - 18:06:31 up 11 days,  5:11,  6 users,  load average: 0.97, 0.87, 0.51
Tasks: 198 total,   2 running, 121 sleeping,   0 stopped,   0 zombie
%Cpu(s): 12.4 us,  0.0 sy,  0.0 ni, 87.6 id,  0.0 wa,  0.0 hi,  0.0 si,  0.0 st
KiB Mem : 32843380 total, 16791828 free,   662888 used, 15388664 buff/cache
--
  PID USER      PR  NI    VIRT    RES    SHR S %CPU %MEM     TIME+ COMMAND
11994 freshman  20   0  194984 191536   4592 R 12.5  0.6   0:12.02 gcc_base.gc+
11560 freshman  20   0   42788   3996   3368 R  0.1  0.0   0:03.16 top

top - 18:06:32 up 11 days,  5:11,  6 users,  load average: 0.97, 0.87, 0.51
Tasks: 198 total,   2 running, 121 sleeping,   0 stopped,   0 zombie
%Cpu(s): 12.3 us,  0.4 sy,  0.0 ni, 87.3 id,  0.0 wa,  0.0 hi,  0.0 si,  0.0 st
KiB Mem : 32843380 total, 16938744 free,   515956 used, 15388680 buff/cache
--
  PID USER      PR  NI    VIRT    RES    SHR S %CPU %MEM     TIME+ COMMAND
11994 freshman  20   0  208384 204876   4592 R 12.5  0.6   0:13.03 gcc_base.gc+

top - 18:06:33 up 11 days,  5:11,  6 users,  load average: 0.97, 0.87, 0.51
Tasks: 198 total,   2 running, 121 sleeping,   0 stopped,   0 zombie
%Cpu(s): 12.4 us,  0.2 sy,  0.0 ni, 87.4 id,  0.0 wa,  0.0 hi,  0.0 si,  0.0 st
KiB Mem : 32843380 total, 16938744 free,   515956 used, 15388680 buff/cache
--
  PID USER      PR  NI    VIRT    RES    SHR S %CPU %MEM     TIME+ COMMAND
11994 freshman  20   0  267640 264276   4592 R 12.6  0.8   0:14.04 gcc_base.gc+
 1028 root      20   0 1894016  27060  14936 S  0.1  0.1   1:32.20 snapd
11562 freshman  20   0   13136   1092    996 S  0.1  0.0   0:00.03 grep
--
top - 18:06:34 up 11 days,  5:11,  6 users,  load average: 0.97, 0.87, 0.51
Tasks: 198 total,   2 running, 121 sleeping,   0 stopped,   0 zombie
%Cpu(s): 12.5 us,  0.0 sy,  0.0 ni, 87.5 id,  0.0 wa,  0.0 hi,  0.0 si,  0.0 st
KiB Mem : 32843380 total, 16938744 free,   515956 used, 15388680 buff/cache
--
  PID USER      PR  NI    VIRT    RES    SHR S %CPU %MEM     TIME+ COMMAND
11994 freshman  20   0  267640 264276   4592 R 12.5  0.8   0:15.05 gcc_base.gc+
11560 freshman  20   0   42788   3996   3368 R  0.1  0.0   0:03.17 top

top - 18:06:35 up 11 days,  5:11,  6 users,  load average: 0.97, 0.87, 0.51
Tasks: 198 total,   2 running, 121 sleeping,   0 stopped,   0 zombie
%Cpu(s): 12.5 us,  0.1 sy,  0.0 ni, 87.3 id,  0.0 wa,  0.0 hi,  0.0 si,  0.0 st
KiB Mem : 32843380 total, 16878480 free,   576212 used, 15388688 buff/cache
--
  PID USER      PR  NI    VIRT    RES    SHR S %CPU %MEM     TIME+ COMMAND
11994 freshman  20   0  267640 264276   4592 R 12.4  0.8   0:16.05 gcc_base.gc+
11560 freshman  20   0   42788   3996   3368 R  0.1  0.0   0:03.18 top

top - 18:06:36 up 11 days,  5:11,  6 users,  load average: 0.97, 0.87, 0.51
Tasks: 198 total,   2 running, 121 sleeping,   0 stopped,   0 zombie
%Cpu(s): 12.4 us,  0.0 sy,  0.0 ni, 87.6 id,  0.0 wa,  0.0 hi,  0.0 si,  0.0 st
KiB Mem : 32843380 total, 16878480 free,   576212 used, 15388688 buff/cache
--
  PID USER      PR  NI    VIRT    RES    SHR S %CPU %MEM     TIME+ COMMAND
11994 freshman  20   0  267640 264276   4592 R 12.6  0.8   0:17.06 gcc_base.gc+

top - 18:06:37 up 11 days,  5:11,  6 users,  load average: 0.97, 0.87, 0.51
Tasks: 198 total,   2 running, 121 sleeping,   0 stopped,   0 zombie
%Cpu(s): 12.5 us,  0.0 sy,  0.0 ni, 87.5 id,  0.0 wa,  0.0 hi,  0.0 si,  0.0 st
KiB Mem : 32843380 total, 16878480 free,   576212 used, 15388688 buff/cache
--
  PID USER      PR  NI    VIRT    RES    SHR S %CPU %MEM     TIME+ COMMAND
11994 freshman  20   0  267640 264276   4592 R 12.5  0.8   0:18.07 gcc_base.gc+
11560 freshman  20   0   42788   3996   3368 R  0.1  0.0   0:03.19 top

top - 18:06:38 up 11 days,  5:11,  6 users,  load average: 0.97, 0.87, 0.51
Tasks: 198 total,   2 running, 121 sleeping,   0 stopped,   0 zombie
%Cpu(s): 12.3 us,  0.4 sy,  0.0 ni, 87.3 id,  0.0 wa,  0.0 hi,  0.0 si,  0.0 st
KiB Mem : 32843380 total, 17072424 free,   380608 used, 15390348 buff/cache
--
  PID USER      PR  NI    VIRT    RES    SHR S %CPU %MEM     TIME+ COMMAND
11996 freshman  20   0   73612  70280   4620 R  3.7  0.2   0:00.30 gcc_base.gc+
11560 freshman  20   0   42788   3996   3368 R  0.1  0.0   0:03.20 top

top - 18:06:39 up 11 days,  5:11,  6 users,  load average: 0.97, 0.87, 0.51
Tasks: 198 total,   2 running, 121 sleeping,   0 stopped,   0 zombie
%Cpu(s): 12.4 us,  0.1 sy,  0.0 ni, 87.3 id,  0.1 wa,  0.0 hi,  0.0 si,  0.0 st
KiB Mem : 32843380 total, 17072424 free,   380608 used, 15390348 buff/cache
--
  PID USER      PR  NI    VIRT    RES    SHR S %CPU %MEM     TIME+ COMMAND
11996 freshman  20   0   62544  59340   4620 R 12.6  0.2   0:01.31 gcc_base.gc+

top - 18:06:40 up 11 days,  5:11,  6 users,  load average: 0.98, 0.87, 0.51
Tasks: 198 total,   2 running, 121 sleeping,   0 stopped,   0 zombie
%Cpu(s): 12.5 us,  0.0 sy,  0.0 ni, 87.5 id,  0.0 wa,  0.0 hi,  0.0 si,  0.0 st
KiB Mem : 32843380 total, 17072424 free,   380608 used, 15390348 buff/cache
--
  PID USER      PR  NI    VIRT    RES    SHR S %CPU %MEM     TIME+ COMMAND
11996 freshman  20   0   88708  85476   4620 R 12.5  0.3   0:02.32 gcc_base.gc+

top - 18:06:41 up 11 days,  5:11,  6 users,  load average: 0.98, 0.87, 0.51
Tasks: 198 total,   2 running, 121 sleeping,   0 stopped,   0 zombie
%Cpu(s): 12.4 us,  0.1 sy,  0.0 ni, 87.4 id,  0.0 wa,  0.0 hi,  0.0 si,  0.0 st
KiB Mem : 32843380 total, 17038648 free,   413944 used, 15390788 buff/cache
--
  PID USER      PR  NI    VIRT    RES    SHR S %CPU %MEM     TIME+ COMMAND
11996 freshman  20   0  105736 102372   4620 R 12.5  0.3   0:03.32 gcc_base.gc+
11560 freshman  20   0   42788   3996   3368 R  0.1  0.0   0:03.21 top

top - 18:06:42 up 11 days,  5:11,  6 users,  load average: 0.98, 0.87, 0.51
Tasks: 198 total,   2 running, 121 sleeping,   0 stopped,   0 zombie
%Cpu(s): 12.3 us,  0.4 sy,  0.0 ni, 87.3 id,  0.0 wa,  0.0 hi,  0.0 si,  0.0 st
KiB Mem : 32843380 total, 17038648 free,   413944 used, 15390788 buff/cache
--
  PID USER      PR  NI    VIRT    RES    SHR S %CPU %MEM     TIME+ COMMAND
11996 freshman  20   0  122732 118944   4620 R 12.5  0.4   0:04.33 gcc_base.gc+

top - 18:06:43 up 11 days,  5:11,  6 users,  load average: 0.98, 0.87, 0.51
Tasks: 198 total,   2 running, 121 sleeping,   0 stopped,   0 zombie
%Cpu(s): 11.7 us,  0.7 sy,  0.0 ni, 87.6 id,  0.0 wa,  0.0 hi,  0.0 si,  0.0 st
KiB Mem : 32843380 total, 17038648 free,   413944 used, 15390788 buff/cache
--
  PID USER      PR  NI    VIRT    RES    SHR S %CPU %MEM     TIME+ COMMAND
11996 freshman  20   0  572540 568784   4620 R 12.5  1.7   0:05.33 gcc_base.gc+
11560 freshman  20   0   42788   3996   3368 R  0.1  0.0   0:03.22 top

top - 18:06:44 up 11 days,  5:11,  6 users,  load average: 0.98, 0.87, 0.51
Tasks: 198 total,   2 running, 121 sleeping,   0 stopped,   0 zombie
%Cpu(s): 12.3 us,  0.2 sy,  0.0 ni, 87.4 id,  0.0 wa,  0.0 hi,  0.0 si,  0.0 st
KiB Mem : 32843380 total, 16930016 free,   522408 used, 15390956 buff/cache
--
  PID USER      PR  NI    VIRT    RES    SHR S %CPU %MEM     TIME+ COMMAND
11996 freshman  20   0  213800 210192   4620 R 12.5  0.6   0:06.34 gcc_base.gc+

top - 18:06:45 up 11 days,  5:11,  6 users,  load average: 0.98, 0.87, 0.52
Tasks: 198 total,   2 running, 121 sleeping,   0 stopped,   0 zombie
%Cpu(s): 12.4 us,  0.1 sy,  0.0 ni, 87.4 id,  0.0 wa,  0.0 hi,  0.0 si,  0.0 st
KiB Mem : 32843380 total, 16930016 free,   522408 used, 15390956 buff/cache
--
  PID USER      PR  NI    VIRT    RES    SHR S %CPU %MEM     TIME+ COMMAND
11996 freshman  20   0  218948 215304   4620 R 12.4  0.7   0:07.34 gcc_base.gc+

top - 18:06:46 up 11 days,  5:11,  6 users,  load average: 0.98, 0.87, 0.52
Tasks: 198 total,   2 running, 121 sleeping,   0 stopped,   0 zombie
%Cpu(s): 12.6 us,  0.0 sy,  0.0 ni, 87.4 id,  0.0 wa,  0.0 hi,  0.0 si,  0.0 st
KiB Mem : 32843380 total, 16930016 free,   522408 used, 15390956 buff/cache
--
  PID USER      PR  NI    VIRT    RES    SHR S %CPU %MEM     TIME+ COMMAND
11996 freshman  20   0  218948 215504   4620 R 12.6  0.7   0:08.35 gcc_base.gc+
11560 freshman  20   0   42788   3996   3368 R  0.1  0.0   0:03.23 top

top - 18:06:47 up 11 days,  5:11,  6 users,  load average: 0.98, 0.87, 0.52
Tasks: 198 total,   2 running, 121 sleeping,   0 stopped,   0 zombie
%Cpu(s): 12.4 us,  0.1 sy,  0.0 ni, 87.4 id,  0.0 wa,  0.0 hi,  0.0 si,  0.0 st
KiB Mem : 32843380 total, 16924436 free,   527976 used, 15390968 buff/cache
--
  PID USER      PR  NI    VIRT    RES    SHR S %CPU %MEM     TIME+ COMMAND
11996 freshman  20   0  218948 215504   4620 R 12.4  0.7   0:09.35 gcc_base.gc+

top - 18:06:48 up 11 days,  5:11,  6 users,  load average: 0.98, 0.87, 0.52
Tasks: 198 total,   2 running, 121 sleeping,   0 stopped,   0 zombie
%Cpu(s): 12.6 us,  0.0 sy,  0.0 ni, 87.4 id,  0.0 wa,  0.0 hi,  0.0 si,  0.0 st
KiB Mem : 32843380 total, 16924436 free,   527976 used, 15390968 buff/cache
--
  PID USER      PR  NI    VIRT    RES    SHR S %CPU %MEM     TIME+ COMMAND
11996 freshman  20   0  218948 215504   4620 R 12.6  0.7   0:10.36 gcc_base.gc+
11560 freshman  20   0   42788   3996   3368 R  0.1  0.0   0:03.24 top

top - 18:06:49 up 11 days,  5:11,  6 users,  load average: 0.98, 0.87, 0.52
Tasks: 198 total,   2 running, 121 sleeping,   0 stopped,   0 zombie
%Cpu(s): 12.4 us,  0.0 sy,  0.0 ni, 87.6 id,  0.0 wa,  0.0 hi,  0.0 si,  0.0 st
KiB Mem : 32843380 total, 16924436 free,   527976 used, 15390968 buff/cache
--
  PID USER      PR  NI    VIRT    RES    SHR S %CPU %MEM     TIME+ COMMAND
11996 freshman  20   0  218948 215504   4620 R 12.5  0.7   0:11.37 gcc_base.gc+

top - 18:06:50 up 11 days,  5:11,  6 users,  load average: 0.98, 0.88, 0.52
Tasks: 198 total,   2 running, 121 sleeping,   0 stopped,   0 zombie
%Cpu(s): 12.5 us,  0.1 sy,  0.0 ni, 87.3 id,  0.0 wa,  0.0 hi,  0.0 si,  0.0 st
KiB Mem : 32843380 total, 16924484 free,   527928 used, 15390968 buff/cache
--
  PID USER      PR  NI    VIRT    RES    SHR S %CPU %MEM     TIME+ COMMAND
11996 freshman  20   0  218948 215504   4620 R 12.5  0.7   0:12.37 gcc_base.gc+
11560 freshman  20   0   42788   3996   3368 R  0.1  0.0   0:03.25 top

top - 18:06:51 up 11 days,  5:11,  6 users,  load average: 0.98, 0.88, 0.52
Tasks: 198 total,   2 running, 121 sleeping,   0 stopped,   0 zombie
%Cpu(s): 11.8 us,  0.7 sy,  0.0 ni, 87.4 id,  0.0 wa,  0.0 hi,  0.0 si,  0.0 st
KiB Mem : 32843380 total, 16924484 free,   527928 used, 15390968 buff/cache
--
  PID USER      PR  NI    VIRT    RES    SHR S %CPU %MEM     TIME+ COMMAND
11996 freshman  20   0  522684 519104   4620 R 12.5  1.6   0:13.38 gcc_base.gc+

top - 18:06:52 up 11 days,  5:11,  6 users,  load average: 0.98, 0.88, 0.52
Tasks: 198 total,   2 running, 121 sleeping,   0 stopped,   0 zombie
%Cpu(s): 12.6 us,  0.0 sy,  0.0 ni, 87.4 id,  0.0 wa,  0.0 hi,  0.0 si,  0.0 st
KiB Mem : 32843380 total, 16924484 free,   527928 used, 15390968 buff/cache
--
  PID USER      PR  NI    VIRT    RES    SHR S %CPU %MEM     TIME+ COMMAND
11996 freshman  20   0  522684 519104   4620 R 12.6  1.6   0:14.39 gcc_base.gc+
11560 freshman  20   0   42788   3996   3368 R  0.1  0.0   0:03.26 top

top - 18:06:53 up 11 days,  5:11,  6 users,  load average: 0.98, 0.88, 0.52
Tasks: 198 total,   2 running, 121 sleeping,   0 stopped,   0 zombie
%Cpu(s): 11.1 us,  1.5 sy,  0.0 ni, 87.5 id,  0.0 wa,  0.0 hi,  0.0 si,  0.0 st
KiB Mem : 32843380 total, 16901248 free,   551164 used, 15390968 buff/cache
--
  PID USER      PR  NI    VIRT    RES    SHR S %CPU %MEM     TIME+ COMMAND
11996 freshman  20   0  242028 238596   4620 R 12.3  0.7   0:15.38 gcc_base.gc+
11560 freshman  20   0   42788   3996   3368 R  0.1  0.0   0:03.27 top

top - 18:06:54 up 11 days,  5:11,  6 users,  load average: 0.98, 0.88, 0.52
Tasks: 198 total,   2 running, 121 sleeping,   0 stopped,   0 zombie
%Cpu(s): 12.6 us,  0.0 sy,  0.0 ni, 87.4 id,  0.0 wa,  0.0 hi,  0.0 si,  0.0 st
KiB Mem : 32843380 total, 16901248 free,   551164 used, 15390968 buff/cache
--
  PID USER      PR  NI    VIRT    RES    SHR S %CPU %MEM     TIME+ COMMAND
11996 freshman  20   0  242028 238596   4620 R 12.6  0.7   0:16.39 gcc_base.gc+

top - 18:06:55 up 11 days,  5:11,  6 users,  load average: 0.98, 0.88, 0.52
Tasks: 198 total,   2 running, 121 sleeping,   0 stopped,   0 zombie
%Cpu(s): 12.6 us,  0.0 sy,  0.0 ni, 87.4 id,  0.0 wa,  0.0 hi,  0.0 si,  0.0 st
KiB Mem : 32843380 total, 16901248 free,   551164 used, 15390968 buff/cache
--
  PID USER      PR  NI    VIRT    RES    SHR S %CPU %MEM     TIME+ COMMAND
11996 freshman  20   0  242028 238596   4620 R 12.5  0.7   0:17.40 gcc_base.gc+

top - 18:06:56 up 11 days,  5:11,  6 users,  load average: 0.98, 0.88, 0.52
Tasks: 198 total,   2 running, 121 sleeping,   0 stopped,   0 zombie
%Cpu(s): 12.2 us,  0.2 sy,  0.0 ni, 87.5 id,  0.0 wa,  0.0 hi,  0.0 si,  0.0 st
KiB Mem : 32843380 total, 16901044 free,   551364 used, 15390972 buff/cache
--
  PID USER      PR  NI    VIRT    RES    SHR S %CPU %MEM     TIME+ COMMAND
11996 freshman  20   0  242028 238684   4620 R 12.5  0.7   0:18.40 gcc_base.gc+

top - 18:06:57 up 11 days,  5:11,  6 users,  load average: 0.98, 0.88, 0.52
Tasks: 198 total,   2 running, 121 sleeping,   0 stopped,   0 zombie
%Cpu(s): 12.4 us,  0.2 sy,  0.0 ni, 87.3 id,  0.0 wa,  0.0 hi,  0.0 si,  0.0 st
KiB Mem : 32843380 total, 16901044 free,   551364 used, 15390972 buff/cache
--
  PID USER      PR  NI    VIRT    RES    SHR S %CPU %MEM     TIME+ COMMAND
11996 freshman  20   0  390000 386784   4620 R 12.5  1.2   0:19.41 gcc_base.gc+
11560 freshman  20   0   42788   3996   3368 R  0.1  0.0   0:03.28 top

top - 18:06:58 up 11 days,  5:11,  6 users,  load average: 0.98, 0.88, 0.52
Tasks: 198 total,   2 running, 121 sleeping,   0 stopped,   0 zombie
%Cpu(s): 12.3 us,  0.1 sy,  0.0 ni, 87.6 id,  0.0 wa,  0.0 hi,  0.0 si,  0.0 st
KiB Mem : 32843380 total, 16901044 free,   551364 used, 15390972 buff/cache
--
  PID USER      PR  NI    VIRT    RES    SHR S %CPU %MEM     TIME+ COMMAND
11996 freshman  20   0  439400 436064   4620 R 12.5  1.3   0:20.42 gcc_base.gc+

top - 18:06:59 up 11 days,  5:11,  6 users,  load average: 0.98, 0.88, 0.52
Tasks: 198 total,   2 running, 121 sleeping,   0 stopped,   0 zombie
%Cpu(s): 12.4 us,  0.1 sy,  0.0 ni, 87.4 id,  0.0 wa,  0.0 hi,  0.0 si,  0.0 st
KiB Mem : 32843380 total, 16670988 free,   781408 used, 15390984 buff/cache
--
  PID USER      PR  NI    VIRT    RES    SHR S %CPU %MEM     TIME+ COMMAND
11996 freshman  20   0  472584 469060   4620 R 12.4  1.4   0:21.41 gcc_base.gc+
 4830 root      20   0       0      0      0 I  0.1  0.0   0:00.04 kworker/2:0
11560 freshman  20   0   42788   3996   3368 R  0.1  0.0   0:03.29 top
--
top - 18:07:00 up 11 days,  5:11,  6 users,  load average: 0.98, 0.88, 0.52
Tasks: 198 total,   2 running, 121 sleeping,   0 stopped,   0 zombie
%Cpu(s): 12.4 us,  0.1 sy,  0.0 ni, 87.4 id,  0.0 wa,  0.0 hi,  0.0 si,  0.0 st
KiB Mem : 32843380 total, 16670988 free,   781408 used, 15390984 buff/cache
--
  PID USER      PR  NI    VIRT    RES    SHR S %CPU %MEM     TIME+ COMMAND
11996 freshman  20   0  439400 436064   4620 R 12.6  1.3   0:22.43 gcc_base.gc+

top - 18:07:01 up 11 days,  5:11,  6 users,  load average: 0.98, 0.88, 0.52
Tasks: 198 total,   2 running, 121 sleeping,   0 stopped,   0 zombie
%Cpu(s): 12.6 us,  0.0 sy,  0.0 ni, 87.4 id,  0.0 wa,  0.0 hi,  0.0 si,  0.0 st
KiB Mem : 32843380 total, 16670988 free,   781408 used, 15390984 buff/cache
--
  PID USER      PR  NI    VIRT    RES    SHR S %CPU %MEM     TIME+ COMMAND
11996 freshman  20   0  439400 436064   4620 R 12.5  1.3   0:23.43 gcc_base.gc+
11560 freshman  20   0   42788   3996   3368 R  0.1  0.0   0:03.30 top

top - 18:07:02 up 11 days,  5:11,  6 users,  load average: 0.98, 0.88, 0.52
Tasks: 198 total,   2 running, 121 sleeping,   0 stopped,   0 zombie
%Cpu(s): 12.4 us,  0.0 sy,  0.0 ni, 87.6 id,  0.0 wa,  0.0 hi,  0.0 si,  0.0 st
KiB Mem : 32843380 total, 16703400 free,   748996 used, 15390984 buff/cache
--
  PID USER      PR  NI    VIRT    RES    SHR S %CPU %MEM     TIME+ COMMAND
11996 freshman  20   0  439400 436064   4620 R 12.5  1.3   0:24.44 gcc_base.gc+

top - 18:07:03 up 11 days,  5:11,  6 users,  load average: 0.98, 0.88, 0.52
Tasks: 198 total,   2 running, 121 sleeping,   0 stopped,   0 zombie
%Cpu(s): 12.4 us,  0.2 sy,  0.0 ni, 87.3 id,  0.0 wa,  0.0 hi,  0.0 si,  0.0 st
KiB Mem : 32843380 total, 16703400 free,   748996 used, 15390984 buff/cache
--
  PID USER      PR  NI    VIRT    RES    SHR S %CPU %MEM     TIME+ COMMAND
11996 freshman  20   0  439400 436096   4620 R 12.5  1.3   0:25.44 gcc_base.gc+

top - 18:07:04 up 11 days,  5:11,  6 users,  load average: 0.98, 0.88, 0.52
Tasks: 198 total,   2 running, 121 sleeping,   0 stopped,   0 zombie
%Cpu(s): 12.5 us,  0.0 sy,  0.0 ni, 87.4 id,  0.1 wa,  0.0 hi,  0.0 si,  0.0 st
KiB Mem : 32843380 total, 16703400 free,   748996 used, 15390984 buff/cache
--
  PID USER      PR  NI    VIRT    RES    SHR S %CPU %MEM     TIME+ COMMAND
11996 freshman  20   0  439400 436096   4620 R 12.4  1.3   0:26.44 gcc_base.gc+

top - 18:07:05 up 11 days,  5:11,  6 users,  load average: 0.98, 0.88, 0.53
Tasks: 198 total,   2 running, 121 sleeping,   0 stopped,   0 zombie
%Cpu(s): 12.3 us,  0.2 sy,  0.0 ni, 87.5 id,  0.0 wa,  0.0 hi,  0.0 si,  0.0 st
KiB Mem : 32843380 total, 17077384 free,   373112 used, 15392884 buff/cache
--
  PID USER      PR  NI    VIRT    RES    SHR S %CPU %MEM     TIME+ COMMAND
11998 freshman  20   0   65808  61808   4196 R 12.1  0.2   0:00.97 gcc_base.gc+
11560 freshman  20   0   42788   3996   3368 R  0.2  0.0   0:03.32 top

top - 18:07:06 up 11 days,  5:11,  6 users,  load average: 0.98, 0.88, 0.53
Tasks: 198 total,   2 running, 121 sleeping,   0 stopped,   0 zombie
%Cpu(s): 12.5 us,  0.1 sy,  0.0 ni, 87.3 id,  0.0 wa,  0.0 hi,  0.0 si,  0.0 st
KiB Mem : 32843380 total, 17077384 free,   373112 used, 15392884 buff/cache
--
  PID USER      PR  NI    VIRT    RES    SHR S %CPU %MEM     TIME+ COMMAND
11998 freshman  20   0   78904  75008   4196 R 12.5  0.2   0:01.98 gcc_base.gc+

top - 18:07:07 up 11 days,  5:11,  6 users,  load average: 0.98, 0.88, 0.53
Tasks: 198 total,   2 running, 121 sleeping,   0 stopped,   0 zombie
%Cpu(s): 12.4 us,  0.1 sy,  0.0 ni, 87.4 id,  0.0 wa,  0.0 hi,  0.0 si,  0.0 st
KiB Mem : 32843380 total, 17077384 free,   373112 used, 15392884 buff/cache
--
  PID USER      PR  NI    VIRT    RES    SHR S %CPU %MEM     TIME+ COMMAND
11998 freshman  20   0   89808  85832   4196 R 12.4  0.3   0:02.97 gcc_base.gc+

top - 18:07:08 up 11 days,  5:11,  6 users,  load average: 0.98, 0.88, 0.53
Tasks: 198 total,   2 running, 121 sleeping,   0 stopped,   0 zombie
%Cpu(s): 12.2 us,  0.2 sy,  0.0 ni, 87.6 id,  0.0 wa,  0.0 hi,  0.0 si,  0.0 st
KiB Mem : 32843380 total, 17034448 free,   416048 used, 15392884 buff/cache
--
  PID USER      PR  NI    VIRT    RES    SHR S %CPU %MEM     TIME+ COMMAND
11998 freshman  20   0  107488 103424   4196 R 12.5  0.3   0:03.98 gcc_base.gc+
11560 freshman  20   0   42788   3996   3368 R  0.1  0.0   0:03.33 top

top - 18:07:09 up 11 days,  5:11,  6 users,  load average: 0.98, 0.88, 0.53
Tasks: 198 total,   2 running, 121 sleeping,   0 stopped,   0 zombie
%Cpu(s): 12.2 us,  0.5 sy,  0.0 ni, 87.2 id,  0.1 wa,  0.0 hi,  0.0 si,  0.0 st
KiB Mem : 32843380 total, 17034448 free,   416048 used, 15392884 buff/cache
--
  PID USER      PR  NI    VIRT    RES    SHR S %CPU %MEM     TIME+ COMMAND
11998 freshman  20   0  299428 295312   4324 R 12.6  0.9   0:04.99 gcc_base.gc+

top - 18:07:10 up 11 days,  5:11,  6 users,  load average: 0.99, 0.89, 0.53
Tasks: 198 total,   2 running, 121 sleeping,   0 stopped,   0 zombie
%Cpu(s): 11.3 us,  1.2 sy,  0.0 ni, 87.4 id,  0.0 wa,  0.0 hi,  0.0 si,  0.0 st
KiB Mem : 32843380 total, 17034448 free,   416048 used, 15392884 buff/cache
--
  PID USER      PR  NI    VIRT    RES    SHR S %CPU %MEM     TIME+ COMMAND
11998 freshman  20   0  864436 860272   4324 R 12.5  2.6   0:06.00 gcc_base.gc+

top - 18:07:11 up 11 days,  5:11,  6 users,  load average: 0.99, 0.89, 0.53
Tasks: 198 total,   2 running, 121 sleeping,   0 stopped,   0 zombie
%Cpu(s): 12.1 us,  0.4 sy,  0.0 ni, 87.5 id,  0.0 wa,  0.0 hi,  0.0 si,  0.0 st
KiB Mem : 32843380 total, 16768136 free,   682348 used, 15392896 buff/cache
--
  PID USER      PR  NI    VIRT    RES    SHR S %CPU %MEM     TIME+ COMMAND
11998 freshman  20   0  376936 369816   4324 R 12.4  1.1   0:06.99 gcc_base.gc+

top - 18:07:12 up 11 days,  5:11,  6 users,  load average: 0.99, 0.89, 0.53
Tasks: 198 total,   2 running, 121 sleeping,   0 stopped,   0 zombie
%Cpu(s): 12.5 us,  0.1 sy,  0.0 ni, 87.3 id,  0.0 wa,  0.0 hi,  0.0 si,  0.0 st
KiB Mem : 32843380 total, 16768136 free,   682348 used, 15392896 buff/cache
--
  PID USER      PR  NI    VIRT    RES    SHR S %CPU %MEM     TIME+ COMMAND
11998 freshman  20   0  376988 370100   4324 R 12.5  1.1   0:08.00 gcc_base.gc+
11560 freshman  20   0   42788   3996   3368 R  0.1  0.0   0:03.34 top

top - 18:07:13 up 11 days,  5:11,  6 users,  load average: 0.99, 0.89, 0.53
Tasks: 198 total,   2 running, 121 sleeping,   0 stopped,   0 zombie
%Cpu(s): 12.4 us,  0.1 sy,  0.0 ni, 87.4 id,  0.0 wa,  0.0 hi,  0.0 si,  0.0 st
KiB Mem : 32843380 total, 16768136 free,   682348 used, 15392896 buff/cache
--
  PID USER      PR  NI    VIRT    RES    SHR S %CPU %MEM     TIME+ COMMAND
11998 freshman  20   0  376840 372832   4324 R 12.5  1.1   0:09.01 gcc_base.gc+

top - 18:07:14 up 11 days,  5:11,  6 users,  load average: 0.99, 0.89, 0.53
Tasks: 198 total,   2 running, 121 sleeping,   0 stopped,   0 zombie
%Cpu(s): 12.6 us,  0.0 sy,  0.0 ni, 87.4 id,  0.0 wa,  0.0 hi,  0.0 si,  0.0 st
KiB Mem : 32843380 total, 16765400 free,   685084 used, 15392896 buff/cache
--
  PID USER      PR  NI    VIRT    RES    SHR S %CPU %MEM     TIME+ COMMAND
11998 freshman  20   0  376840 372832   4324 R 12.5  1.1   0:10.01 gcc_base.gc+
11560 freshman  20   0   42788   3996   3368 R  0.1  0.0   0:03.35 top
11561 freshman  20   0   13136   1004    908 S  0.1  0.0   0:00.04 grep
--
top - 18:07:15 up 11 days,  5:12,  6 users,  load average: 0.99, 0.89, 0.53
Tasks: 198 total,   2 running, 121 sleeping,   0 stopped,   0 zombie
%Cpu(s): 12.6 us,  0.0 sy,  0.0 ni, 87.4 id,  0.0 wa,  0.0 hi,  0.0 si,  0.0 st
KiB Mem : 32843380 total, 16765400 free,   685084 used, 15392896 buff/cache
--
  PID USER      PR  NI    VIRT    RES    SHR S %CPU %MEM     TIME+ COMMAND
11998 freshman  20   0  376840 372832   4324 R 12.5  1.1   0:11.02 gcc_base.gc+
11560 freshman  20   0   42788   3996   3368 R  0.1  0.0   0:03.36 top

top - 18:07:16 up 11 days,  5:12,  6 users,  load average: 0.99, 0.89, 0.53
Tasks: 198 total,   2 running, 121 sleeping,   0 stopped,   0 zombie
%Cpu(s): 12.6 us,  0.0 sy,  0.0 ni, 87.4 id,  0.0 wa,  0.0 hi,  0.0 si,  0.0 st
KiB Mem : 32843380 total, 16765400 free,   685084 used, 15392896 buff/cache
--
  PID USER      PR  NI    VIRT    RES    SHR S %CPU %MEM     TIME+ COMMAND
11998 freshman  20   0  376840 372832   4324 R 12.5  1.1   0:12.02 gcc_base.gc+

top - 18:07:17 up 11 days,  5:12,  6 users,  load average: 0.99, 0.89, 0.53
Tasks: 198 total,   2 running, 121 sleeping,   0 stopped,   0 zombie
%Cpu(s): 12.5 us,  0.0 sy,  0.0 ni, 87.5 id,  0.0 wa,  0.0 hi,  0.0 si,  0.0 st
KiB Mem : 32843380 total, 16765292 free,   685180 used, 15392908 buff/cache
--
  PID USER      PR  NI    VIRT    RES    SHR S %CPU %MEM     TIME+ COMMAND
11998 freshman  20   0  376840 372832   4324 R 12.5  1.1   0:13.03 gcc_base.gc+

top - 18:07:18 up 11 days,  5:12,  6 users,  load average: 0.99, 0.89, 0.53
Tasks: 198 total,   2 running, 121 sleeping,   0 stopped,   0 zombie
%Cpu(s): 12.7 us,  0.0 sy,  0.0 ni, 87.3 id,  0.0 wa,  0.0 hi,  0.0 si,  0.0 st
KiB Mem : 32843380 total, 16765292 free,   685180 used, 15392908 buff/cache
--
  PID USER      PR  NI    VIRT    RES    SHR S %CPU %MEM     TIME+ COMMAND
11998 freshman  20   0  376840 372832   4324 R 12.6  1.1   0:14.04 gcc_base.gc+
11560 freshman  20   0   42788   3996   3368 R  0.1  0.0   0:03.37 top

top - 18:07:19 up 11 days,  5:12,  6 users,  load average: 0.99, 0.89, 0.53
Tasks: 198 total,   2 running, 121 sleeping,   0 stopped,   0 zombie
%Cpu(s): 12.4 us,  0.0 sy,  0.0 ni, 87.6 id,  0.0 wa,  0.0 hi,  0.0 si,  0.0 st
KiB Mem : 32843380 total, 16765292 free,   685180 used, 15392908 buff/cache
--
  PID USER      PR  NI    VIRT    RES    SHR S %CPU %MEM     TIME+ COMMAND
11998 freshman  20   0  376840 372832   4324 R 12.4  1.1   0:15.04 gcc_base.gc+

top - 18:07:20 up 11 days,  5:12,  6 users,  load average: 0.99, 0.89, 0.54
Tasks: 198 total,   2 running, 121 sleeping,   0 stopped,   0 zombie
%Cpu(s): 12.5 us,  0.1 sy,  0.0 ni, 87.3 id,  0.0 wa,  0.0 hi,  0.0 si,  0.0 st
KiB Mem : 32843380 total, 16765292 free,   685180 used, 15392908 buff/cache
--
  PID USER      PR  NI    VIRT    RES    SHR S %CPU %MEM     TIME+ COMMAND
11998 freshman  20   0  376840 372832   4324 R 12.5  1.1   0:16.04 gcc_base.gc+
11560 freshman  20   0   42788   3996   3368 R  0.1  0.0   0:03.38 top

top - 18:07:21 up 11 days,  5:12,  6 users,  load average: 0.99, 0.89, 0.54
Tasks: 198 total,   2 running, 121 sleeping,   0 stopped,   0 zombie
%Cpu(s): 12.1 us,  0.4 sy,  0.0 ni, 87.4 id,  0.1 wa,  0.0 hi,  0.0 si,  0.0 st
KiB Mem : 32843380 total, 16765292 free,   685180 used, 15392908 buff/cache
--
  PID USER      PR  NI    VIRT    RES    SHR S %CPU %MEM     TIME+ COMMAND
11998 freshman  20   0  376840 373028   4324 R 12.5  1.1   0:17.05 gcc_base.gc+

top - 18:07:22 up 11 days,  5:12,  6 users,  load average: 0.99, 0.89, 0.54
Tasks: 198 total,   2 running, 121 sleeping,   0 stopped,   0 zombie
%Cpu(s): 12.4 us,  0.1 sy,  0.0 ni, 87.4 id,  0.0 wa,  0.0 hi,  0.0 si,  0.0 st
KiB Mem : 32843380 total, 16765292 free,   685180 used, 15392908 buff/cache
--
  PID USER      PR  NI    VIRT    RES    SHR S %CPU %MEM     TIME+ COMMAND
11998 freshman  20   0  393156 389128   4324 R 12.6  1.2   0:18.06 gcc_base.gc+
11560 freshman  20   0   42788   3996   3368 R  0.1  0.0   0:03.39 top

top - 18:07:23 up 11 days,  5:12,  6 users,  load average: 0.99, 0.89, 0.54
Tasks: 198 total,   2 running, 121 sleeping,   0 stopped,   0 zombie
%Cpu(s): 12.4 us,  0.1 sy,  0.0 ni, 87.4 id,  0.0 wa,  0.0 hi,  0.0 si,  0.0 st
KiB Mem : 32843380 total, 16748180 free,   702284 used, 15392916 buff/cache
--
  PID USER      PR  NI    VIRT    RES    SHR S %CPU %MEM     TIME+ COMMAND
11998 freshman  20   0  393156 389380   4324 R 12.5  1.2   0:19.07 gcc_base.gc+

top - 18:07:24 up 11 days,  5:12,  6 users,  load average: 0.99, 0.89, 0.54
Tasks: 198 total,   2 running, 121 sleeping,   0 stopped,   0 zombie
%Cpu(s): 12.5 us,  0.0 sy,  0.0 ni, 87.5 id,  0.0 wa,  0.0 hi,  0.0 si,  0.0 st
KiB Mem : 32843380 total, 16748180 free,   702284 used, 15392916 buff/cache
--
  PID USER      PR  NI    VIRT    RES    SHR S %CPU %MEM     TIME+ COMMAND
11998 freshman  20   0  393156 389380   4324 R 12.5  1.2   0:20.07 gcc_base.gc+

top - 18:07:25 up 11 days,  5:12,  6 users,  load average: 0.99, 0.89, 0.54
Tasks: 198 total,   2 running, 121 sleeping,   0 stopped,   0 zombie
%Cpu(s): 12.5 us,  0.1 sy,  0.0 ni, 87.3 id,  0.0 wa,  0.0 hi,  0.0 si,  0.0 st
KiB Mem : 32843380 total, 16748180 free,   702284 used, 15392916 buff/cache
--
  PID USER      PR  NI    VIRT    RES    SHR S %CPU %MEM     TIME+ COMMAND
11998 freshman  20   0  393156 389380   4324 R 12.5  1.2   0:21.08 gcc_base.gc+
11560 freshman  20   0   42788   3996   3368 R  0.1  0.0   0:03.40 top

top - 18:07:26 up 11 days,  5:12,  6 users,  load average: 0.99, 0.89, 0.54
Tasks: 198 total,   2 running, 121 sleeping,   0 stopped,   0 zombie
%Cpu(s): 12.4 us,  0.0 sy,  0.0 ni, 87.6 id,  0.0 wa,  0.0 hi,  0.0 si,  0.0 st
KiB Mem : 32843380 total, 16748288 free,   702172 used, 15392920 buff/cache
--
  PID USER      PR  NI    VIRT    RES    SHR S %CPU %MEM     TIME+ COMMAND
11998 freshman  20   0  393156 389380   4324 R 12.5  1.2   0:22.09 gcc_base.gc+

top - 18:07:27 up 11 days,  5:12,  6 users,  load average: 0.99, 0.89, 0.54
Tasks: 198 total,   2 running, 121 sleeping,   0 stopped,   0 zombie
%Cpu(s): 12.6 us,  0.0 sy,  0.0 ni, 87.4 id,  0.0 wa,  0.0 hi,  0.0 si,  0.0 st
KiB Mem : 32843380 total, 16748288 free,   702172 used, 15392920 buff/cache
--
  PID USER      PR  NI    VIRT    RES    SHR S %CPU %MEM     TIME+ COMMAND
11998 freshman  20   0  393156 389380   4324 R 12.5  1.2   0:23.09 gcc_base.gc+
11560 freshman  20   0   42788   3996   3368 R  0.1  0.0   0:03.41 top

top - 18:07:28 up 11 days,  5:12,  6 users,  load average: 0.99, 0.89, 0.54
Tasks: 198 total,   2 running, 121 sleeping,   0 stopped,   0 zombie
%Cpu(s): 12.5 us,  0.1 sy,  0.0 ni, 87.3 id,  0.0 wa,  0.0 hi,  0.0 si,  0.0 st
KiB Mem : 32843380 total, 16748288 free,   702172 used, 15392920 buff/cache
--
  PID USER      PR  NI    VIRT    RES    SHR S %CPU %MEM     TIME+ COMMAND
11998 freshman  20   0  393156 389380   4324 R 12.4  1.2   0:24.09 gcc_base.gc+

top - 18:07:30 up 11 days,  5:12,  6 users,  load average: 0.99, 0.89, 0.54
Tasks: 198 total,   2 running, 121 sleeping,   0 stopped,   0 zombie
%Cpu(s): 12.4 us,  0.1 sy,  0.0 ni, 87.4 id,  0.0 wa,  0.0 hi,  0.0 si,  0.0 st
KiB Mem : 32843380 total, 16748304 free,   702148 used, 15392928 buff/cache
--
  PID USER      PR  NI    VIRT    RES    SHR S %CPU %MEM     TIME+ COMMAND
11998 freshman  20   0  393156 389380   4324 R 12.6  1.2   0:25.10 gcc_base.gc+
11560 freshman  20   0   42788   3996   3368 R  0.1  0.0   0:03.42 top

top - 18:07:31 up 11 days,  5:12,  6 users,  load average: 0.99, 0.89, 0.54
Tasks: 198 total,   2 running, 121 sleeping,   0 stopped,   0 zombie
%Cpu(s): 12.6 us,  0.0 sy,  0.0 ni, 87.4 id,  0.0 wa,  0.0 hi,  0.0 si,  0.0 st
KiB Mem : 32843380 total, 16748304 free,   702148 used, 15392928 buff/cache
--
  PID USER      PR  NI    VIRT    RES    SHR S %CPU %MEM     TIME+ COMMAND
11998 freshman  20   0  393156 389380   4324 R 12.5  1.2   0:26.11 gcc_base.gc+

top - 18:07:32 up 11 days,  5:12,  6 users,  load average: 0.99, 0.89, 0.54
Tasks: 198 total,   2 running, 121 sleeping,   0 stopped,   0 zombie
%Cpu(s): 12.5 us,  0.0 sy,  0.0 ni, 87.5 id,  0.0 wa,  0.0 hi,  0.0 si,  0.0 st
KiB Mem : 32843380 total, 16748304 free,   702148 used, 15392928 buff/cache
--
  PID USER      PR  NI    VIRT    RES    SHR S %CPU %MEM     TIME+ COMMAND
11998 freshman  20   0  393156 389380   4324 R 12.5  1.2   0:27.11 gcc_base.gc+
11560 freshman  20   0   42788   3996   3368 R  0.1  0.0   0:03.43 top

top - 18:07:33 up 11 days,  5:12,  6 users,  load average: 0.99, 0.89, 0.54
Tasks: 198 total,   2 running, 121 sleeping,   0 stopped,   0 zombie
%Cpu(s): 12.5 us,  0.0 sy,  0.0 ni, 87.5 id,  0.0 wa,  0.0 hi,  0.0 si,  0.0 st
KiB Mem : 32843380 total, 16748304 free,   702148 used, 15392928 buff/cache
--
  PID USER      PR  NI    VIRT    RES    SHR S %CPU %MEM     TIME+ COMMAND
11998 freshman  20   0  393156 389380   4324 R 12.5  1.2   0:28.12 gcc_base.gc+

top - 18:07:34 up 11 days,  5:12,  6 users,  load average: 0.99, 0.89, 0.54
Tasks: 198 total,   2 running, 121 sleeping,   0 stopped,   0 zombie
%Cpu(s): 12.5 us,  0.1 sy,  0.0 ni, 87.3 id,  0.0 wa,  0.0 hi,  0.0 si,  0.0 st
KiB Mem : 32843380 total, 16748304 free,   702148 used, 15392928 buff/cache
--
  PID USER      PR  NI    VIRT    RES    SHR S %CPU %MEM     TIME+ COMMAND
11998 freshman  20   0  526104 521216   4448 R 12.3  1.6   0:29.11 gcc_base.gc+
11560 freshman  20   0   42788   3996   3368 R  0.1  0.0   0:03.44 top

top - 18:07:35 up 11 days,  5:12,  6 users,  load average: 0.99, 0.89, 0.54
Tasks: 198 total,   2 running, 121 sleeping,   0 stopped,   0 zombie
%Cpu(s): 12.5 us,  0.0 sy,  0.0 ni, 87.5 id,  0.0 wa,  0.0 hi,  0.0 si,  0.0 st
KiB Mem : 32843380 total, 16692836 free,   757612 used, 15392932 buff/cache
--
  PID USER      PR  NI    VIRT    RES    SHR S %CPU %MEM     TIME+ COMMAND
11998 freshman  20   0  449720 445124   4448 R 12.8  1.4   0:30.13 gcc_base.gc+

top - 18:07:36 up 11 days,  5:12,  6 users,  load average: 0.99, 0.90, 0.55
Tasks: 198 total,   2 running, 121 sleeping,   0 stopped,   0 zombie
%Cpu(s): 12.5 us,  0.1 sy,  0.0 ni, 87.3 id,  0.0 wa,  0.0 hi,  0.0 si,  0.0 st
KiB Mem : 32843380 total, 16692836 free,   757612 used, 15392932 buff/cache
--
  PID USER      PR  NI    VIRT    RES    SHR S %CPU %MEM     TIME+ COMMAND
11998 freshman  20   0  449720 445388   4448 R 12.4  1.4   0:31.13 gcc_base.gc+
11560 freshman  20   0   42788   3996   3368 R  0.1  0.0   0:03.45 top

top - 18:07:37 up 11 days,  5:12,  6 users,  load average: 0.99, 0.90, 0.55
Tasks: 198 total,   2 running, 121 sleeping,   0 stopped,   0 zombie
%Cpu(s): 12.4 us,  0.0 sy,  0.0 ni, 87.6 id,  0.0 wa,  0.0 hi,  0.0 si,  0.0 st
KiB Mem : 32843380 total, 16692836 free,   757612 used, 15392932 buff/cache
--
  PID USER      PR  NI    VIRT    RES    SHR S %CPU %MEM     TIME+ COMMAND
11998 freshman  20   0  449720 445388   4448 R 12.6  1.4   0:32.14 gcc_base.gc+

top - 18:07:38 up 11 days,  5:12,  6 users,  load average: 0.99, 0.90, 0.55
Tasks: 198 total,   2 running, 121 sleeping,   0 stopped,   0 zombie
%Cpu(s): 12.6 us,  0.0 sy,  0.0 ni, 87.4 id,  0.0 wa,  0.0 hi,  0.0 si,  0.0 st
KiB Mem : 32843380 total, 16692628 free,   757808 used, 15392944 buff/cache
--
  PID USER      PR  NI    VIRT    RES    SHR S %CPU %MEM     TIME+ COMMAND
11998 freshman  20   0  449720 445388   4448 R 12.4  1.4   0:33.14 gcc_base.gc+
  407 root      20   0       0      0      0 S  0.1  0.0   0:00.95 jbd2/sdb2-8
11560 freshman  20   0   42788   3996   3368 R  0.1  0.0   0:03.46 top
--
top - 18:07:39 up 11 days,  5:12,  6 users,  load average: 0.99, 0.90, 0.55
Tasks: 198 total,   2 running, 121 sleeping,   0 stopped,   0 zombie
%Cpu(s): 12.6 us,  0.0 sy,  0.0 ni, 87.4 id,  0.0 wa,  0.0 hi,  0.0 si,  0.0 st
KiB Mem : 32843380 total, 16692628 free,   757808 used, 15392944 buff/cache
--
  PID USER      PR  NI    VIRT    RES    SHR S %CPU %MEM     TIME+ COMMAND
11998 freshman  20   0  449720 445388   4448 R 12.6  1.4   0:34.15 gcc_base.gc+

top - 18:07:40 up 11 days,  5:12,  6 users,  load average: 0.99, 0.90, 0.55
Tasks: 198 total,   2 running, 121 sleeping,   0 stopped,   0 zombie
%Cpu(s): 12.4 us,  0.2 sy,  0.0 ni, 87.3 id,  0.0 wa,  0.0 hi,  0.0 si,  0.0 st
KiB Mem : 32843380 total, 16692628 free,   757808 used, 15392944 buff/cache
--
  PID USER      PR  NI    VIRT    RES    SHR S %CPU %MEM     TIME+ COMMAND
11998 freshman  20   0  462744 458680   4576 R 12.4  1.4   0:35.15 gcc_base.gc+

top - 18:07:41 up 11 days,  5:12,  6 users,  load average: 0.99, 0.90, 0.55
Tasks: 198 total,   2 running, 121 sleeping,   0 stopped,   0 zombie
%Cpu(s): 12.1 us,  0.4 sy,  0.0 ni, 87.5 id,  0.0 wa,  0.0 hi,  0.0 si,  0.0 st
KiB Mem : 32843380 total, 17069152 free,   379380 used, 15394848 buff/cache
--
  PID USER      PR  NI    VIRT    RES    SHR S %CPU %MEM     TIME+ COMMAND
12003 freshman  20   0   72776  68872   4032 R  1.4  0.2   0:00.11 gcc_base.gc+
11560 freshman  20   0   42788   3996   3368 R  0.1  0.0   0:03.47 top

top - 18:07:42 up 11 days,  5:12,  6 users,  load average: 0.99, 0.90, 0.55
Tasks: 198 total,   2 running, 121 sleeping,   0 stopped,   0 zombie
%Cpu(s): 12.4 us,  0.1 sy,  0.0 ni, 87.4 id,  0.0 wa,  0.0 hi,  0.0 si,  0.0 st
KiB Mem : 32843380 total, 17069152 free,   379380 used, 15394848 buff/cache
--
  PID USER      PR  NI    VIRT    RES    SHR S %CPU %MEM     TIME+ COMMAND
12003 freshman  20   0  161060 157324   4604 R 12.4  0.5   0:01.11 gcc_base.gc+
11405 root      20   0       0      0      0 I  0.1  0.0   0:00.17 kworker/u16+

top - 18:07:43 up 11 days,  5:12,  6 users,  load average: 0.99, 0.90, 0.55
Tasks: 198 total,   2 running, 121 sleeping,   0 stopped,   0 zombie
%Cpu(s): 11.5 us,  1.1 sy,  0.0 ni, 87.3 id,  0.0 wa,  0.0 hi,  0.0 si,  0.0 st
KiB Mem : 32843380 total, 17069152 free,   379380 used, 15394848 buff/cache
--
  PID USER      PR  NI    VIRT    RES    SHR S %CPU %MEM     TIME+ COMMAND
12003 freshman  20   0  689588 685852   4604 R 12.5  2.1   0:02.11 gcc_base.gc+

top - 18:07:44 up 11 days,  5:12,  6 users,  load average: 0.99, 0.90, 0.55
Tasks: 198 total,   2 running, 121 sleeping,   0 stopped,   0 zombie
%Cpu(s): 12.3 us,  0.2 sy,  0.0 ni, 87.4 id,  0.0 wa,  0.0 hi,  0.0 si,  0.0 st
KiB Mem : 32843380 total, 16960156 free,   488356 used, 15394868 buff/cache
--
  PID USER      PR  NI    VIRT    RES    SHR S %CPU %MEM     TIME+ COMMAND
12003 freshman  20   0  184416 176260   4604 R 12.5  0.5   0:03.12 gcc_base.gc+
11560 freshman  20   0   42788   3996   3368 R  0.1  0.0   0:03.48 top

top - 18:07:45 up 11 days,  5:12,  6 users,  load average: 0.99, 0.90, 0.55
Tasks: 198 total,   2 running, 121 sleeping,   0 stopped,   0 zombie
%Cpu(s): 12.3 us,  0.1 sy,  0.0 ni, 87.5 id,  0.0 wa,  0.0 hi,  0.0 si,  0.0 st
KiB Mem : 32843380 total, 16960156 free,   488356 used, 15394868 buff/cache
--
  PID USER      PR  NI    VIRT    RES    SHR S %CPU %MEM     TIME+ COMMAND
12003 freshman  20   0  177992 169960   4604 R 12.6  0.5   0:04.13 gcc_base.gc+

top - 18:07:46 up 11 days,  5:12,  6 users,  load average: 0.99, 0.90, 0.55
Tasks: 198 total,   2 running, 121 sleeping,   0 stopped,   0 zombie
%Cpu(s): 12.5 us,  0.1 sy,  0.0 ni, 87.3 id,  0.0 wa,  0.0 hi,  0.0 si,  0.0 st
KiB Mem : 32843380 total, 16960156 free,   488356 used, 15394868 buff/cache
--
  PID USER      PR  NI    VIRT    RES    SHR S %CPU %MEM     TIME+ COMMAND
12003 freshman  20   0  179288 171256   4604 R 12.4  0.5   0:05.13 gcc_base.gc+
11560 freshman  20   0   42788   3996   3368 R  0.1  0.0   0:03.49 top

top - 18:07:47 up 11 days,  5:12,  6 users,  load average: 0.99, 0.90, 0.55
Tasks: 198 total,   2 running, 121 sleeping,   0 stopped,   0 zombie
%Cpu(s): 12.5 us,  0.0 sy,  0.0 ni, 87.5 id,  0.0 wa,  0.0 hi,  0.0 si,  0.0 st
KiB Mem : 32843380 total, 16963752 free,   484756 used, 15394872 buff/cache
--
  PID USER      PR  NI    VIRT    RES    SHR S %CPU %MEM     TIME+ COMMAND
12003 freshman  20   0  179288 173100   4604 R 12.6  0.5   0:06.14 gcc_base.gc+

top - 18:07:48 up 11 days,  5:12,  6 users,  load average: 0.99, 0.90, 0.55
Tasks: 198 total,   2 running, 121 sleeping,   0 stopped,   0 zombie
%Cpu(s): 12.4 us,  0.1 sy,  0.0 ni, 87.4 id,  0.0 wa,  0.0 hi,  0.0 si,  0.0 st
KiB Mem : 32843380 total, 16963752 free,   484756 used, 15394872 buff/cache
--
  PID USER      PR  NI    VIRT    RES    SHR S %CPU %MEM     TIME+ COMMAND
12003 freshman  20   0  179288 173100   4604 R 12.4  0.5   0:07.14 gcc_base.gc+
   32 root      rt   0       0      0      0 S  0.1  0.0   0:01.85 watchdog/4

top - 18:07:49 up 11 days,  5:12,  6 users,  load average: 0.99, 0.90, 0.55
Tasks: 198 total,   2 running, 121 sleeping,   0 stopped,   0 zombie
%Cpu(s): 12.6 us,  0.0 sy,  0.0 ni, 87.4 id,  0.0 wa,  0.0 hi,  0.0 si,  0.0 st
KiB Mem : 32843380 total, 16963752 free,   484756 used, 15394872 buff/cache
--
  PID USER      PR  NI    VIRT    RES    SHR S %CPU %MEM     TIME+ COMMAND
12003 freshman  20   0  179288 175212   4604 R 12.6  0.5   0:08.15 gcc_base.gc+
11560 freshman  20   0   42788   3996   3368 R  0.1  0.0   0:03.50 top

top - 18:07:50 up 11 days,  5:12,  6 users,  load average: 0.99, 0.90, 0.55
Tasks: 198 total,   2 running, 121 sleeping,   0 stopped,   0 zombie
%Cpu(s): 12.4 us,  0.1 sy,  0.0 ni, 87.4 id,  0.0 wa,  0.0 hi,  0.0 si,  0.0 st
KiB Mem : 32843380 total, 16961536 free,   486960 used, 15394884 buff/cache
--
  PID USER      PR  NI    VIRT    RES    SHR S %CPU %MEM     TIME+ COMMAND
12003 freshman  20   0  179288 175212   4604 R 12.5  0.5   0:09.16 gcc_base.gc+

top - 18:07:51 up 11 days,  5:12,  6 users,  load average: 0.99, 0.90, 0.55
Tasks: 198 total,   2 running, 121 sleeping,   0 stopped,   0 zombie
%Cpu(s): 12.5 us,  0.0 sy,  0.0 ni, 87.5 id,  0.0 wa,  0.0 hi,  0.0 si,  0.0 st
KiB Mem : 32843380 total, 16961536 free,   486960 used, 15394884 buff/cache
--
  PID USER      PR  NI    VIRT    RES    SHR S %CPU %MEM     TIME+ COMMAND
12003 freshman  20   0  179288 175212   4604 R 12.4  0.5   0:10.16 gcc_base.gc+
11560 freshman  20   0   42788   3996   3368 R  0.1  0.0   0:03.51 top

top - 18:07:52 up 11 days,  5:12,  6 users,  load average: 0.99, 0.90, 0.55
Tasks: 198 total,   2 running, 121 sleeping,   0 stopped,   0 zombie
%Cpu(s): 12.4 us,  0.1 sy,  0.0 ni, 87.4 id,  0.0 wa,  0.0 hi,  0.0 si,  0.0 st
KiB Mem : 32843380 total, 16961536 free,   486960 used, 15394884 buff/cache
--
  PID USER      PR  NI    VIRT    RES    SHR S %CPU %MEM     TIME+ COMMAND
12003 freshman  20   0  179288 175212   4604 R 12.5  0.5   0:11.16 gcc_base.gc+

top - 18:07:53 up 11 days,  5:12,  6 users,  load average: 0.99, 0.90, 0.55
Tasks: 198 total,   2 running, 121 sleeping,   0 stopped,   0 zombie
%Cpu(s): 11.9 us,  0.6 sy,  0.0 ni, 87.4 id,  0.0 wa,  0.0 hi,  0.0 si,  0.0 st
KiB Mem : 32843380 total, 16705228 free,   743268 used, 15394884 buff/cache
--
  PID USER      PR  NI    VIRT    RES    SHR S %CPU %MEM     TIME+ COMMAND
12003 freshman  20   0  455692 442644   4604 R 12.5  1.3   0:12.17 gcc_base.gc+
11560 freshman  20   0   42788   3996   3368 R  0.1  0.0   0:03.52 top

top - 18:07:54 up 11 days,  5:12,  6 users,  load average: 0.99, 0.90, 0.55
Tasks: 198 total,   2 running, 121 sleeping,   0 stopped,   0 zombie
%Cpu(s): 11.9 us,  0.6 sy,  0.0 ni, 87.4 id,  0.0 wa,  0.0 hi,  0.0 si,  0.0 st
KiB Mem : 32843380 total, 16705228 free,   743268 used, 15394884 buff/cache
--
  PID USER      PR  NI    VIRT    RES    SHR S %CPU %MEM     TIME+ COMMAND
12003 freshman  20   0  657032 653052   4604 R 12.5  2.0   0:13.17 gcc_base.gc+
11560 freshman  20   0   42788   3996   3368 R  0.1  0.0   0:03.53 top

top - 18:07:55 up 11 days,  5:12,  6 users,  load average: 0.99, 0.90, 0.55
Tasks: 198 total,   2 running, 121 sleeping,   0 stopped,   0 zombie
%Cpu(s): 12.6 us,  0.0 sy,  0.0 ni, 87.4 id,  0.0 wa,  0.0 hi,  0.0 si,  0.0 st
KiB Mem : 32843380 total, 16705228 free,   743268 used, 15394884 buff/cache
--
  PID USER      PR  NI    VIRT    RES    SHR S %CPU %MEM     TIME+ COMMAND
12003 freshman  20   0  657032 653052   4604 R 12.5  2.0   0:14.18 gcc_base.gc+

top - 18:07:56 up 11 days,  5:12,  6 users,  load average: 1.00, 0.90, 0.56
Tasks: 198 total,   2 running, 121 sleeping,   0 stopped,   0 zombie
%Cpu(s): 12.5 us,  0.0 sy,  0.0 ni, 87.5 id,  0.0 wa,  0.0 hi,  0.0 si,  0.0 st
KiB Mem : 32843380 total, 16482772 free,   965724 used, 15394884 buff/cache
--
  PID USER      PR  NI    VIRT    RES    SHR S %CPU %MEM     TIME+ COMMAND
12003 freshman  20   0  657032 653052   4604 R 12.6  2.0   0:15.19 gcc_base.gc+

top - 18:07:57 up 11 days,  5:12,  6 users,  load average: 1.00, 0.90, 0.56
Tasks: 198 total,   2 running, 121 sleeping,   0 stopped,   0 zombie
%Cpu(s): 10.1 us,  2.5 sy,  0.0 ni, 87.4 id,  0.0 wa,  0.0 hi,  0.0 si,  0.0 st
KiB Mem : 32843380 total, 16482772 free,   965724 used, 15394884 buff/cache
--
  PID USER      PR  NI    VIRT    RES    SHR S %CPU %MEM     TIME+ COMMAND
12003 freshman  20   0  165808 162484   4604 R 12.4  0.5   0:16.19 gcc_base.gc+
11560 freshman  20   0   42788   3996   3368 R  0.1  0.0   0:03.54 top

top - 18:07:58 up 11 days,  5:12,  6 users,  load average: 1.00, 0.90, 0.56
Tasks: 198 total,   2 running, 121 sleeping,   0 stopped,   0 zombie
%Cpu(s): 12.6 us,  0.0 sy,  0.0 ni, 87.4 id,  0.0 wa,  0.0 hi,  0.0 si,  0.0 st
KiB Mem : 32843380 total, 16482772 free,   965724 used, 15394884 buff/cache
--
  PID USER      PR  NI    VIRT    RES    SHR S %CPU %MEM     TIME+ COMMAND
12003 freshman  20   0  165808 162484   4604 R 12.5  0.5   0:17.19 gcc_base.gc+

top - 18:07:59 up 11 days,  5:12,  6 users,  load average: 1.00, 0.90, 0.56
Tasks: 198 total,   2 running, 121 sleeping,   0 stopped,   0 zombie
%Cpu(s): 12.6 us,  0.0 sy,  0.0 ni, 87.4 id,  0.0 wa,  0.0 hi,  0.0 si,  0.0 st
KiB Mem : 32843380 total, 16973804 free,   474680 used, 15394896 buff/cache
--
  PID USER      PR  NI    VIRT    RES    SHR S %CPU %MEM     TIME+ COMMAND
12003 freshman  20   0  165808 162484   4604 R 12.5  0.5   0:18.20 gcc_base.gc+

top - 18:08:00 up 11 days,  5:12,  6 users,  load average: 1.00, 0.90, 0.56
Tasks: 198 total,   2 running, 121 sleeping,   0 stopped,   0 zombie
%Cpu(s): 12.6 us,  0.0 sy,  0.0 ni, 87.4 id,  0.0 wa,  0.0 hi,  0.0 si,  0.0 st
KiB Mem : 32843380 total, 16973804 free,   474680 used, 15394896 buff/cache
--
  PID USER      PR  NI    VIRT    RES    SHR S %CPU %MEM     TIME+ COMMAND
12003 freshman  20   0  165808 162484   4604 R 12.5  0.5   0:19.20 gcc_base.gc+

top - 18:08:01 up 11 days,  5:12,  6 users,  load average: 1.00, 0.91, 0.56
Tasks: 198 total,   2 running, 121 sleeping,   0 stopped,   0 zombie
%Cpu(s): 12.3 us,  0.2 sy,  0.0 ni, 87.5 id,  0.0 wa,  0.0 hi,  0.0 si,  0.0 st
KiB Mem : 32843380 total, 16973804 free,   474680 used, 15394896 buff/cache
--
  PID USER      PR  NI    VIRT    RES    SHR S %CPU %MEM     TIME+ COMMAND
12003 freshman  20   0  197340 194156   4604 R 12.6  0.6   0:20.22 gcc_base.gc+
11560 freshman  20   0   42788   3996   3368 R  0.1  0.0   0:03.55 top

top - 18:08:02 up 11 days,  5:12,  6 users,  load average: 1.00, 0.91, 0.56
Tasks: 198 total,   2 running, 121 sleeping,   0 stopped,   0 zombie
%Cpu(s): 12.4 us,  0.1 sy,  0.0 ni, 87.4 id,  0.0 wa,  0.0 hi,  0.0 si,  0.0 st
KiB Mem : 32843380 total, 16963900 free,   484584 used, 15394896 buff/cache
--
  PID USER      PR  NI    VIRT    RES    SHR S %CPU %MEM     TIME+ COMMAND
12003 freshman  20   0  176432 172916   4604 R 12.5  0.5   0:21.22 gcc_base.gc+
11560 freshman  20   0   42788   3996   3368 R  0.1  0.0   0:03.56 top

top - 18:08:03 up 11 days,  5:12,  6 users,  load average: 1.00, 0.91, 0.56
Tasks: 198 total,   2 running, 121 sleeping,   0 stopped,   0 zombie
%Cpu(s): 12.4 us,  0.1 sy,  0.0 ni, 87.4 id,  0.0 wa,  0.0 hi,  0.0 si,  0.0 st
KiB Mem : 32843380 total, 16963900 free,   484584 used, 15394896 buff/cache
--
  PID USER      PR  NI    VIRT    RES    SHR S %CPU %MEM     TIME+ COMMAND
12003 freshman  20   0  210572 207236   4604 R 12.4  0.6   0:22.22 gcc_base.gc+
 1028 root      20   0 1894016  27060  14936 S  0.1  0.1   1:32.21 snapd
11560 freshman  20   0   42788   3996   3368 R  0.1  0.0   0:03.57 top
--
top - 18:08:04 up 11 days,  5:12,  6 users,  load average: 1.00, 0.91, 0.56
Tasks: 198 total,   2 running, 121 sleeping,   0 stopped,   0 zombie
%Cpu(s): 12.6 us,  0.0 sy,  0.0 ni, 87.4 id,  0.0 wa,  0.0 hi,  0.0 si,  0.0 st
KiB Mem : 32843380 total, 16963900 free,   484584 used, 15394896 buff/cache
--
  PID USER      PR  NI    VIRT    RES    SHR S %CPU %MEM     TIME+ COMMAND
12003 freshman  20   0  210572 207236   4604 R 12.5  0.6   0:23.22 gcc_base.gc+

top - 18:08:05 up 11 days,  5:12,  6 users,  load average: 1.00, 0.91, 0.56
Tasks: 198 total,   2 running, 121 sleeping,   0 stopped,   0 zombie
%Cpu(s): 12.5 us,  0.0 sy,  0.0 ni, 87.5 id,  0.0 wa,  0.0 hi,  0.0 si,  0.0 st
KiB Mem : 32843380 total, 16929552 free,   518932 used, 15394896 buff/cache
--
  PID USER      PR  NI    VIRT    RES    SHR S %CPU %MEM     TIME+ COMMAND
12003 freshman  20   0  210572 207236   4604 R 12.5  0.6   0:24.23 gcc_base.gc+

top - 18:08:06 up 11 days,  5:12,  6 users,  load average: 1.00, 0.91, 0.56
Tasks: 197 total,   2 running, 121 sleeping,   0 stopped,   0 zombie
%Cpu(s): 12.6 us,  0.0 sy,  0.0 ni, 87.4 id,  0.0 wa,  0.0 hi,  0.0 si,  0.0 st
KiB Mem : 32843380 total, 16929552 free,   518932 used, 15394896 buff/cache
--
  PID USER      PR  NI    VIRT    RES    SHR S %CPU %MEM     TIME+ COMMAND
12003 freshman  20   0  210572 207236   4604 R 12.4  0.6   0:25.23 gcc_base.gc+

top - 18:08:07 up 11 days,  5:12,  6 users,  load average: 1.00, 0.91, 0.56
Tasks: 197 total,   2 running, 121 sleeping,   0 stopped,   0 zombie
%Cpu(s): 12.4 us,  0.1 sy,  0.0 ni, 87.4 id,  0.0 wa,  0.0 hi,  0.0 si,  0.0 st
KiB Mem : 32843380 total, 16929552 free,   518932 used, 15394896 buff/cache
--
  PID USER      PR  NI    VIRT    RES    SHR S %CPU %MEM     TIME+ COMMAND
12003 freshman  20   0  288856 281364   4604 R 12.6  0.9   0:26.24 gcc_base.gc+
11560 freshman  20   0   42788   3996   3368 R  0.1  0.0   0:03.58 top

top - 18:08:08 up 11 days,  5:12,  6 users,  load average: 1.00, 0.91, 0.56
Tasks: 197 total,   2 running, 121 sleeping,   0 stopped,   0 zombie
%Cpu(s): 12.4 us,  0.1 sy,  0.0 ni, 87.4 id,  0.0 wa,  0.0 hi,  0.0 si,  0.0 st
KiB Mem : 32843380 total, 16917532 free,   530940 used, 15394908 buff/cache
--
  PID USER      PR  NI    VIRT    RES    SHR S %CPU %MEM     TIME+ COMMAND
12003 freshman  20   0  224508 218968   4604 R 12.5  0.7   0:27.25 gcc_base.gc+

top - 18:08:09 up 11 days,  5:12,  6 users,  load average: 1.00, 0.91, 0.56
Tasks: 197 total,   2 running, 121 sleeping,   0 stopped,   0 zombie
%Cpu(s): 12.4 us,  0.0 sy,  0.0 ni, 87.6 id,  0.0 wa,  0.0 hi,  0.0 si,  0.0 st
KiB Mem : 32843380 total, 16917532 free,   530940 used, 15394908 buff/cache
--
  PID USER      PR  NI    VIRT    RES    SHR S %CPU %MEM     TIME+ COMMAND
12003 freshman  20   0  224508 219232   4604 R 12.5  0.7   0:28.25 gcc_base.gc+

top - 18:08:10 up 11 days,  5:12,  6 users,  load average: 1.00, 0.91, 0.56
Tasks: 197 total,   2 running, 121 sleeping,   0 stopped,   0 zombie
%Cpu(s): 12.5 us,  0.1 sy,  0.0 ni, 87.3 id,  0.0 wa,  0.0 hi,  0.0 si,  0.0 st
KiB Mem : 32843380 total, 16917532 free,   530940 used, 15394908 buff/cache
--
  PID USER      PR  NI    VIRT    RES    SHR S %CPU %MEM     TIME+ COMMAND
12003 freshman  20   0  252376 248956   4604 R 12.5  0.8   0:29.26 gcc_base.gc+
11560 freshman  20   0   42788   3996   3368 R  0.1  0.0   0:03.59 top

top - 18:08:11 up 11 days,  5:12,  6 users,  load average: 1.00, 0.91, 0.56
Tasks: 197 total,   2 running, 121 sleeping,   0 stopped,   0 zombie
%Cpu(s): 12.3 us,  0.2 sy,  0.0 ni, 87.4 id,  0.0 wa,  0.0 hi,  0.0 si,  0.0 st
KiB Mem : 32843380 total, 17119264 free,   327828 used, 15396288 buff/cache
--
  PID USER      PR  NI    VIRT    RES    SHR S %CPU %MEM     TIME+ COMMAND
12005 freshman  20   0   19616  16264   4616 R  1.4  0.0   0:00.11 gcc_base.gc+

top - 18:08:12 up 11 days,  5:12,  6 users,  load average: 1.00, 0.91, 0.56
Tasks: 197 total,   2 running, 121 sleeping,   0 stopped,   0 zombie
%Cpu(s): 12.4 us,  0.1 sy,  0.0 ni, 87.4 id,  0.0 wa,  0.0 hi,  0.0 si,  0.0 st
KiB Mem : 32843380 total, 17119264 free,   327828 used, 15396288 buff/cache
--
  PID USER      PR  NI    VIRT    RES    SHR S %CPU %MEM     TIME+ COMMAND
12005 freshman  20   0   25292  22008   4616 R 12.4  0.1   0:01.11 gcc_base.gc+
11560 freshman  20   0   42788   3996   3368 R  0.1  0.0   0:03.60 top

top - 18:08:13 up 11 days,  5:12,  6 users,  load average: 1.00, 0.91, 0.56
Tasks: 197 total,   2 running, 121 sleeping,   0 stopped,   0 zombie
%Cpu(s): 12.5 us,  0.0 sy,  0.0 ni, 87.5 id,  0.0 wa,  0.0 hi,  0.0 si,  0.0 st
KiB Mem : 32843380 total, 17119264 free,   327828 used, 15396288 buff/cache
--
  PID USER      PR  NI    VIRT    RES    SHR S %CPU %MEM     TIME+ COMMAND
12005 freshman  20   0   39080  35688   4616 R 12.6  0.1   0:02.12 gcc_base.gc+
 1027 root      20   0  110520   3512   3184 S  0.1  0.0   1:21.19 irqbalance

top - 18:08:14 up 11 days,  5:12,  6 users,  load average: 1.00, 0.91, 0.56
Tasks: 197 total,   2 running, 121 sleeping,   0 stopped,   0 zombie
%Cpu(s): 12.6 us,  0.0 sy,  0.0 ni, 87.4 id,  0.0 wa,  0.0 hi,  0.0 si,  0.0 st
KiB Mem : 32843380 total, 17089636 free,   356284 used, 15397460 buff/cache
--
  PID USER      PR  NI    VIRT    RES    SHR S %CPU %MEM     TIME+ COMMAND
12005 freshman  20   0   48192  44904   4616 R 12.4  0.1   0:03.12 gcc_base.gc+
11560 freshman  20   0   42788   3996   3368 R  0.1  0.0   0:03.61 top

top - 18:08:15 up 11 days,  5:12,  6 users,  load average: 1.00, 0.91, 0.56
Tasks: 197 total,   2 running, 121 sleeping,   0 stopped,   0 zombie
%Cpu(s): 12.5 us,  0.1 sy,  0.0 ni, 87.3 id,  0.0 wa,  0.0 hi,  0.0 si,  0.0 st
KiB Mem : 32843380 total, 17089636 free,   356284 used, 15397460 buff/cache
--
  PID USER      PR  NI    VIRT    RES    SHR S %CPU %MEM     TIME+ COMMAND
12005 freshman  20   0   61688  58404   4616 R 12.6  0.2   0:04.13 gcc_base.gc+
11560 freshman  20   0   42788   3996   3368 R  0.1  0.0   0:03.62 top

top - 18:08:16 up 11 days,  5:13,  6 users,  load average: 1.00, 0.91, 0.57
Tasks: 197 total,   2 running, 121 sleeping,   0 stopped,   0 zombie
%Cpu(s): 12.3 us,  0.1 sy,  0.0 ni, 87.5 id,  0.0 wa,  0.0 hi,  0.0 si,  0.0 st
KiB Mem : 32843380 total, 17089636 free,   356284 used, 15397460 buff/cache
--
  PID USER      PR  NI    VIRT    RES    SHR S %CPU %MEM     TIME+ COMMAND
12005 freshman  20   0   79120  75648   4616 R 12.4  0.2   0:05.13 gcc_base.gc+

top - 18:08:17 up 11 days,  5:13,  6 users,  load average: 1.00, 0.91, 0.57
Tasks: 197 total,   2 running, 121 sleeping,   0 stopped,   0 zombie
%Cpu(s): 12.5 us,  0.1 sy,  0.0 ni, 87.2 id,  0.1 wa,  0.0 hi,  0.0 si,  0.0 st
KiB Mem : 32843380 total, 17055288 free,   389552 used, 15398540 buff/cache
--
  PID USER      PR  NI    VIRT    RES    SHR S %CPU %MEM     TIME+ COMMAND
12005 freshman  20   0   81356  77940   4616 R 12.5  0.2   0:06.13 gcc_base.gc+
    8 root      20   0       0      0      0 I  0.1  0.0   0:19.96 rcu_sched

top - 18:08:18 up 11 days,  5:13,  6 users,  load average: 1.00, 0.91, 0.57
Tasks: 197 total,   2 running, 121 sleeping,   0 stopped,   0 zombie
%Cpu(s): 12.5 us,  0.0 sy,  0.0 ni, 87.5 id,  0.0 wa,  0.0 hi,  0.0 si,  0.0 st
KiB Mem : 32843380 total, 17055288 free,   389552 used, 15398540 buff/cache
--
  PID USER      PR  NI    VIRT    RES    SHR S %CPU %MEM     TIME+ COMMAND
12005 freshman  20   0   81356  77940   4616 R 12.5  0.2   0:07.14 gcc_base.gc+

top - 18:08:19 up 11 days,  5:13,  6 users,  load average: 1.00, 0.91, 0.57
Tasks: 197 total,   2 running, 121 sleeping,   0 stopped,   0 zombie
%Cpu(s): 12.4 us,  0.1 sy,  0.0 ni, 87.4 id,  0.0 wa,  0.0 hi,  0.0 si,  0.0 st
KiB Mem : 32843380 total, 17055288 free,   389552 used, 15398540 buff/cache
--
  PID USER      PR  NI    VIRT    RES    SHR S %CPU %MEM     TIME+ COMMAND
12005 freshman  20   0   87608  84276   4616 R 12.6  0.3   0:08.15 gcc_base.gc+
11560 freshman  20   0   42788   3996   3368 R  0.1  0.0   0:03.63 top

top - 18:08:20 up 11 days,  5:13,  6 users,  load average: 1.00, 0.91, 0.57
Tasks: 197 total,   2 running, 121 sleeping,   0 stopped,   0 zombie
%Cpu(s): 12.6 us,  0.0 sy,  0.0 ni, 87.4 id,  0.0 wa,  0.0 hi,  0.0 si,  0.0 st
KiB Mem : 32843380 total, 17039664 free,   403836 used, 15399880 buff/cache
--
  PID USER      PR  NI    VIRT    RES    SHR S %CPU %MEM     TIME+ COMMAND
12005 freshman  20   0   95812  92460   4616 R 12.4  0.3   0:09.15 gcc_base.gc+

top - 18:08:21 up 11 days,  5:13,  6 users,  load average: 1.00, 0.91, 0.57
Tasks: 194 total,   1 running, 119 sleeping,   0 stopped,   0 zombie
%Cpu(s):  8.9 us,  0.1 sy,  0.0 ni, 91.0 id,  0.0 wa,  0.0 hi,  0.0 si,  0.0 st
KiB Mem : 32843380 total, 17039664 free,   403836 used, 15399880 buff/cache
--
  PID USER      PR  NI    VIRT    RES    SHR S %CPU %MEM     TIME+ COMMAND
11560 freshman  20   0   42788   3996   3368 R  0.1  0.0   0:03.64 top

top - 18:08:22 up 11 days,  5:13,  6 users,  load average: 1.00, 0.91, 0.57
Tasks: 194 total,   1 running, 119 sleeping,   0 stopped,   0 zombie
%Cpu(s):  0.0 us,  0.1 sy,  0.0 ni, 99.9 id,  0.0 wa,  0.0 hi,  0.0 si,  0.0 st
KiB Mem : 32843380 total, 17039664 free,   403836 used, 15399880 buff/cache
--
  PID USER      PR  NI    VIRT    RES    SHR S %CPU %MEM     TIME+ COMMAND
11560 freshman  20   0   42788   3996   3368 R  0.1  0.0   0:03.65 top

top - 18:08:23 up 11 days,  5:13,  6 users,  load average: 1.00, 0.91, 0.57
Tasks: 194 total,   1 running, 119 sleeping,   0 stopped,   0 zombie
%Cpu(s):  0.0 us,  0.0 sy,  0.0 ni, 99.9 id,  0.1 wa,  0.0 hi,  0.0 si,  0.0 st
KiB Mem : 32843380 total, 17126836 free,   316268 used, 15400276 buff/cache
--
  PID USER      PR  NI    VIRT    RES    SHR S %CPU %MEM     TIME+ COMMAND
11560 freshman  20   0   42788   3996   3368 R  0.1  0.0   0:03.66 top

top - 18:08:24 up 11 days,  5:13,  6 users,  load average: 1.00, 0.91, 0.57
Tasks: 194 total,   1 running, 119 sleeping,   0 stopped,   0 zombie
%Cpu(s):  0.0 us,  0.0 sy,  0.0 ni,100.0 id,  0.0 wa,  0.0 hi,  0.0 si,  0.0 st
KiB Mem : 32843380 total, 17126836 free,   316268 used, 15400276 buff/cache
--
  PID USER      PR  NI    VIRT    RES    SHR S %CPU %MEM     TIME+ COMMAND

top - 18:08:25 up 11 days,  5:13,  6 users,  load average: 0.92, 0.90, 0.56
Tasks: 194 total,   1 running, 119 sleeping,   0 stopped,   0 zombie
%Cpu(s):  0.1 us,  0.1 sy,  0.0 ni, 99.8 id,  0.0 wa,  0.0 hi,  0.0 si,  0.0 st
KiB Mem : 32843380 total, 17126836 free,   316268 used, 15400276 buff/cache
--
  PID USER      PR  NI    VIRT    RES    SHR S %CPU %MEM     TIME+ COMMAND
11560 freshman  20   0   42788   3996   3368 R  0.1  0.0   0:03.67 top

top - 18:08:26 up 11 days,  5:13,  6 users,  load average: 0.92, 0.90, 0.56
Tasks: 194 total,   1 running, 119 sleeping,   0 stopped,   0 zombie
%Cpu(s):  0.0 us,  0.1 sy,  0.0 ni, 99.9 id,  0.0 wa,  0.0 hi,  0.0 si,  0.0 st
KiB Mem : 32843380 total, 17126836 free,   316264 used, 15400280 buff/cache
--
  PID USER      PR  NI    VIRT    RES    SHR S %CPU %MEM     TIME+ COMMAND
11560 freshman  20   0   42788   3996   3368 R  0.1  0.0   0:03.68 top

top - 18:08:27 up 11 days,  5:13,  6 users,  load average: 0.92, 0.90, 0.56
Tasks: 194 total,   1 running, 119 sleeping,   0 stopped,   0 zombie
%Cpu(s):  0.0 us,  0.0 sy,  0.0 ni,100.0 id,  0.0 wa,  0.0 hi,  0.0 si,  0.0 st
KiB Mem : 32843380 total, 17126836 free,   316264 used, 15400280 buff/cache
--
  PID USER      PR  NI    VIRT    RES    SHR S %CPU %MEM     TIME+ COMMAND
11560 freshman  20   0   42788   3996   3368 R  0.1  0.0   0:03.69 top

top - 18:08:28 up 11 days,  5:13,  6 users,  load average: 0.92, 0.90, 0.56
Tasks: 194 total,   1 running, 119 sleeping,   0 stopped,   0 zombie
%Cpu(s):  0.0 us,  0.1 sy,  0.0 ni, 99.9 id,  0.0 wa,  0.0 hi,  0.0 si,  0.0 st
KiB Mem : 32843380 total, 17126836 free,   316264 used, 15400280 buff/cache
--
  PID USER      PR  NI    VIRT    RES    SHR S %CPU %MEM     TIME+ COMMAND
11560 freshman  20   0   42788   3996   3368 R  0.1  0.0   0:03.70 top

top - 18:08:29 up 11 days,  5:13,  6 users,  load average: 0.92, 0.90, 0.56
Tasks: 197 total,   2 running, 121 sleeping,   0 stopped,   0 zombie
%Cpu(s):  4.2 us,  0.4 sy,  0.0 ni, 95.4 id,  0.0 wa,  0.0 hi,  0.0 si,  0.0 st
KiB Mem : 32843380 total, 17116380 free,   326684 used, 15400316 buff/cache
--
  PID USER      PR  NI    VIRT    RES    SHR S %CPU %MEM     TIME+ COMMAND
12014 freshman  20   0   43120  15496   4028 R  0.6  0.0   0:00.05 specperl
11573 freshman  20   0   91028  53012   4972 S  0.2  0.2   0:02.52 runspec

top - 18:08:30 up 11 days,  5:13,  6 users,  load average: 0.84, 0.88, 0.56
Tasks: 194 total,   1 running, 119 sleeping,   0 stopped,   0 zombie
%Cpu(s):  5.2 us,  0.4 sy,  0.0 ni, 94.4 id,  0.0 wa,  0.0 hi,  0.0 si,  0.0 st
KiB Mem : 32843380 total, 17116380 free,   326684 used, 15400316 buff/cache
--
  PID USER      PR  NI    VIRT    RES    SHR S %CPU %MEM     TIME+ COMMAND

top - 18:08:31 up 11 days,  5:13,  6 users,  load average: 0.84, 0.88, 0.56
Tasks: 197 total,   2 running, 121 sleeping,   0 stopped,   0 zombie
%Cpu(s):  6.8 us,  0.2 sy,  0.0 ni, 92.8 id,  0.0 wa,  0.0 hi,  0.1 si,  0.0 st
KiB Mem : 32843380 total, 17116380 free,   326684 used, 15400316 buff/cache
--
  PID USER      PR  NI    VIRT    RES    SHR S %CPU %MEM     TIME+ COMMAND
12029 freshman  20   0 1720816  26120   1572 R  6.6  0.1   0:00.53 mcf_base.gc+
11560 freshman  20   0   42788   3996   3368 R  0.2  0.0   0:03.72 top
11573 freshman  20   0   91028  53012   4972 S  0.2  0.2   0:02.54 runspec
--
top - 18:08:32 up 11 days,  5:13,  6 users,  load average: 0.84, 0.88, 0.56
Tasks: 197 total,   2 running, 121 sleeping,   0 stopped,   0 zombie
%Cpu(s): 12.5 us,  0.0 sy,  0.0 ni, 87.5 id,  0.0 wa,  0.0 hi,  0.0 si,  0.0 st
KiB Mem : 32843380 total, 17102468 free,   340552 used, 15400360 buff/cache
--
  PID USER      PR  NI    VIRT    RES    SHR S %CPU %MEM     TIME+ COMMAND
12029 freshman  20   0 1720816  26120   1572 R 12.5  0.1   0:01.54 mcf_base.gc+

top - 18:08:33 up 11 days,  5:13,  6 users,  load average: 0.84, 0.88, 0.56
Tasks: 197 total,   2 running, 121 sleeping,   0 stopped,   0 zombie
%Cpu(s): 12.4 us,  0.1 sy,  0.0 ni, 87.3 id,  0.1 wa,  0.0 hi,  0.0 si,  0.0 st
KiB Mem : 32843380 total, 17102468 free,   340552 used, 15400360 buff/cache
--
  PID USER      PR  NI    VIRT    RES    SHR S %CPU %MEM     TIME+ COMMAND
12029 freshman  20   0 1720816  26120   1572 R 12.5  0.1   0:02.54 mcf_base.gc+

top - 18:08:34 up 11 days,  5:13,  6 users,  load average: 0.84, 0.88, 0.56
Tasks: 197 total,   2 running, 121 sleeping,   0 stopped,   0 zombie
%Cpu(s): 11.2 us,  1.4 sy,  0.0 ni, 87.4 id,  0.0 wa,  0.0 hi,  0.0 si,  0.0 st
KiB Mem : 32843380 total, 17102468 free,   340552 used, 15400360 buff/cache
--
  PID USER      PR  NI    VIRT    RES    SHR S %CPU %MEM     TIME+ COMMAND
12029 freshman  20   0 1720816 461720   1572 R 12.5  1.4   0:03.55 mcf_base.gc+
11560 freshman  20   0   42788   3996   3368 R  0.1  0.0   0:03.73 top

top - 18:08:35 up 11 days,  5:13,  6 users,  load average: 0.86, 0.88, 0.56
Tasks: 197 total,   2 running, 121 sleeping,   0 stopped,   0 zombie
%Cpu(s):  9.6 us,  3.0 sy,  0.0 ni, 87.4 id,  0.0 wa,  0.0 hi,  0.0 si,  0.0 st
KiB Mem : 32843380 total, 15407388 free,  2035624 used, 15400368 buff/cache
--
  PID USER      PR  NI    VIRT    RES    SHR S %CPU %MEM     TIME+ COMMAND
12029 freshman  20   0 1720816 1.638g   1572 R 12.5  5.2   0:04.55 mcf_base.gc+

top - 18:08:36 up 11 days,  5:13,  6 users,  load average: 0.86, 0.88, 0.56
Tasks: 197 total,   2 running, 121 sleeping,   0 stopped,   0 zombie
%Cpu(s): 12.5 us,  0.0 sy,  0.0 ni, 87.5 id,  0.0 wa,  0.0 hi,  0.0 si,  0.0 st
KiB Mem : 32843380 total, 15407388 free,  2035624 used, 15400368 buff/cache
--
  PID USER      PR  NI    VIRT    RES    SHR S %CPU %MEM     TIME+ COMMAND
12029 freshman  20   0 1720816 1.638g   1572 R 12.5  5.2   0:05.56 mcf_base.gc+

top - 18:08:37 up 11 days,  5:13,  6 users,  load average: 0.86, 0.88, 0.56
Tasks: 197 total,   2 running, 121 sleeping,   0 stopped,   0 zombie
%Cpu(s): 12.4 us,  0.1 sy,  0.0 ni, 87.4 id,  0.0 wa,  0.0 hi,  0.0 si,  0.0 st
KiB Mem : 32843380 total, 15407388 free,  2035624 used, 15400368 buff/cache
--
  PID USER      PR  NI    VIRT    RES    SHR S %CPU %MEM     TIME+ COMMAND
12029 freshman  20   0 1720816 1.638g   1572 R 12.6  5.2   0:06.57 mcf_base.gc+

top - 18:08:38 up 11 days,  5:13,  6 users,  load average: 0.86, 0.88, 0.56
Tasks: 197 total,   2 running, 121 sleeping,   0 stopped,   0 zombie
%Cpu(s): 12.6 us,  0.0 sy,  0.0 ni, 87.4 id,  0.0 wa,  0.0 hi,  0.0 si,  0.0 st
KiB Mem : 32843380 total, 15407388 free,  2035624 used, 15400368 buff/cache
--
  PID USER      PR  NI    VIRT    RES    SHR S %CPU %MEM     TIME+ COMMAND
12029 freshman  20   0 1720816 1.638g   1572 R 12.4  5.2   0:07.57 mcf_base.gc+
11560 freshman  20   0   42788   3996   3368 R  0.1  0.0   0:03.74 top

top - 18:08:39 up 11 days,  5:13,  6 users,  load average: 0.86, 0.88, 0.56
Tasks: 197 total,   2 running, 121 sleeping,   0 stopped,   0 zombie
%Cpu(s): 12.5 us,  0.1 sy,  0.0 ni, 87.3 id,  0.0 wa,  0.0 hi,  0.0 si,  0.0 st
KiB Mem : 32843380 total, 15407388 free,  2035624 used, 15400368 buff/cache
--
  PID USER      PR  NI    VIRT    RES    SHR S %CPU %MEM     TIME+ COMMAND
12029 freshman  20   0 1720816 1.638g   1572 R 12.5  5.2   0:08.57 mcf_base.gc+

top - 18:08:40 up 11 days,  5:13,  6 users,  load average: 0.87, 0.89, 0.57
Tasks: 197 total,   2 running, 121 sleeping,   0 stopped,   0 zombie
%Cpu(s): 12.5 us,  0.0 sy,  0.0 ni, 87.5 id,  0.0 wa,  0.0 hi,  0.0 si,  0.0 st
KiB Mem : 32843380 total, 15407388 free,  2035624 used, 15400368 buff/cache
--
  PID USER      PR  NI    VIRT    RES    SHR S %CPU %MEM     TIME+ COMMAND
12029 freshman  20   0 1720816 1.638g   1572 R 12.5  5.2   0:09.58 mcf_base.gc+
11560 freshman  20   0   42788   3996   3368 R  0.1  0.0   0:03.75 top

top - 18:08:41 up 11 days,  5:13,  6 users,  load average: 0.87, 0.89, 0.57
Tasks: 197 total,   2 running, 121 sleeping,   0 stopped,   0 zombie
%Cpu(s): 12.5 us,  0.0 sy,  0.0 ni, 87.5 id,  0.0 wa,  0.0 hi,  0.0 si,  0.0 st
KiB Mem : 32843380 total, 15407388 free,  2035620 used, 15400372 buff/cache
--
  PID USER      PR  NI    VIRT    RES    SHR S %CPU %MEM     TIME+ COMMAND
12029 freshman  20   0 1720816 1.638g   1572 R 12.5  5.2   0:10.59 mcf_base.gc+
11560 freshman  20   0   42788   3996   3368 R  0.1  0.0   0:03.76 top

top - 18:08:42 up 11 days,  5:13,  6 users,  load average: 0.87, 0.89, 0.57
Tasks: 197 total,   2 running, 121 sleeping,   0 stopped,   0 zombie
%Cpu(s): 12.5 us,  0.1 sy,  0.0 ni, 87.3 id,  0.0 wa,  0.0 hi,  0.0 si,  0.0 st
KiB Mem : 32843380 total, 15407388 free,  2035620 used, 15400372 buff/cache
--
  PID USER      PR  NI    VIRT    RES    SHR S %CPU %MEM     TIME+ COMMAND
12029 freshman  20   0 1720816 1.638g   1572 R 12.5  5.2   0:11.59 mcf_base.gc+

top - 18:08:43 up 11 days,  5:13,  6 users,  load average: 0.87, 0.89, 0.57
Tasks: 197 total,   2 running, 121 sleeping,   0 stopped,   0 zombie
%Cpu(s): 12.5 us,  0.0 sy,  0.0 ni, 87.5 id,  0.0 wa,  0.0 hi,  0.0 si,  0.0 st
KiB Mem : 32843380 total, 15407388 free,  2035620 used, 15400372 buff/cache
--
  PID USER      PR  NI    VIRT    RES    SHR S %CPU %MEM     TIME+ COMMAND
12029 freshman  20   0 1720816 1.638g   1572 R 12.5  5.2   0:12.60 mcf_base.gc+
11560 freshman  20   0   42788   3996   3368 R  0.1  0.0   0:03.77 top
11963 root      20   0       0      0      0 I  0.1  0.0   0:00.01 kworker/u16+
--
top - 18:08:44 up 11 days,  5:13,  6 users,  load average: 0.87, 0.89, 0.57
Tasks: 197 total,   2 running, 121 sleeping,   0 stopped,   0 zombie
%Cpu(s): 12.4 us,  0.0 sy,  0.0 ni, 87.6 id,  0.0 wa,  0.0 hi,  0.0 si,  0.0 st
KiB Mem : 32843380 total, 15407388 free,  2035620 used, 15400372 buff/cache
--
  PID USER      PR  NI    VIRT    RES    SHR S %CPU %MEM     TIME+ COMMAND
12029 freshman  20   0 1720816 1.638g   1572 R 12.5  5.2   0:13.60 mcf_base.gc+

top - 18:08:45 up 11 days,  5:13,  6 users,  load average: 0.88, 0.89, 0.57
Tasks: 197 total,   2 running, 121 sleeping,   0 stopped,   0 zombie
%Cpu(s): 12.5 us,  0.1 sy,  0.0 ni, 87.3 id,  0.0 wa,  0.0 hi,  0.0 si,  0.0 st
KiB Mem : 32843380 total, 15407388 free,  2035620 used, 15400372 buff/cache
--
  PID USER      PR  NI    VIRT    RES    SHR S %CPU %MEM     TIME+ COMMAND
12029 freshman  20   0 1720816 1.638g   1572 R 12.5  5.2   0:14.61 mcf_base.gc+
11560 freshman  20   0   42788   3996   3368 R  0.1  0.0   0:03.78 top

top - 18:08:46 up 11 days,  5:13,  6 users,  load average: 0.88, 0.89, 0.57
Tasks: 197 total,   2 running, 121 sleeping,   0 stopped,   0 zombie
%Cpu(s): 12.6 us,  0.0 sy,  0.0 ni, 87.4 id,  0.0 wa,  0.0 hi,  0.0 si,  0.0 st
KiB Mem : 32843380 total, 15407388 free,  2035620 used, 15400372 buff/cache
--
  PID USER      PR  NI    VIRT    RES    SHR S %CPU %MEM     TIME+ COMMAND
12029 freshman  20   0 1720816 1.638g   1572 R 12.5  5.2   0:15.61 mcf_base.gc+

top - 18:08:47 up 11 days,  5:13,  6 users,  load average: 0.88, 0.89, 0.57
Tasks: 197 total,   2 running, 121 sleeping,   0 stopped,   0 zombie
%Cpu(s): 12.5 us,  0.1 sy,  0.0 ni, 87.3 id,  0.0 wa,  0.0 hi,  0.0 si,  0.0 st
KiB Mem : 32843380 total, 15407388 free,  2035612 used, 15400380 buff/cache
--
  PID USER      PR  NI    VIRT    RES    SHR S %CPU %MEM     TIME+ COMMAND
12029 freshman  20   0 1720816 1.638g   1572 R 12.5  5.2   0:16.62 mcf_base.gc+
11560 freshman  20   0   42788   3996   3368 R  0.1  0.0   0:03.79 top

top - 18:08:48 up 11 days,  5:13,  6 users,  load average: 0.88, 0.89, 0.57
Tasks: 197 total,   2 running, 121 sleeping,   0 stopped,   0 zombie
%Cpu(s): 12.4 us,  0.0 sy,  0.0 ni, 87.6 id,  0.0 wa,  0.0 hi,  0.0 si,  0.0 st
KiB Mem : 32843380 total, 15407388 free,  2035612 used, 15400380 buff/cache
--
  PID USER      PR  NI    VIRT    RES    SHR S %CPU %MEM     TIME+ COMMAND
12029 freshman  20   0 1720816 1.638g   1572 R 12.5  5.2   0:17.62 mcf_base.gc+

top - 18:08:49 up 11 days,  5:13,  6 users,  load average: 0.88, 0.89, 0.57
Tasks: 197 total,   2 running, 121 sleeping,   0 stopped,   0 zombie
%Cpu(s): 12.5 us,  0.1 sy,  0.0 ni, 87.3 id,  0.0 wa,  0.0 hi,  0.0 si,  0.0 st
KiB Mem : 32843380 total, 15407388 free,  2035612 used, 15400380 buff/cache
--
  PID USER      PR  NI    VIRT    RES    SHR S %CPU %MEM     TIME+ COMMAND
12029 freshman  20   0 1720816 1.638g   1572 R 12.5  5.2   0:18.63 mcf_base.gc+
11560 freshman  20   0   42788   3996   3368 R  0.1  0.0   0:03.80 top

top - 18:08:50 up 11 days,  5:13,  6 users,  load average: 0.89, 0.89, 0.57
Tasks: 197 total,   2 running, 121 sleeping,   0 stopped,   0 zombie
%Cpu(s): 12.5 us,  0.0 sy,  0.0 ni, 87.5 id,  0.0 wa,  0.0 hi,  0.0 si,  0.0 st
KiB Mem : 32843380 total, 15407388 free,  2035608 used, 15400384 buff/cache
--
  PID USER      PR  NI    VIRT    RES    SHR S %CPU %MEM     TIME+ COMMAND
12029 freshman  20   0 1720816 1.638g   1572 R 12.4  5.2   0:19.63 mcf_base.gc+

top - 18:08:51 up 11 days,  5:13,  6 users,  load average: 0.89, 0.89, 0.57
Tasks: 197 total,   2 running, 121 sleeping,   0 stopped,   0 zombie
%Cpu(s): 12.5 us,  0.1 sy,  0.0 ni, 87.3 id,  0.0 wa,  0.0 hi,  0.0 si,  0.0 st
KiB Mem : 32843380 total, 15407388 free,  2035608 used, 15400384 buff/cache
--
  PID USER      PR  NI    VIRT    RES    SHR S %CPU %MEM     TIME+ COMMAND
12029 freshman  20   0 1720816 1.638g   1572 R 12.6  5.2   0:20.64 mcf_base.gc+

top - 18:08:52 up 11 days,  5:13,  6 users,  load average: 0.89, 0.89, 0.57
Tasks: 197 total,   2 running, 121 sleeping,   0 stopped,   0 zombie
%Cpu(s): 12.5 us,  0.0 sy,  0.0 ni, 87.5 id,  0.0 wa,  0.0 hi,  0.0 si,  0.0 st
KiB Mem : 32843380 total, 15407388 free,  2035608 used, 15400384 buff/cache
--
  PID USER      PR  NI    VIRT    RES    SHR S %CPU %MEM     TIME+ COMMAND
12029 freshman  20   0 1720816 1.638g   1572 R 12.4  5.2   0:21.64 mcf_base.gc+
11560 freshman  20   0   42788   3996   3368 R  0.1  0.0   0:03.81 top

top - 18:08:53 up 11 days,  5:13,  6 users,  load average: 0.89, 0.89, 0.57
Tasks: 197 total,   2 running, 121 sleeping,   0 stopped,   0 zombie
%Cpu(s): 12.5 us,  0.0 sy,  0.0 ni, 87.3 id,  0.1 wa,  0.0 hi,  0.0 si,  0.0 st
KiB Mem : 32843380 total, 15407388 free,  2035600 used, 15400392 buff/cache
--
  PID USER      PR  NI    VIRT    RES    SHR S %CPU %MEM     TIME+ COMMAND
12029 freshman  20   0 1720816 1.638g   1572 R 12.6  5.2   0:22.65 mcf_base.gc+

top - 18:08:54 up 11 days,  5:13,  6 users,  load average: 0.89, 0.89, 0.57
Tasks: 197 total,   2 running, 121 sleeping,   0 stopped,   0 zombie
%Cpu(s): 12.4 us,  0.1 sy,  0.0 ni, 87.4 id,  0.0 wa,  0.0 hi,  0.0 si,  0.0 st
KiB Mem : 32843380 total, 15407388 free,  2035600 used, 15400392 buff/cache
--
  PID USER      PR  NI    VIRT    RES    SHR S %CPU %MEM     TIME+ COMMAND
12029 freshman  20   0 1720816 1.638g   1572 R 12.5  5.2   0:23.66 mcf_base.gc+
11560 freshman  20   0   42788   3996   3368 R  0.1  0.0   0:03.82 top

top - 18:08:55 up 11 days,  5:13,  6 users,  load average: 0.90, 0.89, 0.57
Tasks: 197 total,   2 running, 121 sleeping,   0 stopped,   0 zombie
%Cpu(s): 12.5 us,  0.1 sy,  0.0 ni, 87.3 id,  0.0 wa,  0.0 hi,  0.0 si,  0.0 st
KiB Mem : 32843380 total, 15407388 free,  2035600 used, 15400392 buff/cache
--
  PID USER      PR  NI    VIRT    RES    SHR S %CPU %MEM     TIME+ COMMAND
12029 freshman  20   0 1720816 1.638g   1572 R 12.5  5.2   0:24.66 mcf_base.gc+

top - 18:08:56 up 11 days,  5:13,  6 users,  load average: 0.90, 0.89, 0.57
Tasks: 197 total,   2 running, 121 sleeping,   0 stopped,   0 zombie
%Cpu(s): 12.4 us,  0.0 sy,  0.0 ni, 87.6 id,  0.0 wa,  0.0 hi,  0.0 si,  0.0 st
KiB Mem : 32843380 total, 15407388 free,  2035600 used, 15400392 buff/cache
--
  PID USER      PR  NI    VIRT    RES    SHR S %CPU %MEM     TIME+ COMMAND
12029 freshman  20   0 1720816 1.638g   1572 R 12.4  5.2   0:25.66 mcf_base.gc+

top - 18:08:57 up 11 days,  5:13,  6 users,  load average: 0.90, 0.89, 0.57
Tasks: 197 total,   2 running, 121 sleeping,   0 stopped,   0 zombie
%Cpu(s): 12.6 us,  0.0 sy,  0.0 ni, 87.4 id,  0.0 wa,  0.0 hi,  0.0 si,  0.0 st
KiB Mem : 32843380 total, 15407388 free,  2035600 used, 15400392 buff/cache
--
  PID USER      PR  NI    VIRT    RES    SHR S %CPU %MEM     TIME+ COMMAND
12029 freshman  20   0 1720816 1.638g   1572 R 12.6  5.2   0:26.67 mcf_base.gc+
11560 freshman  20   0   42788   3996   3368 R  0.1  0.0   0:03.83 top

top - 18:08:58 up 11 days,  5:13,  6 users,  load average: 0.90, 0.89, 0.57
Tasks: 197 total,   2 running, 121 sleeping,   0 stopped,   0 zombie
%Cpu(s): 12.4 us,  0.1 sy,  0.0 ni, 87.4 id,  0.0 wa,  0.0 hi,  0.0 si,  0.0 st
KiB Mem : 32843380 total, 15407388 free,  2035600 used, 15400392 buff/cache
--
  PID USER      PR  NI    VIRT    RES    SHR S %CPU %MEM     TIME+ COMMAND
12029 freshman  20   0 1720816 1.638g   1572 R 12.5  5.2   0:27.68 mcf_base.gc+

top - 18:08:59 up 11 days,  5:13,  6 users,  load average: 0.90, 0.89, 0.57
Tasks: 197 total,   2 running, 121 sleeping,   0 stopped,   0 zombie
%Cpu(s): 12.6 us,  0.0 sy,  0.0 ni, 87.4 id,  0.0 wa,  0.0 hi,  0.0 si,  0.0 st
KiB Mem : 32843380 total, 15407388 free,  2035596 used, 15400396 buff/cache
--
  PID USER      PR  NI    VIRT    RES    SHR S %CPU %MEM     TIME+ COMMAND
12029 freshman  20   0 1720816 1.638g   1572 R 12.5  5.2   0:28.68 mcf_base.gc+
11560 freshman  20   0   42788   3996   3368 R  0.1  0.0   0:03.84 top

top - 18:09:00 up 11 days,  5:13,  6 users,  load average: 0.91, 0.89, 0.58
Tasks: 197 total,   2 running, 121 sleeping,   0 stopped,   0 zombie
%Cpu(s): 12.6 us,  0.0 sy,  0.0 ni, 87.4 id,  0.0 wa,  0.0 hi,  0.0 si,  0.0 st
KiB Mem : 32843380 total, 15407388 free,  2035596 used, 15400396 buff/cache
--
  PID USER      PR  NI    VIRT    RES    SHR S %CPU %MEM     TIME+ COMMAND
12029 freshman  20   0 1720816 1.638g   1572 R 12.5  5.2   0:29.69 mcf_base.gc+

top - 18:09:01 up 11 days,  5:13,  6 users,  load average: 0.91, 0.89, 0.58
Tasks: 197 total,   2 running, 121 sleeping,   0 stopped,   0 zombie
%Cpu(s): 12.4 us,  0.1 sy,  0.0 ni, 87.5 id,  0.0 wa,  0.0 hi,  0.0 si,  0.0 st
KiB Mem : 32843380 total, 15407388 free,  2035596 used, 15400396 buff/cache
--
  PID USER      PR  NI    VIRT    RES    SHR S %CPU %MEM     TIME+ COMMAND
12029 freshman  20   0 1720816 1.638g   1572 R 12.5  5.2   0:30.69 mcf_base.gc+

top - 18:09:02 up 11 days,  5:13,  6 users,  load average: 0.91, 0.89, 0.58
Tasks: 197 total,   2 running, 121 sleeping,   0 stopped,   0 zombie
%Cpu(s): 12.6 us,  0.0 sy,  0.0 ni, 87.4 id,  0.0 wa,  0.0 hi,  0.0 si,  0.0 st
KiB Mem : 32843380 total, 15407388 free,  2035588 used, 15400404 buff/cache
--
  PID USER      PR  NI    VIRT    RES    SHR S %CPU %MEM     TIME+ COMMAND
12029 freshman  20   0 1720816 1.638g   1572 R 12.5  5.2   0:31.70 mcf_base.gc+
11560 freshman  20   0   42788   3996   3368 R  0.1  0.0   0:03.85 top

top - 18:09:03 up 11 days,  5:13,  6 users,  load average: 0.91, 0.89, 0.58
Tasks: 197 total,   2 running, 121 sleeping,   0 stopped,   0 zombie
%Cpu(s): 12.6 us,  0.0 sy,  0.0 ni, 87.4 id,  0.0 wa,  0.0 hi,  0.0 si,  0.0 st
KiB Mem : 32843380 total, 15407388 free,  2035588 used, 15400404 buff/cache
--
  PID USER      PR  NI    VIRT    RES    SHR S %CPU %MEM     TIME+ COMMAND
12029 freshman  20   0 1720816 1.638g   1572 R 12.5  5.2   0:32.70 mcf_base.gc+

top - 18:09:04 up 11 days,  5:13,  6 users,  load average: 0.91, 0.89, 0.58
Tasks: 197 total,   2 running, 121 sleeping,   0 stopped,   0 zombie
%Cpu(s): 12.6 us,  0.0 sy,  0.0 ni, 87.4 id,  0.0 wa,  0.0 hi,  0.0 si,  0.0 st
KiB Mem : 32843380 total, 15407388 free,  2035588 used, 15400404 buff/cache
--
  PID USER      PR  NI    VIRT    RES    SHR S %CPU %MEM     TIME+ COMMAND
12029 freshman  20   0 1720816 1.638g   1572 R 12.5  5.2   0:33.71 mcf_base.gc+

top - 18:09:05 up 11 days,  5:13,  6 users,  load average: 0.91, 0.90, 0.58
Tasks: 197 total,   2 running, 121 sleeping,   0 stopped,   0 zombie
%Cpu(s): 12.4 us,  0.1 sy,  0.0 ni, 87.4 id,  0.0 wa,  0.0 hi,  0.0 si,  0.0 st
KiB Mem : 32843380 total, 15407388 free,  2035584 used, 15400408 buff/cache
--
  PID USER      PR  NI    VIRT    RES    SHR S %CPU %MEM     TIME+ COMMAND
12029 freshman  20   0 1720816 1.638g   1572 R 12.5  5.2   0:34.71 mcf_base.gc+
11560 freshman  20   0   42788   3996   3368 R  0.1  0.0   0:03.86 top

top - 18:09:06 up 11 days,  5:13,  6 users,  load average: 0.91, 0.90, 0.58
Tasks: 197 total,   2 running, 121 sleeping,   0 stopped,   0 zombie
%Cpu(s): 12.5 us,  0.0 sy,  0.0 ni, 87.5 id,  0.0 wa,  0.0 hi,  0.0 si,  0.0 st
KiB Mem : 32843380 total, 15407388 free,  2035584 used, 15400408 buff/cache
--
  PID USER      PR  NI    VIRT    RES    SHR S %CPU %MEM     TIME+ COMMAND
12029 freshman  20   0 1720816 1.638g   1572 R 12.5  5.2   0:35.72 mcf_base.gc+
11560 freshman  20   0   42788   3996   3368 R  0.1  0.0   0:03.87 top

top - 18:09:07 up 11 days,  5:13,  6 users,  load average: 0.91, 0.90, 0.58
Tasks: 197 total,   2 running, 121 sleeping,   0 stopped,   0 zombie
%Cpu(s): 12.6 us,  0.0 sy,  0.0 ni, 87.4 id,  0.0 wa,  0.0 hi,  0.0 si,  0.0 st
KiB Mem : 32843380 total, 15407388 free,  2035584 used, 15400408 buff/cache
--
  PID USER      PR  NI    VIRT    RES    SHR S %CPU %MEM     TIME+ COMMAND
12029 freshman  20   0 1720816 1.638g   1572 R 12.4  5.2   0:36.72 mcf_base.gc+

top - 18:09:08 up 11 days,  5:13,  6 users,  load average: 0.91, 0.90, 0.58
Tasks: 197 total,   2 running, 121 sleeping,   0 stopped,   0 zombie
%Cpu(s): 12.6 us,  0.0 sy,  0.0 ni, 87.4 id,  0.0 wa,  0.0 hi,  0.0 si,  0.0 st
KiB Mem : 32843380 total, 15407396 free,  2035576 used, 15400408 buff/cache
--
  PID USER      PR  NI    VIRT    RES    SHR S %CPU %MEM     TIME+ COMMAND
12029 freshman  20   0 1720816 1.638g   1572 R 12.6  5.2   0:37.73 mcf_base.gc+

top - 18:09:09 up 11 days,  5:13,  6 users,  load average: 0.91, 0.90, 0.58
Tasks: 197 total,   2 running, 121 sleeping,   0 stopped,   0 zombie
%Cpu(s): 12.5 us,  0.1 sy,  0.0 ni, 87.3 id,  0.0 wa,  0.0 hi,  0.0 si,  0.0 st
KiB Mem : 32843380 total, 15407396 free,  2035576 used, 15400408 buff/cache
--
  PID USER      PR  NI    VIRT    RES    SHR S %CPU %MEM     TIME+ COMMAND
12029 freshman  20   0 1720816 1.638g   1572 R 12.5  5.2   0:38.74 mcf_base.gc+
11560 freshman  20   0   42788   3996   3368 R  0.1  0.0   0:03.88 top

top - 18:09:10 up 11 days,  5:13,  6 users,  load average: 0.92, 0.90, 0.58
Tasks: 197 total,   2 running, 121 sleeping,   0 stopped,   0 zombie
%Cpu(s): 12.5 us,  0.0 sy,  0.0 ni, 87.5 id,  0.0 wa,  0.0 hi,  0.0 si,  0.0 st
KiB Mem : 32843380 total, 15407396 free,  2035576 used, 15400408 buff/cache
--
  PID USER      PR  NI    VIRT    RES    SHR S %CPU %MEM     TIME+ COMMAND
12029 freshman  20   0 1720816 1.638g   1572 R 12.5  5.2   0:39.74 mcf_base.gc+
11560 freshman  20   0   42788   3996   3368 R  0.1  0.0   0:03.89 top

top - 18:09:11 up 11 days,  5:13,  6 users,  load average: 0.92, 0.90, 0.58
Tasks: 197 total,   2 running, 121 sleeping,   0 stopped,   0 zombie
%Cpu(s): 12.5 us,  0.1 sy,  0.0 ni, 87.3 id,  0.0 wa,  0.0 hi,  0.0 si,  0.0 st
KiB Mem : 32843380 total, 15407396 free,  2035568 used, 15400416 buff/cache
--
  PID USER      PR  NI    VIRT    RES    SHR S %CPU %MEM     TIME+ COMMAND
12029 freshman  20   0 1720816 1.638g   1572 R 12.4  5.2   0:40.74 mcf_base.gc+

top - 18:09:12 up 11 days,  5:13,  6 users,  load average: 0.92, 0.90, 0.58
Tasks: 197 total,   2 running, 121 sleeping,   0 stopped,   0 zombie
%Cpu(s): 12.5 us,  0.0 sy,  0.0 ni, 87.5 id,  0.0 wa,  0.0 hi,  0.0 si,  0.0 st
KiB Mem : 32843380 total, 15407396 free,  2035568 used, 15400416 buff/cache
--
  PID USER      PR  NI    VIRT    RES    SHR S %CPU %MEM     TIME+ COMMAND
12029 freshman  20   0 1720816 1.638g   1572 R 12.6  5.2   0:41.75 mcf_base.gc+
11560 freshman  20   0   42788   3996   3368 R  0.1  0.0   0:03.90 top

top - 18:09:13 up 11 days,  5:13,  6 users,  load average: 0.92, 0.90, 0.58
Tasks: 197 total,   2 running, 121 sleeping,   0 stopped,   0 zombie
%Cpu(s): 12.6 us,  0.0 sy,  0.0 ni, 87.4 id,  0.0 wa,  0.0 hi,  0.0 si,  0.0 st
KiB Mem : 32843380 total, 15407396 free,  2035568 used, 15400416 buff/cache
--
  PID USER      PR  NI    VIRT    RES    SHR S %CPU %MEM     TIME+ COMMAND
12029 freshman  20   0 1720816 1.638g   1572 R 12.5  5.2   0:42.76 mcf_base.gc+

top - 18:09:14 up 11 days,  5:13,  6 users,  load average: 0.92, 0.90, 0.58
Tasks: 197 total,   2 running, 121 sleeping,   0 stopped,   0 zombie
%Cpu(s): 12.5 us,  0.1 sy,  0.0 ni, 87.3 id,  0.0 wa,  0.0 hi,  0.0 si,  0.0 st
KiB Mem : 32843380 total, 15407396 free,  2035564 used, 15400420 buff/cache
--
  PID USER      PR  NI    VIRT    RES    SHR S %CPU %MEM     TIME+ COMMAND
12029 freshman  20   0 1720816 1.638g   1572 R 12.5  5.2   0:43.76 mcf_base.gc+

top - 18:09:15 up 11 days,  5:14,  6 users,  load average: 0.93, 0.90, 0.58
Tasks: 197 total,   2 running, 121 sleeping,   0 stopped,   0 zombie
%Cpu(s): 12.5 us,  0.0 sy,  0.0 ni, 87.5 id,  0.0 wa,  0.0 hi,  0.0 si,  0.0 st
KiB Mem : 32843380 total, 15407396 free,  2035564 used, 15400420 buff/cache
--
  PID USER      PR  NI    VIRT    RES    SHR S %CPU %MEM     TIME+ COMMAND
12029 freshman  20   0 1720816 1.638g   1572 R 12.5  5.2   0:44.77 mcf_base.gc+
11560 freshman  20   0   42788   3996   3368 R  0.1  0.0   0:03.91 top

top - 18:09:16 up 11 days,  5:14,  6 users,  load average: 0.93, 0.90, 0.58
Tasks: 197 total,   2 running, 121 sleeping,   0 stopped,   0 zombie
%Cpu(s): 12.5 us,  0.0 sy,  0.0 ni, 87.5 id,  0.0 wa,  0.0 hi,  0.0 si,  0.0 st
KiB Mem : 32843380 total, 15407396 free,  2035564 used, 15400420 buff/cache
--
  PID USER      PR  NI    VIRT    RES    SHR S %CPU %MEM     TIME+ COMMAND
12029 freshman  20   0 1720816 1.638g   1572 R 12.5  5.2   0:45.77 mcf_base.gc+

top - 18:09:17 up 11 days,  5:14,  6 users,  load average: 0.93, 0.90, 0.58
Tasks: 197 total,   2 running, 121 sleeping,   0 stopped,   0 zombie
%Cpu(s): 12.5 us,  0.1 sy,  0.0 ni, 87.3 id,  0.0 wa,  0.0 hi,  0.0 si,  0.0 st
KiB Mem : 32843380 total, 15407396 free,  2035564 used, 15400420 buff/cache
--
  PID USER      PR  NI    VIRT    RES    SHR S %CPU %MEM     TIME+ COMMAND
12029 freshman  20   0 1720816 1.638g   1572 R 12.5  5.2   0:46.78 mcf_base.gc+

top - 18:09:18 up 11 days,  5:14,  6 users,  load average: 0.93, 0.90, 0.58
Tasks: 197 total,   2 running, 121 sleeping,   0 stopped,   0 zombie
%Cpu(s): 12.4 us,  0.1 sy,  0.0 ni, 87.4 id,  0.0 wa,  0.0 hi,  0.0 si,  0.0 st
KiB Mem : 32843380 total, 15407396 free,  2035564 used, 15400420 buff/cache
--
  PID USER      PR  NI    VIRT    RES    SHR S %CPU %MEM     TIME+ COMMAND
12029 freshman  20   0 1720816 1.638g   1572 R 12.5  5.2   0:47.78 mcf_base.gc+
11560 freshman  20   0   42788   3996   3368 R  0.1  0.0   0:03.92 top

top - 18:09:19 up 11 days,  5:14,  6 users,  load average: 0.93, 0.90, 0.58
Tasks: 197 total,   2 running, 121 sleeping,   0 stopped,   0 zombie
%Cpu(s): 12.6 us,  0.0 sy,  0.0 ni, 87.4 id,  0.0 wa,  0.0 hi,  0.0 si,  0.0 st
KiB Mem : 32843380 total, 15407396 free,  2035564 used, 15400420 buff/cache
--
  PID USER      PR  NI    VIRT    RES    SHR S %CPU %MEM     TIME+ COMMAND
12029 freshman  20   0 1720816 1.638g   1572 R 12.5  5.2   0:48.79 mcf_base.gc+

top - 18:09:20 up 11 days,  5:14,  6 users,  load average: 0.93, 0.90, 0.59
Tasks: 197 total,   2 running, 121 sleeping,   0 stopped,   0 zombie
%Cpu(s): 12.5 us,  0.0 sy,  0.0 ni, 87.5 id,  0.0 wa,  0.0 hi,  0.0 si,  0.0 st
KiB Mem : 32843380 total, 15407396 free,  2035556 used, 15400428 buff/cache
--
  PID USER      PR  NI    VIRT    RES    SHR S %CPU %MEM     TIME+ COMMAND
12029 freshman  20   0 1720816 1.638g   1572 R 12.4  5.2   0:49.79 mcf_base.gc+
11560 freshman  20   0   42788   3996   3368 R  0.1  0.0   0:03.93 top

top - 18:09:21 up 11 days,  5:14,  6 users,  load average: 0.93, 0.90, 0.59
Tasks: 197 total,   2 running, 121 sleeping,   0 stopped,   0 zombie
%Cpu(s): 12.5 us,  0.0 sy,  0.0 ni, 87.5 id,  0.0 wa,  0.0 hi,  0.0 si,  0.0 st
KiB Mem : 32843380 total, 15407396 free,  2035556 used, 15400428 buff/cache
--
  PID USER      PR  NI    VIRT    RES    SHR S %CPU %MEM     TIME+ COMMAND
12029 freshman  20   0 1720816 1.638g   1572 R 12.6  5.2   0:50.80 mcf_base.gc+

top - 18:09:22 up 11 days,  5:14,  6 users,  load average: 0.93, 0.90, 0.59
Tasks: 197 total,   2 running, 121 sleeping,   0 stopped,   0 zombie
%Cpu(s): 12.6 us,  0.0 sy,  0.0 ni, 87.4 id,  0.0 wa,  0.0 hi,  0.0 si,  0.0 st
KiB Mem : 32843380 total, 15407396 free,  2035556 used, 15400428 buff/cache
--
  PID USER      PR  NI    VIRT    RES    SHR S %CPU %MEM     TIME+ COMMAND
12029 freshman  20   0 1720816 1.638g   1572 R 12.4  5.2   0:51.80 mcf_base.gc+
11560 freshman  20   0   42788   3996   3368 R  0.1  0.0   0:03.94 top

top - 18:09:23 up 11 days,  5:14,  6 users,  load average: 0.93, 0.90, 0.59
Tasks: 197 total,   2 running, 121 sleeping,   0 stopped,   0 zombie
%Cpu(s): 12.5 us,  0.1 sy,  0.0 ni, 87.3 id,  0.0 wa,  0.0 hi,  0.0 si,  0.0 st
KiB Mem : 32843380 total, 15407396 free,  2035552 used, 15400432 buff/cache
--
  PID USER      PR  NI    VIRT    RES    SHR S %CPU %MEM     TIME+ COMMAND
12029 freshman  20   0 1720816 1.638g   1572 R 12.6  5.2   0:52.81 mcf_base.gc+

top - 18:09:24 up 11 days,  5:14,  6 users,  load average: 0.93, 0.90, 0.59
Tasks: 197 total,   2 running, 121 sleeping,   0 stopped,   0 zombie
%Cpu(s): 12.4 us,  0.0 sy,  0.0 ni, 87.6 id,  0.0 wa,  0.0 hi,  0.0 si,  0.0 st
KiB Mem : 32843380 total, 15407396 free,  2035552 used, 15400432 buff/cache
--
  PID USER      PR  NI    VIRT    RES    SHR S %CPU %MEM     TIME+ COMMAND
12029 freshman  20   0 1720816 1.638g   1572 R 12.5  5.2   0:53.82 mcf_base.gc+

top - 18:09:25 up 11 days,  5:14,  6 users,  load average: 0.94, 0.90, 0.59
Tasks: 197 total,   2 running, 121 sleeping,   0 stopped,   0 zombie
%Cpu(s): 12.5 us,  0.1 sy,  0.0 ni, 87.3 id,  0.0 wa,  0.0 hi,  0.0 si,  0.0 st
KiB Mem : 32843380 total, 15407396 free,  2035552 used, 15400432 buff/cache
--
  PID USER      PR  NI    VIRT    RES    SHR S %CPU %MEM     TIME+ COMMAND
12029 freshman  20   0 1720816 1.638g   1572 R 12.5  5.2   0:54.82 mcf_base.gc+
11560 freshman  20   0   42788   3996   3368 R  0.1  0.0   0:03.95 top

top - 18:09:26 up 11 days,  5:14,  6 users,  load average: 0.94, 0.90, 0.59
Tasks: 197 total,   2 running, 121 sleeping,   0 stopped,   0 zombie
%Cpu(s): 12.6 us,  0.0 sy,  0.0 ni, 87.4 id,  0.0 wa,  0.0 hi,  0.0 si,  0.0 st
KiB Mem : 32843380 total, 15407396 free,  2035552 used, 15400432 buff/cache
--
  PID USER      PR  NI    VIRT    RES    SHR S %CPU %MEM     TIME+ COMMAND
12029 freshman  20   0 1720816 1.638g   1572 R 12.4  5.2   0:55.82 mcf_base.gc+

top - 18:09:27 up 11 days,  5:14,  6 users,  load average: 0.94, 0.90, 0.59
Tasks: 198 total,   2 running, 121 sleeping,   0 stopped,   0 zombie
%Cpu(s): 12.4 us,  0.0 sy,  0.0 ni, 87.4 id,  0.1 wa,  0.0 hi,  0.0 si,  0.0 st
KiB Mem : 32843380 total, 15407396 free,  2035552 used, 15400432 buff/cache
--
  PID USER      PR  NI    VIRT    RES    SHR S %CPU %MEM     TIME+ COMMAND
12029 freshman  20   0 1720816 1.638g   1572 R 12.6  5.2   0:56.83 mcf_base.gc+
11560 freshman  20   0   42788   3996   3368 R  0.1  0.0   0:03.96 top

top - 18:09:28 up 11 days,  5:14,  6 users,  load average: 0.94, 0.90, 0.59
Tasks: 198 total,   2 running, 121 sleeping,   0 stopped,   0 zombie
%Cpu(s): 12.4 us,  0.1 sy,  0.0 ni, 87.4 id,  0.0 wa,  0.0 hi,  0.0 si,  0.0 st
KiB Mem : 32843380 total, 15407396 free,  2035552 used, 15400432 buff/cache
--
  PID USER      PR  NI    VIRT    RES    SHR S %CPU %MEM     TIME+ COMMAND
12029 freshman  20   0 1720816 1.638g   1572 R 12.5  5.2   0:57.84 mcf_base.gc+

top - 18:09:29 up 11 days,  5:14,  6 users,  load average: 0.94, 0.90, 0.59
Tasks: 198 total,   2 running, 121 sleeping,   0 stopped,   0 zombie
%Cpu(s): 12.7 us,  0.0 sy,  0.0 ni, 87.3 id,  0.0 wa,  0.0 hi,  0.0 si,  0.0 st
KiB Mem : 32843380 total, 15407272 free,  2035664 used, 15400444 buff/cache
--
  PID USER      PR  NI    VIRT    RES    SHR S %CPU %MEM     TIME+ COMMAND
12029 freshman  20   0 1720816 1.638g   1572 R 12.5  5.2   0:58.84 mcf_base.gc+

top - 18:09:30 up 11 days,  5:14,  6 users,  load average: 0.94, 0.91, 0.59
Tasks: 198 total,   2 running, 121 sleeping,   0 stopped,   0 zombie
%Cpu(s): 12.5 us,  0.0 sy,  0.0 ni, 87.5 id,  0.0 wa,  0.0 hi,  0.0 si,  0.0 st
KiB Mem : 32843380 total, 15407272 free,  2035664 used, 15400444 buff/cache
--
  PID USER      PR  NI    VIRT    RES    SHR S %CPU %MEM     TIME+ COMMAND
12029 freshman  20   0 1720816 1.638g   1572 R 12.5  5.2   0:59.85 mcf_base.gc+
11560 freshman  20   0   42788   3996   3368 R  0.1  0.0   0:03.97 top

top - 18:09:31 up 11 days,  5:14,  6 users,  load average: 0.94, 0.91, 0.59
Tasks: 198 total,   2 running, 121 sleeping,   0 stopped,   0 zombie
%Cpu(s): 12.6 us,  0.0 sy,  0.0 ni, 87.4 id,  0.0 wa,  0.0 hi,  0.0 si,  0.0 st
KiB Mem : 32843380 total, 15407272 free,  2035664 used, 15400444 buff/cache
--
  PID USER      PR  NI    VIRT    RES    SHR S %CPU %MEM     TIME+ COMMAND
12029 freshman  20   0 1720816 1.638g   1572 R 12.5  5.2   1:00.85 mcf_base.gc+
11560 freshman  20   0   42788   3996   3368 R  0.1  0.0   0:03.98 top

top - 18:09:32 up 11 days,  5:14,  6 users,  load average: 0.94, 0.91, 0.59
Tasks: 198 total,   2 running, 121 sleeping,   0 stopped,   0 zombie
%Cpu(s): 12.5 us,  0.1 sy,  0.0 ni, 87.3 id,  0.0 wa,  0.0 hi,  0.0 si,  0.0 st
KiB Mem : 32843380 total, 15407272 free,  2035660 used, 15400448 buff/cache
--
  PID USER      PR  NI    VIRT    RES    SHR S %CPU %MEM     TIME+ COMMAND
12029 freshman  20   0 1720816 1.638g   1572 R 12.5  5.2   1:01.86 mcf_base.gc+

top - 18:09:33 up 11 days,  5:14,  6 users,  load average: 0.94, 0.91, 0.59
Tasks: 198 total,   2 running, 121 sleeping,   0 stopped,   0 zombie
%Cpu(s): 12.5 us,  0.0 sy,  0.0 ni, 87.5 id,  0.0 wa,  0.0 hi,  0.0 si,  0.0 st
KiB Mem : 32843380 total, 15407272 free,  2035660 used, 15400448 buff/cache
--
  PID USER      PR  NI    VIRT    RES    SHR S %CPU %MEM     TIME+ COMMAND
12029 freshman  20   0 1720816 1.638g   1572 R 12.4  5.2   1:02.86 mcf_base.gc+

top - 18:09:34 up 11 days,  5:14,  6 users,  load average: 0.94, 0.91, 0.59
Tasks: 198 total,   2 running, 121 sleeping,   0 stopped,   0 zombie
%Cpu(s): 12.6 us,  0.0 sy,  0.0 ni, 87.4 id,  0.0 wa,  0.0 hi,  0.0 si,  0.0 st
KiB Mem : 32843380 total, 15407272 free,  2035660 used, 15400448 buff/cache
--
  PID USER      PR  NI    VIRT    RES    SHR S %CPU %MEM     TIME+ COMMAND
12029 freshman  20   0 1720816 1.638g   1572 R 12.6  5.2   1:03.87 mcf_base.gc+
11560 freshman  20   0   42788   3996   3368 R  0.1  0.0   0:03.99 top

top - 18:09:35 up 11 days,  5:14,  6 users,  load average: 0.95, 0.91, 0.59
Tasks: 198 total,   2 running, 121 sleeping,   0 stopped,   0 zombie
%Cpu(s): 12.6 us,  0.0 sy,  0.0 ni, 87.4 id,  0.0 wa,  0.0 hi,  0.0 si,  0.0 st
KiB Mem : 32843380 total, 15407272 free,  2035660 used, 15400448 buff/cache
--
  PID USER      PR  NI    VIRT    RES    SHR S %CPU %MEM     TIME+ COMMAND
12029 freshman  20   0 1720816 1.638g   1572 R 12.5  5.2   1:04.88 mcf_base.gc+
11560 freshman  20   0   42788   3996   3368 R  0.1  0.0   0:04.00 top

top - 18:09:36 up 11 days,  5:14,  6 users,  load average: 0.95, 0.91, 0.59
Tasks: 198 total,   2 running, 121 sleeping,   0 stopped,   0 zombie
%Cpu(s): 12.4 us,  0.0 sy,  0.0 ni, 87.6 id,  0.0 wa,  0.0 hi,  0.0 si,  0.0 st
KiB Mem : 32843380 total, 15407272 free,  2035660 used, 15400448 buff/cache
--
  PID USER      PR  NI    VIRT    RES    SHR S %CPU %MEM     TIME+ COMMAND
12029 freshman  20   0 1720816 1.638g   1572 R 12.5  5.2   1:05.88 mcf_base.gc+

top - 18:09:37 up 11 days,  5:14,  6 users,  load average: 0.95, 0.91, 0.59
Tasks: 198 total,   2 running, 121 sleeping,   0 stopped,   0 zombie
%Cpu(s): 12.7 us,  0.0 sy,  0.0 ni, 87.3 id,  0.0 wa,  0.0 hi,  0.0 si,  0.0 st
KiB Mem : 32843380 total, 15407272 free,  2035660 used, 15400448 buff/cache
--
  PID USER      PR  NI    VIRT    RES    SHR S %CPU %MEM     TIME+ COMMAND
12029 freshman  20   0 1720816 1.638g   1572 R 12.4  5.2   1:06.88 mcf_base.gc+

top - 18:09:38 up 11 days,  5:14,  6 users,  load average: 0.95, 0.91, 0.59
Tasks: 198 total,   2 running, 121 sleeping,   0 stopped,   0 zombie
%Cpu(s): 12.5 us,  0.0 sy,  0.0 ni, 87.5 id,  0.0 wa,  0.0 hi,  0.0 si,  0.0 st
KiB Mem : 32843380 total, 15407272 free,  2035648 used, 15400460 buff/cache
--
  PID USER      PR  NI    VIRT    RES    SHR S %CPU %MEM     TIME+ COMMAND
12029 freshman  20   0 1720816 1.638g   1572 R 12.6  5.2   1:07.89 mcf_base.gc+

top - 18:09:39 up 11 days,  5:14,  6 users,  load average: 0.95, 0.91, 0.59
Tasks: 198 total,   2 running, 121 sleeping,   0 stopped,   0 zombie
%Cpu(s): 12.5 us,  0.1 sy,  0.0 ni, 87.3 id,  0.0 wa,  0.0 hi,  0.0 si,  0.0 st
KiB Mem : 32843380 total, 15407272 free,  2035648 used, 15400460 buff/cache
--
  PID USER      PR  NI    VIRT    RES    SHR S %CPU %MEM     TIME+ COMMAND
12029 freshman  20   0 1720816 1.638g   1572 R 12.5  5.2   1:08.90 mcf_base.gc+
11560 freshman  20   0   42788   3996   3368 R  0.1  0.0   0:04.01 top

top - 18:09:40 up 11 days,  5:14,  6 users,  load average: 0.95, 0.91, 0.60
Tasks: 198 total,   2 running, 121 sleeping,   0 stopped,   0 zombie
%Cpu(s): 12.6 us,  0.0 sy,  0.0 ni, 87.4 id,  0.0 wa,  0.0 hi,  0.0 si,  0.0 st
KiB Mem : 32843380 total, 15407272 free,  2035648 used, 15400460 buff/cache
--
  PID USER      PR  NI    VIRT    RES    SHR S %CPU %MEM     TIME+ COMMAND
12029 freshman  20   0 1720816 1.638g   1572 R 12.5  5.2   1:09.90 mcf_base.gc+
11560 freshman  20   0   42788   3996   3368 R  0.1  0.0   0:04.02 top

top - 18:09:41 up 11 days,  5:14,  6 users,  load average: 0.95, 0.91, 0.60
Tasks: 198 total,   2 running, 121 sleeping,   0 stopped,   0 zombie
%Cpu(s): 12.5 us,  0.0 sy,  0.0 ni, 87.5 id,  0.0 wa,  0.0 hi,  0.0 si,  0.0 st
KiB Mem : 32843380 total, 15407272 free,  2035648 used, 15400460 buff/cache
--
  PID USER      PR  NI    VIRT    RES    SHR S %CPU %MEM     TIME+ COMMAND
12029 freshman  20   0 1720816 1.638g   1572 R 12.5  5.2   1:10.91 mcf_base.gc+

top - 18:09:42 up 11 days,  5:14,  6 users,  load average: 0.95, 0.91, 0.60
Tasks: 198 total,   2 running, 121 sleeping,   0 stopped,   0 zombie
%Cpu(s): 12.5 us,  0.1 sy,  0.0 ni, 87.3 id,  0.0 wa,  0.0 hi,  0.0 si,  0.0 st
KiB Mem : 32843380 total, 15407272 free,  2035648 used, 15400460 buff/cache
--
  PID USER      PR  NI    VIRT    RES    SHR S %CPU %MEM     TIME+ COMMAND
12029 freshman  20   0 1720816 1.638g   1572 R 12.5  5.2   1:11.91 mcf_base.gc+

top - 18:09:43 up 11 days,  5:14,  6 users,  load average: 0.95, 0.91, 0.60
Tasks: 198 total,   2 running, 121 sleeping,   0 stopped,   0 zombie
%Cpu(s): 12.6 us,  0.0 sy,  0.0 ni, 87.4 id,  0.0 wa,  0.0 hi,  0.0 si,  0.0 st
KiB Mem : 32843380 total, 15407272 free,  2035648 used, 15400460 buff/cache
--
  PID USER      PR  NI    VIRT    RES    SHR S %CPU %MEM     TIME+ COMMAND
12029 freshman  20   0 1720816 1.638g   1572 R 12.5  5.2   1:12.92 mcf_base.gc+
11560 freshman  20   0   42788   3996   3368 R  0.1  0.0   0:04.03 top

top - 18:09:44 up 11 days,  5:14,  6 users,  load average: 0.95, 0.91, 0.60
Tasks: 198 total,   2 running, 121 sleeping,   0 stopped,   0 zombie
%Cpu(s): 12.5 us,  0.0 sy,  0.0 ni, 87.5 id,  0.0 wa,  0.0 hi,  0.0 si,  0.0 st
KiB Mem : 32843380 total, 15407272 free,  2035640 used, 15400468 buff/cache
--
  PID USER      PR  NI    VIRT    RES    SHR S %CPU %MEM     TIME+ COMMAND
12029 freshman  20   0 1720816 1.638g   1572 R 12.4  5.2   1:13.92 mcf_base.gc+

top - 18:09:45 up 11 days,  5:14,  6 users,  load average: 0.96, 0.91, 0.60
Tasks: 198 total,   2 running, 121 sleeping,   0 stopped,   0 zombie
%Cpu(s): 12.4 us,  0.1 sy,  0.0 ni, 87.4 id,  0.0 wa,  0.0 hi,  0.0 si,  0.0 st
KiB Mem : 32843380 total, 15407272 free,  2035640 used, 15400468 buff/cache
--
  PID USER      PR  NI    VIRT    RES    SHR S %CPU %MEM     TIME+ COMMAND
12029 freshman  20   0 1720816 1.638g   1572 R 12.6  5.2   1:14.93 mcf_base.gc+

top - 18:09:46 up 11 days,  5:14,  6 users,  load average: 0.96, 0.91, 0.60
Tasks: 198 total,   2 running, 121 sleeping,   0 stopped,   0 zombie
%Cpu(s): 12.7 us,  0.0 sy,  0.0 ni, 87.3 id,  0.0 wa,  0.0 hi,  0.0 si,  0.0 st
KiB Mem : 32843380 total, 15407272 free,  2035640 used, 15400468 buff/cache
--
  PID USER      PR  NI    VIRT    RES    SHR S %CPU %MEM     TIME+ COMMAND
12029 freshman  20   0 1720816 1.638g   1572 R 12.4  5.2   1:15.93 mcf_base.gc+
11560 freshman  20   0   42788   3996   3368 R  0.1  0.0   0:04.04 top

top - 18:09:47 up 11 days,  5:14,  6 users,  load average: 0.96, 0.91, 0.60
Tasks: 198 total,   2 running, 121 sleeping,   0 stopped,   0 zombie
%Cpu(s): 12.4 us,  0.0 sy,  0.0 ni, 87.6 id,  0.0 wa,  0.0 hi,  0.0 si,  0.0 st
KiB Mem : 32843380 total, 15407272 free,  2035636 used, 15400472 buff/cache
--
  PID USER      PR  NI    VIRT    RES    SHR S %CPU %MEM     TIME+ COMMAND
12029 freshman  20   0 1720816 1.638g   1572 R 12.6  5.2   1:16.94 mcf_base.gc+
 1020 root      20   0  178600   9400   8600 S  0.1  0.0   1:09.87 thermald

top - 18:09:48 up 11 days,  5:14,  6 users,  load average: 0.96, 0.91, 0.60
Tasks: 198 total,   2 running, 121 sleeping,   0 stopped,   0 zombie
%Cpu(s): 12.4 us,  0.1 sy,  0.0 ni, 87.4 id,  0.0 wa,  0.0 hi,  0.0 si,  0.0 st
KiB Mem : 32843380 total, 15407272 free,  2035636 used, 15400472 buff/cache
--
  PID USER      PR  NI    VIRT    RES    SHR S %CPU %MEM     TIME+ COMMAND
12029 freshman  20   0 1720816 1.638g   1572 R 12.4  5.2   1:17.94 mcf_base.gc+

top - 18:09:49 up 11 days,  5:14,  6 users,  load average: 0.96, 0.91, 0.60
Tasks: 198 total,   2 running, 121 sleeping,   0 stopped,   0 zombie
%Cpu(s): 12.7 us,  0.0 sy,  0.0 ni, 87.3 id,  0.0 wa,  0.0 hi,  0.0 si,  0.0 st
KiB Mem : 32843380 total, 15407272 free,  2035636 used, 15400472 buff/cache
--
  PID USER      PR  NI    VIRT    RES    SHR S %CPU %MEM     TIME+ COMMAND
12029 freshman  20   0 1720816 1.638g   1572 R 12.6  5.2   1:18.95 mcf_base.gc+
11560 freshman  20   0   42788   3996   3368 R  0.1  0.0   0:04.05 top

top - 18:09:50 up 11 days,  5:14,  6 users,  load average: 0.96, 0.91, 0.60
Tasks: 198 total,   2 running, 121 sleeping,   0 stopped,   0 zombie
%Cpu(s): 12.5 us,  0.0 sy,  0.0 ni, 87.5 id,  0.0 wa,  0.0 hi,  0.0 si,  0.0 st
KiB Mem : 32843380 total, 15407272 free,  2035636 used, 15400472 buff/cache
--
  PID USER      PR  NI    VIRT    RES    SHR S %CPU %MEM     TIME+ COMMAND
12029 freshman  20   0 1720816 1.638g   1572 R 12.4  5.2   1:19.95 mcf_base.gc+
11560 freshman  20   0   42788   3996   3368 R  0.1  0.0   0:04.06 top

top - 18:09:51 up 11 days,  5:14,  6 users,  load average: 0.96, 0.91, 0.60
Tasks: 198 total,   2 running, 121 sleeping,   0 stopped,   0 zombie
%Cpu(s): 12.5 us,  0.0 sy,  0.0 ni, 87.5 id,  0.0 wa,  0.0 hi,  0.0 si,  0.0 st
KiB Mem : 32843380 total, 15407272 free,  2035636 used, 15400472 buff/cache
--
  PID USER      PR  NI    VIRT    RES    SHR S %CPU %MEM     TIME+ COMMAND
12029 freshman  20   0 1720816 1.638g   1572 R 12.6  5.2   1:20.96 mcf_base.gc+

top - 18:09:52 up 11 days,  5:14,  6 users,  load average: 0.96, 0.91, 0.60
Tasks: 198 total,   2 running, 121 sleeping,   0 stopped,   0 zombie
%Cpu(s): 12.5 us,  0.0 sy,  0.0 ni, 87.3 id,  0.1 wa,  0.0 hi,  0.0 si,  0.0 st
KiB Mem : 32843380 total, 15407272 free,  2035636 used, 15400472 buff/cache
--
  PID USER      PR  NI    VIRT    RES    SHR S %CPU %MEM     TIME+ COMMAND
12029 freshman  20   0 1720816 1.638g   1572 R 12.5  5.2   1:21.97 mcf_base.gc+
11560 freshman  20   0   42788   3996   3368 R  0.1  0.0   0:04.07 top

top - 18:09:53 up 11 days,  5:14,  6 users,  load average: 0.96, 0.91, 0.60
Tasks: 198 total,   2 running, 121 sleeping,   0 stopped,   0 zombie
%Cpu(s): 12.4 us,  0.1 sy,  0.0 ni, 87.4 id,  0.0 wa,  0.0 hi,  0.0 si,  0.0 st
KiB Mem : 32843380 total, 15407272 free,  2035628 used, 15400480 buff/cache
--
  PID USER      PR  NI    VIRT    RES    SHR S %CPU %MEM     TIME+ COMMAND
12029 freshman  20   0 1720816 1.638g   1572 R 12.5  5.2   1:22.97 mcf_base.gc+

top - 18:09:54 up 11 days,  5:14,  6 users,  load average: 0.96, 0.91, 0.60
Tasks: 198 total,   2 running, 121 sleeping,   0 stopped,   0 zombie
%Cpu(s): 12.6 us,  0.0 sy,  0.0 ni, 87.4 id,  0.0 wa,  0.0 hi,  0.0 si,  0.0 st
KiB Mem : 32843380 total, 15407272 free,  2035628 used, 15400480 buff/cache
--
  PID USER      PR  NI    VIRT    RES    SHR S %CPU %MEM     TIME+ COMMAND
12029 freshman  20   0 1720816 1.638g   1572 R 12.4  5.2   1:23.97 mcf_base.gc+
11560 freshman  20   0   42788   3996   3368 R  0.1  0.0   0:04.08 top

top - 18:09:55 up 11 days,  5:14,  6 users,  load average: 0.96, 0.91, 0.60
Tasks: 198 total,   2 running, 121 sleeping,   0 stopped,   0 zombie
%Cpu(s): 12.5 us,  0.1 sy,  0.0 ni, 87.3 id,  0.0 wa,  0.0 hi,  0.0 si,  0.0 st
KiB Mem : 32843380 total, 15407272 free,  2035628 used, 15400480 buff/cache
--
  PID USER      PR  NI    VIRT    RES    SHR S %CPU %MEM     TIME+ COMMAND
12029 freshman  20   0 1720816 1.638g   1572 R 12.6  5.2   1:24.98 mcf_base.gc+

top - 18:09:56 up 11 days,  5:14,  6 users,  load average: 0.96, 0.91, 0.60
Tasks: 198 total,   2 running, 121 sleeping,   0 stopped,   0 zombie
%Cpu(s): 12.4 us,  0.0 sy,  0.0 ni, 87.6 id,  0.0 wa,  0.0 hi,  0.0 si,  0.0 st
KiB Mem : 32843380 total, 15407272 free,  2035624 used, 15400484 buff/cache
--
  PID USER      PR  NI    VIRT    RES    SHR S %CPU %MEM     TIME+ COMMAND
12029 freshman  20   0 1720816 1.638g   1572 R 12.5  5.2   1:25.99 mcf_base.gc+
11560 freshman  20   0   42788   3996   3368 R  0.1  0.0   0:04.09 top

top - 18:09:57 up 11 days,  5:14,  6 users,  load average: 0.96, 0.91, 0.60
Tasks: 198 total,   2 running, 121 sleeping,   0 stopped,   0 zombie
%Cpu(s): 12.5 us,  0.1 sy,  0.0 ni, 87.3 id,  0.0 wa,  0.0 hi,  0.0 si,  0.0 st
KiB Mem : 32843380 total, 15407272 free,  2035624 used, 15400484 buff/cache
--
  PID USER      PR  NI    VIRT    RES    SHR S %CPU %MEM     TIME+ COMMAND
12029 freshman  20   0 1720816 1.638g   1572 R 12.5  5.2   1:26.99 mcf_base.gc+

top - 18:09:58 up 11 days,  5:14,  6 users,  load average: 0.96, 0.91, 0.60
Tasks: 198 total,   2 running, 121 sleeping,   0 stopped,   0 zombie
%Cpu(s): 12.6 us,  0.0 sy,  0.0 ni, 87.4 id,  0.0 wa,  0.0 hi,  0.0 si,  0.0 st
KiB Mem : 32843380 total, 15407272 free,  2035624 used, 15400484 buff/cache
--
  PID USER      PR  NI    VIRT    RES    SHR S %CPU %MEM     TIME+ COMMAND
12029 freshman  20   0 1720816 1.638g   1572 R 12.5  5.2   1:28.00 mcf_base.gc+

top - 18:09:59 up 11 days,  5:14,  6 users,  load average: 0.96, 0.91, 0.60
Tasks: 198 total,   2 running, 121 sleeping,   0 stopped,   0 zombie
%Cpu(s): 12.4 us,  0.1 sy,  0.0 ni, 87.4 id,  0.0 wa,  0.0 hi,  0.0 si,  0.0 st
KiB Mem : 32843380 total, 15407272 free,  2035624 used, 15400484 buff/cache
--
  PID USER      PR  NI    VIRT    RES    SHR S %CPU %MEM     TIME+ COMMAND
12029 freshman  20   0 1720816 1.638g   1572 R 12.4  5.2   1:29.00 mcf_base.gc+
11560 freshman  20   0   42788   3996   3368 R  0.1  0.0   0:04.10 top

top - 18:10:00 up 11 days,  5:14,  6 users,  load average: 1.05, 0.93, 0.61
Tasks: 198 total,   2 running, 121 sleeping,   0 stopped,   0 zombie
%Cpu(s): 12.6 us,  0.0 sy,  0.0 ni, 87.4 id,  0.0 wa,  0.0 hi,  0.0 si,  0.0 st
KiB Mem : 32843380 total, 15407272 free,  2035624 used, 15400484 buff/cache
--
  PID USER      PR  NI    VIRT    RES    SHR S %CPU %MEM     TIME+ COMMAND
12029 freshman  20   0 1720816 1.638g   1572 R 12.6  5.2   1:30.01 mcf_base.gc+

top - 18:10:01 up 11 days,  5:14,  6 users,  load average: 1.05, 0.93, 0.61
Tasks: 198 total,   2 running, 121 sleeping,   0 stopped,   0 zombie
%Cpu(s): 12.4 us,  0.1 sy,  0.0 ni, 87.5 id,  0.0 wa,  0.0 hi,  0.0 si,  0.0 st
KiB Mem : 32843380 total, 15407272 free,  2035624 used, 15400484 buff/cache
--
  PID USER      PR  NI    VIRT    RES    SHR S %CPU %MEM     TIME+ COMMAND
12029 freshman  20   0 1720816 1.638g   1572 R 12.4  5.2   1:31.01 mcf_base.gc+
11560 freshman  20   0   42788   3996   3368 R  0.1  0.0   0:04.11 top

top - 18:10:02 up 11 days,  5:14,  6 users,  load average: 1.05, 0.93, 0.61
Tasks: 198 total,   2 running, 121 sleeping,   0 stopped,   0 zombie
%Cpu(s): 12.6 us,  0.0 sy,  0.0 ni, 87.4 id,  0.0 wa,  0.0 hi,  0.0 si,  0.0 st
KiB Mem : 32843380 total, 15407272 free,  2035616 used, 15400492 buff/cache
--
  PID USER      PR  NI    VIRT    RES    SHR S %CPU %MEM     TIME+ COMMAND
12029 freshman  20   0 1720816 1.638g   1572 R 12.6  5.2   1:32.02 mcf_base.gc+

top - 18:10:03 up 11 days,  5:14,  6 users,  load average: 1.05, 0.93, 0.61
Tasks: 198 total,   2 running, 121 sleeping,   0 stopped,   0 zombie
%Cpu(s): 12.4 us,  0.1 sy,  0.0 ni, 87.4 id,  0.0 wa,  0.0 hi,  0.0 si,  0.0 st
KiB Mem : 32843380 total, 15407272 free,  2035616 used, 15400492 buff/cache
--
  PID USER      PR  NI    VIRT    RES    SHR S %CPU %MEM     TIME+ COMMAND
12029 freshman  20   0 1720816 1.638g   1572 R 12.4  5.2   1:33.02 mcf_base.gc+

top - 18:10:04 up 11 days,  5:14,  6 users,  load average: 1.05, 0.93, 0.61
Tasks: 198 total,   2 running, 121 sleeping,   0 stopped,   0 zombie
%Cpu(s): 12.6 us,  0.0 sy,  0.0 ni, 87.4 id,  0.0 wa,  0.0 hi,  0.0 si,  0.0 st
KiB Mem : 32843380 total, 15407272 free,  2035616 used, 15400492 buff/cache
--
  PID USER      PR  NI    VIRT    RES    SHR S %CPU %MEM     TIME+ COMMAND
12029 freshman  20   0 1720816 1.638g   1572 R 12.6  5.2   1:34.03 mcf_base.gc+
11560 freshman  20   0   42788   3996   3368 R  0.1  0.0   0:04.12 top

top - 18:10:05 up 11 days,  5:14,  6 users,  load average: 1.04, 0.93, 0.61
Tasks: 198 total,   2 running, 121 sleeping,   0 stopped,   0 zombie
%Cpu(s): 12.6 us,  0.0 sy,  0.0 ni, 87.4 id,  0.0 wa,  0.0 hi,  0.0 si,  0.0 st
KiB Mem : 32843380 total, 15407272 free,  2035612 used, 15400496 buff/cache
--
  PID USER      PR  NI    VIRT    RES    SHR S %CPU %MEM     TIME+ COMMAND
12029 freshman  20   0 1720816 1.638g   1572 R 12.4  5.2   1:35.03 mcf_base.gc+

top - 18:10:06 up 11 days,  5:14,  6 users,  load average: 1.04, 0.93, 0.61
Tasks: 198 total,   2 running, 121 sleeping,   0 stopped,   0 zombie
%Cpu(s): 12.5 us,  0.0 sy,  0.0 ni, 87.5 id,  0.0 wa,  0.0 hi,  0.0 si,  0.0 st
KiB Mem : 32843380 total, 15407272 free,  2035612 used, 15400496 buff/cache
--
  PID USER      PR  NI    VIRT    RES    SHR S %CPU %MEM     TIME+ COMMAND
12029 freshman  20   0 1720816 1.638g   1572 R 12.6  5.2   1:36.04 mcf_base.gc+

top - 18:10:07 up 11 days,  5:14,  6 users,  load average: 1.04, 0.93, 0.61
Tasks: 198 total,   2 running, 121 sleeping,   0 stopped,   0 zombie
%Cpu(s): 12.6 us,  0.0 sy,  0.0 ni, 87.4 id,  0.0 wa,  0.0 hi,  0.0 si,  0.0 st
KiB Mem : 32843380 total, 15407272 free,  2035612 used, 15400496 buff/cache
--
  PID USER      PR  NI    VIRT    RES    SHR S %CPU %MEM     TIME+ COMMAND
12029 freshman  20   0 1720816 1.638g   1572 R 12.5  5.2   1:37.05 mcf_base.gc+
11560 freshman  20   0   42788   3996   3368 R  0.1  0.0   0:04.13 top

top - 18:10:08 up 11 days,  5:14,  6 users,  load average: 1.04, 0.93, 0.61
Tasks: 198 total,   2 running, 121 sleeping,   0 stopped,   0 zombie
%Cpu(s): 12.4 us,  0.1 sy,  0.0 ni, 87.4 id,  0.0 wa,  0.0 hi,  0.0 si,  0.0 st
KiB Mem : 32843380 total, 15407272 free,  2035604 used, 15400504 buff/cache
--
  PID USER      PR  NI    VIRT    RES    SHR S %CPU %MEM     TIME+ COMMAND
12029 freshman  20   0 1720816 1.638g   1572 R 12.5  5.2   1:38.05 mcf_base.gc+
11560 freshman  20   0   42788   3996   3368 R  0.1  0.0   0:04.14 top

top - 18:10:09 up 11 days,  5:14,  6 users,  load average: 1.04, 0.93, 0.61
Tasks: 198 total,   2 running, 121 sleeping,   0 stopped,   0 zombie
%Cpu(s): 12.6 us,  0.0 sy,  0.0 ni, 87.4 id,  0.0 wa,  0.0 hi,  0.0 si,  0.0 st
KiB Mem : 32843380 total, 15407272 free,  2035604 used, 15400504 buff/cache
--
  PID USER      PR  NI    VIRT    RES    SHR S %CPU %MEM     TIME+ COMMAND
12029 freshman  20   0 1720816 1.638g   1572 R 12.4  5.2   1:39.05 mcf_base.gc+

top - 18:10:10 up 11 days,  5:14,  6 users,  load average: 1.04, 0.94, 0.62
Tasks: 198 total,   2 running, 121 sleeping,   0 stopped,   0 zombie
%Cpu(s): 12.6 us,  0.0 sy,  0.0 ni, 87.4 id,  0.0 wa,  0.0 hi,  0.0 si,  0.0 st
KiB Mem : 32843380 total, 15407272 free,  2035604 used, 15400504 buff/cache
--
  PID USER      PR  NI    VIRT    RES    SHR S %CPU %MEM     TIME+ COMMAND
12029 freshman  20   0 1720816 1.638g   1572 R 12.6  5.2   1:40.06 mcf_base.gc+

top - 18:10:11 up 11 days,  5:14,  6 users,  load average: 1.04, 0.94, 0.62
Tasks: 198 total,   2 running, 121 sleeping,   0 stopped,   0 zombie
%Cpu(s): 12.4 us,  0.0 sy,  0.0 ni, 87.6 id,  0.0 wa,  0.0 hi,  0.0 si,  0.0 st
KiB Mem : 32843380 total, 15407272 free,  2035604 used, 15400504 buff/cache
--
  PID USER      PR  NI    VIRT    RES    SHR S %CPU %MEM     TIME+ COMMAND
12029 freshman  20   0 1720816 1.638g   1572 R 12.5  5.2   1:41.07 mcf_base.gc+
11560 freshman  20   0   42788   3996   3368 R  0.1  0.0   0:04.15 top

top - 18:10:12 up 11 days,  5:14,  6 users,  load average: 1.04, 0.94, 0.62
Tasks: 198 total,   2 running, 121 sleeping,   0 stopped,   0 zombie
%Cpu(s): 12.5 us,  0.1 sy,  0.0 ni, 87.3 id,  0.0 wa,  0.0 hi,  0.0 si,  0.0 st
KiB Mem : 32843380 total, 15407272 free,  2035604 used, 15400504 buff/cache
--
  PID USER      PR  NI    VIRT    RES    SHR S %CPU %MEM     TIME+ COMMAND
12029 freshman  20   0 1720816 1.638g   1572 R 12.4  5.2   1:42.07 mcf_base.gc+
11560 freshman  20   0   42788   3996   3368 R  0.1  0.0   0:04.16 top

top - 18:10:13 up 11 days,  5:14,  6 users,  load average: 1.04, 0.94, 0.62
Tasks: 198 total,   2 running, 121 sleeping,   0 stopped,   0 zombie
%Cpu(s): 12.6 us,  0.0 sy,  0.0 ni, 87.4 id,  0.0 wa,  0.0 hi,  0.0 si,  0.0 st
KiB Mem : 32843380 total, 15407272 free,  2035604 used, 15400504 buff/cache
--
  PID USER      PR  NI    VIRT    RES    SHR S %CPU %MEM     TIME+ COMMAND
12029 freshman  20   0 1720816 1.638g   1572 R 12.6  5.2   1:43.08 mcf_base.gc+

top - 18:10:14 up 11 days,  5:14,  6 users,  load average: 1.04, 0.94, 0.62
Tasks: 198 total,   2 running, 121 sleeping,   0 stopped,   0 zombie
%Cpu(s): 12.5 us,  0.0 sy,  0.0 ni, 87.5 id,  0.0 wa,  0.0 hi,  0.0 si,  0.0 st
KiB Mem : 32843380 total, 15407272 free,  2035600 used, 15400508 buff/cache
--
  PID USER      PR  NI    VIRT    RES    SHR S %CPU %MEM     TIME+ COMMAND
12029 freshman  20   0 1720816 1.638g   1572 R 12.4  5.2   1:44.08 mcf_base.gc+
11560 freshman  20   0   42788   3996   3368 R  0.1  0.0   0:04.17 top

top - 18:10:15 up 11 days,  5:15,  6 users,  load average: 1.04, 0.94, 0.62
Tasks: 198 total,   2 running, 121 sleeping,   0 stopped,   0 zombie
%Cpu(s): 12.5 us,  0.0 sy,  0.0 ni, 87.5 id,  0.0 wa,  0.0 hi,  0.0 si,  0.0 st
KiB Mem : 32843380 total, 15407272 free,  2035600 used, 15400508 buff/cache
--
  PID USER      PR  NI    VIRT    RES    SHR S %CPU %MEM     TIME+ COMMAND
12029 freshman  20   0 1720816 1.638g   1572 R 12.6  5.2   1:45.09 mcf_base.gc+

top - 18:10:16 up 11 days,  5:15,  6 users,  load average: 1.04, 0.94, 0.62
Tasks: 198 total,   2 running, 121 sleeping,   0 stopped,   0 zombie
%Cpu(s): 12.5 us,  0.1 sy,  0.0 ni, 87.3 id,  0.0 wa,  0.0 hi,  0.0 si,  0.0 st
KiB Mem : 32843380 total, 15407272 free,  2035600 used, 15400508 buff/cache
--
  PID USER      PR  NI    VIRT    RES    SHR S %CPU %MEM     TIME+ COMMAND
12029 freshman  20   0 1720816 1.638g   1572 R 12.4  5.2   1:46.09 mcf_base.gc+

top - 18:10:17 up 11 days,  5:15,  6 users,  load average: 1.04, 0.94, 0.62
Tasks: 198 total,   2 running, 121 sleeping,   0 stopped,   0 zombie
%Cpu(s): 12.5 us,  0.0 sy,  0.0 ni, 87.5 id,  0.0 wa,  0.0 hi,  0.0 si,  0.0 st
KiB Mem : 32843380 total, 15407272 free,  2035600 used, 15400508 buff/cache
--
  PID USER      PR  NI    VIRT    RES    SHR S %CPU %MEM     TIME+ COMMAND
12029 freshman  20   0 1720816 1.638g   1572 R 12.6  5.2   1:47.10 mcf_base.gc+

top - 18:10:18 up 11 days,  5:15,  6 users,  load average: 1.04, 0.94, 0.62
Tasks: 198 total,   2 running, 121 sleeping,   0 stopped,   0 zombie
%Cpu(s): 12.6 us,  0.0 sy,  0.0 ni, 87.4 id,  0.0 wa,  0.0 hi,  0.0 si,  0.0 st
KiB Mem : 32843380 total, 15407272 free,  2035600 used, 15400508 buff/cache
--
  PID USER      PR  NI    VIRT    RES    SHR S %CPU %MEM     TIME+ COMMAND
12029 freshman  20   0 1720816 1.638g   1572 R 12.5  5.2   1:48.11 mcf_base.gc+
11560 freshman  20   0   42788   3996   3368 R  0.1  0.0   0:04.18 top

top - 18:10:19 up 11 days,  5:15,  6 users,  load average: 1.04, 0.94, 0.62
Tasks: 198 total,   2 running, 121 sleeping,   0 stopped,   0 zombie
%Cpu(s): 12.5 us,  0.1 sy,  0.0 ni, 87.3 id,  0.0 wa,  0.0 hi,  0.0 si,  0.0 st
KiB Mem : 32843380 total, 15407272 free,  2035600 used, 15400508 buff/cache
--
  PID USER      PR  NI    VIRT    RES    SHR S %CPU %MEM     TIME+ COMMAND
12029 freshman  20   0 1720816 1.638g   1572 R 12.5  5.2   1:49.11 mcf_base.gc+
11560 freshman  20   0   42788   3996   3368 R  0.1  0.0   0:04.19 top

top - 18:10:20 up 11 days,  5:15,  6 users,  load average: 1.03, 0.94, 0.62
Tasks: 198 total,   2 running, 121 sleeping,   0 stopped,   0 zombie
%Cpu(s): 12.5 us,  0.0 sy,  0.0 ni, 87.5 id,  0.0 wa,  0.0 hi,  0.0 si,  0.0 st
KiB Mem : 32843380 total, 15407272 free,  2035588 used, 15400520 buff/cache
--
  PID USER      PR  NI    VIRT    RES    SHR S %CPU %MEM     TIME+ COMMAND
12029 freshman  20   0 1720816 1.638g   1572 R 12.4  5.2   1:50.11 mcf_base.gc+

top - 18:10:21 up 11 days,  5:15,  6 users,  load average: 1.03, 0.94, 0.62
Tasks: 198 total,   2 running, 121 sleeping,   0 stopped,   0 zombie
%Cpu(s): 12.6 us,  0.0 sy,  0.0 ni, 87.4 id,  0.0 wa,  0.0 hi,  0.0 si,  0.0 st
KiB Mem : 32843380 total, 15407272 free,  2035588 used, 15400520 buff/cache
--
  PID USER      PR  NI    VIRT    RES    SHR S %CPU %MEM     TIME+ COMMAND
12029 freshman  20   0 1720816 1.638g   1572 R 12.6  5.2   1:51.12 mcf_base.gc+

top - 18:10:22 up 11 days,  5:15,  6 users,  load average: 1.03, 0.94, 0.62
Tasks: 198 total,   2 running, 121 sleeping,   0 stopped,   0 zombie
%Cpu(s): 12.6 us,  0.0 sy,  0.0 ni, 87.4 id,  0.0 wa,  0.0 hi,  0.0 si,  0.0 st
KiB Mem : 32843380 total, 15407272 free,  2035588 used, 15400520 buff/cache
--
  PID USER      PR  NI    VIRT    RES    SHR S %CPU %MEM     TIME+ COMMAND
12029 freshman  20   0 1720816 1.638g   1572 R 12.5  5.2   1:52.13 mcf_base.gc+
11560 freshman  20   0   42788   3996   3368 R  0.1  0.0   0:04.20 top

top - 18:10:23 up 11 days,  5:15,  6 users,  load average: 1.03, 0.94, 0.62
Tasks: 198 total,   2 running, 121 sleeping,   0 stopped,   0 zombie
%Cpu(s): 12.5 us,  0.0 sy,  0.0 ni, 87.5 id,  0.0 wa,  0.0 hi,  0.0 si,  0.0 st
KiB Mem : 32843380 total, 15407272 free,  2035588 used, 15400520 buff/cache
--
  PID USER      PR  NI    VIRT    RES    SHR S %CPU %MEM     TIME+ COMMAND
12029 freshman  20   0 1720816 1.638g   1572 R 12.5  5.2   1:53.13 mcf_base.gc+

top - 18:10:24 up 11 days,  5:15,  6 users,  load average: 1.03, 0.94, 0.62
Tasks: 198 total,   2 running, 121 sleeping,   0 stopped,   0 zombie
%Cpu(s): 12.5 us,  0.1 sy,  0.0 ni, 87.3 id,  0.0 wa,  0.0 hi,  0.0 si,  0.0 st
KiB Mem : 32843380 total, 15407272 free,  2035588 used, 15400520 buff/cache
--
  PID USER      PR  NI    VIRT    RES    SHR S %CPU %MEM     TIME+ COMMAND
12029 freshman  20   0 1720816 1.638g   1572 R 12.5  5.2   1:54.14 mcf_base.gc+

top - 18:10:25 up 11 days,  5:15,  6 users,  load average: 1.03, 0.94, 0.62
Tasks: 198 total,   2 running, 121 sleeping,   0 stopped,   0 zombie
%Cpu(s): 12.5 us,  0.0 sy,  0.0 ni, 87.3 id,  0.1 wa,  0.0 hi,  0.0 si,  0.0 st
KiB Mem : 32843380 total, 15407272 free,  2035588 used, 15400520 buff/cache
--
  PID USER      PR  NI    VIRT    RES    SHR S %CPU %MEM     TIME+ COMMAND
12029 freshman  20   0 1720816 1.638g   1572 R 12.4  5.2   1:55.14 mcf_base.gc+
11560 freshman  20   0   42788   3996   3368 R  0.1  0.0   0:04.21 top

top - 18:10:26 up 11 days,  5:15,  6 users,  load average: 1.03, 0.94, 0.62
Tasks: 198 total,   2 running, 121 sleeping,   0 stopped,   0 zombie
%Cpu(s): 12.4 us,  0.1 sy,  0.0 ni, 87.4 id,  0.0 wa,  0.0 hi,  0.0 si,  0.0 st
KiB Mem : 32843380 total, 15407272 free,  2035580 used, 15400528 buff/cache
--
  PID USER      PR  NI    VIRT    RES    SHR S %CPU %MEM     TIME+ COMMAND
12029 freshman  20   0 1720816 1.638g   1572 R 12.6  5.2   1:56.15 mcf_base.gc+

top - 18:10:27 up 11 days,  5:15,  6 users,  load average: 1.03, 0.94, 0.62
Tasks: 198 total,   2 running, 121 sleeping,   0 stopped,   0 zombie
%Cpu(s): 12.6 us,  0.0 sy,  0.0 ni, 87.4 id,  0.0 wa,  0.0 hi,  0.0 si,  0.0 st
KiB Mem : 32843380 total, 15407272 free,  2035580 used, 15400528 buff/cache
--
  PID USER      PR  NI    VIRT    RES    SHR S %CPU %MEM     TIME+ COMMAND
12029 freshman  20   0 1720816 1.638g   1572 R 12.4  5.2   1:57.15 mcf_base.gc+
11560 freshman  20   0   42788   3996   3368 R  0.1  0.0   0:04.22 top

top - 18:10:28 up 11 days,  5:15,  6 users,  load average: 1.03, 0.94, 0.62
Tasks: 198 total,   2 running, 121 sleeping,   0 stopped,   0 zombie
%Cpu(s): 12.5 us,  0.0 sy,  0.0 ni, 87.5 id,  0.0 wa,  0.0 hi,  0.0 si,  0.0 st
KiB Mem : 32843380 total, 15407272 free,  2035580 used, 15400528 buff/cache
--
  PID USER      PR  NI    VIRT    RES    SHR S %CPU %MEM     TIME+ COMMAND
12029 freshman  20   0 1720816 1.638g   1572 R 12.6  5.2   1:58.16 mcf_base.gc+

top - 18:10:29 up 11 days,  5:15,  6 users,  load average: 1.03, 0.94, 0.62
Tasks: 198 total,   2 running, 121 sleeping,   0 stopped,   0 zombie
%Cpu(s): 12.4 us,  0.1 sy,  0.0 ni, 87.4 id,  0.0 wa,  0.0 hi,  0.0 si,  0.0 st
KiB Mem : 32843380 total, 15407272 free,  2035576 used, 15400532 buff/cache
--
  PID USER      PR  NI    VIRT    RES    SHR S %CPU %MEM     TIME+ COMMAND
12029 freshman  20   0 1720816 1.638g   1572 R 12.4  5.2   1:59.16 mcf_base.gc+

top - 18:10:31 up 11 days,  5:15,  6 users,  load average: 1.03, 0.94, 0.62
Tasks: 198 total,   2 running, 121 sleeping,   0 stopped,   0 zombie
%Cpu(s): 12.6 us,  0.0 sy,  0.0 ni, 87.4 id,  0.0 wa,  0.0 hi,  0.0 si,  0.0 st
KiB Mem : 32843380 total, 15407272 free,  2035576 used, 15400532 buff/cache
--
  PID USER      PR  NI    VIRT    RES    SHR S %CPU %MEM     TIME+ COMMAND
12029 freshman  20   0 1720816 1.638g   1572 R 12.6  5.2   2:00.17 mcf_base.gc+
11560 freshman  20   0   42788   3996   3368 R  0.1  0.0   0:04.23 top

top - 18:10:32 up 11 days,  5:15,  6 users,  load average: 1.03, 0.94, 0.62
Tasks: 198 total,   2 running, 121 sleeping,   0 stopped,   0 zombie
%Cpu(s): 12.5 us,  0.0 sy,  0.0 ni, 87.5 id,  0.0 wa,  0.0 hi,  0.0 si,  0.0 st
KiB Mem : 32843380 total, 15407272 free,  2035576 used, 15400532 buff/cache
--
  PID USER      PR  NI    VIRT    RES    SHR S %CPU %MEM     TIME+ COMMAND
12029 freshman  20   0 1720816 1.638g   1572 R 12.4  5.2   2:01.17 mcf_base.gc+
11560 freshman  20   0   42788   3996   3368 R  0.1  0.0   0:04.24 top

top - 18:10:33 up 11 days,  5:15,  6 users,  load average: 1.03, 0.94, 0.62
Tasks: 198 total,   2 running, 121 sleeping,   0 stopped,   0 zombie
%Cpu(s): 12.4 us,  0.1 sy,  0.0 ni, 87.4 id,  0.0 wa,  0.0 hi,  0.0 si,  0.0 st
KiB Mem : 32843380 total, 15407272 free,  2035576 used, 15400532 buff/cache
--
  PID USER      PR  NI    VIRT    RES    SHR S %CPU %MEM     TIME+ COMMAND
12029 freshman  20   0 1720816 1.638g   1572 R 12.6  5.2   2:02.18 mcf_base.gc+

top - 18:10:34 up 11 days,  5:15,  6 users,  load average: 1.03, 0.94, 0.62
Tasks: 198 total,   2 running, 121 sleeping,   0 stopped,   0 zombie
%Cpu(s): 12.6 us,  0.0 sy,  0.0 ni, 87.4 id,  0.0 wa,  0.0 hi,  0.0 si,  0.0 st
KiB Mem : 32843380 total, 15407272 free,  2035576 used, 15400532 buff/cache
--
  PID USER      PR  NI    VIRT    RES    SHR S %CPU %MEM     TIME+ COMMAND
12029 freshman  20   0 1720816 1.638g   1572 R 12.5  5.2   2:03.19 mcf_base.gc+
11560 freshman  20   0   42788   3996   3368 R  0.1  0.0   0:04.25 top

top - 18:10:35 up 11 days,  5:15,  6 users,  load average: 1.03, 0.94, 0.62
Tasks: 198 total,   2 running, 121 sleeping,   0 stopped,   0 zombie
%Cpu(s): 12.4 us,  0.1 sy,  0.0 ni, 87.4 id,  0.0 wa,  0.0 hi,  0.0 si,  0.0 st
KiB Mem : 32843380 total, 15407272 free,  2035568 used, 15400540 buff/cache
--
  PID USER      PR  NI    VIRT    RES    SHR S %CPU %MEM     TIME+ COMMAND
12029 freshman  20   0 1720816 1.638g   1572 R 12.5  5.2   2:04.19 mcf_base.gc+

top - 18:10:36 up 11 days,  5:15,  6 users,  load average: 1.03, 0.94, 0.63
Tasks: 198 total,   2 running, 121 sleeping,   0 stopped,   0 zombie
%Cpu(s): 12.6 us,  0.0 sy,  0.0 ni, 87.4 id,  0.0 wa,  0.0 hi,  0.0 si,  0.0 st
KiB Mem : 32843380 total, 15407272 free,  2035568 used, 15400540 buff/cache
--
  PID USER      PR  NI    VIRT    RES    SHR S %CPU %MEM     TIME+ COMMAND
12029 freshman  20   0 1720816 1.638g   1572 R 12.5  5.2   2:05.20 mcf_base.gc+

top - 18:10:37 up 11 days,  5:15,  6 users,  load average: 1.03, 0.94, 0.63
Tasks: 198 total,   2 running, 121 sleeping,   0 stopped,   0 zombie
%Cpu(s): 12.5 us,  0.0 sy,  0.0 ni, 87.5 id,  0.0 wa,  0.0 hi,  0.0 si,  0.0 st
KiB Mem : 32843380 total, 15407272 free,  2035568 used, 15400540 buff/cache
--
  PID USER      PR  NI    VIRT    RES    SHR S %CPU %MEM     TIME+ COMMAND
12029 freshman  20   0 1720816 1.638g   1572 R 12.4  5.2   2:06.20 mcf_base.gc+
11560 freshman  20   0   42788   3996   3368 R  0.1  0.0   0:04.26 top

top - 18:10:38 up 11 days,  5:15,  6 users,  load average: 1.03, 0.94, 0.63
Tasks: 198 total,   2 running, 121 sleeping,   0 stopped,   0 zombie
%Cpu(s): 12.5 us,  0.1 sy,  0.0 ni, 87.3 id,  0.0 wa,  0.0 hi,  0.0 si,  0.0 st
KiB Mem : 32843380 total, 15407272 free,  2035564 used, 15400544 buff/cache
--
  PID USER      PR  NI    VIRT    RES    SHR S %CPU %MEM     TIME+ COMMAND
12029 freshman  20   0 1720816 1.638g   1572 R 12.6  5.2   2:07.21 mcf_base.gc+

top - 18:10:39 up 11 days,  5:15,  6 users,  load average: 1.03, 0.94, 0.63
Tasks: 198 total,   2 running, 121 sleeping,   0 stopped,   0 zombie
%Cpu(s): 12.4 us,  0.0 sy,  0.0 ni, 87.6 id,  0.0 wa,  0.0 hi,  0.0 si,  0.0 st
KiB Mem : 32843380 total, 15407272 free,  2035564 used, 15400544 buff/cache
--
  PID USER      PR  NI    VIRT    RES    SHR S %CPU %MEM     TIME+ COMMAND
12029 freshman  20   0 1720816 1.638g   1572 R 12.4  5.2   2:08.21 mcf_base.gc+
11560 freshman  20   0   42788   3996   3368 R  0.1  0.0   0:04.27 top

top - 18:10:40 up 11 days,  5:15,  6 users,  load average: 1.03, 0.94, 0.63
Tasks: 198 total,   2 running, 121 sleeping,   0 stopped,   0 zombie
%Cpu(s): 12.6 us,  0.0 sy,  0.0 ni, 87.4 id,  0.0 wa,  0.0 hi,  0.0 si,  0.0 st
KiB Mem : 32843380 total, 15407272 free,  2035564 used, 15400544 buff/cache
--
  PID USER      PR  NI    VIRT    RES    SHR S %CPU %MEM     TIME+ COMMAND
12029 freshman  20   0 1720816 1.638g   1572 R 12.6  5.2   2:09.22 mcf_base.gc+
11560 freshman  20   0   42788   3996   3368 R  0.1  0.0   0:04.28 top

top - 18:10:41 up 11 days,  5:15,  6 users,  load average: 1.02, 0.94, 0.63
Tasks: 198 total,   2 running, 121 sleeping,   0 stopped,   0 zombie
%Cpu(s): 12.6 us,  0.0 sy,  0.0 ni, 87.4 id,  0.0 wa,  0.0 hi,  0.0 si,  0.0 st
KiB Mem : 32843380 total, 15407272 free,  2035564 used, 15400544 buff/cache
--
  PID USER      PR  NI    VIRT    RES    SHR S %CPU %MEM     TIME+ COMMAND
12029 freshman  20   0 1720816 1.638g   1572 R 12.5  5.2   2:10.23 mcf_base.gc+

top - 18:10:42 up 11 days,  5:15,  6 users,  load average: 1.02, 0.94, 0.63
Tasks: 198 total,   2 running, 121 sleeping,   0 stopped,   0 zombie
%Cpu(s): 12.4 us,  0.1 sy,  0.0 ni, 87.5 id,  0.0 wa,  0.0 hi,  0.0 si,  0.0 st
KiB Mem : 32843380 total, 15407272 free,  2035564 used, 15400544 buff/cache
--
  PID USER      PR  NI    VIRT    RES    SHR S %CPU %MEM     TIME+ COMMAND
12029 freshman  20   0 1720816 1.638g   1572 R 12.5  5.2   2:11.23 mcf_base.gc+

top - 18:10:43 up 11 days,  5:15,  6 users,  load average: 1.02, 0.94, 0.63
Tasks: 198 total,   2 running, 121 sleeping,   0 stopped,   0 zombie
%Cpu(s): 12.5 us,  0.1 sy,  0.0 ni, 87.2 id,  0.1 wa,  0.0 hi,  0.0 si,  0.0 st
KiB Mem : 32843380 total, 15407272 free,  2035564 used, 15400544 buff/cache
--
  PID USER      PR  NI    VIRT    RES    SHR S %CPU %MEM     TIME+ COMMAND
12029 freshman  20   0 1720816 1.638g   1572 R 12.4  5.2   2:12.23 mcf_base.gc+
11560 freshman  20   0   42788   3996   3368 R  0.1  0.0   0:04.29 top

top - 18:10:44 up 11 days,  5:15,  6 users,  load average: 1.02, 0.94, 0.63
Tasks: 198 total,   2 running, 121 sleeping,   0 stopped,   0 zombie
%Cpu(s): 12.5 us,  0.0 sy,  0.0 ni, 87.5 id,  0.0 wa,  0.0 hi,  0.0 si,  0.0 st
KiB Mem : 32843380 total, 15407272 free,  2035552 used, 15400556 buff/cache
--
  PID USER      PR  NI    VIRT    RES    SHR S %CPU %MEM     TIME+ COMMAND
12029 freshman  20   0 1720816 1.638g   1572 R 12.6  5.2   2:13.24 mcf_base.gc+

top - 18:10:45 up 11 days,  5:15,  6 users,  load average: 1.02, 0.94, 0.63
Tasks: 198 total,   2 running, 121 sleeping,   0 stopped,   0 zombie
%Cpu(s): 12.5 us,  0.0 sy,  0.0 ni, 87.5 id,  0.0 wa,  0.0 hi,  0.0 si,  0.0 st
KiB Mem : 32843380 total, 15407272 free,  2035552 used, 15400556 buff/cache
--
  PID USER      PR  NI    VIRT    RES    SHR S %CPU %MEM     TIME+ COMMAND
12029 freshman  20   0 1720816 1.638g   1572 R 12.4  5.2   2:14.24 mcf_base.gc+

top - 18:10:46 up 11 days,  5:15,  6 users,  load average: 1.02, 0.94, 0.63
Tasks: 198 total,   2 running, 121 sleeping,   0 stopped,   0 zombie
%Cpu(s): 12.5 us,  0.1 sy,  0.0 ni, 87.3 id,  0.0 wa,  0.0 hi,  0.0 si,  0.0 st
KiB Mem : 32843380 total, 15407272 free,  2035552 used, 15400556 buff/cache
--
  PID USER      PR  NI    VIRT    RES    SHR S %CPU %MEM     TIME+ COMMAND
12029 freshman  20   0 1720816 1.638g   1572 R 12.5  5.2   2:15.25 mcf_base.gc+
11560 freshman  20   0   42788   3996   3368 R  0.1  0.0   0:04.30 top

top - 18:10:47 up 11 days,  5:15,  6 users,  load average: 1.02, 0.94, 0.63
Tasks: 198 total,   2 running, 121 sleeping,   0 stopped,   0 zombie
%Cpu(s): 12.5 us,  0.0 sy,  0.0 ni, 87.5 id,  0.0 wa,  0.0 hi,  0.0 si,  0.0 st
KiB Mem : 32843380 total, 15407272 free,  2035548 used, 15400560 buff/cache
--
  PID USER      PR  NI    VIRT    RES    SHR S %CPU %MEM     TIME+ COMMAND
12029 freshman  20   0 1720816 1.638g   1572 R 12.6  5.2   2:16.26 mcf_base.gc+

top - 18:10:48 up 11 days,  5:15,  6 users,  load average: 1.02, 0.94, 0.63
Tasks: 198 total,   2 running, 121 sleeping,   0 stopped,   0 zombie
%Cpu(s): 12.5 us,  0.0 sy,  0.0 ni, 87.5 id,  0.0 wa,  0.0 hi,  0.0 si,  0.0 st
KiB Mem : 32843380 total, 15407272 free,  2035548 used, 15400560 buff/cache
--
  PID USER      PR  NI    VIRT    RES    SHR S %CPU %MEM     TIME+ COMMAND
12029 freshman  20   0 1720816 1.638g   1572 R 12.4  5.2   2:17.26 mcf_base.gc+

top - 18:10:49 up 11 days,  5:15,  6 users,  load average: 1.02, 0.94, 0.63
Tasks: 198 total,   2 running, 121 sleeping,   0 stopped,   0 zombie
%Cpu(s): 12.5 us,  0.1 sy,  0.0 ni, 87.3 id,  0.0 wa,  0.0 hi,  0.0 si,  0.0 st
KiB Mem : 32843380 total, 15407272 free,  2035548 used, 15400560 buff/cache
--
  PID USER      PR  NI    VIRT    RES    SHR S %CPU %MEM     TIME+ COMMAND
12029 freshman  20   0 1720816 1.638g   1572 R 12.5  5.2   2:18.26 mcf_base.gc+
11560 freshman  20   0   42788   3996   3368 R  0.1  0.0   0:04.31 top

top - 18:10:50 up 11 days,  5:15,  6 users,  load average: 1.02, 0.94, 0.63
Tasks: 198 total,   2 running, 121 sleeping,   0 stopped,   0 zombie
%Cpu(s): 12.5 us,  0.0 sy,  0.0 ni, 87.5 id,  0.0 wa,  0.0 hi,  0.0 si,  0.0 st
KiB Mem : 32843380 total, 15407272 free,  2035548 used, 15400560 buff/cache
--
  PID USER      PR  NI    VIRT    RES    SHR S %CPU %MEM     TIME+ COMMAND
12029 freshman  20   0 1720816 1.638g   1572 R 12.5  5.2   2:19.27 mcf_base.gc+

top - 18:10:51 up 11 days,  5:15,  6 users,  load average: 1.02, 0.95, 0.63
Tasks: 198 total,   2 running, 121 sleeping,   0 stopped,   0 zombie
%Cpu(s): 12.6 us,  0.0 sy,  0.0 ni, 87.4 id,  0.0 wa,  0.0 hi,  0.0 si,  0.0 st
KiB Mem : 32843380 total, 15407272 free,  2035548 used, 15400560 buff/cache
--
  PID USER      PR  NI    VIRT    RES    SHR S %CPU %MEM     TIME+ COMMAND
12029 freshman  20   0 1720816 1.638g   1572 R 12.6  5.2   2:20.28 mcf_base.gc+
11560 freshman  20   0   42788   3996   3368 R  0.1  0.0   0:04.32 top

top - 18:10:52 up 11 days,  5:15,  6 users,  load average: 1.02, 0.95, 0.63
Tasks: 198 total,   2 running, 121 sleeping,   0 stopped,   0 zombie
%Cpu(s): 12.6 us,  0.0 sy,  0.0 ni, 87.4 id,  0.0 wa,  0.0 hi,  0.0 si,  0.0 st
KiB Mem : 32843380 total, 15407272 free,  2035548 used, 15400560 buff/cache
--
  PID USER      PR  NI    VIRT    RES    SHR S %CPU %MEM     TIME+ COMMAND
12029 freshman  20   0 1720816 1.638g   1572 R 12.4  5.2   2:21.28 mcf_base.gc+
11560 freshman  20   0   42788   3996   3368 R  0.1  0.0   0:04.33 top

top - 18:10:53 up 11 days,  5:15,  6 users,  load average: 1.02, 0.95, 0.63
Tasks: 198 total,   2 running, 121 sleeping,   0 stopped,   0 zombie
%Cpu(s): 12.6 us,  0.0 sy,  0.0 ni, 87.4 id,  0.0 wa,  0.0 hi,  0.0 si,  0.0 st
KiB Mem : 32843380 total, 15407272 free,  2035540 used, 15400568 buff/cache
--
  PID USER      PR  NI    VIRT    RES    SHR S %CPU %MEM     TIME+ COMMAND
12029 freshman  20   0 1720816 1.638g   1572 R 12.6  5.2   2:22.29 mcf_base.gc+

top - 18:10:54 up 11 days,  5:15,  6 users,  load average: 1.02, 0.95, 0.63
Tasks: 198 total,   2 running, 121 sleeping,   0 stopped,   0 zombie
%Cpu(s): 12.4 us,  0.0 sy,  0.0 ni, 87.6 id,  0.0 wa,  0.0 hi,  0.0 si,  0.0 st
KiB Mem : 32843380 total, 15407272 free,  2035540 used, 15400568 buff/cache
--
  PID USER      PR  NI    VIRT    RES    SHR S %CPU %MEM     TIME+ COMMAND
12029 freshman  20   0 1720816 1.638g   1572 R 12.4  5.2   2:23.29 mcf_base.gc+
11560 freshman  20   0   42788   3996   3368 R  0.1  0.0   0:04.34 top

top - 18:10:55 up 11 days,  5:15,  6 users,  load average: 1.02, 0.95, 0.63
Tasks: 198 total,   2 running, 121 sleeping,   0 stopped,   0 zombie
%Cpu(s): 12.5 us,  0.1 sy,  0.0 ni, 87.3 id,  0.0 wa,  0.0 hi,  0.0 si,  0.0 st
KiB Mem : 32843380 total, 15407272 free,  2035540 used, 15400568 buff/cache
--
  PID USER      PR  NI    VIRT    RES    SHR S %CPU %MEM     TIME+ COMMAND
12029 freshman  20   0 1720816 1.638g   1572 R 12.6  5.2   2:24.30 mcf_base.gc+

top - 18:10:56 up 11 days,  5:15,  6 users,  load average: 1.02, 0.95, 0.64
Tasks: 198 total,   2 running, 121 sleeping,   0 stopped,   0 zombie
%Cpu(s): 12.6 us,  0.0 sy,  0.0 ni, 87.4 id,  0.0 wa,  0.0 hi,  0.0 si,  0.0 st
KiB Mem : 32843380 total, 15407272 free,  2035536 used, 15400572 buff/cache
--
  PID USER      PR  NI    VIRT    RES    SHR S %CPU %MEM     TIME+ COMMAND
12029 freshman  20   0 1720816 1.638g   1572 R 12.4  5.2   2:25.30 mcf_base.gc+

top - 18:10:57 up 11 days,  5:15,  6 users,  load average: 1.02, 0.95, 0.64
Tasks: 198 total,   2 running, 121 sleeping,   0 stopped,   0 zombie
%Cpu(s): 12.4 us,  0.1 sy,  0.0 ni, 87.4 id,  0.0 wa,  0.0 hi,  0.0 si,  0.0 st
KiB Mem : 32843380 total, 15407272 free,  2035536 used, 15400572 buff/cache
--
  PID USER      PR  NI    VIRT    RES    SHR S %CPU %MEM     TIME+ COMMAND
12029 freshman  20   0 1720816 1.638g   1572 R 12.6  5.2   2:26.31 mcf_base.gc+
11560 freshman  20   0   42788   3996   3368 R  0.1  0.0   0:04.35 top

top - 18:10:58 up 11 days,  5:15,  6 users,  load average: 1.02, 0.95, 0.64
Tasks: 198 total,   2 running, 121 sleeping,   0 stopped,   0 zombie
%Cpu(s): 12.5 us,  0.0 sy,  0.0 ni, 87.5 id,  0.0 wa,  0.0 hi,  0.0 si,  0.0 st
KiB Mem : 32843380 total, 15407272 free,  2035536 used, 15400572 buff/cache
--
  PID USER      PR  NI    VIRT    RES    SHR S %CPU %MEM     TIME+ COMMAND
12029 freshman  20   0 1720816 1.638g   1572 R 12.4  5.2   2:27.31 mcf_base.gc+

top - 18:10:59 up 11 days,  5:15,  6 users,  load average: 1.02, 0.95, 0.64
Tasks: 198 total,   2 running, 121 sleeping,   0 stopped,   0 zombie
%Cpu(s): 12.5 us,  0.0 sy,  0.0 ni, 87.4 id,  0.1 wa,  0.0 hi,  0.0 si,  0.0 st
KiB Mem : 32843380 total, 15407272 free,  2035536 used, 15400572 buff/cache
--
  PID USER      PR  NI    VIRT    RES    SHR S %CPU %MEM     TIME+ COMMAND
12029 freshman  20   0 1720816 1.638g   1572 R 12.6  5.2   2:28.32 mcf_base.gc+
11560 freshman  20   0   42788   3996   3368 R  0.1  0.0   0:04.36 top

top - 18:11:00 up 11 days,  5:15,  6 users,  load average: 1.02, 0.95, 0.64
Tasks: 198 total,   2 running, 121 sleeping,   0 stopped,   0 zombie
%Cpu(s): 12.5 us,  0.1 sy,  0.0 ni, 87.3 id,  0.0 wa,  0.0 hi,  0.0 si,  0.0 st
KiB Mem : 32843380 total, 15407272 free,  2035536 used, 15400572 buff/cache
--
  PID USER      PR  NI    VIRT    RES    SHR S %CPU %MEM     TIME+ COMMAND
12029 freshman  20   0 1720816 1.638g   1572 R 12.4  5.2   2:29.32 mcf_base.gc+

top - 18:11:01 up 11 days,  5:15,  6 users,  load average: 1.02, 0.95, 0.64
Tasks: 198 total,   2 running, 121 sleeping,   0 stopped,   0 zombie
%Cpu(s): 12.4 us,  0.0 sy,  0.0 ni, 87.6 id,  0.0 wa,  0.0 hi,  0.0 si,  0.0 st
KiB Mem : 32843380 total, 15407272 free,  2035536 used, 15400572 buff/cache
--
  PID USER      PR  NI    VIRT    RES    SHR S %CPU %MEM     TIME+ COMMAND
12029 freshman  20   0 1720816 1.638g   1572 R 12.5  5.2   2:30.33 mcf_base.gc+
11560 freshman  20   0   42788   3996   3368 R  0.1  0.0   0:04.37 top

top - 18:11:02 up 11 days,  5:15,  6 users,  load average: 1.02, 0.95, 0.64
Tasks: 198 total,   2 running, 121 sleeping,   0 stopped,   0 zombie
%Cpu(s): 12.5 us,  0.1 sy,  0.0 ni, 87.3 id,  0.0 wa,  0.0 hi,  0.0 si,  0.0 st
KiB Mem : 32843380 total, 15407272 free,  2035524 used, 15400584 buff/cache
--
  PID USER      PR  NI    VIRT    RES    SHR S %CPU %MEM     TIME+ COMMAND
12029 freshman  20   0 1720816 1.638g   1572 R 12.6  5.2   2:31.34 mcf_base.gc+

top - 18:11:03 up 11 days,  5:15,  6 users,  load average: 1.02, 0.95, 0.64
Tasks: 198 total,   2 running, 121 sleeping,   0 stopped,   0 zombie
%Cpu(s): 12.5 us,  0.0 sy,  0.0 ni, 87.5 id,  0.0 wa,  0.0 hi,  0.0 si,  0.0 st
KiB Mem : 32843380 total, 15407272 free,  2035524 used, 15400584 buff/cache
--
  PID USER      PR  NI    VIRT    RES    SHR S %CPU %MEM     TIME+ COMMAND
12029 freshman  20   0 1720816 1.638g   1572 R 12.4  5.2   2:32.34 mcf_base.gc+

top - 18:11:04 up 11 days,  5:15,  6 users,  load average: 1.02, 0.95, 0.64
Tasks: 198 total,   2 running, 121 sleeping,   0 stopped,   0 zombie
%Cpu(s): 12.5 us,  0.0 sy,  0.0 ni, 87.5 id,  0.0 wa,  0.0 hi,  0.0 si,  0.0 st
KiB Mem : 32843380 total, 15407272 free,  2035524 used, 15400584 buff/cache
--
  PID USER      PR  NI    VIRT    RES    SHR S %CPU %MEM     TIME+ COMMAND
12029 freshman  20   0 1720816 1.638g   1572 R 12.6  5.2   2:33.35 mcf_base.gc+
11560 freshman  20   0   42788   3996   3368 R  0.1  0.0   0:04.38 top

top - 18:11:05 up 11 days,  5:15,  6 users,  load average: 1.02, 0.95, 0.64
Tasks: 198 total,   2 running, 121 sleeping,   0 stopped,   0 zombie
%Cpu(s): 12.4 us,  0.1 sy,  0.0 ni, 87.4 id,  0.0 wa,  0.0 hi,  0.0 si,  0.0 st
KiB Mem : 32843380 total, 15407272 free,  2035524 used, 15400584 buff/cache
--
  PID USER      PR  NI    VIRT    RES    SHR S %CPU %MEM     TIME+ COMMAND
12029 freshman  20   0 1720816 1.638g   1572 R 12.4  5.2   2:34.35 mcf_base.gc+

top - 18:11:06 up 11 days,  5:15,  6 users,  load average: 1.01, 0.95, 0.64
Tasks: 198 total,   2 running, 121 sleeping,   0 stopped,   0 zombie
%Cpu(s): 12.6 us,  0.0 sy,  0.0 ni, 87.4 id,  0.0 wa,  0.0 hi,  0.0 si,  0.0 st
KiB Mem : 32843380 total, 15407272 free,  2035524 used, 15400584 buff/cache
--
  PID USER      PR  NI    VIRT    RES    SHR S %CPU %MEM     TIME+ COMMAND
12029 freshman  20   0 1720816 1.638g   1572 R 12.6  5.2   2:35.36 mcf_base.gc+
11560 freshman  20   0   42788   3996   3368 R  0.1  0.0   0:04.39 top

top - 18:11:07 up 11 days,  5:15,  6 users,  load average: 1.01, 0.95, 0.64
Tasks: 198 total,   2 running, 121 sleeping,   0 stopped,   0 zombie
%Cpu(s): 12.5 us,  0.1 sy,  0.0 ni, 87.3 id,  0.0 wa,  0.0 hi,  0.0 si,  0.0 st
KiB Mem : 32843380 total, 15407272 free,  2035524 used, 15400584 buff/cache
--
  PID USER      PR  NI    VIRT    RES    SHR S %CPU %MEM     TIME+ COMMAND
12029 freshman  20   0 1720816 1.638g   1572 R 12.4  5.2   2:36.36 mcf_base.gc+

top - 18:11:08 up 11 days,  5:15,  6 users,  load average: 1.01, 0.95, 0.64
Tasks: 198 total,   2 running, 121 sleeping,   0 stopped,   0 zombie
%Cpu(s): 12.5 us,  0.0 sy,  0.0 ni, 87.5 id,  0.0 wa,  0.0 hi,  0.0 si,  0.0 st
KiB Mem : 32843380 total, 15407272 free,  2035516 used, 15400592 buff/cache
--
  PID USER      PR  NI    VIRT    RES    SHR S %CPU %MEM     TIME+ COMMAND
12029 freshman  20   0 1720816 1.638g   1572 R 12.6  5.2   2:37.37 mcf_base.gc+
11560 freshman  20   0   42788   3996   3368 R  0.1  0.0   0:04.40 top

top - 18:11:09 up 11 days,  5:15,  6 users,  load average: 1.01, 0.95, 0.64
Tasks: 198 total,   2 running, 121 sleeping,   0 stopped,   0 zombie
%Cpu(s): 12.5 us,  0.0 sy,  0.0 ni, 87.5 id,  0.0 wa,  0.0 hi,  0.0 si,  0.0 st
KiB Mem : 32843380 total, 15407272 free,  2035516 used, 15400592 buff/cache
--
  PID USER      PR  NI    VIRT    RES    SHR S %CPU %MEM     TIME+ COMMAND
12029 freshman  20   0 1720816 1.638g   1572 R 12.4  5.2   2:38.37 mcf_base.gc+

top - 18:11:10 up 11 days,  5:15,  6 users,  load average: 1.01, 0.95, 0.64
Tasks: 198 total,   2 running, 121 sleeping,   0 stopped,   0 zombie
%Cpu(s): 12.6 us,  0.0 sy,  0.0 ni, 87.4 id,  0.0 wa,  0.0 hi,  0.0 si,  0.0 st
KiB Mem : 32843380 total, 15407272 free,  2035516 used, 15400592 buff/cache
--
  PID USER      PR  NI    VIRT    RES    SHR S %CPU %MEM     TIME+ COMMAND
12029 freshman  20   0 1720816 1.638g   1572 R 12.6  5.2   2:39.38 mcf_base.gc+

top - 18:11:11 up 11 days,  5:15,  6 users,  load average: 1.01, 0.95, 0.64
Tasks: 198 total,   2 running, 121 sleeping,   0 stopped,   0 zombie
%Cpu(s): 12.6 us,  0.0 sy,  0.0 ni, 87.4 id,  0.0 wa,  0.0 hi,  0.0 si,  0.0 st
KiB Mem : 32843380 total, 15407272 free,  2035512 used, 15400596 buff/cache
--
  PID USER      PR  NI    VIRT    RES    SHR S %CPU %MEM     TIME+ COMMAND
12029 freshman  20   0 1720816 1.638g   1572 R 12.4  5.2   2:40.38 mcf_base.gc+
11560 freshman  20   0   42788   3996   3368 R  0.1  0.0   0:04.41 top

top - 18:11:12 up 11 days,  5:15,  6 users,  load average: 1.01, 0.95, 0.64
Tasks: 198 total,   2 running, 121 sleeping,   0 stopped,   0 zombie
%Cpu(s): 12.5 us,  0.1 sy,  0.0 ni, 87.3 id,  0.0 wa,  0.0 hi,  0.0 si,  0.0 st
KiB Mem : 32843380 total, 15407272 free,  2035512 used, 15400596 buff/cache
--
  PID USER      PR  NI    VIRT    RES    SHR S %CPU %MEM     TIME+ COMMAND
12029 freshman  20   0 1720816 1.638g   1572 R 12.5  5.2   2:41.39 mcf_base.gc+

top - 18:11:13 up 11 days,  5:15,  6 users,  load average: 1.01, 0.95, 0.64
Tasks: 198 total,   2 running, 121 sleeping,   0 stopped,   0 zombie
%Cpu(s): 12.5 us,  0.0 sy,  0.0 ni, 87.5 id,  0.0 wa,  0.0 hi,  0.0 si,  0.0 st
KiB Mem : 32843380 total, 15407272 free,  2035512 used, 15400596 buff/cache
--
  PID USER      PR  NI    VIRT    RES    SHR S %CPU %MEM     TIME+ COMMAND
12029 freshman  20   0 1720816 1.638g   1572 R 12.6  5.2   2:42.40 mcf_base.gc+
11560 freshman  20   0   42788   3996   3368 R  0.1  0.0   0:04.42 top

top - 18:11:14 up 11 days,  5:15,  6 users,  load average: 1.01, 0.95, 0.64
Tasks: 198 total,   2 running, 121 sleeping,   0 stopped,   0 zombie
%Cpu(s): 12.6 us,  0.0 sy,  0.0 ni, 87.4 id,  0.0 wa,  0.0 hi,  0.0 si,  0.0 st
KiB Mem : 32843380 total, 15407272 free,  2035512 used, 15400596 buff/cache
--
  PID USER      PR  NI    VIRT    RES    SHR S %CPU %MEM     TIME+ COMMAND
12029 freshman  20   0 1720816 1.638g   1572 R 12.4  5.2   2:43.40 mcf_base.gc+

top - 18:11:15 up 11 days,  5:15,  6 users,  load average: 1.01, 0.95, 0.64
Tasks: 198 total,   2 running, 121 sleeping,   0 stopped,   0 zombie
%Cpu(s): 12.5 us,  0.1 sy,  0.0 ni, 87.3 id,  0.0 wa,  0.0 hi,  0.0 si,  0.0 st
KiB Mem : 32843380 total, 15407272 free,  2035512 used, 15400596 buff/cache
--
  PID USER      PR  NI    VIRT    RES    SHR S %CPU %MEM     TIME+ COMMAND
12029 freshman  20   0 1720816 1.638g   1572 R 12.6  5.2   2:44.41 mcf_base.gc+

top - 18:11:16 up 11 days,  5:16,  6 users,  load average: 1.01, 0.95, 0.64
Tasks: 198 total,   2 running, 121 sleeping,   0 stopped,   0 zombie
%Cpu(s): 12.5 us,  0.0 sy,  0.0 ni, 87.5 id,  0.0 wa,  0.0 hi,  0.0 si,  0.0 st
KiB Mem : 32843380 total, 15407272 free,  2035512 used, 15400596 buff/cache
--
  PID USER      PR  NI    VIRT    RES    SHR S %CPU %MEM     TIME+ COMMAND
12029 freshman  20   0 1720816 1.638g   1572 R 12.4  5.2   2:45.41 mcf_base.gc+
11560 freshman  20   0   42788   3996   3368 R  0.1  0.0   0:04.43 top

top - 18:11:17 up 11 days,  5:16,  6 users,  load average: 1.01, 0.95, 0.64
Tasks: 198 total,   2 running, 121 sleeping,   0 stopped,   0 zombie
%Cpu(s): 12.5 us,  0.0 sy,  0.0 ni, 87.5 id,  0.0 wa,  0.0 hi,  0.0 si,  0.0 st
KiB Mem : 32843380 total, 15407272 free,  2035504 used, 15400604 buff/cache
--
  PID USER      PR  NI    VIRT    RES    SHR S %CPU %MEM     TIME+ COMMAND
12029 freshman  20   0 1720816 1.638g   1572 R 12.6  5.2   2:46.42 mcf_base.gc+

top - 18:11:18 up 11 days,  5:16,  6 users,  load average: 1.01, 0.95, 0.64
Tasks: 198 total,   2 running, 121 sleeping,   0 stopped,   0 zombie
%Cpu(s): 12.6 us,  0.0 sy,  0.0 ni, 87.4 id,  0.0 wa,  0.0 hi,  0.0 si,  0.0 st
KiB Mem : 32843380 total, 15407272 free,  2035504 used, 15400604 buff/cache
--
  PID USER      PR  NI    VIRT    RES    SHR S %CPU %MEM     TIME+ COMMAND
12029 freshman  20   0 1720816 1.638g   1572 R 12.4  5.2   2:47.42 mcf_base.gc+
11560 freshman  20   0   42788   3996   3368 R  0.1  0.0   0:04.44 top

top - 18:11:19 up 11 days,  5:16,  6 users,  load average: 1.01, 0.95, 0.64
Tasks: 198 total,   2 running, 121 sleeping,   0 stopped,   0 zombie
%Cpu(s): 12.6 us,  0.0 sy,  0.0 ni, 87.4 id,  0.0 wa,  0.0 hi,  0.0 si,  0.0 st
KiB Mem : 32843380 total, 15407272 free,  2035504 used, 15400604 buff/cache
--
  PID USER      PR  NI    VIRT    RES    SHR S %CPU %MEM     TIME+ COMMAND
12029 freshman  20   0 1720816 1.638g   1572 R 12.6  5.2   2:48.43 mcf_base.gc+
11560 freshman  20   0   42788   3996   3368 R  0.1  0.0   0:04.45 top

top - 18:11:20 up 11 days,  5:16,  6 users,  load average: 1.01, 0.95, 0.64
Tasks: 198 total,   2 running, 121 sleeping,   0 stopped,   0 zombie
%Cpu(s): 12.5 us,  0.0 sy,  0.0 ni, 87.5 id,  0.0 wa,  0.0 hi,  0.0 si,  0.0 st
KiB Mem : 32843380 total, 15407272 free,  2035500 used, 15400608 buff/cache
--
  PID USER      PR  NI    VIRT    RES    SHR S %CPU %MEM     TIME+ COMMAND
12029 freshman  20   0 1720816 1.638g   1572 R 12.4  5.2   2:49.43 mcf_base.gc+

top - 18:11:21 up 11 days,  5:16,  6 users,  load average: 1.01, 0.95, 0.65
Tasks: 198 total,   2 running, 121 sleeping,   0 stopped,   0 zombie
%Cpu(s): 12.5 us,  0.0 sy,  0.0 ni, 87.5 id,  0.0 wa,  0.0 hi,  0.0 si,  0.0 st
KiB Mem : 32843380 total, 15407272 free,  2035500 used, 15400608 buff/cache
--
  PID USER      PR  NI    VIRT    RES    SHR S %CPU %MEM     TIME+ COMMAND
12029 freshman  20   0 1720816 1.638g   1572 R 12.6  5.2   2:50.44 mcf_base.gc+

top - 18:11:22 up 11 days,  5:16,  6 users,  load average: 1.01, 0.95, 0.65
Tasks: 198 total,   2 running, 121 sleeping,   0 stopped,   0 zombie
%Cpu(s): 12.5 us,  0.1 sy,  0.0 ni, 87.3 id,  0.0 wa,  0.0 hi,  0.0 si,  0.0 st
KiB Mem : 32843380 total, 15407272 free,  2035500 used, 15400608 buff/cache
--
  PID USER      PR  NI    VIRT    RES    SHR S %CPU %MEM     TIME+ COMMAND
12029 freshman  20   0 1720816 1.638g   1572 R 12.4  5.2   2:51.44 mcf_base.gc+
11560 freshman  20   0   42788   3996   3368 R  0.1  0.0   0:04.46 top

top - 18:11:23 up 11 days,  5:16,  6 users,  load average: 1.01, 0.95, 0.65
Tasks: 198 total,   2 running, 121 sleeping,   0 stopped,   0 zombie
%Cpu(s): 12.5 us,  0.0 sy,  0.0 ni, 87.5 id,  0.0 wa,  0.0 hi,  0.0 si,  0.0 st
KiB Mem : 32843380 total, 15407272 free,  2035500 used, 15400608 buff/cache
--
  PID USER      PR  NI    VIRT    RES    SHR S %CPU %MEM     TIME+ COMMAND
12029 freshman  20   0 1720816 1.638g   1572 R 12.6  5.2   2:52.45 mcf_base.gc+

top - 18:11:24 up 11 days,  5:16,  6 users,  load average: 1.01, 0.95, 0.65
Tasks: 198 total,   2 running, 121 sleeping,   0 stopped,   0 zombie
%Cpu(s): 12.5 us,  0.1 sy,  0.0 ni, 87.2 id,  0.1 wa,  0.0 hi,  0.0 si,  0.0 st
KiB Mem : 32843380 total, 15407272 free,  2035500 used, 15400608 buff/cache
--
  PID USER      PR  NI    VIRT    RES    SHR S %CPU %MEM     TIME+ COMMAND
12029 freshman  20   0 1720816 1.638g   1572 R 12.5  5.2   2:53.46 mcf_base.gc+

top - 18:11:25 up 11 days,  5:16,  6 users,  load average: 1.01, 0.95, 0.65
Tasks: 198 total,   2 running, 121 sleeping,   0 stopped,   0 zombie
%Cpu(s): 12.5 us,  0.0 sy,  0.0 ni, 87.5 id,  0.0 wa,  0.0 hi,  0.0 si,  0.0 st
KiB Mem : 32843380 total, 15407272 free,  2035500 used, 15400608 buff/cache
--
  PID USER      PR  NI    VIRT    RES    SHR S %CPU %MEM     TIME+ COMMAND
12029 freshman  20   0 1720816 1.638g   1572 R 12.4  5.2   2:54.46 mcf_base.gc+

top - 18:11:26 up 11 days,  5:16,  6 users,  load average: 1.01, 0.95, 0.65
Tasks: 198 total,   2 running, 121 sleeping,   0 stopped,   0 zombie
%Cpu(s): 12.6 us,  0.0 sy,  0.0 ni, 87.4 id,  0.0 wa,  0.0 hi,  0.0 si,  0.0 st
KiB Mem : 32843380 total, 15407272 free,  2035492 used, 15400616 buff/cache
--
  PID USER      PR  NI    VIRT    RES    SHR S %CPU %MEM     TIME+ COMMAND
12029 freshman  20   0 1720816 1.638g   1572 R 12.5  5.2   2:55.46 mcf_base.gc+
11560 freshman  20   0   42788   3996   3368 R  0.1  0.0   0:04.47 top

top - 18:11:27 up 11 days,  5:16,  6 users,  load average: 1.01, 0.95, 0.65
Tasks: 198 total,   2 running, 121 sleeping,   0 stopped,   0 zombie
%Cpu(s): 12.4 us,  0.1 sy,  0.0 ni, 87.4 id,  0.0 wa,  0.0 hi,  0.0 si,  0.0 st
KiB Mem : 32843380 total, 15407272 free,  2035492 used, 15400616 buff/cache
--
  PID USER      PR  NI    VIRT    RES    SHR S %CPU %MEM     TIME+ COMMAND
12029 freshman  20   0 1720816 1.638g   1572 R 12.5  5.2   2:56.47 mcf_base.gc+
11560 freshman  20   0   42788   3996   3368 R  0.1  0.0   0:04.48 top

top - 18:11:28 up 11 days,  5:16,  6 users,  load average: 1.01, 0.95, 0.65
Tasks: 198 total,   2 running, 121 sleeping,   0 stopped,   0 zombie
%Cpu(s): 12.6 us,  0.0 sy,  0.0 ni, 87.4 id,  0.0 wa,  0.0 hi,  0.0 si,  0.0 st
KiB Mem : 32843380 total, 15407272 free,  2035492 used, 15400616 buff/cache
--
  PID USER      PR  NI    VIRT    RES    SHR S %CPU %MEM     TIME+ COMMAND
12029 freshman  20   0 1720816 1.638g   1572 R 12.6  5.2   2:57.48 mcf_base.gc+

top - 18:11:29 up 11 days,  5:16,  6 users,  load average: 1.01, 0.95, 0.65
Tasks: 198 total,   2 running, 121 sleeping,   0 stopped,   0 zombie
%Cpu(s): 12.5 us,  0.1 sy,  0.0 ni, 87.3 id,  0.0 wa,  0.0 hi,  0.0 si,  0.0 st
KiB Mem : 32843380 total, 15407272 free,  2035488 used, 15400620 buff/cache
--
  PID USER      PR  NI    VIRT    RES    SHR S %CPU %MEM     TIME+ COMMAND
12029 freshman  20   0 1720816 1.638g   1572 R 12.4  5.2   2:58.48 mcf_base.gc+
11560 freshman  20   0   42788   3996   3368 R  0.1  0.0   0:04.49 top

top - 18:11:30 up 11 days,  5:16,  6 users,  load average: 1.01, 0.95, 0.65
Tasks: 198 total,   2 running, 121 sleeping,   0 stopped,   0 zombie
%Cpu(s): 12.5 us,  0.0 sy,  0.0 ni, 87.5 id,  0.0 wa,  0.0 hi,  0.0 si,  0.0 st
KiB Mem : 32843380 total, 15407272 free,  2035488 used, 15400620 buff/cache
--
  PID USER      PR  NI    VIRT    RES    SHR S %CPU %MEM     TIME+ COMMAND
12029 freshman  20   0 1720816 1.638g   1572 R 12.6  5.2   2:59.49 mcf_base.gc+

top - 18:11:31 up 11 days,  5:16,  6 users,  load average: 1.01, 0.95, 0.65
Tasks: 198 total,   2 running, 121 sleeping,   0 stopped,   0 zombie
%Cpu(s): 12.6 us,  0.0 sy,  0.0 ni, 87.4 id,  0.0 wa,  0.0 hi,  0.0 si,  0.0 st
KiB Mem : 32843380 total, 15407272 free,  2035488 used, 15400620 buff/cache
--
  PID USER      PR  NI    VIRT    RES    SHR S %CPU %MEM     TIME+ COMMAND
12029 freshman  20   0 1720816 1.638g   1572 R 12.4  5.2   3:00.49 mcf_base.gc+

top - 18:11:32 up 11 days,  5:16,  6 users,  load average: 1.01, 0.95, 0.65
Tasks: 198 total,   2 running, 121 sleeping,   0 stopped,   0 zombie
%Cpu(s): 12.5 us,  0.0 sy,  0.0 ni, 87.5 id,  0.0 wa,  0.0 hi,  0.0 si,  0.0 st
KiB Mem : 32843380 total, 15407272 free,  2035488 used, 15400620 buff/cache
--
  PID USER      PR  NI    VIRT    RES    SHR S %CPU %MEM     TIME+ COMMAND
12029 freshman  20   0 1720816 1.638g   1572 R 12.6  5.2   3:01.50 mcf_base.gc+
11560 freshman  20   0   42788   3996   3368 R  0.1  0.0   0:04.50 top
11562 freshman  20   0   13136   1092    996 S  0.1  0.0   0:00.04 grep
--
top - 18:11:33 up 11 days,  5:16,  6 users,  load average: 1.01, 0.95, 0.65
Tasks: 198 total,   2 running, 121 sleeping,   0 stopped,   0 zombie
%Cpu(s): 12.6 us,  0.0 sy,  0.0 ni, 87.4 id,  0.0 wa,  0.0 hi,  0.0 si,  0.0 st
KiB Mem : 32843380 total, 15407272 free,  2035488 used, 15400620 buff/cache
--
  PID USER      PR  NI    VIRT    RES    SHR S %CPU %MEM     TIME+ COMMAND
12029 freshman  20   0 1720816 1.638g   1572 R 12.4  5.2   3:02.50 mcf_base.gc+
11560 freshman  20   0   42788   3996   3368 R  0.1  0.0   0:04.51 top

top - 18:11:34 up 11 days,  5:16,  6 users,  load average: 1.01, 0.95, 0.65
Tasks: 198 total,   2 running, 121 sleeping,   0 stopped,   0 zombie
%Cpu(s): 12.6 us,  0.0 sy,  0.0 ni, 87.4 id,  0.0 wa,  0.0 hi,  0.0 si,  0.0 st
KiB Mem : 32843380 total, 15407272 free,  2035488 used, 15400620 buff/cache
--
  PID USER      PR  NI    VIRT    RES    SHR S %CPU %MEM     TIME+ COMMAND
12029 freshman  20   0 1720816 1.638g   1572 R 12.6  5.2   3:03.51 mcf_base.gc+

top - 18:11:35 up 11 days,  5:16,  6 users,  load average: 1.01, 0.95, 0.65
Tasks: 198 total,   2 running, 121 sleeping,   0 stopped,   0 zombie
%Cpu(s): 12.6 us,  0.0 sy,  0.0 ni, 87.4 id,  0.0 wa,  0.0 hi,  0.0 si,  0.0 st
KiB Mem : 32843380 total, 15407272 free,  2035480 used, 15400628 buff/cache
--
  PID USER      PR  NI    VIRT    RES    SHR S %CPU %MEM     TIME+ COMMAND
12029 freshman  20   0 1720816 1.638g   1572 R 12.5  5.2   3:04.52 mcf_base.gc+
11560 freshman  20   0   42788   3996   3368 R  0.1  0.0   0:04.52 top

top - 18:11:36 up 11 days,  5:16,  6 users,  load average: 1.01, 0.95, 0.65
Tasks: 198 total,   2 running, 121 sleeping,   0 stopped,   0 zombie
%Cpu(s): 12.5 us,  0.0 sy,  0.0 ni, 87.5 id,  0.0 wa,  0.0 hi,  0.0 si,  0.0 st
KiB Mem : 32843380 total, 15407272 free,  2035480 used, 15400628 buff/cache
--
  PID USER      PR  NI    VIRT    RES    SHR S %CPU %MEM     TIME+ COMMAND
12029 freshman  20   0 1720816 1.638g   1572 R 12.4  5.2   3:05.52 mcf_base.gc+

top - 18:11:37 up 11 days,  5:16,  6 users,  load average: 1.01, 0.95, 0.65
Tasks: 198 total,   2 running, 121 sleeping,   0 stopped,   0 zombie
%Cpu(s): 12.4 us,  0.1 sy,  0.0 ni, 87.4 id,  0.0 wa,  0.0 hi,  0.0 si,  0.0 st
KiB Mem : 32843380 total, 15407272 free,  2035480 used, 15400628 buff/cache
--
  PID USER      PR  NI    VIRT    RES    SHR S %CPU %MEM     TIME+ COMMAND
12029 freshman  20   0 1720816 1.638g   1572 R 12.5  5.2   3:06.52 mcf_base.gc+

top - 18:11:38 up 11 days,  5:16,  6 users,  load average: 1.01, 0.95, 0.65
Tasks: 198 total,   2 running, 121 sleeping,   0 stopped,   0 zombie
%Cpu(s): 12.6 us,  0.0 sy,  0.0 ni, 87.4 id,  0.0 wa,  0.0 hi,  0.0 si,  0.0 st
KiB Mem : 32843380 total, 15407272 free,  2035476 used, 15400632 buff/cache
--
  PID USER      PR  NI    VIRT    RES    SHR S %CPU %MEM     TIME+ COMMAND
12029 freshman  20   0 1720816 1.638g   1572 R 12.5  5.2   3:07.53 mcf_base.gc+

top - 18:11:39 up 11 days,  5:16,  6 users,  load average: 1.01, 0.95, 0.65
Tasks: 198 total,   2 running, 121 sleeping,   0 stopped,   0 zombie
%Cpu(s): 12.5 us,  0.1 sy,  0.0 ni, 87.3 id,  0.0 wa,  0.0 hi,  0.0 si,  0.0 st
KiB Mem : 32843380 total, 15407272 free,  2035476 used, 15400632 buff/cache
--
  PID USER      PR  NI    VIRT    RES    SHR S %CPU %MEM     TIME+ COMMAND
12029 freshman  20   0 1720816 1.638g   1572 R 12.6  5.2   3:08.54 mcf_base.gc+
11560 freshman  20   0   42788   3996   3368 R  0.1  0.0   0:04.53 top

top - 18:11:40 up 11 days,  5:16,  6 users,  load average: 1.01, 0.95, 0.65
Tasks: 198 total,   2 running, 121 sleeping,   0 stopped,   0 zombie
%Cpu(s): 12.4 us,  0.0 sy,  0.0 ni, 87.6 id,  0.0 wa,  0.0 hi,  0.0 si,  0.0 st
KiB Mem : 32843380 total, 15407272 free,  2035476 used, 15400632 buff/cache
--
  PID USER      PR  NI    VIRT    RES    SHR S %CPU %MEM     TIME+ COMMAND
12029 freshman  20   0 1720816 1.638g   1572 R 12.4  5.2   3:09.54 mcf_base.gc+
11560 freshman  20   0   42788   3996   3368 R  0.1  0.0   0:04.54 top

top - 18:11:41 up 11 days,  5:16,  6 users,  load average: 1.01, 0.96, 0.65
Tasks: 198 total,   2 running, 121 sleeping,   0 stopped,   0 zombie
%Cpu(s): 12.7 us,  0.0 sy,  0.0 ni, 87.3 id,  0.0 wa,  0.0 hi,  0.0 si,  0.0 st
KiB Mem : 32843380 total, 15407272 free,  2035476 used, 15400632 buff/cache
--
  PID USER      PR  NI    VIRT    RES    SHR S %CPU %MEM     TIME+ COMMAND
12029 freshman  20   0 1720816 1.638g   1572 R 12.6  5.2   3:10.55 mcf_base.gc+

top - 18:11:42 up 11 days,  5:16,  6 users,  load average: 1.01, 0.96, 0.65
Tasks: 198 total,   2 running, 121 sleeping,   0 stopped,   0 zombie
%Cpu(s): 12.5 us,  0.0 sy,  0.0 ni, 87.5 id,  0.0 wa,  0.0 hi,  0.0 si,  0.0 st
KiB Mem : 32843380 total, 15407272 free,  2035476 used, 15400632 buff/cache
--
  PID USER      PR  NI    VIRT    RES    SHR S %CPU %MEM     TIME+ COMMAND
12029 freshman  20   0 1720816 1.638g   1572 R 12.4  5.2   3:11.55 mcf_base.gc+
11560 freshman  20   0   42788   3996   3368 R  0.1  0.0   0:04.55 top

top - 18:11:43 up 11 days,  5:16,  6 users,  load average: 1.01, 0.96, 0.65
Tasks: 198 total,   2 running, 121 sleeping,   0 stopped,   0 zombie
%Cpu(s): 12.7 us,  0.0 sy,  0.0 ni, 87.3 id,  0.0 wa,  0.0 hi,  0.0 si,  0.0 st
KiB Mem : 32843380 total, 15407272 free,  2035476 used, 15400632 buff/cache
--
  PID USER      PR  NI    VIRT    RES    SHR S %CPU %MEM     TIME+ COMMAND
12029 freshman  20   0 1720816 1.638g   1572 R 12.6  5.2   3:12.56 mcf_base.gc+

top - 18:11:44 up 11 days,  5:16,  6 users,  load average: 1.01, 0.96, 0.65
Tasks: 198 total,   2 running, 121 sleeping,   0 stopped,   0 zombie
%Cpu(s): 12.5 us,  0.0 sy,  0.0 ni, 87.5 id,  0.0 wa,  0.0 hi,  0.0 si,  0.0 st
KiB Mem : 32843380 total, 15407272 free,  2035464 used, 15400644 buff/cache
--
  PID USER      PR  NI    VIRT    RES    SHR S %CPU %MEM     TIME+ COMMAND
12029 freshman  20   0 1720816 1.638g   1572 R 12.4  5.2   3:13.56 mcf_base.gc+

top - 18:11:45 up 11 days,  5:16,  6 users,  load average: 1.01, 0.96, 0.65
Tasks: 198 total,   2 running, 121 sleeping,   0 stopped,   0 zombie
%Cpu(s): 12.4 us,  0.1 sy,  0.0 ni, 87.4 id,  0.0 wa,  0.0 hi,  0.0 si,  0.0 st
KiB Mem : 32843380 total, 15407272 free,  2035464 used, 15400644 buff/cache
--
  PID USER      PR  NI    VIRT    RES    SHR S %CPU %MEM     TIME+ COMMAND
12029 freshman  20   0 1720816 1.638g   1572 R 12.6  5.2   3:14.57 mcf_base.gc+
11560 freshman  20   0   42788   3996   3368 R  0.1  0.0   0:04.56 top

top - 18:11:46 up 11 days,  5:16,  6 users,  load average: 1.01, 0.96, 0.66
Tasks: 198 total,   2 running, 121 sleeping,   0 stopped,   0 zombie
%Cpu(s): 12.6 us,  0.0 sy,  0.0 ni, 87.4 id,  0.0 wa,  0.0 hi,  0.0 si,  0.0 st
KiB Mem : 32843380 total, 15407272 free,  2035464 used, 15400644 buff/cache
--
  PID USER      PR  NI    VIRT    RES    SHR S %CPU %MEM     TIME+ COMMAND
12029 freshman  20   0 1720816 1.638g   1572 R 12.4  5.2   3:15.57 mcf_base.gc+

top - 18:11:47 up 11 days,  5:16,  6 users,  load average: 1.01, 0.96, 0.66
Tasks: 198 total,   2 running, 121 sleeping,   0 stopped,   0 zombie
%Cpu(s): 12.6 us,  0.0 sy,  0.0 ni, 87.4 id,  0.0 wa,  0.0 hi,  0.0 si,  0.0 st
KiB Mem : 32843380 total, 15407272 free,  2035464 used, 15400644 buff/cache
--
  PID USER      PR  NI    VIRT    RES    SHR S %CPU %MEM     TIME+ COMMAND
12029 freshman  20   0 1720816 1.638g   1572 R 12.6  5.2   3:16.58 mcf_base.gc+

top - 18:11:48 up 11 days,  5:16,  6 users,  load average: 1.01, 0.96, 0.66
Tasks: 198 total,   2 running, 121 sleeping,   0 stopped,   0 zombie
%Cpu(s): 12.4 us,  0.1 sy,  0.0 ni, 87.5 id,  0.0 wa,  0.0 hi,  0.0 si,  0.0 st
KiB Mem : 32843380 total, 15407272 free,  2035464 used, 15400644 buff/cache
--
  PID USER      PR  NI    VIRT    RES    SHR S %CPU %MEM     TIME+ COMMAND
12029 freshman  20   0 1720816 1.638g   1572 R 12.4  5.2   3:17.58 mcf_base.gc+
11560 freshman  20   0   42788   3996   3368 R  0.1  0.0   0:04.57 top

top - 18:11:49 up 11 days,  5:16,  6 users,  load average: 1.01, 0.96, 0.66
Tasks: 198 total,   2 running, 121 sleeping,   0 stopped,   0 zombie
%Cpu(s): 12.6 us,  0.0 sy,  0.0 ni, 87.4 id,  0.0 wa,  0.0 hi,  0.0 si,  0.0 st
KiB Mem : 32843380 total, 15407272 free,  2035464 used, 15400644 buff/cache
--
  PID USER      PR  NI    VIRT    RES    SHR S %CPU %MEM     TIME+ COMMAND
12029 freshman  20   0 1720816 1.638g   1572 R 12.6  5.2   3:18.59 mcf_base.gc+

top - 18:11:50 up 11 days,  5:16,  6 users,  load average: 1.01, 0.96, 0.66
Tasks: 198 total,   2 running, 121 sleeping,   0 stopped,   0 zombie
%Cpu(s): 12.5 us,  0.1 sy,  0.0 ni, 87.3 id,  0.0 wa,  0.0 hi,  0.0 si,  0.0 st
KiB Mem : 32843380 total, 15407272 free,  2035456 used, 15400652 buff/cache
--
  PID USER      PR  NI    VIRT    RES    SHR S %CPU %MEM     TIME+ COMMAND
12029 freshman  20   0 1720816 1.638g   1572 R 12.4  5.2   3:19.59 mcf_base.gc+

top - 18:11:51 up 11 days,  5:16,  6 users,  load average: 1.00, 0.96, 0.66
Tasks: 198 total,   2 running, 121 sleeping,   0 stopped,   0 zombie
%Cpu(s): 12.5 us,  0.0 sy,  0.0 ni, 87.5 id,  0.0 wa,  0.0 hi,  0.0 si,  0.0 st
KiB Mem : 32843380 total, 15407272 free,  2035456 used, 15400652 buff/cache
--
  PID USER      PR  NI    VIRT    RES    SHR S %CPU %MEM     TIME+ COMMAND
12029 freshman  20   0 1720816 1.638g   1572 R 12.5  5.2   3:20.60 mcf_base.gc+
11560 freshman  20   0   42788   3996   3368 R  0.1  0.0   0:04.58 top

top - 18:11:52 up 11 days,  5:16,  6 users,  load average: 1.00, 0.96, 0.66
Tasks: 198 total,   2 running, 121 sleeping,   0 stopped,   0 zombie
%Cpu(s): 12.4 us,  0.1 sy,  0.0 ni, 87.4 id,  0.0 wa,  0.0 hi,  0.0 si,  0.0 st
KiB Mem : 32843380 total, 15407272 free,  2035456 used, 15400652 buff/cache
--
  PID USER      PR  NI    VIRT    RES    SHR S %CPU %MEM     TIME+ COMMAND
12029 freshman  20   0 1720816 1.638g   1572 R 12.5  5.2   3:21.60 mcf_base.gc+

top - 18:11:53 up 11 days,  5:16,  6 users,  load average: 1.00, 0.96, 0.66
Tasks: 198 total,   2 running, 121 sleeping,   0 stopped,   0 zombie
%Cpu(s): 12.6 us,  0.0 sy,  0.0 ni, 87.4 id,  0.0 wa,  0.0 hi,  0.0 si,  0.0 st
KiB Mem : 32843380 total, 15407272 free,  2035452 used, 15400656 buff/cache
--
  PID USER      PR  NI    VIRT    RES    SHR S %CPU %MEM     TIME+ COMMAND
12029 freshman  20   0 1720816 1.638g   1572 R 12.5  5.2   3:22.61 mcf_base.gc+
11560 freshman  20   0   42788   3996   3368 R  0.1  0.0   0:04.59 top

top - 18:11:54 up 11 days,  5:16,  6 users,  load average: 1.00, 0.96, 0.66
Tasks: 198 total,   2 running, 121 sleeping,   0 stopped,   0 zombie
%Cpu(s): 12.5 us,  0.0 sy,  0.0 ni, 87.5 id,  0.0 wa,  0.0 hi,  0.0 si,  0.0 st
KiB Mem : 32843380 total, 15407272 free,  2035452 used, 15400656 buff/cache
--
  PID USER      PR  NI    VIRT    RES    SHR S %CPU %MEM     TIME+ COMMAND
12029 freshman  20   0 1720816 1.638g   1572 R 12.5  5.2   3:23.61 mcf_base.gc+

top - 18:11:55 up 11 days,  5:16,  6 users,  load average: 1.00, 0.96, 0.66
Tasks: 198 total,   2 running, 121 sleeping,   0 stopped,   0 zombie
%Cpu(s): 12.5 us,  0.0 sy,  0.0 ni, 87.5 id,  0.0 wa,  0.0 hi,  0.0 si,  0.0 st
KiB Mem : 32843380 total, 15407272 free,  2035452 used, 15400656 buff/cache
--
  PID USER      PR  NI    VIRT    RES    SHR S %CPU %MEM     TIME+ COMMAND
12029 freshman  20   0 1720816 1.638g   1572 R 12.5  5.2   3:24.62 mcf_base.gc+
11560 freshman  20   0   42788   3996   3368 R  0.1  0.0   0:04.60 top

top - 18:11:56 up 11 days,  5:16,  6 users,  load average: 1.00, 0.96, 0.66
Tasks: 198 total,   2 running, 121 sleeping,   0 stopped,   0 zombie
%Cpu(s): 12.5 us,  0.1 sy,  0.0 ni, 87.3 id,  0.0 wa,  0.0 hi,  0.0 si,  0.0 st
KiB Mem : 32843380 total, 15407272 free,  2035452 used, 15400656 buff/cache
--
  PID USER      PR  NI    VIRT    RES    SHR S %CPU %MEM     TIME+ COMMAND
12029 freshman  20   0 1720816 1.638g   1572 R 12.6  5.2   3:25.63 mcf_base.gc+

top - 18:11:57 up 11 days,  5:16,  6 users,  load average: 1.00, 0.96, 0.66
Tasks: 198 total,   2 running, 121 sleeping,   0 stopped,   0 zombie
%Cpu(s): 12.6 us,  0.0 sy,  0.0 ni, 87.4 id,  0.0 wa,  0.0 hi,  0.0 si,  0.0 st
KiB Mem : 32843380 total, 15407272 free,  2035452 used, 15400656 buff/cache
--
  PID USER      PR  NI    VIRT    RES    SHR S %CPU %MEM     TIME+ COMMAND
12029 freshman  20   0 1720816 1.638g   1572 R 12.4  5.2   3:26.63 mcf_base.gc+
11560 freshman  20   0   42788   3996   3368 R  0.1  0.0   0:04.61 top

top - 18:11:58 up 11 days,  5:16,  6 users,  load average: 1.00, 0.96, 0.66
Tasks: 198 total,   2 running, 121 sleeping,   0 stopped,   0 zombie
%Cpu(s): 12.4 us,  0.1 sy,  0.0 ni, 87.4 id,  0.0 wa,  0.0 hi,  0.0 si,  0.0 st
KiB Mem : 32843380 total, 15407272 free,  2035452 used, 15400656 buff/cache
--
  PID USER      PR  NI    VIRT    RES    SHR S %CPU %MEM     TIME+ COMMAND
12029 freshman  20   0 1720816 1.638g   1572 R 12.5  5.2   3:27.63 mcf_base.gc+

top - 18:11:59 up 11 days,  5:16,  6 users,  load average: 1.00, 0.96, 0.66
Tasks: 198 total,   2 running, 121 sleeping,   0 stopped,   0 zombie
%Cpu(s): 12.6 us,  0.0 sy,  0.0 ni, 87.4 id,  0.0 wa,  0.0 hi,  0.0 si,  0.0 st
KiB Mem : 32843380 total, 15407272 free,  2035444 used, 15400664 buff/cache
--
  PID USER      PR  NI    VIRT    RES    SHR S %CPU %MEM     TIME+ COMMAND
12029 freshman  20   0 1720816 1.638g   1572 R 12.5  5.2   3:28.64 mcf_base.gc+
11560 freshman  20   0   42788   3996   3368 R  0.1  0.0   0:04.62 top

top - 18:12:00 up 11 days,  5:16,  6 users,  load average: 1.00, 0.96, 0.66
Tasks: 198 total,   2 running, 121 sleeping,   0 stopped,   0 zombie
%Cpu(s): 12.4 us,  0.0 sy,  0.0 ni, 87.6 id,  0.0 wa,  0.0 hi,  0.0 si,  0.0 st
KiB Mem : 32843380 total, 15407272 free,  2035444 used, 15400664 buff/cache
--
  PID USER      PR  NI    VIRT    RES    SHR S %CPU %MEM     TIME+ COMMAND
12029 freshman  20   0 1720816 1.638g   1572 R 12.6  5.2   3:29.65 mcf_base.gc+

top - 18:12:01 up 11 days,  5:16,  6 users,  load average: 1.00, 0.96, 0.66
Tasks: 195 total,   1 running, 119 sleeping,   0 stopped,   0 zombie
%Cpu(s):  4.5 us,  0.5 sy,  0.0 ni, 95.0 id,  0.0 wa,  0.0 hi,  0.0 si,  0.0 st
KiB Mem : 32843380 total, 15407272 free,  2035444 used, 15400664 buff/cache
--
  PID USER      PR  NI    VIRT    RES    SHR S %CPU %MEM     TIME+ COMMAND

top - 18:12:02 up 11 days,  5:16,  6 users,  load average: 1.00, 0.96, 0.66
Tasks: 195 total,   1 running, 119 sleeping,   0 stopped,   0 zombie
%Cpu(s):  0.1 us,  0.1 sy,  0.0 ni, 99.8 id,  0.0 wa,  0.0 hi,  0.0 si,  0.0 st
KiB Mem : 32843380 total, 17126920 free,   315540 used, 15400920 buff/cache
--
  PID USER      PR  NI    VIRT    RES    SHR S %CPU %MEM     TIME+ COMMAND
11560 freshman  20   0   42788   3996   3368 R  0.2  0.0   0:04.64 top

top - 18:12:03 up 11 days,  5:16,  6 users,  load average: 1.00, 0.96, 0.66
Tasks: 195 total,   1 running, 119 sleeping,   0 stopped,   0 zombie
%Cpu(s):  0.0 us,  0.1 sy,  0.0 ni, 99.9 id,  0.0 wa,  0.0 hi,  0.0 si,  0.0 st
KiB Mem : 32843380 total, 17126920 free,   315540 used, 15400920 buff/cache
--
  PID USER      PR  NI    VIRT    RES    SHR S %CPU %MEM     TIME+ COMMAND

top - 18:12:04 up 11 days,  5:16,  6 users,  load average: 1.00, 0.96, 0.66
Tasks: 195 total,   1 running, 119 sleeping,   0 stopped,   0 zombie
%Cpu(s):  0.0 us,  0.0 sy,  0.0 ni,100.0 id,  0.0 wa,  0.0 hi,  0.0 si,  0.0 st
KiB Mem : 32843380 total, 17126920 free,   315540 used, 15400920 buff/cache
--
  PID USER      PR  NI    VIRT    RES    SHR S %CPU %MEM     TIME+ COMMAND
11560 freshman  20   0   42788   3996   3368 R  0.1  0.0   0:04.65 top

top - 18:12:05 up 11 days,  5:16,  6 users,  load average: 0.92, 0.94, 0.66
Tasks: 195 total,   1 running, 119 sleeping,   0 stopped,   0 zombie
%Cpu(s):  0.0 us,  0.0 sy,  0.0 ni,100.0 id,  0.0 wa,  0.0 hi,  0.0 si,  0.0 st
KiB Mem : 32843380 total, 17126804 free,   315648 used, 15400928 buff/cache
--
  PID USER      PR  NI    VIRT    RES    SHR S %CPU %MEM     TIME+ COMMAND

top - 18:12:06 up 11 days,  5:16,  6 users,  load average: 0.92, 0.94, 0.66
Tasks: 195 total,   1 running, 119 sleeping,   0 stopped,   0 zombie
%Cpu(s):  0.0 us,  0.1 sy,  0.0 ni, 99.9 id,  0.0 wa,  0.0 hi,  0.0 si,  0.0 st
KiB Mem : 32843380 total, 17126804 free,   315648 used, 15400928 buff/cache
--
  PID USER      PR  NI    VIRT    RES    SHR S %CPU %MEM     TIME+ COMMAND
11560 freshman  20   0   42788   3996   3368 R  0.1  0.0   0:04.66 top

top - 18:12:07 up 11 days,  5:16,  6 users,  load average: 0.92, 0.94, 0.66
Tasks: 195 total,   1 running, 119 sleeping,   0 stopped,   0 zombie
%Cpu(s):  0.0 us,  0.1 sy,  0.0 ni, 99.9 id,  0.0 wa,  0.0 hi,  0.0 si,  0.0 st
KiB Mem : 32843380 total, 17126804 free,   315648 used, 15400928 buff/cache
--
  PID USER      PR  NI    VIRT    RES    SHR S %CPU %MEM     TIME+ COMMAND

top - 18:12:08 up 11 days,  5:16,  6 users,  load average: 0.92, 0.94, 0.66
Tasks: 195 total,   1 running, 119 sleeping,   0 stopped,   0 zombie
%Cpu(s):  0.2 us,  0.0 sy,  0.0 ni, 99.8 id,  0.0 wa,  0.0 hi,  0.0 si,  0.0 st
KiB Mem : 32843380 total, 17126804 free,   315648 used, 15400928 buff/cache
--
  PID USER      PR  NI    VIRT    RES    SHR S %CPU %MEM     TIME+ COMMAND
11560 freshman  20   0   42788   3996   3368 R  0.2  0.0   0:04.68 top

top - 18:12:09 up 11 days,  5:16,  6 users,  load average: 0.92, 0.94, 0.66
Tasks: 195 total,   2 running, 118 sleeping,   0 stopped,   0 zombie
%Cpu(s):  2.0 us,  0.2 sy,  0.0 ni, 97.8 id,  0.0 wa,  0.0 hi,  0.0 si,  0.0 st
KiB Mem : 32843380 total, 17126804 free,   315648 used, 15400928 buff/cache
--
  PID USER      PR  NI    VIRT    RES    SHR S %CPU %MEM     TIME+ COMMAND
11573 freshman  20   0   91028  53012   4972 R  0.2  0.2   0:02.56 runspec
11560 freshman  20   0   42788   3996   3368 R  0.1  0.0   0:04.69 top

top - 18:12:10 up 11 days,  5:16,  6 users,  load average: 0.93, 0.94, 0.66
Tasks: 198 total,   2 running, 121 sleeping,   0 stopped,   0 zombie
%Cpu(s): 12.1 us,  0.6 sy,  0.0 ni, 87.3 id,  0.0 wa,  0.0 hi,  0.0 si,  0.0 st
KiB Mem : 32843380 total, 17126804 free,   315648 used, 15400928 buff/cache
--
  PID USER      PR  NI    VIRT    RES    SHR S %CPU %MEM     TIME+ COMMAND
12040 freshman  20   0   38288  30020   4168 R 10.2  0.1   0:00.82 gobmk_base.+
11573 freshman  20   0   91160  53176   4972 S  2.1  0.2   0:02.73 runspec
    8 root      20   0       0      0      0 I  0.1  0.0   0:19.97 rcu_sched
--
top - 18:12:11 up 11 days,  5:16,  6 users,  load average: 0.93, 0.94, 0.66
Tasks: 198 total,   2 running, 121 sleeping,   0 stopped,   0 zombie
%Cpu(s): 12.5 us,  0.0 sy,  0.0 ni, 87.5 id,  0.0 wa,  0.0 hi,  0.0 si,  0.0 st
KiB Mem : 32843380 total, 17100296 free,   342116 used, 15400968 buff/cache
--
  PID USER      PR  NI    VIRT    RES    SHR S %CPU %MEM     TIME+ COMMAND
12040 freshman  20   0   38296  30020   4168 R 12.5  0.1   0:01.83 gobmk_base.+
11560 freshman  20   0   42788   3996   3368 R  0.1  0.0   0:04.70 top

top - 18:12:12 up 11 days,  5:16,  6 users,  load average: 0.93, 0.94, 0.66
Tasks: 198 total,   2 running, 121 sleeping,   0 stopped,   0 zombie
%Cpu(s): 12.5 us,  0.1 sy,  0.0 ni, 87.4 id,  0.0 wa,  0.0 hi,  0.0 si,  0.0 st
KiB Mem : 32843380 total, 17100296 free,   342116 used, 15400968 buff/cache
--
  PID USER      PR  NI    VIRT    RES    SHR S %CPU %MEM     TIME+ COMMAND
12040 freshman  20   0   38296  30020   4168 R 12.5  0.1   0:02.84 gobmk_base.+
11560 freshman  20   0   42788   3996   3368 R  0.1  0.0   0:04.71 top

top - 18:12:13 up 11 days,  5:16,  6 users,  load average: 0.93, 0.94, 0.66
Tasks: 198 total,   2 running, 121 sleeping,   0 stopped,   0 zombie
%Cpu(s): 12.4 us,  0.0 sy,  0.0 ni, 87.6 id,  0.0 wa,  0.0 hi,  0.0 si,  0.0 st
KiB Mem : 32843380 total, 17100296 free,   342116 used, 15400968 buff/cache
--
  PID USER      PR  NI    VIRT    RES    SHR S %CPU %MEM     TIME+ COMMAND
12040 freshman  20   0   38296  30020   4168 R 12.5  0.1   0:03.85 gobmk_base.+

top - 18:12:14 up 11 days,  5:16,  6 users,  load average: 0.93, 0.94, 0.66
Tasks: 198 total,   2 running, 121 sleeping,   0 stopped,   0 zombie
%Cpu(s): 12.6 us,  0.0 sy,  0.0 ni, 87.2 id,  0.1 wa,  0.0 hi,  0.0 si,  0.0 st
KiB Mem : 32843380 total, 17100432 free,   341960 used, 15400988 buff/cache
--
  PID USER      PR  NI    VIRT    RES    SHR S %CPU %MEM     TIME+ COMMAND
12040 freshman  20   0   38296  30020   4168 R 12.5  0.1   0:04.85 gobmk_base.+

top - 18:12:15 up 11 days,  5:17,  6 users,  load average: 0.94, 0.95, 0.66
Tasks: 198 total,   2 running, 121 sleeping,   0 stopped,   0 zombie
%Cpu(s): 12.5 us,  0.0 sy,  0.0 ni, 87.5 id,  0.0 wa,  0.0 hi,  0.0 si,  0.0 st
KiB Mem : 32843380 total, 17100432 free,   341960 used, 15400988 buff/cache
--
  PID USER      PR  NI    VIRT    RES    SHR S %CPU %MEM     TIME+ COMMAND
12040 freshman  20   0   38300  31188   5156 R 12.5  0.1   0:05.86 gobmk_base.+
11560 freshman  20   0   42788   3996   3368 R  0.1  0.0   0:04.72 top

top - 18:12:16 up 11 days,  5:17,  6 users,  load average: 0.94, 0.95, 0.66
Tasks: 198 total,   2 running, 121 sleeping,   0 stopped,   0 zombie
%Cpu(s): 12.5 us,  0.0 sy,  0.0 ni, 87.5 id,  0.0 wa,  0.0 hi,  0.0 si,  0.0 st
KiB Mem : 32843380 total, 17100432 free,   341960 used, 15400988 buff/cache
--
  PID USER      PR  NI    VIRT    RES    SHR S %CPU %MEM     TIME+ COMMAND
12040 freshman  20   0   38300  31188   5156 R 12.5  0.1   0:06.87 gobmk_base.+
11560 freshman  20   0   42788   3996   3368 R  0.1  0.0   0:04.73 top

top - 18:12:17 up 11 days,  5:17,  6 users,  load average: 0.94, 0.95, 0.66
Tasks: 198 total,   2 running, 121 sleeping,   0 stopped,   0 zombie
%Cpu(s): 12.5 us,  0.1 sy,  0.0 ni, 87.3 id,  0.0 wa,  0.0 hi,  0.0 si,  0.0 st
KiB Mem : 32843380 total, 17100440 free,   341952 used, 15400988 buff/cache
--
  PID USER      PR  NI    VIRT    RES    SHR S %CPU %MEM     TIME+ COMMAND
12040 freshman  20   0   38300  31188   5156 R 12.4  0.1   0:07.87 gobmk_base.+
11560 freshman  20   0   42788   3996   3368 R  0.1  0.0   0:04.74 top

top - 18:12:18 up 11 days,  5:17,  6 users,  load average: 0.94, 0.95, 0.66
Tasks: 198 total,   2 running, 121 sleeping,   0 stopped,   0 zombie
%Cpu(s): 12.4 us,  0.1 sy,  0.0 ni, 87.4 id,  0.0 wa,  0.0 hi,  0.0 si,  0.0 st
KiB Mem : 32843380 total, 17100440 free,   341952 used, 15400988 buff/cache
--
  PID USER      PR  NI    VIRT    RES    SHR S %CPU %MEM     TIME+ COMMAND
12040 freshman  20   0   38300  31188   5156 R 12.6  0.1   0:08.88 gobmk_base.+

top - 18:12:19 up 11 days,  5:17,  6 users,  load average: 0.94, 0.95, 0.66
Tasks: 198 total,   2 running, 121 sleeping,   0 stopped,   0 zombie
%Cpu(s): 12.6 us,  0.0 sy,  0.0 ni, 87.4 id,  0.0 wa,  0.0 hi,  0.0 si,  0.0 st
KiB Mem : 32843380 total, 17100440 free,   341952 used, 15400988 buff/cache
--
  PID USER      PR  NI    VIRT    RES    SHR S %CPU %MEM     TIME+ COMMAND
12040 freshman  20   0   38300  31188   5156 R 12.5  0.1   0:09.89 gobmk_base.+

top - 18:12:20 up 11 days,  5:17,  6 users,  load average: 0.94, 0.95, 0.66
Tasks: 198 total,   2 running, 121 sleeping,   0 stopped,   0 zombie
%Cpu(s): 12.5 us,  0.0 sy,  0.0 ni, 87.5 id,  0.0 wa,  0.0 hi,  0.0 si,  0.0 st
KiB Mem : 32843380 total, 17100456 free,   341924 used, 15401000 buff/cache
--
  PID USER      PR  NI    VIRT    RES    SHR S %CPU %MEM     TIME+ COMMAND
12040 freshman  20   0   38300  31188   5156 R 12.5  0.1   0:10.89 gobmk_base.+
11560 freshman  20   0   42788   3996   3368 R  0.1  0.0   0:04.75 top

top - 18:12:21 up 11 days,  5:17,  6 users,  load average: 0.94, 0.95, 0.66
Tasks: 198 total,   2 running, 121 sleeping,   0 stopped,   0 zombie
%Cpu(s): 12.7 us,  0.0 sy,  0.0 ni, 87.3 id,  0.0 wa,  0.0 hi,  0.0 si,  0.0 st
KiB Mem : 32843380 total, 17100456 free,   341924 used, 15401000 buff/cache
--
  PID USER      PR  NI    VIRT    RES    SHR S %CPU %MEM     TIME+ COMMAND
12040 freshman  20   0   38300  31188   5156 R 12.5  0.1   0:11.90 gobmk_base.+
11560 freshman  20   0   42788   3996   3368 R  0.1  0.0   0:04.76 top

top - 18:12:22 up 11 days,  5:17,  6 users,  load average: 0.94, 0.95, 0.66
Tasks: 198 total,   2 running, 121 sleeping,   0 stopped,   0 zombie
%Cpu(s): 12.4 us,  0.0 sy,  0.0 ni, 87.6 id,  0.0 wa,  0.0 hi,  0.0 si,  0.0 st
KiB Mem : 32843380 total, 17100456 free,   341924 used, 15401000 buff/cache
--
  PID USER      PR  NI    VIRT    RES    SHR S %CPU %MEM     TIME+ COMMAND
12040 freshman  20   0   38300  31188   5156 R 12.5  0.1   0:12.90 gobmk_base.+

top - 18:12:23 up 11 days,  5:17,  6 users,  load average: 0.94, 0.95, 0.66
Tasks: 198 total,   2 running, 121 sleeping,   0 stopped,   0 zombie
%Cpu(s): 12.5 us,  0.1 sy,  0.0 ni, 87.3 id,  0.0 wa,  0.0 hi,  0.0 si,  0.0 st
KiB Mem : 32843380 total, 17100456 free,   341924 used, 15401000 buff/cache
--
  PID USER      PR  NI    VIRT    RES    SHR S %CPU %MEM     TIME+ COMMAND
12040 freshman  20   0   38300  31188   5156 R 12.5  0.1   0:13.91 gobmk_base.+
11560 freshman  20   0   42788   3996   3368 R  0.1  0.0   0:04.77 top
11561 freshman  20   0   13136   1004    908 S  0.1  0.0   0:00.05 grep
--
top - 18:12:24 up 11 days,  5:17,  6 users,  load average: 0.94, 0.95, 0.66
Tasks: 198 total,   3 running, 121 sleeping,   0 stopped,   0 zombie
%Cpu(s): 12.7 us,  0.0 sy,  0.0 ni, 87.3 id,  0.0 wa,  0.0 hi,  0.0 si,  0.0 st
KiB Mem : 32843380 total, 17100456 free,   341924 used, 15401000 buff/cache
--
  PID USER      PR  NI    VIRT    RES    SHR S %CPU %MEM     TIME+ COMMAND
12040 freshman  20   0   38300  31188   5156 R 12.5  0.1   0:14.91 gobmk_base.+

top - 18:12:25 up 11 days,  5:17,  6 users,  load average: 0.95, 0.95, 0.67
Tasks: 198 total,   2 running, 121 sleeping,   0 stopped,   0 zombie
%Cpu(s): 12.4 us,  0.1 sy,  0.0 ni, 87.3 id,  0.1 wa,  0.0 hi,  0.0 si,  0.0 st
KiB Mem : 32843380 total, 17100456 free,   341924 used, 15401000 buff/cache
--
  PID USER      PR  NI    VIRT    RES    SHR S %CPU %MEM     TIME+ COMMAND
12040 freshman  20   0   38300  31188   5156 R 12.5  0.1   0:15.92 gobmk_base.+

top - 18:12:26 up 11 days,  5:17,  6 users,  load average: 0.95, 0.95, 0.67
Tasks: 198 total,   2 running, 121 sleeping,   0 stopped,   0 zombie
%Cpu(s): 12.6 us,  0.0 sy,  0.0 ni, 87.4 id,  0.0 wa,  0.0 hi,  0.0 si,  0.0 st
KiB Mem : 32843380 total, 17100176 free,   342192 used, 15401012 buff/cache
--
  PID USER      PR  NI    VIRT    RES    SHR S %CPU %MEM     TIME+ COMMAND
12040 freshman  20   0   38300  31188   5156 R 12.6  0.1   0:16.93 gobmk_base.+
11560 freshman  20   0   42788   3996   3368 R  0.1  0.0   0:04.78 top

top - 18:12:27 up 11 days,  5:17,  6 users,  load average: 0.95, 0.95, 0.67
Tasks: 198 total,   2 running, 121 sleeping,   0 stopped,   0 zombie
%Cpu(s): 12.5 us,  0.0 sy,  0.0 ni, 87.5 id,  0.0 wa,  0.0 hi,  0.0 si,  0.0 st
KiB Mem : 32843380 total, 17100176 free,   342192 used, 15401012 buff/cache
--
  PID USER      PR  NI    VIRT    RES    SHR S %CPU %MEM     TIME+ COMMAND
12040 freshman  20   0   38320  31548   5220 R 12.5  0.1   0:17.94 gobmk_base.+

top - 18:12:28 up 11 days,  5:17,  6 users,  load average: 0.95, 0.95, 0.67
Tasks: 198 total,   2 running, 121 sleeping,   0 stopped,   0 zombie
%Cpu(s): 12.6 us,  0.0 sy,  0.0 ni, 87.4 id,  0.0 wa,  0.0 hi,  0.0 si,  0.0 st
KiB Mem : 32843380 total, 17100176 free,   342192 used, 15401012 buff/cache
--
  PID USER      PR  NI    VIRT    RES    SHR S %CPU %MEM     TIME+ COMMAND
12040 freshman  20   0   38320  31548   5220 R 12.4  0.1   0:18.94 gobmk_base.+

top - 18:12:29 up 11 days,  5:17,  6 users,  load average: 0.95, 0.95, 0.67
Tasks: 198 total,   2 running, 121 sleeping,   0 stopped,   0 zombie
%Cpu(s): 12.5 us,  0.0 sy,  0.0 ni, 87.5 id,  0.0 wa,  0.0 hi,  0.0 si,  0.0 st
KiB Mem : 32843380 total, 17100208 free,   342160 used, 15401012 buff/cache
--
  PID USER      PR  NI    VIRT    RES    SHR S %CPU %MEM     TIME+ COMMAND
12040 freshman  20   0   38320  31548   5220 R 12.5  0.1   0:19.94 gobmk_base.+
11560 freshman  20   0   42788   3996   3368 R  0.1  0.0   0:04.79 top

top - 18:12:30 up 11 days,  5:17,  6 users,  load average: 0.95, 0.95, 0.67
Tasks: 198 total,   2 running, 121 sleeping,   0 stopped,   0 zombie
%Cpu(s): 12.4 us,  0.1 sy,  0.0 ni, 87.3 id,  0.1 wa,  0.0 hi,  0.0 si,  0.0 st
KiB Mem : 32843380 total, 17100208 free,   342160 used, 15401012 buff/cache
--
  PID USER      PR  NI    VIRT    RES    SHR S %CPU %MEM     TIME+ COMMAND
12040 freshman  20   0   38320  31548   5220 R 12.5  0.1   0:20.95 gobmk_base.+

top - 18:12:31 up 11 days,  5:17,  6 users,  load average: 0.95, 0.95, 0.67
Tasks: 198 total,   2 running, 121 sleeping,   0 stopped,   0 zombie
%Cpu(s): 12.6 us,  0.0 sy,  0.0 ni, 87.4 id,  0.0 wa,  0.0 hi,  0.0 si,  0.0 st
KiB Mem : 32843380 total, 17100208 free,   342160 used, 15401012 buff/cache
--
  PID USER      PR  NI    VIRT    RES    SHR S %CPU %MEM     TIME+ COMMAND
12040 freshman  20   0   38320  31548   5220 R 12.6  0.1   0:21.96 gobmk_base.+

top - 18:12:32 up 11 days,  5:17,  6 users,  load average: 0.95, 0.95, 0.67
Tasks: 198 total,   2 running, 121 sleeping,   0 stopped,   0 zombie
%Cpu(s): 12.6 us,  0.0 sy,  0.0 ni, 87.4 id,  0.0 wa,  0.0 hi,  0.0 si,  0.0 st
KiB Mem : 32843380 total, 17100208 free,   342152 used, 15401020 buff/cache
--
  PID USER      PR  NI    VIRT    RES    SHR S %CPU %MEM     TIME+ COMMAND
12040 freshman  20   0   38320  31548   5220 R 12.4  0.1   0:22.96 gobmk_base.+
11560 freshman  20   0   42788   3996   3368 R  0.1  0.0   0:04.80 top

top - 18:12:33 up 11 days,  5:17,  6 users,  load average: 0.95, 0.95, 0.67
Tasks: 198 total,   2 running, 121 sleeping,   0 stopped,   0 zombie
%Cpu(s): 12.6 us,  0.0 sy,  0.0 ni, 87.4 id,  0.0 wa,  0.0 hi,  0.0 si,  0.0 st
KiB Mem : 32843380 total, 17100208 free,   342152 used, 15401020 buff/cache
--
  PID USER      PR  NI    VIRT    RES    SHR S %CPU %MEM     TIME+ COMMAND
12040 freshman  20   0   38320  31548   5220 R 12.5  0.1   0:23.96 gobmk_base.+
11560 freshman  20   0   42788   3996   3368 R  0.1  0.0   0:04.81 top

top - 18:12:34 up 11 days,  5:17,  6 users,  load average: 0.95, 0.95, 0.67
Tasks: 198 total,   2 running, 121 sleeping,   0 stopped,   0 zombie
%Cpu(s): 12.6 us,  0.0 sy,  0.0 ni, 87.4 id,  0.0 wa,  0.0 hi,  0.0 si,  0.0 st
KiB Mem : 32843380 total, 17100208 free,   342152 used, 15401020 buff/cache
--
  PID USER      PR  NI    VIRT    RES    SHR S %CPU %MEM     TIME+ COMMAND
12040 freshman  20   0   38320  31548   5220 R 12.5  0.1   0:24.97 gobmk_base.+

top - 18:12:35 up 11 days,  5:17,  6 users,  load average: 0.95, 0.95, 0.67
Tasks: 198 total,   2 running, 121 sleeping,   0 stopped,   0 zombie
%Cpu(s): 12.4 us,  0.1 sy,  0.0 ni, 87.4 id,  0.0 wa,  0.0 hi,  0.0 si,  0.0 st
KiB Mem : 32843380 total, 17100216 free,   342144 used, 15401020 buff/cache
--
  PID USER      PR  NI    VIRT    RES    SHR S %CPU %MEM     TIME+ COMMAND
12040 freshman  20   0   38320  31548   5220 R 12.6  0.1   0:25.98 gobmk_base.+

top - 18:12:36 up 11 days,  5:17,  6 users,  load average: 0.95, 0.95, 0.67
Tasks: 198 total,   2 running, 121 sleeping,   0 stopped,   0 zombie
%Cpu(s): 12.5 us,  0.0 sy,  0.0 ni, 87.4 id,  0.1 wa,  0.0 hi,  0.0 si,  0.0 st
KiB Mem : 32843380 total, 17100216 free,   342144 used, 15401020 buff/cache
--
  PID USER      PR  NI    VIRT    RES    SHR S %CPU %MEM     TIME+ COMMAND
12040 freshman  20   0   38320  31548   5220 R 12.4  0.1   0:26.98 gobmk_base.+

top - 18:12:37 up 11 days,  5:17,  6 users,  load average: 0.95, 0.95, 0.67
Tasks: 198 total,   2 running, 121 sleeping,   0 stopped,   0 zombie
%Cpu(s): 12.5 us,  0.0 sy,  0.0 ni, 87.5 id,  0.0 wa,  0.0 hi,  0.0 si,  0.0 st
KiB Mem : 32843380 total, 17100216 free,   342144 used, 15401020 buff/cache
--
  PID USER      PR  NI    VIRT    RES    SHR S %CPU %MEM     TIME+ COMMAND
12040 freshman  20   0   38320  31548   5220 R 12.6  0.1   0:27.99 gobmk_base.+
11560 freshman  20   0   42788   3996   3368 R  0.1  0.0   0:04.82 top

top - 18:12:38 up 11 days,  5:17,  6 users,  load average: 0.95, 0.95, 0.67
Tasks: 198 total,   2 running, 121 sleeping,   0 stopped,   0 zombie
%Cpu(s): 12.6 us,  0.0 sy,  0.0 ni, 87.4 id,  0.0 wa,  0.0 hi,  0.0 si,  0.0 st
KiB Mem : 32843380 total, 17100184 free,   342164 used, 15401032 buff/cache
--
  PID USER      PR  NI    VIRT    RES    SHR S %CPU %MEM     TIME+ COMMAND
12040 freshman  20   0   38320  31548   5220 R 12.4  0.1   0:28.99 gobmk_base.+
11560 freshman  20   0   42788   3996   3368 R  0.1  0.0   0:04.83 top

top - 18:12:39 up 11 days,  5:17,  6 users,  load average: 0.95, 0.95, 0.67
Tasks: 198 total,   2 running, 121 sleeping,   0 stopped,   0 zombie
%Cpu(s): 12.4 us,  0.1 sy,  0.0 ni, 87.4 id,  0.0 wa,  0.0 hi,  0.0 si,  0.0 st
KiB Mem : 32843380 total, 17100184 free,   342164 used, 15401032 buff/cache
--
  PID USER      PR  NI    VIRT    RES    SHR S %CPU %MEM     TIME+ COMMAND
12040 freshman  20   0   38320  31548   5220 R 12.6  0.1   0:30.00 gobmk_base.+

top - 18:12:40 up 11 days,  5:17,  6 users,  load average: 0.96, 0.95, 0.67
Tasks: 198 total,   2 running, 121 sleeping,   0 stopped,   0 zombie
%Cpu(s): 12.6 us,  0.0 sy,  0.0 ni, 87.4 id,  0.0 wa,  0.0 hi,  0.0 si,  0.0 st
KiB Mem : 32843380 total, 17100184 free,   342164 used, 15401032 buff/cache
--
  PID USER      PR  NI    VIRT    RES    SHR S %CPU %MEM     TIME+ COMMAND
12040 freshman  20   0   38320  31548   5220 R 12.4  0.1   0:31.00 gobmk_base.+

top - 18:12:41 up 11 days,  5:17,  6 users,  load average: 0.96, 0.95, 0.67
Tasks: 198 total,   2 running, 121 sleeping,   0 stopped,   0 zombie
%Cpu(s): 12.6 us,  0.0 sy,  0.0 ni, 87.4 id,  0.0 wa,  0.0 hi,  0.0 si,  0.0 st
KiB Mem : 32843380 total, 17100216 free,   342132 used, 15401032 buff/cache
--
  PID USER      PR  NI    VIRT    RES    SHR S %CPU %MEM     TIME+ COMMAND
12040 freshman  20   0   38320  31548   5220 R 12.6  0.1   0:32.01 gobmk_base.+

top - 18:12:42 up 11 days,  5:17,  6 users,  load average: 0.96, 0.95, 0.67
Tasks: 198 total,   2 running, 121 sleeping,   0 stopped,   0 zombie
%Cpu(s): 12.4 us,  0.1 sy,  0.0 ni, 87.4 id,  0.0 wa,  0.0 hi,  0.0 si,  0.0 st
KiB Mem : 32843380 total, 17100216 free,   342132 used, 15401032 buff/cache
--
  PID USER      PR  NI    VIRT    RES    SHR S %CPU %MEM     TIME+ COMMAND
12040 freshman  20   0   38320  31548   5220 R 12.4  0.1   0:33.01 gobmk_base.+
11560 freshman  20   0   42788   3996   3368 R  0.1  0.0   0:04.84 top

top - 18:12:43 up 11 days,  5:17,  6 users,  load average: 0.96, 0.95, 0.67
Tasks: 198 total,   2 running, 121 sleeping,   0 stopped,   0 zombie
%Cpu(s): 12.7 us,  0.0 sy,  0.0 ni, 87.3 id,  0.0 wa,  0.0 hi,  0.0 si,  0.0 st
KiB Mem : 32843380 total, 17100216 free,   342132 used, 15401032 buff/cache
--
  PID USER      PR  NI    VIRT    RES    SHR S %CPU %MEM     TIME+ COMMAND
12040 freshman  20   0   38320  31548   5220 R 12.6  0.1   0:34.02 gobmk_base.+

top - 18:12:44 up 11 days,  5:17,  6 users,  load average: 0.96, 0.95, 0.67
Tasks: 198 total,   2 running, 121 sleeping,   0 stopped,   0 zombie
%Cpu(s): 12.5 us,  0.0 sy,  0.0 ni, 87.5 id,  0.0 wa,  0.0 hi,  0.0 si,  0.0 st
KiB Mem : 32843380 total, 17100216 free,   342124 used, 15401040 buff/cache
--
  PID USER      PR  NI    VIRT    RES    SHR S %CPU %MEM     TIME+ COMMAND
12040 freshman  20   0   38320  31548   5220 R 12.4  0.1   0:35.02 gobmk_base.+
11560 freshman  20   0   42788   3996   3368 R  0.1  0.0   0:04.85 top

top - 18:12:45 up 11 days,  5:17,  6 users,  load average: 0.96, 0.95, 0.67
Tasks: 198 total,   2 running, 121 sleeping,   0 stopped,   0 zombie
%Cpu(s): 12.5 us,  0.0 sy,  0.0 ni, 87.5 id,  0.0 wa,  0.0 hi,  0.0 si,  0.0 st
KiB Mem : 32843380 total, 17100216 free,   342124 used, 15401040 buff/cache
--
  PID USER      PR  NI    VIRT    RES    SHR S %CPU %MEM     TIME+ COMMAND
12040 freshman  20   0   38320  31548   5220 R 12.6  0.1   0:36.03 gobmk_base.+

top - 18:12:46 up 11 days,  5:17,  6 users,  load average: 0.96, 0.95, 0.67
Tasks: 198 total,   2 running, 121 sleeping,   0 stopped,   0 zombie
%Cpu(s): 12.6 us,  0.0 sy,  0.0 ni, 87.3 id,  0.1 wa,  0.0 hi,  0.0 si,  0.0 st
KiB Mem : 32843380 total, 17100216 free,   342124 used, 15401040 buff/cache
--
  PID USER      PR  NI    VIRT    RES    SHR S %CPU %MEM     TIME+ COMMAND
12040 freshman  20   0   38320  31548   5220 R 12.4  0.1   0:37.03 gobmk_base.+
11560 freshman  20   0   42788   3996   3368 R  0.1  0.0   0:04.86 top
17961 root      20   0       0      0      0 I  0.1  0.0   0:15.00 kworker/5:2
--
top - 18:12:47 up 11 days,  5:17,  6 users,  load average: 0.96, 0.95, 0.67
Tasks: 198 total,   2 running, 121 sleeping,   0 stopped,   0 zombie
%Cpu(s): 12.4 us,  0.1 sy,  0.0 ni, 87.4 id,  0.0 wa,  0.0 hi,  0.0 si,  0.0 st
KiB Mem : 32843380 total, 17100092 free,   342228 used, 15401060 buff/cache
--
  PID USER      PR  NI    VIRT    RES    SHR S %CPU %MEM     TIME+ COMMAND
12040 freshman  20   0   38320  31548   5220 R 12.6  0.1   0:38.04 gobmk_base.+
   20 root      rt   0       0      0      0 S  0.1  0.0   0:01.95 watchdog/2
11560 freshman  20   0   42788   3996   3368 R  0.1  0.0   0:04.87 top
--
top - 18:12:48 up 11 days,  5:17,  6 users,  load average: 0.96, 0.95, 0.67
Tasks: 198 total,   2 running, 121 sleeping,   0 stopped,   0 zombie
%Cpu(s): 12.6 us,  0.0 sy,  0.0 ni, 87.4 id,  0.0 wa,  0.0 hi,  0.0 si,  0.0 st
KiB Mem : 32843380 total, 17100092 free,   342228 used, 15401060 buff/cache
--
  PID USER      PR  NI    VIRT    RES    SHR S %CPU %MEM     TIME+ COMMAND
12040 freshman  20   0   38320  31548   5220 R 12.4  0.1   0:39.04 gobmk_base.+

top - 18:12:49 up 11 days,  5:17,  6 users,  load average: 0.96, 0.95, 0.67
Tasks: 198 total,   2 running, 121 sleeping,   0 stopped,   0 zombie
%Cpu(s): 12.4 us,  0.1 sy,  0.0 ni, 87.5 id,  0.0 wa,  0.0 hi,  0.0 si,  0.0 st
KiB Mem : 32843380 total, 17100092 free,   342228 used, 15401060 buff/cache
--
  PID USER      PR  NI    VIRT    RES    SHR S %CPU %MEM     TIME+ COMMAND
12040 freshman  20   0   38320  31548   5220 R 12.6  0.1   0:40.05 gobmk_base.+
11560 freshman  20   0   42788   3996   3368 R  0.1  0.0   0:04.88 top

top - 18:12:50 up 11 days,  5:17,  6 users,  load average: 0.97, 0.95, 0.68
Tasks: 198 total,   2 running, 121 sleeping,   0 stopped,   0 zombie
%Cpu(s): 12.6 us,  0.0 sy,  0.0 ni, 87.4 id,  0.0 wa,  0.0 hi,  0.0 si,  0.0 st
KiB Mem : 32843380 total, 17100060 free,   342260 used, 15401060 buff/cache
--
  PID USER      PR  NI    VIRT    RES    SHR S %CPU %MEM     TIME+ COMMAND
12040 freshman  20   0   38320  31548   5220 R 12.5  0.1   0:41.06 gobmk_base.+

top - 18:12:51 up 11 days,  5:17,  6 users,  load average: 0.97, 0.95, 0.68
Tasks: 198 total,   2 running, 121 sleeping,   0 stopped,   0 zombie
%Cpu(s): 12.6 us,  0.0 sy,  0.0 ni, 87.4 id,  0.0 wa,  0.0 hi,  0.0 si,  0.0 st
KiB Mem : 32843380 total, 17100060 free,   342260 used, 15401060 buff/cache
--
  PID USER      PR  NI    VIRT    RES    SHR S %CPU %MEM     TIME+ COMMAND
12040 freshman  20   0   38320  31548   5220 R 12.5  0.1   0:42.06 gobmk_base.+
11405 root      20   0       0      0      0 I  0.1  0.0   0:00.18 kworker/u16+

top - 18:12:52 up 11 days,  5:17,  6 users,  load average: 0.97, 0.95, 0.68
Tasks: 198 total,   2 running, 121 sleeping,   0 stopped,   0 zombie
%Cpu(s): 12.6 us,  0.0 sy,  0.0 ni, 87.4 id,  0.0 wa,  0.0 hi,  0.0 si,  0.0 st
KiB Mem : 32843380 total, 17100060 free,   342260 used, 15401060 buff/cache
--
  PID USER      PR  NI    VIRT    RES    SHR S %CPU %MEM     TIME+ COMMAND
12040 freshman  20   0   38320  31548   5220 R 12.4  0.1   0:43.06 gobmk_base.+

top - 18:12:53 up 11 days,  5:17,  6 users,  load average: 0.97, 0.95, 0.68
Tasks: 198 total,   2 running, 121 sleeping,   0 stopped,   0 zombie
%Cpu(s): 12.6 us,  0.0 sy,  0.0 ni, 87.4 id,  0.0 wa,  0.0 hi,  0.0 si,  0.0 st
KiB Mem : 32843380 total, 17100092 free,   342228 used, 15401060 buff/cache
--
  PID USER      PR  NI    VIRT    RES    SHR S %CPU %MEM     TIME+ COMMAND
12040 freshman  20   0   38320  31548   5220 R 12.5  0.1   0:44.07 gobmk_base.+

top - 18:12:54 up 11 days,  5:17,  6 users,  load average: 0.97, 0.95, 0.68
Tasks: 198 total,   2 running, 121 sleeping,   0 stopped,   0 zombie
%Cpu(s): 12.5 us,  0.0 sy,  0.0 ni, 87.5 id,  0.0 wa,  0.0 hi,  0.0 si,  0.0 st
KiB Mem : 32843380 total, 17100092 free,   342228 used, 15401060 buff/cache
--
  PID USER      PR  NI    VIRT    RES    SHR S %CPU %MEM     TIME+ COMMAND
12040 freshman  20   0   38320  31548   5220 R 12.6  0.1   0:45.08 gobmk_base.+
11560 freshman  20   0   42788   3996   3368 R  0.2  0.0   0:04.90 top

top - 18:12:55 up 11 days,  5:17,  6 users,  load average: 0.97, 0.95, 0.68
Tasks: 198 total,   2 running, 121 sleeping,   0 stopped,   0 zombie
%Cpu(s): 12.5 us,  0.1 sy,  0.0 ni, 87.3 id,  0.0 wa,  0.0 hi,  0.0 si,  0.0 st
KiB Mem : 32843380 total, 17100092 free,   342228 used, 15401060 buff/cache
--
  PID USER      PR  NI    VIRT    RES    SHR S %CPU %MEM     TIME+ COMMAND
12040 freshman  20   0   38320  31548   5220 R 12.4  0.1   0:46.08 gobmk_base.+

top - 18:12:56 up 11 days,  5:17,  6 users,  load average: 0.97, 0.95, 0.68
Tasks: 198 total,   2 running, 121 sleeping,   0 stopped,   0 zombie
%Cpu(s): 12.5 us,  0.0 sy,  0.0 ni, 87.5 id,  0.0 wa,  0.0 hi,  0.0 si,  0.0 st
KiB Mem : 32843380 total, 17100060 free,   342248 used, 15401072 buff/cache
--
  PID USER      PR  NI    VIRT    RES    SHR S %CPU %MEM     TIME+ COMMAND
12040 freshman  20   0   38320  31548   5220 R 12.5  0.1   0:47.08 gobmk_base.+

top - 18:12:57 up 11 days,  5:17,  6 users,  load average: 0.97, 0.95, 0.68
Tasks: 198 total,   2 running, 121 sleeping,   0 stopped,   0 zombie
%Cpu(s): 12.5 us,  0.1 sy,  0.0 ni, 87.3 id,  0.0 wa,  0.0 hi,  0.0 si,  0.0 st
KiB Mem : 32843380 total, 17100060 free,   342248 used, 15401072 buff/cache
--
  PID USER      PR  NI    VIRT    RES    SHR S %CPU %MEM     TIME+ COMMAND
12040 freshman  20   0   38320  31548   5220 R 12.5  0.1   0:48.09 gobmk_base.+

top - 18:12:58 up 11 days,  5:17,  6 users,  load average: 0.97, 0.95, 0.68
Tasks: 198 total,   2 running, 121 sleeping,   0 stopped,   0 zombie
%Cpu(s): 12.4 us,  0.0 sy,  0.0 ni, 87.4 id,  0.1 wa,  0.0 hi,  0.0 si,  0.0 st
KiB Mem : 32843380 total, 17100060 free,   342248 used, 15401072 buff/cache
--
  PID USER      PR  NI    VIRT    RES    SHR S %CPU %MEM     TIME+ COMMAND
11560 freshman  20   0   42788   3996   3368 R  0.1  0.0   0:04.91 top

top - 18:12:59 up 11 days,  5:17,  6 users,  load average: 0.97, 0.95, 0.68
Tasks: 198 total,   2 running, 121 sleeping,   0 stopped,   0 zombie
%Cpu(s): 12.5 us,  0.1 sy,  0.0 ni, 87.3 id,  0.0 wa,  0.0 hi,  0.0 si,  0.0 st
KiB Mem : 32843380 total, 17100492 free,   341808 used, 15401080 buff/cache
--
  PID USER      PR  NI    VIRT    RES    SHR S %CPU %MEM     TIME+ COMMAND
12042 freshman  20   0   38288  29920   4052 R 12.4  0.1   0:01.00 gobmk_base.+

top - 18:13:00 up 11 days,  5:17,  6 users,  load average: 0.97, 0.95, 0.68
Tasks: 198 total,   2 running, 121 sleeping,   0 stopped,   0 zombie
%Cpu(s): 12.4 us,  0.0 sy,  0.0 ni, 87.6 id,  0.0 wa,  0.0 hi,  0.0 si,  0.0 st
KiB Mem : 32843380 total, 17100492 free,   341808 used, 15401080 buff/cache
--
  PID USER      PR  NI    VIRT    RES    SHR S %CPU %MEM     TIME+ COMMAND
12042 freshman  20   0   38308  29920   4052 R 12.6  0.1   0:02.01 gobmk_base.+
11560 freshman  20   0   42788   3996   3368 R  0.1  0.0   0:04.92 top

top - 18:13:01 up 11 days,  5:17,  6 users,  load average: 0.97, 0.95, 0.68
Tasks: 198 total,   2 running, 121 sleeping,   0 stopped,   0 zombie
%Cpu(s): 12.5 us,  0.1 sy,  0.0 ni, 87.3 id,  0.0 wa,  0.0 hi,  0.0 si,  0.0 st
KiB Mem : 32843380 total, 17100492 free,   341808 used, 15401080 buff/cache
--
  PID USER      PR  NI    VIRT    RES    SHR S %CPU %MEM     TIME+ COMMAND
12042 freshman  20   0   38308  29920   4052 R 12.5  0.1   0:03.02 gobmk_base.+

top - 18:13:02 up 11 days,  5:17,  6 users,  load average: 0.97, 0.95, 0.68
Tasks: 198 total,   2 running, 121 sleeping,   0 stopped,   0 zombie
%Cpu(s): 12.6 us,  0.0 sy,  0.0 ni, 87.4 id,  0.0 wa,  0.0 hi,  0.0 si,  0.0 st
KiB Mem : 32843380 total, 17100424 free,   341868 used, 15401088 buff/cache
--
  PID USER      PR  NI    VIRT    RES    SHR S %CPU %MEM     TIME+ COMMAND
12042 freshman  20   0   38308  30872   4804 R 12.5  0.1   0:04.02 gobmk_base.+

top - 18:13:03 up 11 days,  5:17,  6 users,  load average: 0.97, 0.95, 0.68
Tasks: 198 total,   2 running, 121 sleeping,   0 stopped,   0 zombie
%Cpu(s): 12.4 us,  0.1 sy,  0.0 ni, 87.4 id,  0.0 wa,  0.0 hi,  0.0 si,  0.0 st
KiB Mem : 32843380 total, 17100424 free,   341868 used, 15401088 buff/cache
--
  PID USER      PR  NI    VIRT    RES    SHR S %CPU %MEM     TIME+ COMMAND
12042 freshman  20   0   38308  30872   4804 R 12.4  0.1   0:05.02 gobmk_base.+
11560 freshman  20   0   42788   3996   3368 R  0.1  0.0   0:04.93 top

top - 18:13:04 up 11 days,  5:17,  6 users,  load average: 0.97, 0.95, 0.68
Tasks: 198 total,   2 running, 121 sleeping,   0 stopped,   0 zombie
%Cpu(s): 12.5 us,  0.0 sy,  0.0 ni, 87.5 id,  0.0 wa,  0.0 hi,  0.0 si,  0.0 st
KiB Mem : 32843380 total, 17100424 free,   341868 used, 15401088 buff/cache
--
  PID USER      PR  NI    VIRT    RES    SHR S %CPU %MEM     TIME+ COMMAND
12042 freshman  20   0   38308  30872   4804 R 12.6  0.1   0:06.03 gobmk_base.+

top - 18:13:05 up 11 days,  5:17,  6 users,  load average: 0.97, 0.95, 0.68
Tasks: 198 total,   2 running, 121 sleeping,   0 stopped,   0 zombie
%Cpu(s): 12.5 us,  0.1 sy,  0.0 ni, 87.3 id,  0.0 wa,  0.0 hi,  0.0 si,  0.0 st
KiB Mem : 32843380 total, 17100456 free,   341836 used, 15401088 buff/cache
--
  PID USER      PR  NI    VIRT    RES    SHR S %CPU %MEM     TIME+ COMMAND
12042 freshman  20   0   38308  30872   4804 R 12.4  0.1   0:07.03 gobmk_base.+
11560 freshman  20   0   42788   3996   3368 R  0.1  0.0   0:04.94 top

top - 18:13:06 up 11 days,  5:17,  6 users,  load average: 0.97, 0.95, 0.68
Tasks: 198 total,   2 running, 121 sleeping,   0 stopped,   0 zombie
%Cpu(s): 12.5 us,  0.0 sy,  0.0 ni, 87.5 id,  0.0 wa,  0.0 hi,  0.0 si,  0.0 st
KiB Mem : 32843380 total, 17100456 free,   341836 used, 15401088 buff/cache
--
  PID USER      PR  NI    VIRT    RES    SHR S %CPU %MEM     TIME+ COMMAND
12042 freshman  20   0   38308  30872   4804 R 12.6  0.1   0:08.04 gobmk_base.+
11560 freshman  20   0   42788   3996   3368 R  0.1  0.0   0:04.95 top

top - 18:13:07 up 11 days,  5:17,  6 users,  load average: 0.97, 0.95, 0.68
Tasks: 198 total,   2 running, 121 sleeping,   0 stopped,   0 zombie
%Cpu(s): 12.5 us,  0.0 sy,  0.0 ni, 87.5 id,  0.0 wa,  0.0 hi,  0.0 si,  0.0 st
KiB Mem : 32843380 total, 17100456 free,   341836 used, 15401088 buff/cache
--
  PID USER      PR  NI    VIRT    RES    SHR S %CPU %MEM     TIME+ COMMAND
12042 freshman  20   0   38308  30872   4804 R 12.4  0.1   0:09.04 gobmk_base.+

top - 18:13:08 up 11 days,  5:17,  6 users,  load average: 0.97, 0.95, 0.68
Tasks: 198 total,   2 running, 121 sleeping,   0 stopped,   0 zombie
%Cpu(s): 12.6 us,  0.0 sy,  0.0 ni, 87.4 id,  0.0 wa,  0.0 hi,  0.0 si,  0.0 st
KiB Mem : 32843380 total, 17100332 free,   341952 used, 15401096 buff/cache
--
  PID USER      PR  NI    VIRT    RES    SHR S %CPU %MEM     TIME+ COMMAND
12042 freshman  20   0   38308  30872   4804 R 12.5  0.1   0:10.05 gobmk_base.+

top - 18:13:09 up 11 days,  5:17,  6 users,  load average: 0.97, 0.95, 0.68
Tasks: 198 total,   2 running, 121 sleeping,   0 stopped,   0 zombie
%Cpu(s): 12.5 us,  0.1 sy,  0.0 ni, 87.2 id,  0.1 wa,  0.0 hi,  0.0 si,  0.0 st
KiB Mem : 32843380 total, 17100332 free,   341952 used, 15401096 buff/cache
--
  PID USER      PR  NI    VIRT    RES    SHR S %CPU %MEM     TIME+ COMMAND
12042 freshman  20   0   38308  30872   4804 R 12.6  0.1   0:11.06 gobmk_base.+
11560 freshman  20   0   42788   3996   3368 R  0.1  0.0   0:04.96 top

top - 18:13:10 up 11 days,  5:17,  6 users,  load average: 0.98, 0.96, 0.68
Tasks: 198 total,   2 running, 121 sleeping,   0 stopped,   0 zombie
%Cpu(s): 12.5 us,  0.0 sy,  0.0 ni, 87.5 id,  0.0 wa,  0.0 hi,  0.0 si,  0.0 st
KiB Mem : 32843380 total, 17100332 free,   341952 used, 15401096 buff/cache
--
  PID USER      PR  NI    VIRT    RES    SHR S %CPU %MEM     TIME+ COMMAND
12042 freshman  20   0   38308  30872   4804 R 12.4  0.1   0:12.06 gobmk_base.+

top - 18:13:11 up 11 days,  5:17,  6 users,  load average: 0.98, 0.96, 0.68
Tasks: 198 total,   2 running, 121 sleeping,   0 stopped,   0 zombie
%Cpu(s): 12.4 us,  0.1 sy,  0.0 ni, 87.4 id,  0.0 wa,  0.0 hi,  0.0 si,  0.0 st
KiB Mem : 32843380 total, 17100332 free,   341940 used, 15401108 buff/cache
--
  PID USER      PR  NI    VIRT    RES    SHR S %CPU %MEM     TIME+ COMMAND
12042 freshman  20   0   38356  31452   5060 R 12.5  0.1   0:13.06 gobmk_base.+

top - 18:13:12 up 11 days,  5:17,  6 users,  load average: 0.98, 0.96, 0.68
Tasks: 198 total,   2 running, 121 sleeping,   0 stopped,   0 zombie
%Cpu(s): 12.7 us,  0.0 sy,  0.0 ni, 87.3 id,  0.0 wa,  0.0 hi,  0.0 si,  0.0 st
KiB Mem : 32843380 total, 17100332 free,   341940 used, 15401108 buff/cache
--
  PID USER      PR  NI    VIRT    RES    SHR S %CPU %MEM     TIME+ COMMAND
12042 freshman  20   0   38356  31452   5060 R 12.5  0.1   0:14.07 gobmk_base.+
11560 freshman  20   0   42788   3996   3368 R  0.1  0.0   0:04.97 top

top - 18:13:13 up 11 days,  5:17,  6 users,  load average: 0.98, 0.96, 0.68
Tasks: 198 total,   2 running, 121 sleeping,   0 stopped,   0 zombie
%Cpu(s): 12.4 us,  0.0 sy,  0.0 ni, 87.6 id,  0.0 wa,  0.0 hi,  0.0 si,  0.0 st
KiB Mem : 32843380 total, 17100332 free,   341940 used, 15401108 buff/cache
--
  PID USER      PR  NI    VIRT    RES    SHR S %CPU %MEM     TIME+ COMMAND
12042 freshman  20   0   38356  31452   5060 R 12.6  0.1   0:15.08 gobmk_base.+

top - 18:13:14 up 11 days,  5:17,  6 users,  load average: 0.98, 0.96, 0.68
Tasks: 198 total,   2 running, 121 sleeping,   0 stopped,   0 zombie
%Cpu(s): 12.5 us,  0.1 sy,  0.0 ni, 87.4 id,  0.0 wa,  0.0 hi,  0.0 si,  0.0 st
KiB Mem : 32843380 total, 17100052 free,   342212 used, 15401116 buff/cache
--
  PID USER      PR  NI    VIRT    RES    SHR S %CPU %MEM     TIME+ COMMAND
12042 freshman  20   0   38356  31452   5060 R 12.4  0.1   0:16.08 gobmk_base.+
11560 freshman  20   0   42788   3996   3368 R  0.1  0.0   0:04.98 top

top - 18:13:15 up 11 days,  5:18,  6 users,  load average: 0.98, 0.96, 0.69
Tasks: 198 total,   2 running, 121 sleeping,   0 stopped,   0 zombie
%Cpu(s): 12.7 us,  0.0 sy,  0.0 ni, 87.3 id,  0.0 wa,  0.0 hi,  0.0 si,  0.0 st
KiB Mem : 32843380 total, 17100052 free,   342212 used, 15401116 buff/cache
--
  PID USER      PR  NI    VIRT    RES    SHR S %CPU %MEM     TIME+ COMMAND
12042 freshman  20   0   38356  31452   5060 R 12.6  0.1   0:17.09 gobmk_base.+
11560 freshman  20   0   42788   3996   3368 R  0.1  0.0   0:04.99 top

top - 18:13:16 up 11 days,  5:18,  6 users,  load average: 0.98, 0.96, 0.69
Tasks: 198 total,   2 running, 121 sleeping,   0 stopped,   0 zombie
%Cpu(s): 12.5 us,  0.0 sy,  0.0 ni, 87.5 id,  0.0 wa,  0.0 hi,  0.0 si,  0.0 st
KiB Mem : 32843380 total, 17100052 free,   342212 used, 15401116 buff/cache
--
  PID USER      PR  NI    VIRT    RES    SHR S %CPU %MEM     TIME+ COMMAND
12042 freshman  20   0   38356  31452   5060 R 12.4  0.1   0:18.09 gobmk_base.+

top - 18:13:17 up 11 days,  5:18,  6 users,  load average: 0.98, 0.96, 0.69
Tasks: 198 total,   2 running, 121 sleeping,   0 stopped,   0 zombie
%Cpu(s): 12.6 us,  0.0 sy,  0.0 ni, 87.4 id,  0.0 wa,  0.0 hi,  0.0 si,  0.0 st
KiB Mem : 32843380 total, 17100084 free,   342176 used, 15401120 buff/cache
--
  PID USER      PR  NI    VIRT    RES    SHR S %CPU %MEM     TIME+ COMMAND
12042 freshman  20   0   38356  31452   5060 R 12.6  0.1   0:19.10 gobmk_base.+

top - 18:13:18 up 11 days,  5:18,  6 users,  load average: 0.98, 0.96, 0.69
Tasks: 198 total,   2 running, 121 sleeping,   0 stopped,   0 zombie
%Cpu(s): 12.5 us,  0.1 sy,  0.0 ni, 87.3 id,  0.0 wa,  0.0 hi,  0.0 si,  0.0 st
KiB Mem : 32843380 total, 17100084 free,   342176 used, 15401120 buff/cache
--
  PID USER      PR  NI    VIRT    RES    SHR S %CPU %MEM     TIME+ COMMAND
12042 freshman  20   0   38356  31452   5060 R 12.4  0.1   0:20.10 gobmk_base.+

top - 18:13:19 up 11 days,  5:18,  6 users,  load average: 0.98, 0.96, 0.69
Tasks: 198 total,   2 running, 121 sleeping,   0 stopped,   0 zombie
%Cpu(s): 12.4 us,  0.0 sy,  0.0 ni, 87.6 id,  0.0 wa,  0.0 hi,  0.0 si,  0.0 st
KiB Mem : 32843380 total, 17100084 free,   342176 used, 15401120 buff/cache
--
  PID USER      PR  NI    VIRT    RES    SHR S %CPU %MEM     TIME+ COMMAND
12042 freshman  20   0   38356  31452   5060 R 12.6  0.1   0:21.11 gobmk_base.+
11560 freshman  20   0   42788   3996   3368 R  0.1  0.0   0:05.00 top

top - 18:13:20 up 11 days,  5:18,  6 users,  load average: 0.98, 0.96, 0.69
Tasks: 198 total,   2 running, 121 sleeping,   0 stopped,   0 zombie
%Cpu(s): 12.5 us,  0.1 sy,  0.0 ni, 87.4 id,  0.0 wa,  0.0 hi,  0.0 si,  0.0 st
KiB Mem : 32843380 total, 17100084 free,   342176 used, 15401120 buff/cache
--
  PID USER      PR  NI    VIRT    RES    SHR S %CPU %MEM     TIME+ COMMAND
12042 freshman  20   0   38356  31452   5060 R 12.4  0.1   0:22.11 gobmk_base.+

top - 18:13:21 up 11 days,  5:18,  6 users,  load average: 0.98, 0.96, 0.69
Tasks: 198 total,   2 running, 121 sleeping,   0 stopped,   0 zombie
%Cpu(s): 12.5 us,  0.0 sy,  0.0 ni, 87.5 id,  0.0 wa,  0.0 hi,  0.0 si,  0.0 st
KiB Mem : 32843380 total, 17100084 free,   342176 used, 15401120 buff/cache
--
  PID USER      PR  NI    VIRT    RES    SHR S %CPU %MEM     TIME+ COMMAND
12042 freshman  20   0   38356  31452   5060 R 12.6  0.1   0:23.12 gobmk_base.+
11560 freshman  20   0   42788   3996   3368 R  0.1  0.0   0:05.01 top

top - 18:13:22 up 11 days,  5:18,  6 users,  load average: 0.98, 0.96, 0.69
Tasks: 198 total,   2 running, 121 sleeping,   0 stopped,   0 zombie
%Cpu(s): 12.5 us,  0.1 sy,  0.0 ni, 87.3 id,  0.0 wa,  0.0 hi,  0.0 si,  0.0 st
KiB Mem : 32843380 total, 17100084 free,   342176 used, 15401120 buff/cache
--
  PID USER      PR  NI    VIRT    RES    SHR S %CPU %MEM     TIME+ COMMAND
12042 freshman  20   0   38356  31452   5060 R 12.4  0.1   0:24.12 gobmk_base.+

top - 18:13:23 up 11 days,  5:18,  6 users,  load average: 0.98, 0.96, 0.69
Tasks: 198 total,   2 running, 121 sleeping,   0 stopped,   0 zombie
%Cpu(s): 12.5 us,  0.0 sy,  0.0 ni, 87.5 id,  0.0 wa,  0.0 hi,  0.0 si,  0.0 st
KiB Mem : 32843380 total, 17100084 free,   342168 used, 15401128 buff/cache
--
  PID USER      PR  NI    VIRT    RES    SHR S %CPU %MEM     TIME+ COMMAND
12042 freshman  20   0   38356  31452   5060 R 12.6  0.1   0:25.13 gobmk_base.+
11560 freshman  20   0   42788   3996   3368 R  0.1  0.0   0:05.02 top

top - 18:13:24 up 11 days,  5:18,  6 users,  load average: 0.98, 0.96, 0.69
Tasks: 198 total,   2 running, 121 sleeping,   0 stopped,   0 zombie
%Cpu(s): 12.5 us,  0.1 sy,  0.0 ni, 87.3 id,  0.0 wa,  0.0 hi,  0.0 si,  0.0 st
KiB Mem : 32843380 total, 17100084 free,   342168 used, 15401128 buff/cache
--
  PID USER      PR  NI    VIRT    RES    SHR S %CPU %MEM     TIME+ COMMAND
12042 freshman  20   0   38356  31452   5060 R 12.5  0.1   0:26.14 gobmk_base.+

top - 18:13:25 up 11 days,  5:18,  6 users,  load average: 0.98, 0.96, 0.69
Tasks: 198 total,   2 running, 121 sleeping,   0 stopped,   0 zombie
%Cpu(s): 12.5 us,  0.0 sy,  0.0 ni, 87.5 id,  0.0 wa,  0.0 hi,  0.0 si,  0.0 st
KiB Mem : 32843380 total, 17100084 free,   342168 used, 15401128 buff/cache
--
  PID USER      PR  NI    VIRT    RES    SHR S %CPU %MEM     TIME+ COMMAND
12042 freshman  20   0   38356  31452   5060 R 12.4  0.1   0:27.14 gobmk_base.+

top - 18:13:26 up 11 days,  5:18,  6 users,  load average: 0.98, 0.96, 0.69
Tasks: 198 total,   2 running, 121 sleeping,   0 stopped,   0 zombie
%Cpu(s): 12.5 us,  0.0 sy,  0.0 ni, 87.4 id,  0.1 wa,  0.0 hi,  0.0 si,  0.0 st
KiB Mem : 32843380 total, 17100052 free,   342188 used, 15401140 buff/cache
--
  PID USER      PR  NI    VIRT    RES    SHR S %CPU %MEM     TIME+ COMMAND
12042 freshman  20   0   38356  31452   5060 R 12.5  0.1   0:28.14 gobmk_base.+
11560 freshman  20   0   42788   3996   3368 R  0.1  0.0   0:05.03 top

top - 18:13:27 up 11 days,  5:18,  6 users,  load average: 0.98, 0.96, 0.69
Tasks: 198 total,   2 running, 121 sleeping,   0 stopped,   0 zombie
%Cpu(s): 12.5 us,  0.0 sy,  0.0 ni, 87.5 id,  0.0 wa,  0.0 hi,  0.0 si,  0.0 st
KiB Mem : 32843380 total, 17100052 free,   342188 used, 15401140 buff/cache
--
  PID USER      PR  NI    VIRT    RES    SHR S %CPU %MEM     TIME+ COMMAND
12042 freshman  20   0   38356  31452   5060 R 12.5  0.1   0:29.15 gobmk_base.+
11560 freshman  20   0   42788   3996   3368 R  0.1  0.0   0:05.04 top

top - 18:13:28 up 11 days,  5:18,  6 users,  load average: 0.98, 0.96, 0.69
Tasks: 198 total,   2 running, 121 sleeping,   0 stopped,   0 zombie
%Cpu(s): 12.5 us,  0.1 sy,  0.0 ni, 87.3 id,  0.0 wa,  0.0 hi,  0.0 si,  0.0 st
KiB Mem : 32843380 total, 17100052 free,   342188 used, 15401140 buff/cache
--
  PID USER      PR  NI    VIRT    RES    SHR S %CPU %MEM     TIME+ COMMAND
12042 freshman  20   0   38356  31452   5060 R 12.6  0.1   0:30.16 gobmk_base.+
 1026 root      20   0  286348   7012   6088 S  0.1  0.0   0:11.82 accounts-da+

top - 18:13:29 up 11 days,  5:18,  6 users,  load average: 0.98, 0.96, 0.69
Tasks: 198 total,   2 running, 121 sleeping,   0 stopped,   0 zombie
%Cpu(s): 12.5 us,  0.0 sy,  0.0 ni, 87.5 id,  0.0 wa,  0.0 hi,  0.0 si,  0.0 st
KiB Mem : 32843380 total, 17100084 free,   342156 used, 15401140 buff/cache
--
  PID USER      PR  NI    VIRT    RES    SHR S %CPU %MEM     TIME+ COMMAND
12042 freshman  20   0   38356  31452   5060 R 12.4  0.1   0:31.16 gobmk_base.+

top - 18:13:31 up 11 days,  5:18,  6 users,  load average: 0.98, 0.96, 0.69
Tasks: 198 total,   2 running, 121 sleeping,   0 stopped,   0 zombie
%Cpu(s): 12.6 us,  0.0 sy,  0.0 ni, 87.4 id,  0.0 wa,  0.0 hi,  0.0 si,  0.0 st
KiB Mem : 32843380 total, 17100084 free,   342156 used, 15401140 buff/cache
--
  PID USER      PR  NI    VIRT    RES    SHR S %CPU %MEM     TIME+ COMMAND
12042 freshman  20   0   38356  31452   5060 R 12.6  0.1   0:32.17 gobmk_base.+
11560 freshman  20   0   42788   3996   3368 R  0.1  0.0   0:05.05 top

top - 18:13:32 up 11 days,  5:18,  6 users,  load average: 0.98, 0.96, 0.69
Tasks: 198 total,   2 running, 121 sleeping,   0 stopped,   0 zombie
%Cpu(s): 12.4 us,  0.1 sy,  0.0 ni, 87.4 id,  0.0 wa,  0.0 hi,  0.0 si,  0.0 st
KiB Mem : 32843380 total, 17100084 free,   342156 used, 15401140 buff/cache
--
  PID USER      PR  NI    VIRT    RES    SHR S %CPU %MEM     TIME+ COMMAND
12042 freshman  20   0   38356  31452   5060 R 12.4  0.1   0:33.17 gobmk_base.+

top - 18:13:33 up 11 days,  5:18,  6 users,  load average: 0.98, 0.96, 0.69
Tasks: 198 total,   2 running, 121 sleeping,   0 stopped,   0 zombie
%Cpu(s): 12.5 us,  0.0 sy,  0.0 ni, 87.5 id,  0.0 wa,  0.0 hi,  0.0 si,  0.0 st
KiB Mem : 32843380 total, 17100084 free,   342156 used, 15401140 buff/cache
--
  PID USER      PR  NI    VIRT    RES    SHR S %CPU %MEM     TIME+ COMMAND
12042 freshman  20   0   38356  31452   5060 R 12.6  0.1   0:34.18 gobmk_base.+
11560 freshman  20   0   42788   3996   3368 R  0.1  0.0   0:05.06 top

top - 18:13:34 up 11 days,  5:18,  6 users,  load average: 0.98, 0.96, 0.69
Tasks: 198 total,   2 running, 121 sleeping,   0 stopped,   0 zombie
%Cpu(s): 12.5 us,  0.1 sy,  0.0 ni, 87.4 id,  0.0 wa,  0.0 hi,  0.0 si,  0.0 st
KiB Mem : 32843380 total, 17100084 free,   342156 used, 15401140 buff/cache
--
  PID USER      PR  NI    VIRT    RES    SHR S %CPU %MEM     TIME+ COMMAND
12042 freshman  20   0   38356  31452   5060 R 12.4  0.1   0:35.18 gobmk_base.+

top - 18:13:35 up 11 days,  5:18,  6 users,  load average: 0.98, 0.96, 0.69
Tasks: 198 total,   2 running, 121 sleeping,   0 stopped,   0 zombie
%Cpu(s): 12.5 us,  0.0 sy,  0.0 ni, 87.5 id,  0.0 wa,  0.0 hi,  0.0 si,  0.0 st
KiB Mem : 32843380 total, 17100052 free,   342176 used, 15401152 buff/cache
--
  PID USER      PR  NI    VIRT    RES    SHR S %CPU %MEM     TIME+ COMMAND
12042 freshman  20   0   38356  31452   5060 R 12.6  0.1   0:36.19 gobmk_base.+

top - 18:13:36 up 11 days,  5:18,  6 users,  load average: 0.98, 0.96, 0.69
Tasks: 198 total,   2 running, 121 sleeping,   0 stopped,   0 zombie
%Cpu(s): 12.6 us,  0.0 sy,  0.0 ni, 87.4 id,  0.0 wa,  0.0 hi,  0.0 si,  0.0 st
KiB Mem : 32843380 total, 17100052 free,   342176 used, 15401152 buff/cache
--
  PID USER      PR  NI    VIRT    RES    SHR S %CPU %MEM     TIME+ COMMAND
12042 freshman  20   0   38356  31452   5060 R 12.4  0.1   0:37.19 gobmk_base.+
11560 freshman  20   0   42788   3996   3368 R  0.1  0.0   0:05.07 top

top - 18:13:37 up 11 days,  5:18,  6 users,  load average: 0.98, 0.96, 0.69
Tasks: 198 total,   2 running, 121 sleeping,   0 stopped,   0 zombie
%Cpu(s): 12.5 us,  0.0 sy,  0.0 ni, 87.5 id,  0.0 wa,  0.0 hi,  0.0 si,  0.0 st
KiB Mem : 32843380 total, 17100052 free,   342176 used, 15401152 buff/cache
--
  PID USER      PR  NI    VIRT    RES    SHR S %CPU %MEM     TIME+ COMMAND
12042 freshman  20   0   38356  31452   5060 R 12.6  0.1   0:38.20 gobmk_base.+

top - 18:13:38 up 11 days,  5:18,  6 users,  load average: 0.98, 0.96, 0.69
Tasks: 198 total,   2 running, 121 sleeping,   0 stopped,   0 zombie
%Cpu(s): 12.5 us,  0.1 sy,  0.0 ni, 87.3 id,  0.0 wa,  0.0 hi,  0.0 si,  0.0 st
KiB Mem : 32843380 total, 17100084 free,   342144 used, 15401152 buff/cache
--
  PID USER      PR  NI    VIRT    RES    SHR S %CPU %MEM     TIME+ COMMAND
12042 freshman  20   0   38356  31452   5060 R 12.4  0.1   0:39.20 gobmk_base.+

top - 18:13:39 up 11 days,  5:18,  6 users,  load average: 0.98, 0.96, 0.69
Tasks: 198 total,   2 running, 121 sleeping,   0 stopped,   0 zombie
%Cpu(s): 12.5 us,  0.0 sy,  0.0 ni, 87.5 id,  0.0 wa,  0.0 hi,  0.0 si,  0.0 st
KiB Mem : 32843380 total, 17100084 free,   342144 used, 15401152 buff/cache
--
  PID USER      PR  NI    VIRT    RES    SHR S %CPU %MEM     TIME+ COMMAND
12042 freshman  20   0   38356  31452   5060 R 12.6  0.1   0:40.21 gobmk_base.+
11560 freshman  20   0   42788   3996   3368 R  0.1  0.0   0:05.08 top

top - 18:13:40 up 11 days,  5:18,  6 users,  load average: 0.98, 0.96, 0.69
Tasks: 198 total,   2 running, 121 sleeping,   0 stopped,   0 zombie
%Cpu(s): 12.5 us,  0.1 sy,  0.0 ni, 87.3 id,  0.0 wa,  0.0 hi,  0.0 si,  0.0 st
KiB Mem : 32843380 total, 17100084 free,   342144 used, 15401152 buff/cache
--
  PID USER      PR  NI    VIRT    RES    SHR S %CPU %MEM     TIME+ COMMAND
12042 freshman  20   0   38356  31452   5060 R 12.4  0.1   0:41.21 gobmk_base.+

top - 18:13:41 up 11 days,  5:18,  6 users,  load average: 0.99, 0.96, 0.70
Tasks: 198 total,   2 running, 121 sleeping,   0 stopped,   0 zombie
%Cpu(s): 12.5 us,  0.0 sy,  0.0 ni, 87.5 id,  0.0 wa,  0.0 hi,  0.0 si,  0.0 st
KiB Mem : 32843380 total, 17100052 free,   342172 used, 15401156 buff/cache
--
  PID USER      PR  NI    VIRT    RES    SHR S %CPU %MEM     TIME+ COMMAND
12042 freshman  20   0   38356  31452   5060 R 12.6  0.1   0:42.22 gobmk_base.+

top - 18:13:42 up 11 days,  5:18,  6 users,  load average: 0.99, 0.96, 0.70
Tasks: 198 total,   2 running, 121 sleeping,   0 stopped,   0 zombie
%Cpu(s): 12.5 us,  0.0 sy,  0.0 ni, 87.5 id,  0.0 wa,  0.0 hi,  0.0 si,  0.0 st
KiB Mem : 32843380 total, 17100052 free,   342172 used, 15401156 buff/cache
--
  PID USER      PR  NI    VIRT    RES    SHR S %CPU %MEM     TIME+ COMMAND
12042 freshman  20   0   38356  31452   5060 R 12.4  0.1   0:43.22 gobmk_base.+
11560 freshman  20   0   42788   3996   3368 R  0.1  0.0   0:05.09 top

top - 18:13:43 up 11 days,  5:18,  6 users,  load average: 0.99, 0.96, 0.70
Tasks: 198 total,   2 running, 121 sleeping,   0 stopped,   0 zombie
%Cpu(s): 12.5 us,  0.1 sy,  0.0 ni, 87.3 id,  0.0 wa,  0.0 hi,  0.0 si,  0.0 st
KiB Mem : 32843380 total, 17100052 free,   342172 used, 15401156 buff/cache
--
  PID USER      PR  NI    VIRT    RES    SHR S %CPU %MEM     TIME+ COMMAND
12042 freshman  20   0   38356  31452   5060 R 12.6  0.1   0:44.23 gobmk_base.+
 1027 root      20   0  110520   3512   3184 S  0.1  0.0   1:21.20 irqbalance
11560 freshman  20   0   42788   3996   3368 R  0.1  0.0   0:05.10 top
--
top - 18:13:44 up 11 days,  5:18,  6 users,  load average: 0.99, 0.96, 0.70
Tasks: 198 total,   2 running, 121 sleeping,   0 stopped,   0 zombie
%Cpu(s): 12.5 us,  0.0 sy,  0.0 ni, 87.5 id,  0.0 wa,  0.0 hi,  0.0 si,  0.0 st
KiB Mem : 32843380 total, 17100084 free,   342132 used, 15401164 buff/cache
--
  PID USER      PR  NI    VIRT    RES    SHR S %CPU %MEM     TIME+ COMMAND
12042 freshman  20   0   38356  31452   5060 R 12.5  0.1   0:45.24 gobmk_base.+
12030 root      20   0       0      0      0 I  0.1  0.0   0:00.01 kworker/u16+

top - 18:13:45 up 11 days,  5:18,  6 users,  load average: 0.99, 0.96, 0.70
Tasks: 198 total,   2 running, 121 sleeping,   0 stopped,   0 zombie
%Cpu(s): 12.5 us,  0.1 sy,  0.0 ni, 87.3 id,  0.0 wa,  0.0 hi,  0.0 si,  0.0 st
KiB Mem : 32843380 total, 17100084 free,   342132 used, 15401164 buff/cache
--
  PID USER      PR  NI    VIRT    RES    SHR S %CPU %MEM     TIME+ COMMAND
12042 freshman  20   0   38356  31452   5060 R 12.4  0.1   0:46.24 gobmk_base.+
11560 freshman  20   0   42788   3996   3368 R  0.1  0.0   0:05.11 top

top - 18:13:46 up 11 days,  5:18,  6 users,  load average: 0.99, 0.96, 0.70
Tasks: 198 total,   2 running, 121 sleeping,   0 stopped,   0 zombie
%Cpu(s): 12.4 us,  0.0 sy,  0.0 ni, 87.4 id,  0.1 wa,  0.0 hi,  0.0 si,  0.0 st
KiB Mem : 32843380 total, 17100084 free,   342132 used, 15401164 buff/cache
--
  PID USER      PR  NI    VIRT    RES    SHR S %CPU %MEM     TIME+ COMMAND
12042 freshman  20   0   38356  31452   5060 R 12.5  0.1   0:47.24 gobmk_base.+

top - 18:13:47 up 11 days,  5:18,  6 users,  load average: 0.99, 0.96, 0.70
Tasks: 198 total,   2 running, 121 sleeping,   0 stopped,   0 zombie
%Cpu(s): 12.7 us,  0.0 sy,  0.0 ni, 87.3 id,  0.0 wa,  0.0 hi,  0.0 si,  0.0 st
KiB Mem : 32843380 total, 17100052 free,   342156 used, 15401172 buff/cache
--
  PID USER      PR  NI    VIRT    RES    SHR S %CPU %MEM     TIME+ COMMAND
12042 freshman  20   0   38356  31452   5060 R 12.5  0.1   0:48.25 gobmk_base.+
 4867 root      20   0       0      0      0 I  0.1  0.0   0:00.35 kworker/6:0

top - 18:13:48 up 11 days,  5:18,  6 users,  load average: 0.99, 0.96, 0.70
Tasks: 198 total,   2 running, 121 sleeping,   0 stopped,   0 zombie
%Cpu(s): 12.4 us,  0.0 sy,  0.0 ni, 87.6 id,  0.0 wa,  0.0 hi,  0.0 si,  0.0 st
KiB Mem : 32843380 total, 17100052 free,   342156 used, 15401172 buff/cache
--
  PID USER      PR  NI    VIRT    RES    SHR S %CPU %MEM     TIME+ COMMAND
12042 freshman  20   0   38356  31452   5060 R 12.6  0.1   0:49.26 gobmk_base.+
11560 freshman  20   0   42788   3996   3368 R  0.1  0.0   0:05.12 top

top - 18:13:49 up 11 days,  5:18,  6 users,  load average: 0.99, 0.96, 0.70
Tasks: 198 total,   2 running, 121 sleeping,   0 stopped,   0 zombie
%Cpu(s): 12.5 us,  0.1 sy,  0.0 ni, 87.3 id,  0.0 wa,  0.0 hi,  0.0 si,  0.0 st
KiB Mem : 32843380 total, 17100052 free,   342156 used, 15401172 buff/cache
--
  PID USER      PR  NI    VIRT    RES    SHR S %CPU %MEM     TIME+ COMMAND
12042 freshman  20   0   38356  31452   5060 R 12.4  0.1   0:50.26 gobmk_base.+

top - 18:13:50 up 11 days,  5:18,  6 users,  load average: 0.99, 0.96, 0.70
Tasks: 198 total,   2 running, 121 sleeping,   0 stopped,   0 zombie
%Cpu(s): 12.6 us,  0.0 sy,  0.0 ni, 87.4 id,  0.0 wa,  0.0 hi,  0.0 si,  0.0 st
KiB Mem : 32843380 total, 17100084 free,   342120 used, 15401176 buff/cache
--
  PID USER      PR  NI    VIRT    RES    SHR S %CPU %MEM     TIME+ COMMAND
12042 freshman  20   0   38356  31452   5060 R 12.6  0.1   0:51.27 gobmk_base.+
11560 freshman  20   0   42788   3996   3368 R  0.1  0.0   0:05.13 top

top - 18:13:51 up 11 days,  5:18,  6 users,  load average: 0.99, 0.96, 0.70
Tasks: 198 total,   2 running, 121 sleeping,   0 stopped,   0 zombie
%Cpu(s): 12.4 us,  0.1 sy,  0.0 ni, 87.4 id,  0.0 wa,  0.0 hi,  0.0 si,  0.0 st
KiB Mem : 32843380 total, 17100084 free,   342120 used, 15401176 buff/cache
--
  PID USER      PR  NI    VIRT    RES    SHR S %CPU %MEM     TIME+ COMMAND
12042 freshman  20   0   38356  31452   5060 R 12.4  0.1   0:52.27 gobmk_base.+
11560 freshman  20   0   42788   3996   3368 R  0.1  0.0   0:05.14 top

top - 18:13:52 up 11 days,  5:18,  6 users,  load average: 0.99, 0.96, 0.70
Tasks: 198 total,   2 running, 121 sleeping,   0 stopped,   0 zombie
%Cpu(s): 12.6 us,  0.0 sy,  0.0 ni, 87.4 id,  0.0 wa,  0.0 hi,  0.0 si,  0.0 st
KiB Mem : 32843380 total, 17100084 free,   342120 used, 15401176 buff/cache
--
  PID USER      PR  NI    VIRT    RES    SHR S %CPU %MEM     TIME+ COMMAND
12042 freshman  20   0   38356  31452   5060 R 12.5  0.1   0:53.27 gobmk_base.+

top - 18:13:53 up 11 days,  5:18,  6 users,  load average: 0.99, 0.96, 0.70
Tasks: 198 total,   2 running, 121 sleeping,   0 stopped,   0 zombie
%Cpu(s): 12.6 us,  0.0 sy,  0.0 ni, 87.4 id,  0.0 wa,  0.0 hi,  0.0 si,  0.0 st
KiB Mem : 32843380 total, 17100084 free,   342120 used, 15401176 buff/cache
--
  PID USER      PR  NI    VIRT    RES    SHR S %CPU %MEM     TIME+ COMMAND
12042 freshman  20   0   38356  31452   5060 R 12.5  0.1   0:54.28 gobmk_base.+

top - 18:13:54 up 11 days,  5:18,  6 users,  load average: 0.99, 0.96, 0.70
Tasks: 198 total,   2 running, 121 sleeping,   0 stopped,   0 zombie
%Cpu(s): 12.4 us,  0.1 sy,  0.0 ni, 87.5 id,  0.0 wa,  0.0 hi,  0.0 si,  0.0 st
KiB Mem : 32843380 total, 17100084 free,   342120 used, 15401176 buff/cache
--
  PID USER      PR  NI    VIRT    RES    SHR S %CPU %MEM     TIME+ COMMAND
12042 freshman  20   0   38356  31452   5060 R 12.6  0.1   0:55.29 gobmk_base.+
11560 freshman  20   0   42788   3996   3368 R  0.1  0.0   0:05.15 top

top - 18:13:55 up 11 days,  5:18,  6 users,  load average: 0.99, 0.96, 0.70
Tasks: 198 total,   2 running, 121 sleeping,   0 stopped,   0 zombie
%Cpu(s): 12.6 us,  0.0 sy,  0.0 ni, 87.4 id,  0.0 wa,  0.0 hi,  0.0 si,  0.0 st
KiB Mem : 32843380 total, 17100084 free,   342120 used, 15401176 buff/cache
--
  PID USER      PR  NI    VIRT    RES    SHR S %CPU %MEM     TIME+ COMMAND
12042 freshman  20   0   38356  31452   5060 R 12.4  0.1   0:56.29 gobmk_base.+

top - 18:13:56 up 11 days,  5:18,  6 users,  load average: 0.99, 0.96, 0.70
Tasks: 198 total,   2 running, 121 sleeping,   0 stopped,   0 zombie
%Cpu(s): 12.6 us,  0.0 sy,  0.0 ni, 87.4 id,  0.0 wa,  0.0 hi,  0.0 si,  0.0 st
KiB Mem : 32843380 total, 17100084 free,   342112 used, 15401184 buff/cache
--
  PID USER      PR  NI    VIRT    RES    SHR S %CPU %MEM     TIME+ COMMAND
12042 freshman  20   0   38356  31452   5060 R 12.6  0.1   0:57.30 gobmk_base.+

top - 18:13:57 up 11 days,  5:18,  6 users,  load average: 0.99, 0.96, 0.70
Tasks: 198 total,   2 running, 121 sleeping,   0 stopped,   0 zombie
%Cpu(s): 12.5 us,  0.1 sy,  0.0 ni, 87.3 id,  0.0 wa,  0.0 hi,  0.0 si,  0.0 st
KiB Mem : 32843380 total, 17100084 free,   342112 used, 15401184 buff/cache
--
  PID USER      PR  NI    VIRT    RES    SHR S %CPU %MEM     TIME+ COMMAND
12042 freshman  20   0   38356  31452   5060 R 12.4  0.1   0:58.30 gobmk_base.+

top - 18:13:58 up 11 days,  5:18,  6 users,  load average: 0.99, 0.96, 0.70
Tasks: 198 total,   2 running, 121 sleeping,   0 stopped,   0 zombie
%Cpu(s): 12.4 us,  0.0 sy,  0.0 ni, 87.4 id,  0.1 wa,  0.0 hi,  0.0 si,  0.0 st
KiB Mem : 32843380 total, 17100084 free,   342112 used, 15401184 buff/cache
--
  PID USER      PR  NI    VIRT    RES    SHR S %CPU %MEM     TIME+ COMMAND
12042 freshman  20   0   38356  31452   5060 R 12.6  0.1   0:59.31 gobmk_base.+
11560 freshman  20   0   42788   3996   3368 R  0.1  0.0   0:05.16 top

top - 18:13:59 up 11 days,  5:18,  6 users,  load average: 0.99, 0.96, 0.70
Tasks: 198 total,   2 running, 121 sleeping,   0 stopped,   0 zombie
%Cpu(s): 12.7 us,  0.0 sy,  0.0 ni, 87.3 id,  0.0 wa,  0.0 hi,  0.0 si,  0.0 st
KiB Mem : 32843380 total, 17100052 free,   342136 used, 15401192 buff/cache
--
  PID USER      PR  NI    VIRT    RES    SHR S %CPU %MEM     TIME+ COMMAND
12042 freshman  20   0   38356  31452   5060 R 12.4  0.1   1:00.31 gobmk_base.+
11560 freshman  20   0   42788   3996   3368 R  0.1  0.0   0:05.17 top

top - 18:14:00 up 11 days,  5:18,  6 users,  load average: 0.99, 0.96, 0.70
Tasks: 198 total,   2 running, 121 sleeping,   0 stopped,   0 zombie
%Cpu(s): 12.4 us,  0.1 sy,  0.0 ni, 87.5 id,  0.0 wa,  0.0 hi,  0.0 si,  0.0 st
KiB Mem : 32843380 total, 17100052 free,   342136 used, 15401192 buff/cache
--
  PID USER      PR  NI    VIRT    RES    SHR S %CPU %MEM     TIME+ COMMAND
12042 freshman  20   0   38356  31452   5060 R 12.5  0.1   1:01.32 gobmk_base.+
 1020 root      20   0  178600   9400   8600 S  0.1  0.0   1:09.88 thermald

top - 18:14:01 up 11 days,  5:18,  6 users,  load average: 0.99, 0.97, 0.70
Tasks: 198 total,   3 running, 121 sleeping,   0 stopped,   0 zombie
%Cpu(s): 12.5 us,  0.0 sy,  0.0 ni, 87.5 id,  0.0 wa,  0.0 hi,  0.0 si,  0.0 st
KiB Mem : 32843380 total, 17100052 free,   342136 used, 15401192 buff/cache
--
  PID USER      PR  NI    VIRT    RES    SHR S %CPU %MEM     TIME+ COMMAND
12042 freshman  20   0   38356  31452   5060 R 12.5  0.1   1:02.32 gobmk_base.+

top - 18:14:02 up 11 days,  5:18,  6 users,  load average: 0.99, 0.97, 0.70
Tasks: 198 total,   2 running, 121 sleeping,   0 stopped,   0 zombie
%Cpu(s): 12.5 us,  0.1 sy,  0.0 ni, 87.3 id,  0.0 wa,  0.0 hi,  0.0 si,  0.0 st
KiB Mem : 32843380 total, 17100084 free,   342100 used, 15401196 buff/cache
--
  PID USER      PR  NI    VIRT    RES    SHR S %CPU %MEM     TIME+ COMMAND
12042 freshman  20   0   38356  31452   5060 R 12.5  0.1   1:03.33 gobmk_base.+
11560 freshman  20   0   42788   3996   3368 R  0.1  0.0   0:05.18 top

top - 18:14:03 up 11 days,  5:18,  6 users,  load average: 0.99, 0.97, 0.70
Tasks: 198 total,   2 running, 121 sleeping,   0 stopped,   0 zombie
%Cpu(s): 12.6 us,  0.0 sy,  0.0 ni, 87.4 id,  0.0 wa,  0.0 hi,  0.0 si,  0.0 st
KiB Mem : 32843380 total, 17100084 free,   342100 used, 15401196 buff/cache
--
  PID USER      PR  NI    VIRT    RES    SHR S %CPU %MEM     TIME+ COMMAND
12042 freshman  20   0   38356  31452   5060 R 12.5  0.1   1:04.33 gobmk_base.+

top - 18:14:04 up 11 days,  5:18,  6 users,  load average: 0.99, 0.97, 0.70
Tasks: 198 total,   2 running, 121 sleeping,   0 stopped,   0 zombie
%Cpu(s): 12.5 us,  0.0 sy,  0.0 ni, 87.5 id,  0.0 wa,  0.0 hi,  0.0 si,  0.0 st
KiB Mem : 32843380 total, 17100084 free,   342100 used, 15401196 buff/cache
--
  PID USER      PR  NI    VIRT    RES    SHR S %CPU %MEM     TIME+ COMMAND
12042 freshman  20   0   38356  31452   5060 R 12.5  0.1   1:05.34 gobmk_base.+
11560 freshman  20   0   42788   3996   3368 R  0.1  0.0   0:05.19 top

top - 18:14:05 up 11 days,  5:18,  6 users,  load average: 0.99, 0.97, 0.70
Tasks: 198 total,   2 running, 121 sleeping,   0 stopped,   0 zombie
%Cpu(s): 12.6 us,  0.0 sy,  0.0 ni, 87.4 id,  0.0 wa,  0.0 hi,  0.0 si,  0.0 st
KiB Mem : 32843380 total, 17100084 free,   342092 used, 15401204 buff/cache
--
  PID USER      PR  NI    VIRT    RES    SHR S %CPU %MEM     TIME+ COMMAND
12042 freshman  20   0   38356  31452   5060 R 12.6  0.1   1:06.35 gobmk_base.+

top - 18:14:06 up 11 days,  5:18,  6 users,  load average: 0.99, 0.97, 0.71
Tasks: 198 total,   2 running, 121 sleeping,   0 stopped,   0 zombie
%Cpu(s): 12.5 us,  0.1 sy,  0.0 ni, 87.3 id,  0.0 wa,  0.0 hi,  0.0 si,  0.0 st
KiB Mem : 32843380 total, 17100084 free,   342092 used, 15401204 buff/cache
--
  PID USER      PR  NI    VIRT    RES    SHR S %CPU %MEM     TIME+ COMMAND
12042 freshman  20   0   38356  31452   5060 R 12.4  0.1   1:07.35 gobmk_base.+

top - 18:14:07 up 11 days,  5:18,  6 users,  load average: 0.99, 0.97, 0.71
Tasks: 198 total,   2 running, 121 sleeping,   0 stopped,   0 zombie
%Cpu(s): 12.4 us,  0.0 sy,  0.0 ni, 87.6 id,  0.0 wa,  0.0 hi,  0.0 si,  0.0 st
KiB Mem : 32843380 total, 17100084 free,   342092 used, 15401204 buff/cache
--
  PID USER      PR  NI    VIRT    RES    SHR S %CPU %MEM     TIME+ COMMAND
12042 freshman  20   0   38356  31452   5060 R 12.5  0.1   1:08.35 gobmk_base.+
11562 freshman  20   0   13136   1092    996 S  0.1  0.0   0:00.05 grep

top - 18:14:08 up 11 days,  5:18,  6 users,  load average: 0.99, 0.97, 0.71
Tasks: 198 total,   2 running, 121 sleeping,   0 stopped,   0 zombie
%Cpu(s): 12.5 us,  0.1 sy,  0.0 ni, 87.3 id,  0.0 wa,  0.0 hi,  0.0 si,  0.0 st
KiB Mem : 32843380 total, 17100092 free,   342080 used, 15401208 buff/cache
--
  PID USER      PR  NI    VIRT    RES    SHR S %CPU %MEM     TIME+ COMMAND
12042 freshman  20   0   38356  31452   5060 R 12.6  0.1   1:09.37 gobmk_base.+
11560 freshman  20   0   42788   3996   3368 R  0.2  0.0   0:05.21 top

top - 18:14:09 up 11 days,  5:18,  6 users,  load average: 0.99, 0.97, 0.71
Tasks: 198 total,   2 running, 121 sleeping,   0 stopped,   0 zombie
%Cpu(s): 12.5 us,  0.0 sy,  0.0 ni, 87.5 id,  0.0 wa,  0.0 hi,  0.0 si,  0.0 st
KiB Mem : 32843380 total, 17100092 free,   342080 used, 15401208 buff/cache
--
  PID USER      PR  NI    VIRT    RES    SHR S %CPU %MEM     TIME+ COMMAND
12042 freshman  20   0   38356  31452   5060 R 12.5  0.1   1:10.37 gobmk_base.+

top - 18:14:10 up 11 days,  5:18,  6 users,  load average: 0.99, 0.97, 0.71
Tasks: 198 total,   2 running, 121 sleeping,   0 stopped,   0 zombie
%Cpu(s): 12.5 us,  0.0 sy,  0.0 ni, 87.3 id,  0.1 wa,  0.0 hi,  0.0 si,  0.0 st
KiB Mem : 32843380 total, 17100092 free,   342080 used, 15401208 buff/cache
--
  PID USER      PR  NI    VIRT    RES    SHR S %CPU %MEM     TIME+ COMMAND
12042 freshman  20   0   38356  31452   5060 R 12.5  0.1   1:11.38 gobmk_base.+
  518 root       0 -20       0      0      0 I  0.1  0.0   0:00.47 kworker/2:1H

top - 18:14:11 up 11 days,  5:18,  6 users,  load average: 0.99, 0.97, 0.71
Tasks: 198 total,   2 running, 121 sleeping,   0 stopped,   0 zombie
%Cpu(s): 12.6 us,  0.0 sy,  0.0 ni, 87.4 id,  0.0 wa,  0.0 hi,  0.0 si,  0.0 st
KiB Mem : 32843380 total, 17100092 free,   342072 used, 15401216 buff/cache
--
  PID USER      PR  NI    VIRT    RES    SHR S %CPU %MEM     TIME+ COMMAND
12042 freshman  20   0   38356  31452   5060 R 12.5  0.1   1:12.38 gobmk_base.+
11560 freshman  20   0   42788   3996   3368 R  0.1  0.0   0:05.22 top

top - 18:14:12 up 11 days,  5:18,  6 users,  load average: 0.99, 0.97, 0.71
Tasks: 198 total,   2 running, 121 sleeping,   0 stopped,   0 zombie
%Cpu(s): 12.5 us,  0.1 sy,  0.0 ni, 87.3 id,  0.0 wa,  0.0 hi,  0.0 si,  0.0 st
KiB Mem : 32843380 total, 17100092 free,   342072 used, 15401216 buff/cache
--
  PID USER      PR  NI    VIRT    RES    SHR S %CPU %MEM     TIME+ COMMAND
12042 freshman  20   0   38356  31452   5060 R 12.5  0.1   1:13.39 gobmk_base.+

top - 18:14:13 up 11 days,  5:18,  6 users,  load average: 0.99, 0.97, 0.71
Tasks: 198 total,   2 running, 121 sleeping,   0 stopped,   0 zombie
%Cpu(s): 12.5 us,  0.0 sy,  0.0 ni, 87.5 id,  0.0 wa,  0.0 hi,  0.0 si,  0.0 st
KiB Mem : 32843380 total, 17100092 free,   342072 used, 15401216 buff/cache
--
  PID USER      PR  NI    VIRT    RES    SHR S %CPU %MEM     TIME+ COMMAND
12042 freshman  20   0   38356  31452   5060 R 12.5  0.1   1:14.39 gobmk_base.+

top - 18:14:14 up 11 days,  5:18,  6 users,  load average: 0.99, 0.97, 0.71
Tasks: 198 total,   2 running, 121 sleeping,   0 stopped,   0 zombie
%Cpu(s): 12.5 us,  0.0 sy,  0.0 ni, 87.5 id,  0.0 wa,  0.0 hi,  0.0 si,  0.0 st
KiB Mem : 32843380 total, 17100092 free,   342072 used, 15401216 buff/cache
--
  PID USER      PR  NI    VIRT    RES    SHR S %CPU %MEM     TIME+ COMMAND
12042 freshman  20   0   38356  31452   5060 R 12.5  0.1   1:15.40 gobmk_base.+

top - 18:14:15 up 11 days,  5:18,  6 users,  load average: 0.99, 0.97, 0.71
Tasks: 198 total,   2 running, 121 sleeping,   0 stopped,   0 zombie
%Cpu(s): 12.6 us,  0.0 sy,  0.0 ni, 87.4 id,  0.0 wa,  0.0 hi,  0.0 si,  0.0 st
KiB Mem : 32843380 total, 17100092 free,   342072 used, 15401216 buff/cache
--
  PID USER      PR  NI    VIRT    RES    SHR S %CPU %MEM     TIME+ COMMAND
12042 freshman  20   0   38356  31452   5060 R 12.5  0.1   1:16.40 gobmk_base.+
 1808 root      20   0       0      0      0 I  0.1  0.0   0:13.05 kworker/1:2
11560 freshman  20   0   42788   3996   3368 R  0.1  0.0   0:05.23 top
--
top - 18:14:16 up 11 days,  5:19,  6 users,  load average: 0.99, 0.97, 0.71
Tasks: 198 total,   2 running, 121 sleeping,   0 stopped,   0 zombie
%Cpu(s): 12.4 us,  0.1 sy,  0.0 ni, 87.4 id,  0.0 wa,  0.0 hi,  0.0 si,  0.0 st
KiB Mem : 32843380 total, 17100092 free,   342072 used, 15401216 buff/cache
--
  PID USER      PR  NI    VIRT    RES    SHR S %CPU %MEM     TIME+ COMMAND
12042 freshman  20   0   38356  31452   5060 R 12.5  0.1   1:17.41 gobmk_base.+
11560 freshman  20   0   42788   3996   3368 R  0.1  0.0   0:05.24 top

top - 18:14:17 up 11 days,  5:19,  6 users,  load average: 0.99, 0.97, 0.71
Tasks: 198 total,   2 running, 121 sleeping,   0 stopped,   0 zombie
%Cpu(s): 12.7 us,  0.0 sy,  0.0 ni, 87.3 id,  0.0 wa,  0.0 hi,  0.0 si,  0.0 st
KiB Mem : 32843380 total, 17099968 free,   342188 used, 15401224 buff/cache
--
  PID USER      PR  NI    VIRT    RES    SHR S %CPU %MEM     TIME+ COMMAND
12042 freshman  20   0   38356  31452   5060 R 12.4  0.1   1:18.41 gobmk_base.+

top - 18:14:18 up 11 days,  5:19,  6 users,  load average: 0.99, 0.97, 0.71
Tasks: 198 total,   2 running, 121 sleeping,   0 stopped,   0 zombie
%Cpu(s): 12.5 us,  0.0 sy,  0.0 ni, 87.5 id,  0.0 wa,  0.0 hi,  0.0 si,  0.0 st
KiB Mem : 32843380 total, 17099968 free,   342188 used, 15401224 buff/cache
--
  PID USER      PR  NI    VIRT    RES    SHR S %CPU %MEM     TIME+ COMMAND
12042 freshman  20   0   38356  31452   5060 R 12.6  0.1   1:19.42 gobmk_base.+
11560 freshman  20   0   42788   3996   3368 R  0.1  0.0   0:05.25 top

top - 18:14:19 up 11 days,  5:19,  6 users,  load average: 0.99, 0.97, 0.71
Tasks: 198 total,   2 running, 121 sleeping,   0 stopped,   0 zombie
%Cpu(s): 12.5 us,  0.0 sy,  0.0 ni, 87.5 id,  0.0 wa,  0.0 hi,  0.0 si,  0.0 st
KiB Mem : 32843380 total, 17099968 free,   342188 used, 15401224 buff/cache
--
  PID USER      PR  NI    VIRT    RES    SHR S %CPU %MEM     TIME+ COMMAND
12042 freshman  20   0   38356  31452   5060 R 12.4  0.1   1:20.42 gobmk_base.+
11560 freshman  20   0   42788   3996   3368 R  0.1  0.0   0:05.26 top

top - 18:14:20 up 11 days,  5:19,  6 users,  load average: 0.99, 0.97, 0.71
Tasks: 198 total,   2 running, 121 sleeping,   0 stopped,   0 zombie
%Cpu(s): 12.7 us,  0.0 sy,  0.0 ni, 87.3 id,  0.0 wa,  0.0 hi,  0.0 si,  0.0 st
KiB Mem : 32843380 total, 17099968 free,   342184 used, 15401228 buff/cache
--
  PID USER      PR  NI    VIRT    RES    SHR S %CPU %MEM     TIME+ COMMAND
12042 freshman  20   0   38356  31452   5060 R 12.6  0.1   1:21.43 gobmk_base.+

top - 18:14:21 up 11 days,  5:19,  6 users,  load average: 0.99, 0.97, 0.71
Tasks: 198 total,   2 running, 121 sleeping,   0 stopped,   0 zombie
%Cpu(s): 12.4 us,  0.1 sy,  0.0 ni, 87.3 id,  0.1 wa,  0.0 hi,  0.0 si,  0.0 st
KiB Mem : 32843380 total, 17099968 free,   342184 used, 15401228 buff/cache
--
  PID USER      PR  NI    VIRT    RES    SHR S %CPU %MEM     TIME+ COMMAND
12042 freshman  20   0   38356  31452   5060 R 12.5  0.1   1:22.44 gobmk_base.+
11561 freshman  20   0   13136   1004    908 S  0.1  0.0   0:00.06 grep

top - 18:14:22 up 11 days,  5:19,  6 users,  load average: 0.99, 0.97, 0.71
Tasks: 198 total,   2 running, 121 sleeping,   0 stopped,   0 zombie
%Cpu(s): 12.4 us,  0.1 sy,  0.0 ni, 87.4 id,  0.0 wa,  0.0 hi,  0.0 si,  0.0 st
KiB Mem : 32843380 total, 17099968 free,   342184 used, 15401228 buff/cache
--
  PID USER      PR  NI    VIRT    RES    SHR S %CPU %MEM     TIME+ COMMAND
12042 freshman  20   0   38356  31452   5060 R 12.5  0.1   1:23.44 gobmk_base.+

top - 18:14:23 up 11 days,  5:19,  6 users,  load average: 0.99, 0.97, 0.71
Tasks: 198 total,   2 running, 121 sleeping,   0 stopped,   0 zombie
%Cpu(s): 12.5 us,  0.0 sy,  0.0 ni, 87.5 id,  0.0 wa,  0.0 hi,  0.0 si,  0.0 st
KiB Mem : 32843380 total, 17099968 free,   342176 used, 15401236 buff/cache
--
  PID USER      PR  NI    VIRT    RES    SHR S %CPU %MEM     TIME+ COMMAND
12042 freshman  20   0   38356  31452   5060 R 12.4  0.1   1:24.44 gobmk_base.+
11560 freshman  20   0   42788   3996   3368 R  0.1  0.0   0:05.27 top

top - 18:14:24 up 11 days,  5:19,  6 users,  load average: 0.99, 0.97, 0.71
Tasks: 198 total,   2 running, 121 sleeping,   0 stopped,   0 zombie
%Cpu(s): 12.5 us,  0.1 sy,  0.0 ni, 87.3 id,  0.0 wa,  0.0 hi,  0.0 si,  0.0 st
KiB Mem : 32843380 total, 17099968 free,   342176 used, 15401236 buff/cache
--
  PID USER      PR  NI    VIRT    RES    SHR S %CPU %MEM     TIME+ COMMAND
12042 freshman  20   0   38356  31452   5060 R 12.6  0.1   1:25.45 gobmk_base.+
   50 root      rt   0       0      0      0 S  0.1  0.0   0:01.82 watchdog/7

top - 18:14:25 up 11 days,  5:19,  6 users,  load average: 0.99, 0.97, 0.71
Tasks: 198 total,   2 running, 121 sleeping,   0 stopped,   0 zombie
%Cpu(s): 12.5 us,  0.0 sy,  0.0 ni, 87.5 id,  0.0 wa,  0.0 hi,  0.0 si,  0.0 st
KiB Mem : 32843380 total, 17099968 free,   342176 used, 15401236 buff/cache
--
  PID USER      PR  NI    VIRT    RES    SHR S %CPU %MEM     TIME+ COMMAND
12042 freshman  20   0   38356  31452   5060 R 12.5  0.1   1:26.46 gobmk_base.+

top - 18:14:26 up 11 days,  5:19,  6 users,  load average: 1.00, 0.97, 0.71
Tasks: 198 total,   2 running, 121 sleeping,   0 stopped,   0 zombie
%Cpu(s): 12.6 us,  0.0 sy,  0.0 ni, 87.4 id,  0.0 wa,  0.0 hi,  0.0 si,  0.0 st
KiB Mem : 32843380 total, 17099968 free,   342164 used, 15401248 buff/cache
--
  PID USER      PR  NI    VIRT    RES    SHR S %CPU %MEM     TIME+ COMMAND
12042 freshman  20   0   38356  31452   5060 R 12.5  0.1   1:27.46 gobmk_base.+
11560 freshman  20   0   42788   3996   3368 R  0.1  0.0   0:05.28 top

top - 18:14:27 up 11 days,  5:19,  6 users,  load average: 1.00, 0.97, 0.71
Tasks: 198 total,   2 running, 121 sleeping,   0 stopped,   0 zombie
%Cpu(s): 12.6 us,  0.0 sy,  0.0 ni, 87.4 id,  0.0 wa,  0.0 hi,  0.0 si,  0.0 st
KiB Mem : 32843380 total, 17099968 free,   342164 used, 15401248 buff/cache
--
  PID USER      PR  NI    VIRT    RES    SHR S %CPU %MEM     TIME+ COMMAND
12042 freshman  20   0   38356  31452   5060 R 12.5  0.1   1:28.47 gobmk_base.+
11560 freshman  20   0   42788   3996   3368 R  0.1  0.0   0:05.29 top

top - 18:14:28 up 11 days,  5:19,  6 users,  load average: 1.00, 0.97, 0.71
Tasks: 198 total,   2 running, 121 sleeping,   0 stopped,   0 zombie
%Cpu(s): 12.4 us,  0.1 sy,  0.0 ni, 87.4 id,  0.0 wa,  0.0 hi,  0.0 si,  0.0 st
KiB Mem : 32843380 total, 17099968 free,   342164 used, 15401248 buff/cache
--
  PID USER      PR  NI    VIRT    RES    SHR S %CPU %MEM     TIME+ COMMAND
12042 freshman  20   0   38356  31452   5060 R 12.5  0.1   1:29.47 gobmk_base.+

top - 18:14:29 up 11 days,  5:19,  6 users,  load average: 1.00, 0.97, 0.71
Tasks: 198 total,   2 running, 121 sleeping,   0 stopped,   0 zombie
%Cpu(s): 12.5 us,  0.0 sy,  0.0 ni, 87.5 id,  0.0 wa,  0.0 hi,  0.0 si,  0.0 st
KiB Mem : 32843380 total, 17099968 free,   342164 used, 15401248 buff/cache
--
  PID USER      PR  NI    VIRT    RES    SHR S %CPU %MEM     TIME+ COMMAND
12042 freshman  20   0   38356  31452   5060 R 12.5  0.1   1:30.48 gobmk_base.+
11560 freshman  20   0   42788   3996   3368 R  0.1  0.0   0:05.30 top

top - 18:14:30 up 11 days,  5:19,  6 users,  load average: 1.00, 0.97, 0.71
Tasks: 198 total,   2 running, 121 sleeping,   0 stopped,   0 zombie
%Cpu(s): 12.6 us,  0.0 sy,  0.0 ni, 87.4 id,  0.0 wa,  0.0 hi,  0.0 si,  0.0 st
KiB Mem : 32843380 total, 17099968 free,   342164 used, 15401248 buff/cache
--
  PID USER      PR  NI    VIRT    RES    SHR S %CPU %MEM     TIME+ COMMAND
12042 freshman  20   0   38356  31452   5060 R 12.5  0.1   1:31.48 gobmk_base.+

top - 18:14:31 up 11 days,  5:19,  6 users,  load average: 1.00, 0.97, 0.72
Tasks: 198 total,   2 running, 121 sleeping,   0 stopped,   0 zombie
%Cpu(s): 12.6 us,  0.0 sy,  0.0 ni, 87.3 id,  0.1 wa,  0.0 hi,  0.0 si,  0.0 st
KiB Mem : 32843380 total, 17099968 free,   342164 used, 15401248 buff/cache
--
  PID USER      PR  NI    VIRT    RES    SHR S %CPU %MEM     TIME+ COMMAND
12042 freshman  20   0   38356  31452   5060 R 12.5  0.1   1:32.49 gobmk_base.+
11560 freshman  20   0   42788   3996   3368 R  0.1  0.0   0:05.31 top

top - 18:14:32 up 11 days,  5:19,  6 users,  load average: 1.00, 0.97, 0.72
Tasks: 198 total,   2 running, 121 sleeping,   0 stopped,   0 zombie
%Cpu(s): 12.5 us,  0.0 sy,  0.0 ni, 87.5 id,  0.0 wa,  0.0 hi,  0.0 si,  0.0 st
KiB Mem : 32843380 total, 17099968 free,   342156 used, 15401256 buff/cache
--
  PID USER      PR  NI    VIRT    RES    SHR S %CPU %MEM     TIME+ COMMAND
12042 freshman  20   0   38356  31452   5060 R 12.4  0.1   1:33.49 gobmk_base.+

top - 18:14:33 up 11 days,  5:19,  6 users,  load average: 1.00, 0.97, 0.72
Tasks: 198 total,   2 running, 121 sleeping,   0 stopped,   0 zombie
%Cpu(s): 12.4 us,  0.1 sy,  0.0 ni, 87.4 id,  0.0 wa,  0.0 hi,  0.0 si,  0.0 st
KiB Mem : 32843380 total, 17099968 free,   342156 used, 15401256 buff/cache
--
  PID USER      PR  NI    VIRT    RES    SHR S %CPU %MEM     TIME+ COMMAND
12042 freshman  20   0   38356  31452   5060 R 12.6  0.1   1:34.50 gobmk_base.+

top - 18:14:34 up 11 days,  5:19,  6 users,  load average: 1.00, 0.97, 0.72
Tasks: 198 total,   2 running, 121 sleeping,   0 stopped,   0 zombie
%Cpu(s): 12.6 us,  0.0 sy,  0.0 ni, 87.4 id,  0.0 wa,  0.0 hi,  0.0 si,  0.0 st
KiB Mem : 32843380 total, 17099968 free,   342156 used, 15401256 buff/cache
--
  PID USER      PR  NI    VIRT    RES    SHR S %CPU %MEM     TIME+ COMMAND
12042 freshman  20   0   38356  31452   5060 R 12.4  0.1   1:35.50 gobmk_base.+
11560 freshman  20   0   42788   3996   3368 R  0.1  0.0   0:05.32 top

top - 18:14:35 up 11 days,  5:19,  6 users,  load average: 1.00, 0.97, 0.72
Tasks: 198 total,   2 running, 121 sleeping,   0 stopped,   0 zombie
%Cpu(s): 12.5 us,  0.1 sy,  0.0 ni, 87.3 id,  0.0 wa,  0.0 hi,  0.0 si,  0.0 st
KiB Mem : 32843380 total, 17099936 free,   342180 used, 15401264 buff/cache
--
  PID USER      PR  NI    VIRT    RES    SHR S %CPU %MEM     TIME+ COMMAND
12042 freshman  20   0   38356  31452   5060 R 12.6  0.1   1:36.51 gobmk_base.+

top - 18:14:36 up 11 days,  5:19,  6 users,  load average: 1.00, 0.97, 0.72
Tasks: 198 total,   2 running, 121 sleeping,   0 stopped,   0 zombie
%Cpu(s): 12.4 us,  0.0 sy,  0.0 ni, 87.6 id,  0.0 wa,  0.0 hi,  0.0 si,  0.0 st
KiB Mem : 32843380 total, 17099936 free,   342180 used, 15401264 buff/cache
--
  PID USER      PR  NI    VIRT    RES    SHR S %CPU %MEM     TIME+ COMMAND
12042 freshman  20   0   38356  31452   5060 R 12.5  0.1   1:37.52 gobmk_base.+

top - 18:14:37 up 11 days,  5:19,  6 users,  load average: 1.00, 0.97, 0.72
Tasks: 197 total,   2 running, 121 sleeping,   0 stopped,   0 zombie
%Cpu(s): 12.5 us,  0.0 sy,  0.0 ni, 87.5 id,  0.0 wa,  0.0 hi,  0.0 si,  0.0 st
KiB Mem : 32843380 total, 17099936 free,   342180 used, 15401264 buff/cache
--
  PID USER      PR  NI    VIRT    RES    SHR S %CPU %MEM     TIME+ COMMAND
12042 freshman  20   0   38356  31452   5060 R 12.5  0.1   1:38.52 gobmk_base.+
11560 freshman  20   0   42788   3996   3368 R  0.1  0.0   0:05.33 top

top - 18:14:38 up 11 days,  5:19,  6 users,  load average: 1.00, 0.97, 0.72
Tasks: 197 total,   2 running, 121 sleeping,   0 stopped,   0 zombie
%Cpu(s): 12.5 us,  0.1 sy,  0.0 ni, 87.3 id,  0.0 wa,  0.0 hi,  0.0 si,  0.0 st
KiB Mem : 32843380 total, 17099968 free,   342140 used, 15401272 buff/cache
--
  PID USER      PR  NI    VIRT    RES    SHR S %CPU %MEM     TIME+ COMMAND
12042 freshman  20   0   38356  31452   5060 R 12.4  0.1   1:39.52 gobmk_base.+

top - 18:14:39 up 11 days,  5:19,  6 users,  load average: 1.00, 0.97, 0.72
Tasks: 197 total,   2 running, 121 sleeping,   0 stopped,   0 zombie
%Cpu(s): 12.6 us,  0.0 sy,  0.0 ni, 87.4 id,  0.0 wa,  0.0 hi,  0.0 si,  0.0 st
KiB Mem : 32843380 total, 17099968 free,   342140 used, 15401272 buff/cache
--
  PID USER      PR  NI    VIRT    RES    SHR S %CPU %MEM     TIME+ COMMAND
12042 freshman  20   0   38356  31452   5060 R 12.6  0.1   1:40.53 gobmk_base.+
11560 freshman  20   0   42788   3996   3368 R  0.1  0.0   0:05.34 top

top - 18:14:40 up 11 days,  5:19,  6 users,  load average: 1.00, 0.97, 0.72
Tasks: 197 total,   2 running, 121 sleeping,   0 stopped,   0 zombie
%Cpu(s): 12.4 us,  0.1 sy,  0.0 ni, 87.4 id,  0.0 wa,  0.0 hi,  0.0 si,  0.0 st
KiB Mem : 32843380 total, 17099968 free,   342140 used, 15401272 buff/cache
--
  PID USER      PR  NI    VIRT    RES    SHR S %CPU %MEM     TIME+ COMMAND
12042 freshman  20   0   38356  31452   5060 R 12.5  0.1   1:41.54 gobmk_base.+

top - 18:14:41 up 11 days,  5:19,  6 users,  load average: 1.00, 0.97, 0.72
Tasks: 197 total,   2 running, 121 sleeping,   0 stopped,   0 zombie
%Cpu(s): 12.6 us,  0.0 sy,  0.0 ni, 87.4 id,  0.0 wa,  0.0 hi,  0.0 si,  0.0 st
KiB Mem : 32843380 total, 17099936 free,   342168 used, 15401276 buff/cache
--
  PID USER      PR  NI    VIRT    RES    SHR S %CPU %MEM     TIME+ COMMAND
12042 freshman  20   0   38356  31452   5060 R 12.5  0.1   1:42.54 gobmk_base.+

top - 18:14:42 up 11 days,  5:19,  6 users,  load average: 1.00, 0.97, 0.72
Tasks: 197 total,   2 running, 121 sleeping,   0 stopped,   0 zombie
%Cpu(s): 12.6 us,  0.0 sy,  0.0 ni, 87.4 id,  0.0 wa,  0.0 hi,  0.0 si,  0.0 st
KiB Mem : 32843380 total, 17099936 free,   342168 used, 15401276 buff/cache
--
  PID USER      PR  NI    VIRT    RES    SHR S %CPU %MEM     TIME+ COMMAND
12042 freshman  20   0   38356  31452   5060 R 12.5  0.1   1:43.55 gobmk_base.+
11560 freshman  20   0   42788   3996   3368 R  0.1  0.0   0:05.35 top

top - 18:14:43 up 11 days,  5:19,  6 users,  load average: 1.00, 0.97, 0.72
Tasks: 197 total,   2 running, 121 sleeping,   0 stopped,   0 zombie
%Cpu(s): 12.4 us,  0.1 sy,  0.0 ni, 87.4 id,  0.0 wa,  0.0 hi,  0.0 si,  0.0 st
KiB Mem : 32843380 total, 17099936 free,   342168 used, 15401276 buff/cache
--
  PID USER      PR  NI    VIRT    RES    SHR S %CPU %MEM     TIME+ COMMAND
12042 freshman  20   0   38356  31452   5060 R 12.5  0.1   1:44.55 gobmk_base.+

top - 18:14:44 up 11 days,  5:19,  6 users,  load average: 1.00, 0.97, 0.72
Tasks: 197 total,   2 running, 121 sleeping,   0 stopped,   0 zombie
%Cpu(s): 12.6 us,  0.0 sy,  0.0 ni, 87.4 id,  0.0 wa,  0.0 hi,  0.0 si,  0.0 st
KiB Mem : 32843380 total, 17099936 free,   342160 used, 15401284 buff/cache
--
  PID USER      PR  NI    VIRT    RES    SHR S %CPU %MEM     TIME+ COMMAND
12042 freshman  20   0   38356  31452   5060 R 12.5  0.1   1:45.56 gobmk_base.+

top - 18:14:45 up 11 days,  5:19,  6 users,  load average: 1.00, 0.97, 0.72
Tasks: 197 total,   2 running, 121 sleeping,   0 stopped,   0 zombie
%Cpu(s): 12.6 us,  0.0 sy,  0.0 ni, 87.4 id,  0.0 wa,  0.0 hi,  0.0 si,  0.0 st
KiB Mem : 32843380 total, 17099936 free,   342160 used, 15401284 buff/cache
--
  PID USER      PR  NI    VIRT    RES    SHR S %CPU %MEM     TIME+ COMMAND
12042 freshman  20   0   38356  31452   5060 R 12.5  0.1   1:46.56 gobmk_base.+
11560 freshman  20   0   42788   3996   3368 R  0.1  0.0   0:05.36 top

top - 18:14:46 up 11 days,  5:19,  6 users,  load average: 1.00, 0.97, 0.72
Tasks: 197 total,   2 running, 121 sleeping,   0 stopped,   0 zombie
%Cpu(s): 12.5 us,  0.0 sy,  0.0 ni, 87.5 id,  0.0 wa,  0.0 hi,  0.0 si,  0.0 st
KiB Mem : 32843380 total, 17099936 free,   342160 used, 15401284 buff/cache
--
  PID USER      PR  NI    VIRT    RES    SHR S %CPU %MEM     TIME+ COMMAND
12042 freshman  20   0   38356  31452   5060 R 12.5  0.1   1:47.57 gobmk_base.+
11560 freshman  20   0   42788   3996   3368 R  0.1  0.0   0:05.37 top

top - 18:14:47 up 11 days,  5:19,  6 users,  load average: 1.00, 0.97, 0.72
Tasks: 197 total,   2 running, 121 sleeping,   0 stopped,   0 zombie
%Cpu(s): 12.5 us,  0.0 sy,  0.0 ni, 87.5 id,  0.0 wa,  0.0 hi,  0.0 si,  0.0 st
KiB Mem : 32843380 total, 17099936 free,   342160 used, 15401284 buff/cache
--
  PID USER      PR  NI    VIRT    RES    SHR S %CPU %MEM     TIME+ COMMAND
12042 freshman  20   0   38356  31452   5060 R 12.5  0.1   1:48.57 gobmk_base.+

top - 18:14:48 up 11 days,  5:19,  6 users,  load average: 1.00, 0.97, 0.72
Tasks: 197 total,   2 running, 121 sleeping,   0 stopped,   0 zombie
%Cpu(s): 12.5 us,  0.1 sy,  0.0 ni, 87.2 id,  0.1 wa,  0.0 hi,  0.0 si,  0.0 st
KiB Mem : 32843380 total, 17099936 free,   342160 used, 15401284 buff/cache
--
  PID USER      PR  NI    VIRT    RES    SHR S %CPU %MEM     TIME+ COMMAND
12042 freshman  20   0   38356  31452   5060 R 12.5  0.1   1:49.58 gobmk_base.+

top - 18:14:49 up 11 days,  5:19,  6 users,  load average: 1.00, 0.97, 0.72
Tasks: 197 total,   2 running, 121 sleeping,   0 stopped,   0 zombie
%Cpu(s): 12.5 us,  0.0 sy,  0.0 ni, 87.5 id,  0.0 wa,  0.0 hi,  0.0 si,  0.0 st
KiB Mem : 32843380 total, 17099936 free,   342160 used, 15401284 buff/cache
--
  PID USER      PR  NI    VIRT    RES    SHR S %CPU %MEM     TIME+ COMMAND
12042 freshman  20   0   38356  31452   5060 R 12.5  0.1   1:50.58 gobmk_base.+
11560 freshman  20   0   42788   3996   3368 R  0.1  0.0   0:05.38 top

top - 18:14:50 up 11 days,  5:19,  6 users,  load average: 1.00, 0.97, 0.72
Tasks: 197 total,   2 running, 121 sleeping,   0 stopped,   0 zombie
%Cpu(s): 12.5 us,  0.0 sy,  0.0 ni, 87.5 id,  0.0 wa,  0.0 hi,  0.0 si,  0.0 st
KiB Mem : 32843380 total, 17099968 free,   342116 used, 15401296 buff/cache
--
  PID USER      PR  NI    VIRT    RES    SHR S %CPU %MEM     TIME+ COMMAND
12042 freshman  20   0   38356  31452   5060 R 12.5  0.1   1:51.59 gobmk_base.+
    8 root      20   0       0      0      0 I  0.1  0.0   0:19.98 rcu_sched
11560 freshman  20   0   42788   3996   3368 R  0.1  0.0   0:05.39 top
--
top - 18:14:51 up 11 days,  5:19,  6 users,  load average: 1.00, 0.97, 0.72
Tasks: 197 total,   2 running, 121 sleeping,   0 stopped,   0 zombie
%Cpu(s): 12.6 us,  0.0 sy,  0.0 ni, 87.4 id,  0.0 wa,  0.0 hi,  0.0 si,  0.0 st
KiB Mem : 32843380 total, 17099968 free,   342116 used, 15401296 buff/cache
--
  PID USER      PR  NI    VIRT    RES    SHR S %CPU %MEM     TIME+ COMMAND
12042 freshman  20   0   38356  31452   5060 R 12.4  0.1   1:52.59 gobmk_base.+

top - 18:14:52 up 11 days,  5:19,  6 users,  load average: 1.00, 0.97, 0.72
Tasks: 197 total,   2 running, 121 sleeping,   0 stopped,   0 zombie
%Cpu(s): 12.4 us,  0.1 sy,  0.0 ni, 87.4 id,  0.0 wa,  0.0 hi,  0.0 si,  0.0 st
KiB Mem : 32843380 total, 17099968 free,   342116 used, 15401296 buff/cache
--
  PID USER      PR  NI    VIRT    RES    SHR S %CPU %MEM     TIME+ COMMAND
12042 freshman  20   0   38356  31452   5060 R 12.6  0.1   1:53.60 gobmk_base.+

top - 18:14:53 up 11 days,  5:19,  6 users,  load average: 1.00, 0.97, 0.72
Tasks: 197 total,   2 running, 121 sleeping,   0 stopped,   0 zombie
%Cpu(s): 12.5 us,  0.0 sy,  0.0 ni, 87.5 id,  0.0 wa,  0.0 hi,  0.0 si,  0.0 st
KiB Mem : 32843380 total, 17099936 free,   342148 used, 15401296 buff/cache
--
  PID USER      PR  NI    VIRT    RES    SHR S %CPU %MEM     TIME+ COMMAND
12042 freshman  20   0   38356  31452   5060 R 12.4  0.1   1:54.60 gobmk_base.+
11560 freshman  20   0   42788   3996   3368 R  0.1  0.0   0:05.40 top

top - 18:14:54 up 11 days,  5:19,  6 users,  load average: 1.00, 0.97, 0.72
Tasks: 197 total,   2 running, 121 sleeping,   0 stopped,   0 zombie
%Cpu(s): 12.6 us,  0.0 sy,  0.0 ni, 87.4 id,  0.0 wa,  0.0 hi,  0.0 si,  0.0 st
KiB Mem : 32843380 total, 17099936 free,   342148 used, 15401296 buff/cache
--
  PID USER      PR  NI    VIRT    RES    SHR S %CPU %MEM     TIME+ COMMAND
12042 freshman  20   0   38356  31452   5060 R 12.6  0.1   1:55.61 gobmk_base.+

top - 18:14:55 up 11 days,  5:19,  6 users,  load average: 1.00, 0.97, 0.72
Tasks: 197 total,   2 running, 121 sleeping,   0 stopped,   0 zombie
%Cpu(s): 12.4 us,  0.1 sy,  0.0 ni, 87.5 id,  0.0 wa,  0.0 hi,  0.0 si,  0.0 st
KiB Mem : 32843380 total, 17099936 free,   342148 used, 15401296 buff/cache
--
  PID USER      PR  NI    VIRT    RES    SHR S %CPU %MEM     TIME+ COMMAND
12042 freshman  20   0   38356  31452   5060 R 12.5  0.1   1:56.62 gobmk_base.+

top - 18:14:56 up 11 days,  5:19,  6 users,  load average: 1.08, 0.99, 0.73
Tasks: 197 total,   2 running, 121 sleeping,   0 stopped,   0 zombie
%Cpu(s): 12.6 us,  0.0 sy,  0.0 ni, 87.4 id,  0.0 wa,  0.0 hi,  0.0 si,  0.0 st
KiB Mem : 32843380 total, 17099936 free,   342140 used, 15401304 buff/cache
--
  PID USER      PR  NI    VIRT    RES    SHR S %CPU %MEM     TIME+ COMMAND
12042 freshman  20   0   38356  31452   5060 R 12.5  0.1   1:57.62 gobmk_base.+
11560 freshman  20   0   42788   3996   3368 R  0.1  0.0   0:05.41 top

top - 18:14:57 up 11 days,  5:19,  6 users,  load average: 1.08, 0.99, 0.73
Tasks: 198 total,   2 running, 121 sleeping,   0 stopped,   0 zombie
%Cpu(s): 12.6 us,  0.0 sy,  0.0 ni, 87.4 id,  0.0 wa,  0.0 hi,  0.0 si,  0.0 st
KiB Mem : 32843380 total, 17099936 free,   342140 used, 15401304 buff/cache
--
  PID USER      PR  NI    VIRT    RES    SHR S %CPU %MEM     TIME+ COMMAND
12042 freshman  20   0   38356  31452   5060 R 12.4  0.1   1:58.62 gobmk_base.+

top - 18:14:58 up 11 days,  5:19,  6 users,  load average: 1.08, 0.99, 0.73
Tasks: 198 total,   2 running, 121 sleeping,   0 stopped,   0 zombie
%Cpu(s): 12.4 us,  0.1 sy,  0.0 ni, 87.4 id,  0.0 wa,  0.0 hi,  0.0 si,  0.0 st
KiB Mem : 32843380 total, 17099936 free,   342140 used, 15401304 buff/cache
--
  PID USER      PR  NI    VIRT    RES    SHR S %CPU %MEM     TIME+ COMMAND
12042 freshman  20   0   38356  31452   5060 R 12.6  0.1   1:59.63 gobmk_base.+

top - 18:14:59 up 11 days,  5:19,  6 users,  load average: 1.08, 0.99, 0.73
Tasks: 198 total,   2 running, 121 sleeping,   0 stopped,   0 zombie
%Cpu(s): 12.5 us,  0.0 sy,  0.0 ni, 87.3 id,  0.1 wa,  0.0 hi,  0.0 si,  0.0 st
KiB Mem : 32843380 total, 17099936 free,   342124 used, 15401320 buff/cache
--
  PID USER      PR  NI    VIRT    RES    SHR S %CPU %MEM     TIME+ COMMAND
12042 freshman  20   0   38356  31452   5060 R 12.5  0.1   2:00.64 gobmk_base.+
11560 freshman  20   0   42788   3996   3368 R  0.1  0.0   0:05.42 top

top - 18:15:00 up 11 days,  5:19,  6 users,  load average: 1.08, 0.99, 0.73
Tasks: 198 total,   2 running, 121 sleeping,   0 stopped,   0 zombie
%Cpu(s): 12.6 us,  0.0 sy,  0.0 ni, 87.4 id,  0.0 wa,  0.0 hi,  0.0 si,  0.0 st
KiB Mem : 32843380 total, 17099936 free,   342124 used, 15401320 buff/cache
--
  PID USER      PR  NI    VIRT    RES    SHR S %CPU %MEM     TIME+ COMMAND
12042 freshman  20   0   38356  31452   5060 R 12.5  0.1   2:01.64 gobmk_base.+
11560 freshman  20   0   42788   3996   3368 R  0.1  0.0   0:05.43 top

top - 18:15:01 up 11 days,  5:19,  6 users,  load average: 1.07, 0.99, 0.73
Tasks: 198 total,   2 running, 121 sleeping,   0 stopped,   0 zombie
%Cpu(s): 12.5 us,  0.1 sy,  0.0 ni, 87.3 id,  0.0 wa,  0.0 hi,  0.0 si,  0.0 st
KiB Mem : 32843380 total, 17099936 free,   342124 used, 15401320 buff/cache
--
  PID USER      PR  NI    VIRT    RES    SHR S %CPU %MEM     TIME+ COMMAND
12042 freshman  20   0   38356  31452   5060 R 12.5  0.1   2:02.65 gobmk_base.+

top - 18:15:02 up 11 days,  5:19,  6 users,  load average: 1.07, 0.99, 0.73
Tasks: 198 total,   2 running, 121 sleeping,   0 stopped,   0 zombie
%Cpu(s): 12.4 us,  0.0 sy,  0.0 ni, 87.6 id,  0.0 wa,  0.0 hi,  0.0 si,  0.0 st
KiB Mem : 32843380 total, 17099968 free,   342092 used, 15401320 buff/cache
--
  PID USER      PR  NI    VIRT    RES    SHR S %CPU %MEM     TIME+ COMMAND
12042 freshman  20   0   38356  31452   5060 R 12.5  0.1   2:03.65 gobmk_base.+

top - 18:15:03 up 11 days,  5:19,  6 users,  load average: 1.07, 0.99, 0.73
Tasks: 198 total,   2 running, 121 sleeping,   0 stopped,   0 zombie
%Cpu(s): 12.6 us,  0.0 sy,  0.0 ni, 87.4 id,  0.0 wa,  0.0 hi,  0.0 si,  0.0 st
KiB Mem : 32843380 total, 17099968 free,   342092 used, 15401320 buff/cache
--
  PID USER      PR  NI    VIRT    RES    SHR S %CPU %MEM     TIME+ COMMAND
12042 freshman  20   0   38356  31452   5060 R 12.5  0.1   2:04.66 gobmk_base.+
11560 freshman  20   0   42788   3996   3368 R  0.1  0.0   0:05.44 top

top - 18:15:04 up 11 days,  5:19,  6 users,  load average: 1.07, 0.99, 0.73
Tasks: 198 total,   2 running, 121 sleeping,   0 stopped,   0 zombie
%Cpu(s): 12.4 us,  0.1 sy,  0.0 ni, 87.4 id,  0.0 wa,  0.0 hi,  0.0 si,  0.0 st
KiB Mem : 32843380 total, 17099968 free,   342092 used, 15401320 buff/cache
--
  PID USER      PR  NI    VIRT    RES    SHR S %CPU %MEM     TIME+ COMMAND
12045 freshman  20   0   38288  29632   4048 R  5.4  0.1   0:00.43 gobmk_base.+

top - 18:15:05 up 11 days,  5:19,  6 users,  load average: 1.07, 0.99, 0.73
Tasks: 198 total,   2 running, 121 sleeping,   0 stopped,   0 zombie
%Cpu(s): 12.6 us,  0.0 sy,  0.0 ni, 87.4 id,  0.0 wa,  0.0 hi,  0.0 si,  0.0 st
KiB Mem : 32843380 total, 17099928 free,   342108 used, 15401344 buff/cache
--
  PID USER      PR  NI    VIRT    RES    SHR S %CPU %MEM     TIME+ COMMAND
12045 freshman  20   0   38288  29632   4048 R 12.4  0.1   0:01.43 gobmk_base.+

top - 18:15:06 up 11 days,  5:19,  6 users,  load average: 1.07, 0.99, 0.73
Tasks: 198 total,   2 running, 121 sleeping,   0 stopped,   0 zombie
%Cpu(s): 12.4 us,  0.1 sy,  0.0 ni, 87.4 id,  0.0 wa,  0.0 hi,  0.0 si,  0.0 st
KiB Mem : 32843380 total, 17099928 free,   342108 used, 15401344 buff/cache
--
  PID USER      PR  NI    VIRT    RES    SHR S %CPU %MEM     TIME+ COMMAND
12045 freshman  20   0   38288  29632   4048 R 12.6  0.1   0:02.44 gobmk_base.+
11560 freshman  20   0   42788   3996   3368 R  0.1  0.0   0:05.45 top

top - 18:15:07 up 11 days,  5:19,  6 users,  load average: 1.07, 0.99, 0.73
Tasks: 198 total,   2 running, 121 sleeping,   0 stopped,   0 zombie
%Cpu(s): 12.6 us,  0.0 sy,  0.0 ni, 87.4 id,  0.0 wa,  0.0 hi,  0.0 si,  0.0 st
KiB Mem : 32843380 total, 17099928 free,   342108 used, 15401344 buff/cache
--
  PID USER      PR  NI    VIRT    RES    SHR S %CPU %MEM     TIME+ COMMAND
12045 freshman  20   0   38288  29632   4048 R 12.4  0.1   0:03.44 gobmk_base.+

top - 18:15:08 up 11 days,  5:19,  6 users,  load average: 1.07, 0.99, 0.73
Tasks: 198 total,   2 running, 121 sleeping,   0 stopped,   0 zombie
%Cpu(s): 12.4 us,  0.0 sy,  0.0 ni, 87.6 id,  0.0 wa,  0.0 hi,  0.0 si,  0.0 st
KiB Mem : 32843380 total, 17099928 free,   342108 used, 15401344 buff/cache
--
  PID USER      PR  NI    VIRT    RES    SHR S %CPU %MEM     TIME+ COMMAND
12045 freshman  20   0   38288  30480   4684 R 12.6  0.1   0:04.45 gobmk_base.+
11560 freshman  20   0   42788   3996   3368 R  0.1  0.0   0:05.46 top

top - 18:15:09 up 11 days,  5:19,  6 users,  load average: 1.07, 0.99, 0.73
Tasks: 198 total,   2 running, 121 sleeping,   0 stopped,   0 zombie
%Cpu(s): 12.5 us,  0.1 sy,  0.0 ni, 87.2 id,  0.1 wa,  0.0 hi,  0.0 si,  0.0 st
KiB Mem : 32843380 total, 17099928 free,   342108 used, 15401344 buff/cache
--
  PID USER      PR  NI    VIRT    RES    SHR S %CPU %MEM     TIME+ COMMAND
12045 freshman  20   0   38288  30480   4684 R 12.4  0.1   0:05.45 gobmk_base.+

top - 18:15:10 up 11 days,  5:19,  6 users,  load average: 1.07, 0.99, 0.73
Tasks: 198 total,   2 running, 121 sleeping,   0 stopped,   0 zombie
%Cpu(s): 12.5 us,  0.0 sy,  0.0 ni, 87.5 id,  0.0 wa,  0.0 hi,  0.0 si,  0.0 st
KiB Mem : 32843380 total, 17099928 free,   342108 used, 15401344 buff/cache
--
  PID USER      PR  NI    VIRT    RES    SHR S %CPU %MEM     TIME+ COMMAND
12045 freshman  20   0   38288  30480   4684 R 12.5  0.1   0:06.46 gobmk_base.+

top - 18:15:11 up 11 days,  5:19,  6 users,  load average: 1.06, 0.99, 0.73
Tasks: 198 total,   2 running, 121 sleeping,   0 stopped,   0 zombie
%Cpu(s): 12.5 us,  0.0 sy,  0.0 ni, 87.5 id,  0.0 wa,  0.0 hi,  0.0 si,  0.0 st
KiB Mem : 32843380 total, 17099680 free,   342348 used, 15401352 buff/cache
--
  PID USER      PR  NI    VIRT    RES    SHR S %CPU %MEM     TIME+ COMMAND
12045 freshman  20   0   38288  30480   4684 R 12.5  0.1   0:07.46 gobmk_base.+
11560 freshman  20   0   42788   3996   3368 R  0.2  0.0   0:05.48 top

top - 18:15:12 up 11 days,  5:19,  6 users,  load average: 1.06, 0.99, 0.73
Tasks: 198 total,   2 running, 121 sleeping,   0 stopped,   0 zombie
%Cpu(s): 12.6 us,  0.0 sy,  0.0 ni, 87.4 id,  0.0 wa,  0.0 hi,  0.0 si,  0.0 st
KiB Mem : 32843380 total, 17099680 free,   342348 used, 15401352 buff/cache
--
  PID USER      PR  NI    VIRT    RES    SHR S %CPU %MEM     TIME+ COMMAND
12045 freshman  20   0   38288  30924   4876 R 12.5  0.1   0:08.47 gobmk_base.+

top - 18:15:13 up 11 days,  5:19,  6 users,  load average: 1.06, 0.99, 0.73
Tasks: 198 total,   2 running, 121 sleeping,   0 stopped,   0 zombie
%Cpu(s): 12.5 us,  0.1 sy,  0.0 ni, 87.3 id,  0.0 wa,  0.0 hi,  0.0 si,  0.0 st
KiB Mem : 32843380 total, 17099680 free,   342348 used, 15401352 buff/cache
--
  PID USER      PR  NI    VIRT    RES    SHR S %CPU %MEM     TIME+ COMMAND
12045 freshman  20   0   38288  30924   4876 R 12.5  0.1   0:09.47 gobmk_base.+

top - 18:15:14 up 11 days,  5:19,  6 users,  load average: 1.06, 0.99, 0.73
Tasks: 198 total,   2 running, 121 sleeping,   0 stopped,   0 zombie
%Cpu(s): 12.5 us,  0.0 sy,  0.0 ni, 87.5 id,  0.0 wa,  0.0 hi,  0.0 si,  0.0 st
KiB Mem : 32843380 total, 17099712 free,   342312 used, 15401356 buff/cache
--
  PID USER      PR  NI    VIRT    RES    SHR S %CPU %MEM     TIME+ COMMAND
12045 freshman  20   0   38288  30924   4876 R 12.5  0.1   0:10.48 gobmk_base.+

top - 18:15:15 up 11 days,  5:20,  6 users,  load average: 1.06, 0.99, 0.73
Tasks: 198 total,   2 running, 121 sleeping,   0 stopped,   0 zombie
%Cpu(s): 12.6 us,  0.0 sy,  0.0 ni, 87.4 id,  0.0 wa,  0.0 hi,  0.0 si,  0.0 st
KiB Mem : 32843380 total, 17099712 free,   342312 used, 15401356 buff/cache
--
  PID USER      PR  NI    VIRT    RES    SHR S %CPU %MEM     TIME+ COMMAND
12045 freshman  20   0   38288  30924   4876 R 12.5  0.1   0:11.48 gobmk_base.+
11560 freshman  20   0   42788   3996   3368 R  0.1  0.0   0:05.49 top

top - 18:15:16 up 11 days,  5:20,  6 users,  load average: 1.06, 0.99, 0.74
Tasks: 198 total,   2 running, 121 sleeping,   0 stopped,   0 zombie
%Cpu(s): 12.5 us,  0.0 sy,  0.0 ni, 87.5 id,  0.0 wa,  0.0 hi,  0.0 si,  0.0 st
KiB Mem : 32843380 total, 17099712 free,   342312 used, 15401356 buff/cache
--
  PID USER      PR  NI    VIRT    RES    SHR S %CPU %MEM     TIME+ COMMAND
12045 freshman  20   0   38288  30924   4876 R 12.5  0.1   0:12.49 gobmk_base.+

top - 18:15:17 up 11 days,  5:20,  6 users,  load average: 1.06, 0.99, 0.74
Tasks: 198 total,   2 running, 121 sleeping,   0 stopped,   0 zombie
%Cpu(s): 12.6 us,  0.0 sy,  0.0 ni, 87.4 id,  0.0 wa,  0.0 hi,  0.0 si,  0.0 st
KiB Mem : 32843380 total, 17099680 free,   342332 used, 15401368 buff/cache
--
  PID USER      PR  NI    VIRT    RES    SHR S %CPU %MEM     TIME+ COMMAND
12045 freshman  20   0   38288  30924   4876 R 12.6  0.1   0:13.50 gobmk_base.+
11560 freshman  20   0   42788   3996   3368 R  0.1  0.0   0:05.50 top

top - 18:15:18 up 11 days,  5:20,  6 users,  load average: 1.06, 0.99, 0.74
Tasks: 198 total,   2 running, 121 sleeping,   0 stopped,   0 zombie
%Cpu(s): 12.6 us,  0.0 sy,  0.0 ni, 87.4 id,  0.0 wa,  0.0 hi,  0.0 si,  0.0 st
KiB Mem : 32843380 total, 17099680 free,   342332 used, 15401368 buff/cache
--
  PID USER      PR  NI    VIRT    RES    SHR S %CPU %MEM     TIME+ COMMAND
12045 freshman  20   0   38288  30924   4876 R 12.4  0.1   0:14.50 gobmk_base.+

top - 18:15:19 up 11 days,  5:20,  6 users,  load average: 1.06, 0.99, 0.74
Tasks: 198 total,   2 running, 121 sleeping,   0 stopped,   0 zombie
%Cpu(s): 12.4 us,  0.1 sy,  0.0 ni, 87.4 id,  0.0 wa,  0.0 hi,  0.0 si,  0.0 st
KiB Mem : 32843380 total, 17099680 free,   342332 used, 15401368 buff/cache
--
  PID USER      PR  NI    VIRT    RES    SHR S %CPU %MEM     TIME+ COMMAND
12045 freshman  20   0   38288  30924   4876 R 12.5  0.1   0:15.50 gobmk_base.+
11560 freshman  20   0   42788   3996   3368 R  0.1  0.0   0:05.51 top

top - 18:15:20 up 11 days,  5:20,  6 users,  load average: 1.06, 0.99, 0.74
Tasks: 198 total,   2 running, 121 sleeping,   0 stopped,   0 zombie
%Cpu(s): 12.7 us,  0.0 sy,  0.0 ni, 87.3 id,  0.0 wa,  0.0 hi,  0.0 si,  0.0 st
KiB Mem : 32843380 total, 17099712 free,   342300 used, 15401368 buff/cache
--
  PID USER      PR  NI    VIRT    RES    SHR S %CPU %MEM     TIME+ COMMAND
12045 freshman  20   0   38288  30924   4876 R 12.5  0.1   0:16.51 gobmk_base.+

top - 18:15:21 up 11 days,  5:20,  6 users,  load average: 1.05, 0.99, 0.74
Tasks: 198 total,   2 running, 121 sleeping,   0 stopped,   0 zombie
%Cpu(s): 12.5 us,  0.0 sy,  0.0 ni, 87.5 id,  0.0 wa,  0.0 hi,  0.0 si,  0.0 st
KiB Mem : 32843380 total, 17099712 free,   342300 used, 15401368 buff/cache
--
  PID USER      PR  NI    VIRT    RES    SHR S %CPU %MEM     TIME+ COMMAND
12045 freshman  20   0   38288  30924   4876 R 12.5  0.1   0:17.51 gobmk_base.+

top - 18:15:22 up 11 days,  5:20,  6 users,  load average: 1.05, 0.99, 0.74
Tasks: 198 total,   2 running, 121 sleeping,   0 stopped,   0 zombie
%Cpu(s): 12.5 us,  0.1 sy,  0.0 ni, 87.3 id,  0.0 wa,  0.0 hi,  0.0 si,  0.0 st
KiB Mem : 32843380 total, 17099712 free,   342300 used, 15401368 buff/cache
--
  PID USER      PR  NI    VIRT    RES    SHR S %CPU %MEM     TIME+ COMMAND
12045 freshman  20   0   38288  30924   4876 R 12.5  0.1   0:18.52 gobmk_base.+

top - 18:15:23 up 11 days,  5:20,  6 users,  load average: 1.05, 0.99, 0.74
Tasks: 198 total,   2 running, 121 sleeping,   0 stopped,   0 zombie
%Cpu(s): 12.6 us,  0.0 sy,  0.0 ni, 87.4 id,  0.0 wa,  0.0 hi,  0.0 si,  0.0 st
KiB Mem : 32843380 total, 17099680 free,   342320 used, 15401380 buff/cache
--
  PID USER      PR  NI    VIRT    RES    SHR S %CPU %MEM     TIME+ COMMAND
12045 freshman  20   0   38288  30924   4876 R 12.5  0.1   0:19.52 gobmk_base.+
11560 freshman  20   0   42788   3996   3368 R  0.1  0.0   0:05.52 top

top - 18:15:24 up 11 days,  5:20,  6 users,  load average: 1.05, 0.99, 0.74
Tasks: 198 total,   2 running, 121 sleeping,   0 stopped,   0 zombie
%Cpu(s): 12.5 us,  0.0 sy,  0.0 ni, 87.5 id,  0.0 wa,  0.0 hi,  0.0 si,  0.0 st
KiB Mem : 32843380 total, 17099680 free,   342320 used, 15401380 buff/cache
--
  PID USER      PR  NI    VIRT    RES    SHR S %CPU %MEM     TIME+ COMMAND
12045 freshman  20   0   38288  30924   4876 R 12.5  0.1   0:20.53 gobmk_base.+
11560 freshman  20   0   42788   3996   3368 R  0.1  0.0   0:05.53 top

top - 18:15:25 up 11 days,  5:20,  6 users,  load average: 1.05, 0.99, 0.74
Tasks: 198 total,   2 running, 121 sleeping,   0 stopped,   0 zombie
%Cpu(s): 12.6 us,  0.0 sy,  0.0 ni, 87.4 id,  0.0 wa,  0.0 hi,  0.0 si,  0.0 st
KiB Mem : 32843380 total, 17099680 free,   342320 used, 15401380 buff/cache
--
  PID USER      PR  NI    VIRT    RES    SHR S %CPU %MEM     TIME+ COMMAND
12045 freshman  20   0   38288  30924   4876 R 12.5  0.1   0:21.53 gobmk_base.+

top - 18:15:26 up 11 days,  5:20,  6 users,  load average: 1.05, 0.99, 0.74
Tasks: 198 total,   2 running, 121 sleeping,   0 stopped,   0 zombie
%Cpu(s): 12.5 us,  0.0 sy,  0.0 ni, 87.5 id,  0.0 wa,  0.0 hi,  0.0 si,  0.0 st
KiB Mem : 32843380 total, 17099712 free,   342288 used, 15401380 buff/cache
--
  PID USER      PR  NI    VIRT    RES    SHR S %CPU %MEM     TIME+ COMMAND
12045 freshman  20   0   38288  30924   4876 R 12.5  0.1   0:22.54 gobmk_base.+
20489 root      20   0       0      0      0 I  0.1  0.0   0:00.19 kworker/4:0

top - 18:15:27 up 11 days,  5:20,  6 users,  load average: 1.05, 0.99, 0.74
Tasks: 198 total,   2 running, 121 sleeping,   0 stopped,   0 zombie
%Cpu(s): 12.6 us,  0.0 sy,  0.0 ni, 87.4 id,  0.0 wa,  0.0 hi,  0.0 si,  0.0 st
KiB Mem : 32843380 total, 17099712 free,   342288 used, 15401380 buff/cache
--
  PID USER      PR  NI    VIRT    RES    SHR S %CPU %MEM     TIME+ COMMAND
12045 freshman  20   0   38288  30924   4876 R 12.5  0.1   0:23.54 gobmk_base.+
11560 freshman  20   0   42788   3996   3368 R  0.1  0.0   0:05.54 top

top - 18:15:28 up 11 days,  5:20,  6 users,  load average: 1.05, 0.99, 0.74
Tasks: 198 total,   2 running, 121 sleeping,   0 stopped,   0 zombie
%Cpu(s): 12.5 us,  0.1 sy,  0.0 ni, 87.3 id,  0.0 wa,  0.0 hi,  0.0 si,  0.0 st
KiB Mem : 32843380 total, 17099712 free,   342288 used, 15401380 buff/cache
--
  PID USER      PR  NI    VIRT    RES    SHR S %CPU %MEM     TIME+ COMMAND
12045 freshman  20   0   38288  30924   4876 R 12.5  0.1   0:24.55 gobmk_base.+

top - 18:15:29 up 11 days,  5:20,  6 users,  load average: 1.05, 0.99, 0.74
Tasks: 198 total,   2 running, 121 sleeping,   0 stopped,   0 zombie
%Cpu(s): 12.5 us,  0.0 sy,  0.0 ni, 87.5 id,  0.0 wa,  0.0 hi,  0.0 si,  0.0 st
KiB Mem : 32843380 total, 17099680 free,   342320 used, 15401380 buff/cache
--
  PID USER      PR  NI    VIRT    RES    SHR S %CPU %MEM     TIME+ COMMAND
12045 freshman  20   0   38288  30924   4876 R 12.5  0.1   0:25.55 gobmk_base.+
11560 freshman  20   0   42788   3996   3368 R  0.1  0.0   0:05.55 top

top - 18:15:30 up 11 days,  5:20,  6 users,  load average: 1.05, 0.99, 0.74
Tasks: 198 total,   2 running, 121 sleeping,   0 stopped,   0 zombie
%Cpu(s): 12.5 us,  0.1 sy,  0.0 ni, 87.2 id,  0.1 wa,  0.0 hi,  0.0 si,  0.0 st
KiB Mem : 32843380 total, 17099680 free,   342320 used, 15401380 buff/cache
--
  PID USER      PR  NI    VIRT    RES    SHR S %CPU %MEM     TIME+ COMMAND
12045 freshman  20   0   38288  30924   4876 R 12.4  0.1   0:26.55 gobmk_base.+

top - 18:15:31 up 11 days,  5:20,  6 users,  load average: 1.04, 0.99, 0.74
Tasks: 198 total,   2 running, 121 sleeping,   0 stopped,   0 zombie
%Cpu(s): 12.5 us,  0.0 sy,  0.0 ni, 87.5 id,  0.0 wa,  0.0 hi,  0.0 si,  0.0 st
KiB Mem : 32843380 total, 17099680 free,   342320 used, 15401380 buff/cache
--
  PID USER      PR  NI    VIRT    RES    SHR S %CPU %MEM     TIME+ COMMAND
12045 freshman  20   0   38288  30924   4876 R 12.6  0.1   0:27.56 gobmk_base.+
11560 freshman  20   0   42788   3996   3368 R  0.1  0.0   0:05.56 top

top - 18:15:32 up 11 days,  5:20,  6 users,  load average: 1.04, 0.99, 0.74
Tasks: 198 total,   2 running, 121 sleeping,   0 stopped,   0 zombie
%Cpu(s): 12.6 us,  0.0 sy,  0.0 ni, 87.4 id,  0.0 wa,  0.0 hi,  0.0 si,  0.0 st
KiB Mem : 32843380 total, 17099704 free,   342284 used, 15401392 buff/cache
--
  PID USER      PR  NI    VIRT    RES    SHR S %CPU %MEM     TIME+ COMMAND
12045 freshman  20   0   38288  30924   4876 R 12.5  0.1   0:28.57 gobmk_base.+

top - 18:15:33 up 11 days,  5:20,  6 users,  load average: 1.04, 0.99, 0.74
Tasks: 198 total,   2 running, 121 sleeping,   0 stopped,   0 zombie
%Cpu(s): 12.4 us,  0.1 sy,  0.0 ni, 87.4 id,  0.0 wa,  0.0 hi,  0.0 si,  0.0 st
KiB Mem : 32843380 total, 17099704 free,   342284 used, 15401392 buff/cache
--
  PID USER      PR  NI    VIRT    RES    SHR S %CPU %MEM     TIME+ COMMAND
12045 freshman  20   0   38288  30924   4876 R 12.5  0.1   0:29.57 gobmk_base.+

top - 18:15:34 up 11 days,  5:20,  6 users,  load average: 1.04, 0.99, 0.74
Tasks: 198 total,   2 running, 121 sleeping,   0 stopped,   0 zombie
%Cpu(s): 12.6 us,  0.0 sy,  0.0 ni, 87.4 id,  0.0 wa,  0.0 hi,  0.0 si,  0.0 st
KiB Mem : 32843380 total, 17099704 free,   342284 used, 15401392 buff/cache
--
  PID USER      PR  NI    VIRT    RES    SHR S %CPU %MEM     TIME+ COMMAND
12045 freshman  20   0   38288  30924   4876 R 12.5  0.1   0:30.58 gobmk_base.+

top - 18:15:35 up 11 days,  5:20,  6 users,  load average: 1.04, 0.99, 0.74
Tasks: 198 total,   2 running, 121 sleeping,   0 stopped,   0 zombie
%Cpu(s): 12.5 us,  0.1 sy,  0.0 ni, 87.3 id,  0.0 wa,  0.0 hi,  0.0 si,  0.0 st
KiB Mem : 32843380 total, 17099704 free,   342276 used, 15401400 buff/cache
--
  PID USER      PR  NI    VIRT    RES    SHR S %CPU %MEM     TIME+ COMMAND
12045 freshman  20   0   38292  30924   4876 R 12.4  0.1   0:31.58 gobmk_base.+
11560 freshman  20   0   42788   3996   3368 R  0.1  0.0   0:05.57 top

top - 18:15:36 up 11 days,  5:20,  6 users,  load average: 1.04, 0.99, 0.74
Tasks: 198 total,   2 running, 121 sleeping,   0 stopped,   0 zombie
%Cpu(s): 12.5 us,  0.0 sy,  0.0 ni, 87.5 id,  0.0 wa,  0.0 hi,  0.0 si,  0.0 st
KiB Mem : 32843380 total, 17099704 free,   342276 used, 15401400 buff/cache
--
  PID USER      PR  NI    VIRT    RES    SHR S %CPU %MEM     TIME+ COMMAND
12045 freshman  20   0   38292  30924   4876 R 12.5  0.1   0:32.58 gobmk_base.+

top - 18:15:37 up 11 days,  5:20,  6 users,  load average: 1.04, 0.99, 0.74
Tasks: 198 total,   2 running, 121 sleeping,   0 stopped,   0 zombie
%Cpu(s): 12.5 us,  0.0 sy,  0.0 ni, 87.5 id,  0.0 wa,  0.0 hi,  0.0 si,  0.0 st
KiB Mem : 32843380 total, 17099704 free,   342276 used, 15401400 buff/cache
--
  PID USER      PR  NI    VIRT    RES    SHR S %CPU %MEM     TIME+ COMMAND
12045 freshman  20   0   38292  30924   4876 R 12.5  0.1   0:33.59 gobmk_base.+
11560 freshman  20   0   42788   3996   3368 R  0.1  0.0   0:05.58 top

top - 18:15:38 up 11 days,  5:20,  6 users,  load average: 1.04, 0.99, 0.74
Tasks: 198 total,   2 running, 121 sleeping,   0 stopped,   0 zombie
%Cpu(s): 12.6 us,  0.0 sy,  0.0 ni, 87.4 id,  0.0 wa,  0.0 hi,  0.0 si,  0.0 st
KiB Mem : 32843380 total, 17099720 free,   342256 used, 15401404 buff/cache
--
  PID USER      PR  NI    VIRT    RES    SHR S %CPU %MEM     TIME+ COMMAND
12045 freshman  20   0   38292  30924   4876 R 12.6  0.1   0:34.60 gobmk_base.+
11560 freshman  20   0   42788   3996   3368 R  0.1  0.0   0:05.59 top

top - 18:15:39 up 11 days,  5:20,  6 users,  load average: 1.04, 0.99, 0.74
Tasks: 198 total,   2 running, 121 sleeping,   0 stopped,   0 zombie
%Cpu(s): 12.5 us,  0.0 sy,  0.0 ni, 87.5 id,  0.0 wa,  0.0 hi,  0.0 si,  0.0 st
KiB Mem : 32843380 total, 17099720 free,   342256 used, 15401404 buff/cache
--
  PID USER      PR  NI    VIRT    RES    SHR S %CPU %MEM     TIME+ COMMAND
12045 freshman  20   0   38292  30924   4876 R 12.4  0.1   0:35.60 gobmk_base.+

top - 18:15:40 up 11 days,  5:20,  6 users,  load average: 1.04, 0.99, 0.74
Tasks: 198 total,   2 running, 121 sleeping,   0 stopped,   0 zombie
%Cpu(s): 12.7 us,  0.1 sy,  0.0 ni, 87.2 id,  0.0 wa,  0.0 hi,  0.0 si,  0.0 st
KiB Mem : 32843380 total, 17099720 free,   342256 used, 15401404 buff/cache
--
  PID USER      PR  NI    VIRT    RES    SHR S %CPU %MEM     TIME+ COMMAND
12045 freshman  20   0   38292  30924   4876 R 12.5  0.1   0:36.60 gobmk_base.+

top - 18:15:41 up 11 days,  5:20,  6 users,  load average: 1.04, 0.99, 0.74
Tasks: 198 total,   2 running, 121 sleeping,   0 stopped,   0 zombie
%Cpu(s): 12.5 us,  0.0 sy,  0.0 ni, 87.5 id,  0.0 wa,  0.0 hi,  0.0 si,  0.0 st
KiB Mem : 32843380 total, 17099704 free,   342272 used, 15401404 buff/cache
--
  PID USER      PR  NI    VIRT    RES    SHR S %CPU %MEM     TIME+ COMMAND
12045 freshman  20   0   38292  30924   4876 R 12.5  0.1   0:37.61 gobmk_base.+

top - 18:15:42 up 11 days,  5:20,  6 users,  load average: 1.04, 0.99, 0.74
Tasks: 198 total,   2 running, 121 sleeping,   0 stopped,   0 zombie
%Cpu(s): 12.4 us,  0.1 sy,  0.0 ni, 87.4 id,  0.0 wa,  0.0 hi,  0.0 si,  0.0 st
KiB Mem : 32843380 total, 17099704 free,   342272 used, 15401404 buff/cache
--
  PID USER      PR  NI    VIRT    RES    SHR S %CPU %MEM     TIME+ COMMAND
12045 freshman  20   0   38292  30924   4876 R 12.5  0.1   0:38.61 gobmk_base.+
11560 freshman  20   0   42788   3996   3368 R  0.1  0.0   0:05.60 top

top - 18:15:43 up 11 days,  5:20,  6 users,  load average: 1.04, 0.99, 0.74
Tasks: 198 total,   2 running, 121 sleeping,   0 stopped,   0 zombie
%Cpu(s): 12.6 us,  0.0 sy,  0.0 ni, 87.4 id,  0.0 wa,  0.0 hi,  0.0 si,  0.0 st
KiB Mem : 32843380 total, 17099704 free,   342272 used, 15401404 buff/cache
--
  PID USER      PR  NI    VIRT    RES    SHR S %CPU %MEM     TIME+ COMMAND
12045 freshman  20   0   38292  30924   4876 R 12.5  0.1   0:39.62 gobmk_base.+

top - 18:15:44 up 11 days,  5:20,  6 users,  load average: 1.04, 0.99, 0.74
Tasks: 198 total,   2 running, 121 sleeping,   0 stopped,   0 zombie
%Cpu(s): 12.5 us,  0.0 sy,  0.0 ni, 87.5 id,  0.0 wa,  0.0 hi,  0.0 si,  0.0 st
KiB Mem : 32843380 total, 17099712 free,   342256 used, 15401412 buff/cache
--
  PID USER      PR  NI    VIRT    RES    SHR S %CPU %MEM     TIME+ COMMAND
12045 freshman  20   0   38292  30924   4876 R 12.6  0.1   0:40.63 gobmk_base.+

top - 18:15:45 up 11 days,  5:20,  6 users,  load average: 1.03, 1.00, 0.75
Tasks: 198 total,   2 running, 121 sleeping,   0 stopped,   0 zombie
%Cpu(s): 12.4 us,  0.1 sy,  0.0 ni, 87.4 id,  0.0 wa,  0.0 hi,  0.0 si,  0.0 st
KiB Mem : 32843380 total, 17099712 free,   342256 used, 15401412 buff/cache
--
  PID USER      PR  NI    VIRT    RES    SHR S %CPU %MEM     TIME+ COMMAND
12045 freshman  20   0   38292  30924   4876 R 12.4  0.1   0:41.63 gobmk_base.+
11560 freshman  20   0   42788   3996   3368 R  0.1  0.0   0:05.61 top

top - 18:15:46 up 11 days,  5:20,  6 users,  load average: 1.03, 1.00, 0.75
Tasks: 198 total,   2 running, 121 sleeping,   0 stopped,   0 zombie
%Cpu(s): 12.5 us,  0.0 sy,  0.0 ni, 87.5 id,  0.0 wa,  0.0 hi,  0.0 si,  0.0 st
KiB Mem : 32843380 total, 17099712 free,   342256 used, 15401412 buff/cache
--
  PID USER      PR  NI    VIRT    RES    SHR S %CPU %MEM     TIME+ COMMAND
12045 freshman  20   0   38292  30924   4876 R 12.5  0.1   0:42.63 gobmk_base.+

top - 18:15:47 up 11 days,  5:20,  6 users,  load average: 1.03, 1.00, 0.75
Tasks: 198 total,   2 running, 121 sleeping,   0 stopped,   0 zombie
%Cpu(s): 12.5 us,  0.1 sy,  0.0 ni, 87.3 id,  0.0 wa,  0.0 hi,  0.0 si,  0.0 st
KiB Mem : 32843380 total, 17099704 free,   342252 used, 15401424 buff/cache
--
  PID USER      PR  NI    VIRT    RES    SHR S %CPU %MEM     TIME+ COMMAND
12045 freshman  20   0   38292  30924   4876 R 12.5  0.1   0:43.64 gobmk_base.+
11560 freshman  20   0   42788   3996   3368 R  0.2  0.0   0:05.63 top

top - 18:15:48 up 11 days,  5:20,  6 users,  load average: 1.03, 1.00, 0.75
Tasks: 198 total,   2 running, 121 sleeping,   0 stopped,   0 zombie
%Cpu(s): 12.6 us,  0.0 sy,  0.0 ni, 87.4 id,  0.0 wa,  0.0 hi,  0.0 si,  0.0 st
KiB Mem : 32843380 total, 17099704 free,   342252 used, 15401424 buff/cache
--
  PID USER      PR  NI    VIRT    RES    SHR S %CPU %MEM     TIME+ COMMAND
12045 freshman  20   0   38292  30924   4876 R 12.6  0.1   0:44.65 gobmk_base.+

top - 18:15:49 up 11 days,  5:20,  6 users,  load average: 1.03, 1.00, 0.75
Tasks: 198 total,   2 running, 121 sleeping,   0 stopped,   0 zombie
%Cpu(s): 12.5 us,  0.0 sy,  0.0 ni, 87.5 id,  0.0 wa,  0.0 hi,  0.0 si,  0.0 st
KiB Mem : 32843380 total, 17099704 free,   342252 used, 15401424 buff/cache
--
  PID USER      PR  NI    VIRT    RES    SHR S %CPU %MEM     TIME+ COMMAND
12045 freshman  20   0   38292  30924   4876 R 12.4  0.1   0:45.65 gobmk_base.+

top - 18:15:50 up 11 days,  5:20,  6 users,  load average: 1.03, 1.00, 0.75
Tasks: 198 total,   2 running, 121 sleeping,   0 stopped,   0 zombie
%Cpu(s): 12.5 us,  0.0 sy,  0.0 ni, 87.5 id,  0.0 wa,  0.0 hi,  0.0 si,  0.0 st
KiB Mem : 32843380 total, 17099596 free,   342360 used, 15401424 buff/cache
--
  PID USER      PR  NI    VIRT    RES    SHR S %CPU %MEM     TIME+ COMMAND
12045 freshman  20   0   38292  30924   4876 R 12.5  0.1   0:46.65 gobmk_base.+
11560 freshman  20   0   42788   3996   3368 R  0.1  0.0   0:05.64 top

top - 18:15:51 up 11 days,  5:20,  6 users,  load average: 1.03, 1.00, 0.75
Tasks: 198 total,   2 running, 121 sleeping,   0 stopped,   0 zombie
%Cpu(s): 12.5 us,  0.1 sy,  0.0 ni, 87.3 id,  0.0 wa,  0.0 hi,  0.0 si,  0.0 st
KiB Mem : 32843380 total, 17099596 free,   342360 used, 15401424 buff/cache
--
  PID USER      PR  NI    VIRT    RES    SHR S %CPU %MEM     TIME+ COMMAND
12045 freshman  20   0   38292  30924   4876 R 12.5  0.1   0:47.66 gobmk_base.+

top - 18:15:52 up 11 days,  5:20,  6 users,  load average: 1.03, 1.00, 0.75
Tasks: 198 total,   2 running, 121 sleeping,   0 stopped,   0 zombie
%Cpu(s): 12.6 us,  0.0 sy,  0.0 ni, 87.4 id,  0.0 wa,  0.0 hi,  0.0 si,  0.0 st
KiB Mem : 32843380 total, 17099596 free,   342360 used, 15401424 buff/cache
--
  PID USER      PR  NI    VIRT    RES    SHR S %CPU %MEM     TIME+ COMMAND
12045 freshman  20   0   38292  30924   4876 R 12.6  0.1   0:48.67 gobmk_base.+

top - 18:15:53 up 11 days,  5:20,  6 users,  load average: 1.03, 1.00, 0.75
Tasks: 198 total,   2 running, 121 sleeping,   0 stopped,   0 zombie
%Cpu(s): 12.6 us,  0.0 sy,  0.0 ni, 87.4 id,  0.0 wa,  0.0 hi,  0.0 si,  0.0 st
KiB Mem : 32843380 total, 17099580 free,   342368 used, 15401432 buff/cache
--
  PID USER      PR  NI    VIRT    RES    SHR S %CPU %MEM     TIME+ COMMAND
12045 freshman  20   0   38292  30924   4876 R 12.4  0.1   0:49.67 gobmk_base.+
11560 freshman  20   0   42788   3996   3368 R  0.1  0.0   0:05.65 top

top - 18:15:54 up 11 days,  5:20,  6 users,  load average: 1.03, 1.00, 0.75
Tasks: 198 total,   2 running, 121 sleeping,   0 stopped,   0 zombie
%Cpu(s): 12.4 us,  0.1 sy,  0.0 ni, 87.4 id,  0.0 wa,  0.0 hi,  0.0 si,  0.0 st
KiB Mem : 32843380 total, 17099580 free,   342368 used, 15401432 buff/cache
--
  PID USER      PR  NI    VIRT    RES    SHR S %CPU %MEM     TIME+ COMMAND
12045 freshman  20   0   38292  30924   4876 R 12.5  0.1   0:50.67 gobmk_base.+

top - 18:15:55 up 11 days,  5:20,  6 users,  load average: 1.03, 1.00, 0.75
Tasks: 198 total,   2 running, 121 sleeping,   0 stopped,   0 zombie
%Cpu(s): 12.6 us,  0.0 sy,  0.0 ni, 87.4 id,  0.0 wa,  0.0 hi,  0.0 si,  0.0 st
KiB Mem : 32843380 total, 17099580 free,   342368 used, 15401432 buff/cache
--
  PID USER      PR  NI    VIRT    RES    SHR S %CPU %MEM     TIME+ COMMAND
12045 freshman  20   0   38292  30924   4876 R 12.5  0.1   0:51.68 gobmk_base.+
11560 freshman  20   0   42788   3996   3368 R  0.1  0.0   0:05.66 top

top - 18:15:56 up 11 days,  5:20,  6 users,  load average: 1.03, 1.00, 0.75
Tasks: 198 total,   2 running, 121 sleeping,   0 stopped,   0 zombie
%Cpu(s): 12.5 us,  0.0 sy,  0.0 ni, 87.5 id,  0.0 wa,  0.0 hi,  0.0 si,  0.0 st
KiB Mem : 32843380 total, 17099596 free,   342352 used, 15401432 buff/cache
--
  PID USER      PR  NI    VIRT    RES    SHR S %CPU %MEM     TIME+ COMMAND
12045 freshman  20   0   38292  30924   4876 R 12.6  0.1   0:52.69 gobmk_base.+

top - 18:15:57 up 11 days,  5:20,  6 users,  load average: 1.03, 1.00, 0.75
Tasks: 198 total,   2 running, 121 sleeping,   0 stopped,   0 zombie
%Cpu(s): 12.5 us,  0.1 sy,  0.0 ni, 87.3 id,  0.0 wa,  0.0 hi,  0.0 si,  0.0 st
KiB Mem : 32843380 total, 17099596 free,   342352 used, 15401432 buff/cache
--
  PID USER      PR  NI    VIRT    RES    SHR S %CPU %MEM     TIME+ COMMAND
12045 freshman  20   0   38292  30924   4876 R 12.4  0.1   0:53.69 gobmk_base.+
11560 freshman  20   0   42788   3996   3368 R  0.1  0.0   0:05.67 top

top - 18:15:58 up 11 days,  5:20,  6 users,  load average: 1.03, 1.00, 0.75
Tasks: 198 total,   2 running, 121 sleeping,   0 stopped,   0 zombie
%Cpu(s): 12.5 us,  0.0 sy,  0.0 ni, 87.5 id,  0.0 wa,  0.0 hi,  0.0 si,  0.0 st
KiB Mem : 32843380 total, 17099596 free,   342352 used, 15401432 buff/cache
--
  PID USER      PR  NI    VIRT    RES    SHR S %CPU %MEM     TIME+ COMMAND
12045 freshman  20   0   38292  30924   4876 R 12.6  0.1   0:54.70 gobmk_base.+

top - 18:15:59 up 11 days,  5:20,  6 users,  load average: 1.03, 1.00, 0.75
Tasks: 198 total,   2 running, 121 sleeping,   0 stopped,   0 zombie
%Cpu(s): 12.4 us,  0.1 sy,  0.0 ni, 87.4 id,  0.0 wa,  0.0 hi,  0.0 si,  0.0 st
KiB Mem : 32843380 total, 17099580 free,   342364 used, 15401436 buff/cache
--
  PID USER      PR  NI    VIRT    RES    SHR S %CPU %MEM     TIME+ COMMAND
12045 freshman  20   0   38292  30924   4876 R 12.4  0.1   0:55.70 gobmk_base.+
 1020 root      20   0  178600   9400   8600 S  0.1  0.0   1:09.89 thermald

top - 18:16:00 up 11 days,  5:20,  6 users,  load average: 1.02, 1.00, 0.75
Tasks: 198 total,   2 running, 121 sleeping,   0 stopped,   0 zombie
%Cpu(s): 12.6 us,  0.0 sy,  0.0 ni, 87.4 id,  0.0 wa,  0.0 hi,  0.0 si,  0.0 st
KiB Mem : 32843380 total, 17099580 free,   342364 used, 15401436 buff/cache
--
  PID USER      PR  NI    VIRT    RES    SHR S %CPU %MEM     TIME+ COMMAND
12045 freshman  20   0   38292  30924   4876 R 12.6  0.1   0:56.71 gobmk_base.+
11560 freshman  20   0   42788   3996   3368 R  0.1  0.0   0:05.68 top

top - 18:16:01 up 11 days,  5:20,  6 users,  load average: 1.02, 1.00, 0.75
Tasks: 198 total,   2 running, 121 sleeping,   0 stopped,   0 zombie
%Cpu(s): 12.6 us,  0.0 sy,  0.0 ni, 87.4 id,  0.0 wa,  0.0 hi,  0.0 si,  0.0 st
KiB Mem : 32843380 total, 17099580 free,   342364 used, 15401436 buff/cache
--
  PID USER      PR  NI    VIRT    RES    SHR S %CPU %MEM     TIME+ COMMAND
12045 freshman  20   0   38292  30924   4876 R 12.4  0.1   0:57.71 gobmk_base.+

top - 18:16:02 up 11 days,  5:20,  6 users,  load average: 1.02, 1.00, 0.75
Tasks: 198 total,   2 running, 121 sleeping,   0 stopped,   0 zombie
%Cpu(s): 12.5 us,  0.0 sy,  0.0 ni, 87.5 id,  0.0 wa,  0.0 hi,  0.0 si,  0.0 st
KiB Mem : 32843380 total, 17099596 free,   342340 used, 15401444 buff/cache
--
  PID USER      PR  NI    VIRT    RES    SHR S %CPU %MEM     TIME+ COMMAND
12045 freshman  20   0   38292  30924   4876 R 12.6  0.1   0:58.72 gobmk_base.+

top - 18:16:03 up 11 days,  5:20,  6 users,  load average: 1.02, 1.00, 0.75
Tasks: 198 total,   2 running, 121 sleeping,   0 stopped,   0 zombie
%Cpu(s): 12.6 us,  0.0 sy,  0.0 ni, 87.4 id,  0.0 wa,  0.0 hi,  0.0 si,  0.0 st
KiB Mem : 32843380 total, 17099596 free,   342340 used, 15401444 buff/cache
--
  PID USER      PR  NI    VIRT    RES    SHR S %CPU %MEM     TIME+ COMMAND
12045 freshman  20   0   38292  30924   4876 R 12.4  0.1   0:59.72 gobmk_base.+
11560 freshman  20   0   42788   3996   3368 R  0.1  0.0   0:05.69 top

top - 18:16:04 up 11 days,  5:20,  6 users,  load average: 1.02, 1.00, 0.75
Tasks: 198 total,   2 running, 121 sleeping,   0 stopped,   0 zombie
%Cpu(s): 12.5 us,  0.1 sy,  0.0 ni, 87.3 id,  0.0 wa,  0.0 hi,  0.0 si,  0.0 st
KiB Mem : 32843380 total, 17099596 free,   342340 used, 15401444 buff/cache
--
  PID USER      PR  NI    VIRT    RES    SHR S %CPU %MEM     TIME+ COMMAND
12045 freshman  20   0   38292  30924   4876 R 12.5  0.1   1:00.73 gobmk_base.+

top - 18:16:05 up 11 days,  5:20,  6 users,  load average: 1.02, 1.00, 0.75
Tasks: 198 total,   2 running, 121 sleeping,   0 stopped,   0 zombie
%Cpu(s): 12.6 us,  0.0 sy,  0.0 ni, 87.4 id,  0.0 wa,  0.0 hi,  0.0 si,  0.0 st
KiB Mem : 32843380 total, 17099580 free,   342352 used, 15401448 buff/cache
--
  PID USER      PR  NI    VIRT    RES    SHR S %CPU %MEM     TIME+ COMMAND
12045 freshman  20   0   38292  30924   4876 R 12.5  0.1   1:01.73 gobmk_base.+
11560 freshman  20   0   42788   3996   3368 R  0.1  0.0   0:05.70 top

top - 18:16:06 up 11 days,  5:20,  6 users,  load average: 1.02, 1.00, 0.75
Tasks: 198 total,   2 running, 121 sleeping,   0 stopped,   0 zombie
%Cpu(s): 12.5 us,  0.0 sy,  0.0 ni, 87.5 id,  0.0 wa,  0.0 hi,  0.0 si,  0.0 st
KiB Mem : 32843380 total, 17099580 free,   342352 used, 15401448 buff/cache
--
  PID USER      PR  NI    VIRT    RES    SHR S %CPU %MEM     TIME+ COMMAND
12045 freshman  20   0   38292  30924   4876 R 12.6  0.1   1:02.73 gobmk_base.+

top - 18:16:06 up 11 days,  5:20,  6 users,  load average: 1.02, 1.00, 0.75
Tasks: 198 total,   2 running, 121 sleeping,   0 stopped,   0 zombie
%Cpu(s): 12.0 us,  2.0 sy,  0.0 ni, 86.0 id,  0.0 wa,  0.0 hi,  0.0 si,  0.0 st
KiB Mem : 32843380 total, 17099580 free,   342352 used, 15401448 buff/cache
--
  PID USER      PR  NI    VIRT    RES    SHR S %CPU %MEM     TIME+ COMMAND
12045 freshman  20   0   38292  30924   4876 R 10.7  0.1   1:02.79 gobmk_base.+

top - 18:16:06 up 11 days,  5:20,  6 users,  load average: 1.02, 1.00, 0.75
Tasks: 198 total,   2 running, 121 sleeping,   0 stopped,   0 zombie
%Cpu(s): 12.5 us,  0.0 sy,  0.0 ni, 81.2 id,  0.0 wa,  0.0 hi,  6.2 si,  0.0 st
KiB Mem : 32843380 total, 17099580 free,   342352 used, 15401448 buff/cache
--
  PID USER      PR  NI    VIRT    RES    SHR S %CPU %MEM     TIME+ COMMAND
12045 freshman  20   0   38292  30924   4876 R 12.5  0.1   1:02.81 gobmk_base.+
11560 freshman  20   0   42788   3996   3368 R  6.2  0.0   0:05.71 top

top - 18:16:06 up 11 days,  5:20,  6 users,  load average: 1.02, 1.00, 0.75
Tasks: 198 total,   2 running, 121 sleeping,   0 stopped,   0 zombie
%Cpu(s): 12.0 us,  0.0 sy,  0.0 ni, 88.0 id,  0.0 wa,  0.0 hi,  0.0 si,  0.0 st
KiB Mem : 32843380 total, 17099580 free,   342352 used, 15401448 buff/cache
--
  PID USER      PR  NI    VIRT    RES    SHR S %CPU %MEM     TIME+ COMMAND
12045 freshman  20   0   38292  30924   4876 R 12.5  0.1   1:02.84 gobmk_base.+

top - 18:16:06 up 11 days,  5:20,  6 users,  load average: 1.02, 1.00, 0.75
Tasks: 198 total,   2 running, 121 sleeping,   0 stopped,   0 zombie
%Cpu(s): 12.5 us,  4.2 sy,  0.0 ni, 83.3 id,  0.0 wa,  0.0 hi,  0.0 si,  0.0 st
KiB Mem : 32843380 total, 17099580 free,   342352 used, 15401448 buff/cache
--
  PID USER      PR  NI    VIRT    RES    SHR S %CPU %MEM     TIME+ COMMAND
12045 freshman  20   0   38292  30924   4876 R 12.5  0.1   1:02.87 gobmk_base.+

top - 18:16:07 up 11 days,  5:20,  6 users,  load average: 1.02, 1.00, 0.75
Tasks: 198 total,   2 running, 121 sleeping,   0 stopped,   0 zombie
%Cpu(s): 13.8 us,  0.0 sy,  0.0 ni, 86.2 id,  0.0 wa,  0.0 hi,  0.0 si,  0.0 st
KiB Mem : 32843380 total, 17099580 free,   342352 used, 15401448 buff/cache
--
  PID USER      PR  NI    VIRT    RES    SHR S %CPU %MEM     TIME+ COMMAND
12045 freshman  20   0   38292  30924   4876 R 12.5  0.1   1:02.95 gobmk_base.+
11560 freshman  20   0   42788   3996   3368 R  1.6  0.0   0:05.72 top

top - 18:16:07 up 11 days,  5:20,  6 users,  load average: 1.02, 1.00, 0.75
Tasks: 198 total,   2 running, 121 sleeping,   0 stopped,   0 zombie
%Cpu(s): 11.9 us,  0.0 sy,  0.0 ni, 88.1 id,  0.0 wa,  0.0 hi,  0.0 si,  0.0 st
KiB Mem : 32843380 total, 17099580 free,   342352 used, 15401448 buff/cache
--
  PID USER      PR  NI    VIRT    RES    SHR S %CPU %MEM     TIME+ COMMAND
12045 freshman  20   0   38292  30924   4876 R 12.5  0.1   1:03.05 gobmk_base.+
11560 freshman  20   0   42788   3996   3368 R  1.2  0.0   0:05.73 top

top - 18:16:08 up 11 days,  5:20,  6 users,  load average: 1.02, 1.00, 0.75
Tasks: 198 total,   2 running, 121 sleeping,   0 stopped,   0 zombie
%Cpu(s): 12.5 us,  0.1 sy,  0.0 ni, 87.2 id,  0.1 wa,  0.0 hi,  0.0 si,  0.0 st
KiB Mem : 32843380 total, 17100556 free,   341368 used, 15401456 buff/cache
--
  PID USER      PR  NI    VIRT    RES    SHR S %CPU %MEM     TIME+ COMMAND
12047 freshman  20   0   38288  30320   4512 R  3.0  0.1   0:00.24 gobmk_base.+

top - 18:16:09 up 11 days,  5:20,  6 users,  load average: 1.02, 1.00, 0.75
Tasks: 198 total,   2 running, 121 sleeping,   0 stopped,   0 zombie
%Cpu(s): 12.5 us,  0.0 sy,  0.0 ni, 87.5 id,  0.0 wa,  0.0 hi,  0.0 si,  0.0 st
KiB Mem : 32843380 total, 17100556 free,   341368 used, 15401456 buff/cache
--
  PID USER      PR  NI    VIRT    RES    SHR S %CPU %MEM     TIME+ COMMAND
12047 freshman  20   0   38288  30320   4512 R 12.5  0.1   0:01.24 gobmk_base.+
11560 freshman  20   0   42788   3996   3368 R  0.1  0.0   0:05.74 top

top - 18:16:10 up 11 days,  5:20,  6 users,  load average: 1.02, 1.00, 0.75
Tasks: 198 total,   2 running, 121 sleeping,   0 stopped,   0 zombie
%Cpu(s): 12.4 us,  0.1 sy,  0.0 ni, 87.4 id,  0.0 wa,  0.0 hi,  0.0 si,  0.0 st
KiB Mem : 32843380 total, 17100556 free,   341368 used, 15401456 buff/cache
--
  PID USER      PR  NI    VIRT    RES    SHR S %CPU %MEM     TIME+ COMMAND
12047 freshman  20   0   38288  30320   4512 R 12.4  0.1   0:02.24 gobmk_base.+

top - 18:16:11 up 11 days,  5:20,  6 users,  load average: 1.02, 1.00, 0.75
Tasks: 198 total,   2 running, 121 sleeping,   0 stopped,   0 zombie
%Cpu(s): 12.5 us,  0.0 sy,  0.0 ni, 87.5 id,  0.0 wa,  0.0 hi,  0.0 si,  0.0 st
KiB Mem : 32843380 total, 17100448 free,   341468 used, 15401464 buff/cache
--
  PID USER      PR  NI    VIRT    RES    SHR S %CPU %MEM     TIME+ COMMAND
12047 freshman  20   0   38292  30320   4512 R 12.6  0.1   0:03.25 gobmk_base.+
11560 freshman  20   0   42788   3996   3368 R  0.1  0.0   0:05.75 top

top - 18:16:12 up 11 days,  5:20,  6 users,  load average: 1.02, 1.00, 0.75
Tasks: 198 total,   2 running, 121 sleeping,   0 stopped,   0 zombie
%Cpu(s): 12.4 us,  0.1 sy,  0.0 ni, 87.4 id,  0.0 wa,  0.0 hi,  0.0 si,  0.0 st
KiB Mem : 32843380 total, 17100448 free,   341468 used, 15401464 buff/cache
--
  PID USER      PR  NI    VIRT    RES    SHR S %CPU %MEM     TIME+ COMMAND
12047 freshman  20   0   38292  30320   4512 R 12.5  0.1   0:04.26 gobmk_base.+

top - 18:16:13 up 11 days,  5:20,  6 users,  load average: 1.02, 1.00, 0.75
Tasks: 198 total,   2 running, 121 sleeping,   0 stopped,   0 zombie
%Cpu(s): 12.6 us,  0.0 sy,  0.0 ni, 87.4 id,  0.0 wa,  0.0 hi,  0.0 si,  0.0 st
KiB Mem : 32843380 total, 17100448 free,   341468 used, 15401464 buff/cache
--
  PID USER      PR  NI    VIRT    RES    SHR S %CPU %MEM     TIME+ COMMAND
12047 freshman  20   0   38292  30320   4512 R 12.5  0.1   0:05.26 gobmk_base.+

top - 18:16:14 up 11 days,  5:20,  6 users,  load average: 1.02, 1.00, 0.75
Tasks: 198 total,   2 running, 121 sleeping,   0 stopped,   0 zombie
%Cpu(s): 12.5 us,  0.0 sy,  0.0 ni, 87.5 id,  0.0 wa,  0.0 hi,  0.0 si,  0.0 st
KiB Mem : 32843380 total, 17100424 free,   341484 used, 15401472 buff/cache
--
  PID USER      PR  NI    VIRT    RES    SHR S %CPU %MEM     TIME+ COMMAND
12047 freshman  20   0   38292  31100   5076 R 12.5  0.1   0:06.27 gobmk_base.+

top - 18:16:15 up 11 days,  5:20,  6 users,  load average: 1.02, 1.00, 0.75
Tasks: 198 total,   2 running, 121 sleeping,   0 stopped,   0 zombie
%Cpu(s): 12.6 us,  0.0 sy,  0.0 ni, 87.4 id,  0.0 wa,  0.0 hi,  0.0 si,  0.0 st
KiB Mem : 32843380 total, 17100424 free,   341484 used, 15401472 buff/cache
--
  PID USER      PR  NI    VIRT    RES    SHR S %CPU %MEM     TIME+ COMMAND
12047 freshman  20   0   38292  31100   5076 R 12.4  0.1   0:07.27 gobmk_base.+
11560 freshman  20   0   42788   3996   3368 R  0.1  0.0   0:05.76 top

top - 18:16:16 up 11 days,  5:21,  6 users,  load average: 1.02, 1.00, 0.75
Tasks: 198 total,   2 running, 121 sleeping,   0 stopped,   0 zombie
%Cpu(s): 12.6 us,  0.0 sy,  0.0 ni, 87.4 id,  0.0 wa,  0.0 hi,  0.0 si,  0.0 st
KiB Mem : 32843380 total, 17100424 free,   341484 used, 15401472 buff/cache
--
  PID USER      PR  NI    VIRT    RES    SHR S %CPU %MEM     TIME+ COMMAND
12047 freshman  20   0   38308  31100   5076 R 12.6  0.1   0:08.28 gobmk_base.+
11560 freshman  20   0   42788   3996   3368 R  0.1  0.0   0:05.77 top

top - 18:16:17 up 11 days,  5:21,  6 users,  load average: 1.02, 1.00, 0.75
Tasks: 198 total,   2 running, 121 sleeping,   0 stopped,   0 zombie
%Cpu(s): 12.6 us,  0.0 sy,  0.0 ni, 87.4 id,  0.0 wa,  0.0 hi,  0.0 si,  0.0 st
KiB Mem : 32843380 total, 17100324 free,   341580 used, 15401476 buff/cache
--
  PID USER      PR  NI    VIRT    RES    SHR S %CPU %MEM     TIME+ COMMAND
12047 freshman  20   0   38308  31100   5076 R 12.4  0.1   0:09.28 gobmk_base.+

top - 18:16:18 up 11 days,  5:21,  6 users,  load average: 1.02, 1.00, 0.75
Tasks: 198 total,   2 running, 121 sleeping,   0 stopped,   0 zombie
%Cpu(s): 12.5 us,  0.1 sy,  0.0 ni, 87.3 id,  0.0 wa,  0.0 hi,  0.0 si,  0.0 st
KiB Mem : 32843380 total, 17100324 free,   341580 used, 15401476 buff/cache
--
  PID USER      PR  NI    VIRT    RES    SHR S %CPU %MEM     TIME+ COMMAND
12047 freshman  20   0   38308  31100   5076 R 12.6  0.1   0:10.29 gobmk_base.+

top - 18:16:19 up 11 days,  5:21,  6 users,  load average: 1.02, 1.00, 0.75
Tasks: 198 total,   2 running, 121 sleeping,   0 stopped,   0 zombie
%Cpu(s): 12.5 us,  0.0 sy,  0.0 ni, 87.3 id,  0.1 wa,  0.0 hi,  0.0 si,  0.0 st
KiB Mem : 32843380 total, 17100324 free,   341580 used, 15401476 buff/cache
--
  PID USER      PR  NI    VIRT    RES    SHR S %CPU %MEM     TIME+ COMMAND
12047 freshman  20   0   38308  31100   5076 R 12.4  0.1   0:11.29 gobmk_base.+
11560 freshman  20   0   42788   3996   3368 R  0.1  0.0   0:05.78 top

top - 18:16:20 up 11 days,  5:21,  6 users,  load average: 1.02, 1.00, 0.75
Tasks: 198 total,   2 running, 121 sleeping,   0 stopped,   0 zombie
%Cpu(s): 12.5 us,  0.1 sy,  0.0 ni, 87.3 id,  0.0 wa,  0.0 hi,  0.0 si,  0.0 st
KiB Mem : 32843380 total, 17100300 free,   341596 used, 15401484 buff/cache
--
  PID USER      PR  NI    VIRT    RES    SHR S %CPU %MEM     TIME+ COMMAND
12047 freshman  20   0   38308  31100   5076 R 12.6  0.1   0:12.30 gobmk_base.+
11560 freshman  20   0   42788   3996   3368 R  0.1  0.0   0:05.79 top

top - 18:16:21 up 11 days,  5:21,  6 users,  load average: 1.02, 1.00, 0.76
Tasks: 198 total,   2 running, 121 sleeping,   0 stopped,   0 zombie
%Cpu(s): 12.4 us,  0.0 sy,  0.0 ni, 87.6 id,  0.0 wa,  0.0 hi,  0.0 si,  0.0 st
KiB Mem : 32843380 total, 17100300 free,   341596 used, 15401484 buff/cache
--
  PID USER      PR  NI    VIRT    RES    SHR S %CPU %MEM     TIME+ COMMAND
12047 freshman  20   0   38308  31100   5076 R 12.4  0.1   0:13.30 gobmk_base.+

top - 18:16:22 up 11 days,  5:21,  6 users,  load average: 1.02, 1.00, 0.76
Tasks: 198 total,   2 running, 121 sleeping,   0 stopped,   0 zombie
%Cpu(s): 12.6 us,  0.0 sy,  0.0 ni, 87.4 id,  0.0 wa,  0.0 hi,  0.0 si,  0.0 st
KiB Mem : 32843380 total, 17100300 free,   341596 used, 15401484 buff/cache
--
  PID USER      PR  NI    VIRT    RES    SHR S %CPU %MEM     TIME+ COMMAND
12047 freshman  20   0   38308  31100   5076 R 12.6  0.1   0:14.31 gobmk_base.+

top - 18:16:23 up 11 days,  5:21,  6 users,  load average: 1.02, 1.00, 0.76
Tasks: 198 total,   2 running, 121 sleeping,   0 stopped,   0 zombie
%Cpu(s): 12.6 us,  0.0 sy,  0.0 ni, 87.4 id,  0.0 wa,  0.0 hi,  0.0 si,  0.0 st
KiB Mem : 32843380 total, 17100324 free,   341568 used, 15401488 buff/cache
--
  PID USER      PR  NI    VIRT    RES    SHR S %CPU %MEM     TIME+ COMMAND
12047 freshman  20   0   38308  31100   5076 R 12.4  0.1   0:15.31 gobmk_base.+

top - 18:16:24 up 11 days,  5:21,  6 users,  load average: 1.02, 1.00, 0.76
Tasks: 198 total,   2 running, 121 sleeping,   0 stopped,   0 zombie
%Cpu(s): 12.4 us,  0.1 sy,  0.0 ni, 87.3 id,  0.1 wa,  0.0 hi,  0.0 si,  0.0 st
KiB Mem : 32843380 total, 17100324 free,   341568 used, 15401488 buff/cache
--
  PID USER      PR  NI    VIRT    RES    SHR S %CPU %MEM     TIME+ COMMAND
12047 freshman  20   0   38308  31100   5076 R 12.6  0.1   0:16.32 gobmk_base.+
11560 freshman  20   0   42788   3996   3368 R  0.1  0.0   0:05.80 top

top - 18:16:25 up 11 days,  5:21,  6 users,  load average: 1.02, 1.00, 0.76
Tasks: 198 total,   2 running, 121 sleeping,   0 stopped,   0 zombie
%Cpu(s): 12.5 us,  0.0 sy,  0.0 ni, 87.5 id,  0.0 wa,  0.0 hi,  0.0 si,  0.0 st
KiB Mem : 32843380 total, 17100324 free,   341568 used, 15401488 buff/cache
--
  PID USER      PR  NI    VIRT    RES    SHR S %CPU %MEM     TIME+ COMMAND
12047 freshman  20   0   38308  31100   5076 R 12.4  0.1   0:17.32 gobmk_base.+

top - 18:16:26 up 11 days,  5:21,  6 users,  load average: 1.02, 1.00, 0.76
Tasks: 198 total,   2 running, 121 sleeping,   0 stopped,   0 zombie
%Cpu(s): 12.5 us,  0.1 sy,  0.0 ni, 87.3 id,  0.0 wa,  0.0 hi,  0.0 si,  0.0 st
KiB Mem : 32843380 total, 17100300 free,   341584 used, 15401496 buff/cache
--
  PID USER      PR  NI    VIRT    RES    SHR S %CPU %MEM     TIME+ COMMAND
12047 freshman  20   0   38308  31100   5076 R 12.6  0.1   0:18.33 gobmk_base.+
11560 freshman  20   0   42788   3996   3368 R  0.1  0.0   0:05.81 top

top - 18:16:27 up 11 days,  5:21,  6 users,  load average: 1.02, 1.00, 0.76
Tasks: 198 total,   2 running, 121 sleeping,   0 stopped,   0 zombie
%Cpu(s): 12.6 us,  0.0 sy,  0.0 ni, 87.4 id,  0.0 wa,  0.0 hi,  0.0 si,  0.0 st
KiB Mem : 32843380 total, 17100300 free,   341584 used, 15401496 buff/cache
--
  PID USER      PR  NI    VIRT    RES    SHR S %CPU %MEM     TIME+ COMMAND
12047 freshman  20   0   38308  31100   5076 R 12.5  0.1   0:19.34 gobmk_base.+

top - 18:16:28 up 11 days,  5:21,  6 users,  load average: 1.02, 1.00, 0.76
Tasks: 198 total,   2 running, 121 sleeping,   0 stopped,   0 zombie
%Cpu(s): 12.5 us,  0.0 sy,  0.0 ni, 87.5 id,  0.0 wa,  0.0 hi,  0.0 si,  0.0 st
KiB Mem : 32843380 total, 17100300 free,   341584 used, 15401496 buff/cache
--
  PID USER      PR  NI    VIRT    RES    SHR S %CPU %MEM     TIME+ COMMAND
12047 freshman  20   0   38308  31100   5076 R 12.5  0.1   0:20.34 gobmk_base.+

top - 18:16:29 up 11 days,  5:21,  6 users,  load average: 1.02, 1.00, 0.76
Tasks: 198 total,   2 running, 121 sleeping,   0 stopped,   0 zombie
%Cpu(s): 12.6 us,  0.0 sy,  0.0 ni, 87.4 id,  0.0 wa,  0.0 hi,  0.0 si,  0.0 st
KiB Mem : 32843380 total, 17100324 free,   341560 used, 15401496 buff/cache
--
  PID USER      PR  NI    VIRT    RES    SHR S %CPU %MEM     TIME+ COMMAND
12047 freshman  20   0   38308  31100   5076 R 12.5  0.1   0:21.35 gobmk_base.+
11560 freshman  20   0   42788   3996   3368 R  0.2  0.0   0:05.83 top

top - 18:16:30 up 11 days,  5:21,  6 users,  load average: 1.02, 1.00, 0.76
Tasks: 198 total,   2 running, 121 sleeping,   0 stopped,   0 zombie
%Cpu(s): 12.5 us,  0.1 sy,  0.0 ni, 87.3 id,  0.0 wa,  0.0 hi,  0.0 si,  0.0 st
KiB Mem : 32843380 total, 17100324 free,   341560 used, 15401496 buff/cache
--
  PID USER      PR  NI    VIRT    RES    SHR S %CPU %MEM     TIME+ COMMAND
12047 freshman  20   0   38308  31100   5076 R 12.5  0.1   0:22.35 gobmk_base.+

top - 18:16:31 up 11 days,  5:21,  6 users,  load average: 1.01, 1.00, 0.76
Tasks: 198 total,   2 running, 121 sleeping,   0 stopped,   0 zombie
%Cpu(s): 12.4 us,  0.0 sy,  0.0 ni, 87.6 id,  0.0 wa,  0.0 hi,  0.0 si,  0.0 st
KiB Mem : 32843380 total, 17100324 free,   341560 used, 15401496 buff/cache
--
  PID USER      PR  NI    VIRT    RES    SHR S %CPU %MEM     TIME+ COMMAND
12047 freshman  20   0   38308  31100   5076 R 12.5  0.1   0:23.36 gobmk_base.+

top - 18:16:32 up 11 days,  5:21,  6 users,  load average: 1.01, 1.00, 0.76
Tasks: 198 total,   2 running, 121 sleeping,   0 stopped,   0 zombie
%Cpu(s): 12.5 us,  0.1 sy,  0.0 ni, 87.3 id,  0.0 wa,  0.0 hi,  0.0 si,  0.0 st
KiB Mem : 32843380 total, 17100300 free,   341572 used, 15401508 buff/cache
--
  PID USER      PR  NI    VIRT    RES    SHR S %CPU %MEM     TIME+ COMMAND
12047 freshman  20   0   38308  31100   5076 R 12.4  0.1   0:24.36 gobmk_base.+
11560 freshman  20   0   42788   3996   3368 R  0.1  0.0   0:05.84 top

top - 18:16:33 up 11 days,  5:21,  6 users,  load average: 1.01, 1.00, 0.76
Tasks: 198 total,   2 running, 121 sleeping,   0 stopped,   0 zombie
%Cpu(s): 12.5 us,  0.0 sy,  0.0 ni, 87.5 id,  0.0 wa,  0.0 hi,  0.0 si,  0.0 st
KiB Mem : 32843380 total, 17100300 free,   341572 used, 15401508 buff/cache
--
  PID USER      PR  NI    VIRT    RES    SHR S %CPU %MEM     TIME+ COMMAND
12047 freshman  20   0   38308  31100   5076 R 12.6  0.1   0:25.37 gobmk_base.+

top - 18:16:34 up 11 days,  5:21,  6 users,  load average: 1.01, 1.00, 0.76
Tasks: 198 total,   2 running, 121 sleeping,   0 stopped,   0 zombie
%Cpu(s): 12.6 us,  0.0 sy,  0.0 ni, 87.4 id,  0.0 wa,  0.0 hi,  0.0 si,  0.0 st
KiB Mem : 32843380 total, 17100300 free,   341572 used, 15401508 buff/cache
--
  PID USER      PR  NI    VIRT    RES    SHR S %CPU %MEM     TIME+ COMMAND
12047 freshman  20   0   38308  31100   5076 R 12.4  0.1   0:26.37 gobmk_base.+
11560 freshman  20   0   42788   3996   3368 R  0.1  0.0   0:05.85 top

top - 18:16:35 up 11 days,  5:21,  6 users,  load average: 1.01, 1.00, 0.76
Tasks: 198 total,   2 running, 121 sleeping,   0 stopped,   0 zombie
%Cpu(s): 12.4 us,  0.1 sy,  0.0 ni, 87.4 id,  0.0 wa,  0.0 hi,  0.0 si,  0.0 st
KiB Mem : 32843380 total, 17100324 free,   341548 used, 15401508 buff/cache
--
  PID USER      PR  NI    VIRT    RES    SHR S %CPU %MEM     TIME+ COMMAND
12047 freshman  20   0   38308  31100   5076 R 12.6  0.1   0:27.38 gobmk_base.+

top - 18:16:36 up 11 days,  5:21,  6 users,  load average: 1.01, 1.00, 0.76
Tasks: 198 total,   2 running, 121 sleeping,   0 stopped,   0 zombie
%Cpu(s): 12.6 us,  0.0 sy,  0.0 ni, 87.4 id,  0.0 wa,  0.0 hi,  0.0 si,  0.0 st
KiB Mem : 32843380 total, 17100324 free,   341548 used, 15401508 buff/cache
--
  PID USER      PR  NI    VIRT    RES    SHR S %CPU %MEM     TIME+ COMMAND
12047 freshman  20   0   38308  31100   5076 R 12.4  0.1   0:28.38 gobmk_base.+

top - 18:16:37 up 11 days,  5:21,  6 users,  load average: 1.01, 1.00, 0.76
Tasks: 198 total,   2 running, 121 sleeping,   0 stopped,   0 zombie
%Cpu(s): 12.4 us,  0.1 sy,  0.0 ni, 87.5 id,  0.0 wa,  0.0 hi,  0.0 si,  0.0 st
KiB Mem : 32843380 total, 17100324 free,   341548 used, 15401508 buff/cache
--
  PID USER      PR  NI    VIRT    RES    SHR S %CPU %MEM     TIME+ COMMAND
12047 freshman  20   0   38308  31100   5076 R 12.6  0.1   0:29.39 gobmk_base.+
11560 freshman  20   0   42788   3996   3368 R  0.1  0.0   0:05.86 top

top - 18:16:38 up 11 days,  5:21,  6 users,  load average: 1.01, 1.00, 0.76
Tasks: 198 total,   2 running, 121 sleeping,   0 stopped,   0 zombie
%Cpu(s): 12.6 us,  0.0 sy,  0.0 ni, 87.4 id,  0.0 wa,  0.0 hi,  0.0 si,  0.0 st
KiB Mem : 32843380 total, 17100300 free,   341564 used, 15401516 buff/cache
--
  PID USER      PR  NI    VIRT    RES    SHR S %CPU %MEM     TIME+ COMMAND
12047 freshman  20   0   38308  31100   5076 R 12.5  0.1   0:30.40 gobmk_base.+

top - 18:16:39 up 11 days,  5:21,  6 users,  load average: 1.01, 1.00, 0.76
Tasks: 198 total,   2 running, 121 sleeping,   0 stopped,   0 zombie
%Cpu(s): 12.5 us,  0.0 sy,  0.0 ni, 87.5 id,  0.0 wa,  0.0 hi,  0.0 si,  0.0 st
KiB Mem : 32843380 total, 17100300 free,   341564 used, 15401516 buff/cache
--
  PID USER      PR  NI    VIRT    RES    SHR S %CPU %MEM     TIME+ COMMAND
12047 freshman  20   0   38308  31100   5076 R 12.5  0.1   0:31.40 gobmk_base.+
11560 freshman  20   0   42788   3996   3368 R  0.1  0.0   0:05.87 top

top - 18:16:40 up 11 days,  5:21,  6 users,  load average: 1.01, 1.00, 0.76
Tasks: 198 total,   2 running, 121 sleeping,   0 stopped,   0 zombie
%Cpu(s): 12.5 us,  0.1 sy,  0.0 ni, 87.3 id,  0.0 wa,  0.0 hi,  0.0 si,  0.0 st
KiB Mem : 32843380 total, 17100300 free,   341564 used, 15401516 buff/cache
--
  PID USER      PR  NI    VIRT    RES    SHR S %CPU %MEM     TIME+ COMMAND
12047 freshman  20   0   38308  31100   5076 R 12.4  0.1   0:32.40 gobmk_base.+

top - 18:16:41 up 11 days,  5:21,  6 users,  load average: 1.01, 1.00, 0.76
Tasks: 198 total,   2 running, 121 sleeping,   0 stopped,   0 zombie
%Cpu(s): 12.4 us,  0.1 sy,  0.0 ni, 87.5 id,  0.0 wa,  0.0 hi,  0.0 si,  0.0 st
KiB Mem : 32843380 total, 17100324 free,   341536 used, 15401520 buff/cache
--
  PID USER      PR  NI    VIRT    RES    SHR S %CPU %MEM     TIME+ COMMAND
12047 freshman  20   0   38308  31100   5076 R 12.6  0.1   0:33.41 gobmk_base.+
11560 freshman  20   0   42788   3996   3368 R  0.1  0.0   0:05.88 top

top - 18:16:42 up 11 days,  5:21,  6 users,  load average: 1.01, 1.00, 0.76
Tasks: 198 total,   2 running, 121 sleeping,   0 stopped,   0 zombie
%Cpu(s): 12.5 us,  0.0 sy,  0.0 ni, 87.3 id,  0.1 wa,  0.0 hi,  0.0 si,  0.0 st
KiB Mem : 32843380 total, 17100324 free,   341536 used, 15401520 buff/cache
--
  PID USER      PR  NI    VIRT    RES    SHR S %CPU %MEM     TIME+ COMMAND
12047 freshman  20   0   38308  31100   5076 R 12.4  0.1   0:34.41 gobmk_base.+

top - 18:16:43 up 11 days,  5:21,  6 users,  load average: 1.01, 1.00, 0.76
Tasks: 198 total,   2 running, 121 sleeping,   0 stopped,   0 zombie
%Cpu(s): 12.6 us,  0.0 sy,  0.0 ni, 87.4 id,  0.0 wa,  0.0 hi,  0.0 si,  0.0 st
KiB Mem : 32843380 total, 17100324 free,   341536 used, 15401520 buff/cache
--
  PID USER      PR  NI    VIRT    RES    SHR S %CPU %MEM     TIME+ COMMAND
12047 freshman  20   0   38308  31100   5076 R 12.5  0.1   0:35.41 gobmk_base.+

top - 18:16:44 up 11 days,  5:21,  6 users,  load average: 1.01, 1.00, 0.76
Tasks: 198 total,   2 running, 121 sleeping,   0 stopped,   0 zombie
%Cpu(s): 12.6 us,  0.0 sy,  0.0 ni, 87.4 id,  0.0 wa,  0.0 hi,  0.0 si,  0.0 st
KiB Mem : 32843380 total, 17100308 free,   341544 used, 15401528 buff/cache
--
  PID USER      PR  NI    VIRT    RES    SHR S %CPU %MEM     TIME+ COMMAND
12047 freshman  20   0   38308  31100   5076 R 12.5  0.1   0:36.42 gobmk_base.+
11560 freshman  20   0   42788   3996   3368 R  0.1  0.0   0:05.89 top

top - 18:16:45 up 11 days,  5:21,  6 users,  load average: 1.01, 1.00, 0.76
Tasks: 198 total,   2 running, 121 sleeping,   0 stopped,   0 zombie
%Cpu(s): 12.5 us,  0.0 sy,  0.0 ni, 87.5 id,  0.0 wa,  0.0 hi,  0.0 si,  0.0 st
KiB Mem : 32843380 total, 17100308 free,   341544 used, 15401528 buff/cache
--
  PID USER      PR  NI    VIRT    RES    SHR S %CPU %MEM     TIME+ COMMAND
12047 freshman  20   0   38308  31100   5076 R 12.6  0.1   0:37.43 gobmk_base.+

top - 18:16:46 up 11 days,  5:21,  6 users,  load average: 1.01, 1.00, 0.76
Tasks: 198 total,   2 running, 121 sleeping,   0 stopped,   0 zombie
%Cpu(s): 12.5 us,  0.0 sy,  0.0 ni, 87.5 id,  0.0 wa,  0.0 hi,  0.0 si,  0.0 st
KiB Mem : 32843380 total, 17100308 free,   341544 used, 15401528 buff/cache
--
  PID USER      PR  NI    VIRT    RES    SHR S %CPU %MEM     TIME+ COMMAND
12047 freshman  20   0   38308  31100   5076 R 12.4  0.1   0:38.43 gobmk_base.+
11560 freshman  20   0   42788   3996   3368 R  0.1  0.0   0:05.90 top

top - 18:16:47 up 11 days,  5:21,  6 users,  load average: 1.01, 1.00, 0.76
Tasks: 198 total,   2 running, 121 sleeping,   0 stopped,   0 zombie
%Cpu(s): 12.6 us,  0.0 sy,  0.0 ni, 87.4 id,  0.0 wa,  0.0 hi,  0.0 si,  0.0 st
KiB Mem : 32843380 total, 17100332 free,   341520 used, 15401528 buff/cache
--
  PID USER      PR  NI    VIRT    RES    SHR S %CPU %MEM     TIME+ COMMAND
12047 freshman  20   0   38308  31100   5076 R 12.4  0.1   0:39.43 gobmk_base.+

top - 18:16:48 up 11 days,  5:21,  6 users,  load average: 1.01, 1.00, 0.76
Tasks: 198 total,   2 running, 121 sleeping,   0 stopped,   0 zombie
%Cpu(s): 12.6 us,  0.0 sy,  0.0 ni, 87.4 id,  0.0 wa,  0.0 hi,  0.0 si,  0.0 st
KiB Mem : 32843380 total, 17100332 free,   341520 used, 15401528 buff/cache
--
  PID USER      PR  NI    VIRT    RES    SHR S %CPU %MEM     TIME+ COMMAND
12047 freshman  20   0   38308  31100   5076 R 12.6  0.1   0:40.44 gobmk_base.+

top - 18:16:49 up 11 days,  5:21,  6 users,  load average: 1.01, 1.00, 0.76
Tasks: 198 total,   2 running, 121 sleeping,   0 stopped,   0 zombie
%Cpu(s): 12.6 us,  0.0 sy,  0.0 ni, 87.4 id,  0.0 wa,  0.0 hi,  0.0 si,  0.0 st
KiB Mem : 32843380 total, 17100332 free,   341520 used, 15401528 buff/cache
--
  PID USER      PR  NI    VIRT    RES    SHR S %CPU %MEM     TIME+ COMMAND
12047 freshman  20   0   38308  31100   5076 R 12.5  0.1   0:41.45 gobmk_base.+
11560 freshman  20   0   42788   3996   3368 R  0.1  0.0   0:05.91 top

top - 18:16:50 up 11 days,  5:21,  6 users,  load average: 1.01, 1.00, 0.76
Tasks: 198 total,   2 running, 121 sleeping,   0 stopped,   0 zombie
%Cpu(s): 12.4 us,  0.1 sy,  0.0 ni, 87.4 id,  0.0 wa,  0.0 hi,  0.0 si,  0.0 st
KiB Mem : 32843380 total, 17100308 free,   341532 used, 15401540 buff/cache
--
  PID USER      PR  NI    VIRT    RES    SHR S %CPU %MEM     TIME+ COMMAND
12047 freshman  20   0   38308  31100   5076 R 12.5  0.1   0:42.45 gobmk_base.+

top - 18:16:51 up 11 days,  5:21,  6 users,  load average: 1.01, 1.00, 0.76
Tasks: 198 total,   2 running, 121 sleeping,   0 stopped,   0 zombie
%Cpu(s): 12.5 us,  0.1 sy,  0.0 ni, 87.3 id,  0.0 wa,  0.0 hi,  0.0 si,  0.0 st
KiB Mem : 32843380 total, 17100308 free,   341532 used, 15401540 buff/cache
--
  PID USER      PR  NI    VIRT    RES    SHR S %CPU %MEM     TIME+ COMMAND
12047 freshman  20   0   38308  31100   5076 R 12.5  0.1   0:43.46 gobmk_base.+

top - 18:16:52 up 11 days,  5:21,  6 users,  load average: 1.01, 1.00, 0.76
Tasks: 198 total,   2 running, 121 sleeping,   0 stopped,   0 zombie
%Cpu(s): 12.5 us,  0.0 sy,  0.0 ni, 87.5 id,  0.0 wa,  0.0 hi,  0.0 si,  0.0 st
KiB Mem : 32843380 total, 17100308 free,   341532 used, 15401540 buff/cache
--
  PID USER      PR  NI    VIRT    RES    SHR S %CPU %MEM     TIME+ COMMAND
12047 freshman  20   0   38308  31100   5076 R 12.5  0.1   0:44.46 gobmk_base.+
11560 freshman  20   0   42788   3996   3368 R  0.1  0.0   0:05.92 top

top - 18:16:53 up 11 days,  5:21,  6 users,  load average: 1.01, 1.00, 0.76
Tasks: 198 total,   2 running, 121 sleeping,   0 stopped,   0 zombie
%Cpu(s): 12.6 us,  0.0 sy,  0.0 ni, 87.4 id,  0.0 wa,  0.0 hi,  0.0 si,  0.0 st
KiB Mem : 32843380 total, 17100332 free,   341508 used, 15401540 buff/cache
--
  PID USER      PR  NI    VIRT    RES    SHR S %CPU %MEM     TIME+ COMMAND
12047 freshman  20   0   38308  31100   5076 R 12.5  0.1   0:45.47 gobmk_base.+

top - 18:16:54 up 11 days,  5:21,  6 users,  load average: 1.01, 1.00, 0.76
Tasks: 198 total,   2 running, 121 sleeping,   0 stopped,   0 zombie
%Cpu(s): 12.4 us,  0.1 sy,  0.0 ni, 87.4 id,  0.0 wa,  0.0 hi,  0.0 si,  0.0 st
KiB Mem : 32843380 total, 17100332 free,   341508 used, 15401540 buff/cache
--
  PID USER      PR  NI    VIRT    RES    SHR S %CPU %MEM     TIME+ COMMAND
12047 freshman  20   0   38308  31100   5076 R 12.5  0.1   0:46.47 gobmk_base.+
11560 freshman  20   0   42788   3996   3368 R  0.1  0.0   0:05.93 top

top - 18:16:55 up 11 days,  5:21,  6 users,  load average: 1.01, 1.00, 0.76
Tasks: 198 total,   2 running, 121 sleeping,   0 stopped,   0 zombie
%Cpu(s): 12.6 us,  0.0 sy,  0.0 ni, 87.4 id,  0.0 wa,  0.0 hi,  0.0 si,  0.0 st
KiB Mem : 32843380 total, 17100332 free,   341508 used, 15401540 buff/cache
--
  PID USER      PR  NI    VIRT    RES    SHR S %CPU %MEM     TIME+ COMMAND
12047 freshman  20   0   38308  31100   5076 R 12.5  0.1   0:47.48 gobmk_base.+

top - 18:16:56 up 11 days,  5:21,  6 users,  load average: 1.01, 1.00, 0.77
Tasks: 198 total,   2 running, 121 sleeping,   0 stopped,   0 zombie
%Cpu(s): 12.5 us,  0.1 sy,  0.0 ni, 87.3 id,  0.0 wa,  0.0 hi,  0.0 si,  0.0 st
KiB Mem : 32843380 total, 17100332 free,   341500 used, 15401548 buff/cache
--
  PID USER      PR  NI    VIRT    RES    SHR S %CPU %MEM     TIME+ COMMAND
12047 freshman  20   0   38308  31100   5076 R 12.5  0.1   0:48.48 gobmk_base.+

top - 18:16:57 up 11 days,  5:21,  6 users,  load average: 1.01, 1.00, 0.77
Tasks: 198 total,   2 running, 121 sleeping,   0 stopped,   0 zombie
%Cpu(s): 12.4 us,  0.1 sy,  0.0 ni, 87.5 id,  0.0 wa,  0.0 hi,  0.0 si,  0.0 st
KiB Mem : 32843380 total, 17100332 free,   341500 used, 15401548 buff/cache
--
  PID USER      PR  NI    VIRT    RES    SHR S %CPU %MEM     TIME+ COMMAND
12049 freshman  20   0   38288  30464   4652 R 10.0  0.1   0:00.81 gobmk_base.+
11560 freshman  20   0   42788   3996   3368 R  0.1  0.0   0:05.94 top

top - 18:16:58 up 11 days,  5:21,  6 users,  load average: 1.01, 1.00, 0.77
Tasks: 198 total,   2 running, 121 sleeping,   0 stopped,   0 zombie
%Cpu(s): 12.5 us,  0.0 sy,  0.0 ni, 87.5 id,  0.0 wa,  0.0 hi,  0.0 si,  0.0 st
KiB Mem : 32843380 total, 17100332 free,   341500 used, 15401548 buff/cache
--
  PID USER      PR  NI    VIRT    RES    SHR S %CPU %MEM     TIME+ COMMAND
12049 freshman  20   0   38288  30464   4652 R 12.5  0.1   0:01.81 gobmk_base.+
11560 freshman  20   0   42788   3996   3368 R  0.1  0.0   0:05.95 top

top - 18:16:59 up 11 days,  5:21,  6 users,  load average: 1.01, 1.00, 0.77
Tasks: 198 total,   2 running, 121 sleeping,   0 stopped,   0 zombie
%Cpu(s): 12.5 us,  0.0 sy,  0.0 ni, 87.5 id,  0.0 wa,  0.0 hi,  0.0 si,  0.0 st
KiB Mem : 32843380 total, 17100588 free,   341228 used, 15401564 buff/cache
--
  PID USER      PR  NI    VIRT    RES    SHR S %CPU %MEM     TIME+ COMMAND
12049 freshman  20   0   38288  30464   4652 R 12.4  0.1   0:02.81 gobmk_base.+

top - 18:17:00 up 11 days,  5:21,  6 users,  load average: 1.01, 1.00, 0.77
Tasks: 198 total,   2 running, 121 sleeping,   0 stopped,   0 zombie
%Cpu(s): 12.5 us,  0.1 sy,  0.0 ni, 87.3 id,  0.0 wa,  0.0 hi,  0.0 si,  0.0 st
KiB Mem : 32843380 total, 17100588 free,   341228 used, 15401564 buff/cache
--
  PID USER      PR  NI    VIRT    RES    SHR S %CPU %MEM     TIME+ COMMAND
12049 freshman  20   0   38288  30464   4652 R 12.6  0.1   0:03.82 gobmk_base.+
11560 freshman  20   0   42788   3996   3368 R  0.1  0.0   0:05.96 top

top - 18:17:01 up 11 days,  5:21,  6 users,  load average: 1.01, 1.00, 0.77
Tasks: 198 total,   2 running, 121 sleeping,   0 stopped,   0 zombie
%Cpu(s): 12.5 us,  0.0 sy,  0.0 ni, 87.5 id,  0.0 wa,  0.0 hi,  0.0 si,  0.0 st
KiB Mem : 32843380 total, 17100588 free,   341228 used, 15401564 buff/cache
--
  PID USER      PR  NI    VIRT    RES    SHR S %CPU %MEM     TIME+ COMMAND
12049 freshman  20   0   38288  30952   4896 R 12.5  0.1   0:04.83 gobmk_base.+

top - 18:17:02 up 11 days,  5:21,  6 users,  load average: 1.01, 1.00, 0.77
Tasks: 198 total,   2 running, 121 sleeping,   0 stopped,   0 zombie
%Cpu(s): 12.5 us,  0.1 sy,  0.0 ni, 87.4 id,  0.0 wa,  0.0 hi,  0.0 si,  0.0 st
KiB Mem : 32843380 total, 17100384 free,   341424 used, 15401572 buff/cache
--
  PID USER      PR  NI    VIRT    RES    SHR S %CPU %MEM     TIME+ COMMAND
12049 freshman  20   0   38288  30952   4896 R 12.5  0.1   0:05.83 gobmk_base.+
    8 root      20   0       0      0      0 I  0.1  0.0   0:19.99 rcu_sched

top - 18:17:03 up 11 days,  5:21,  6 users,  load average: 1.01, 1.00, 0.77
Tasks: 198 total,   2 running, 121 sleeping,   0 stopped,   0 zombie
%Cpu(s): 12.6 us,  0.0 sy,  0.0 ni, 87.4 id,  0.0 wa,  0.0 hi,  0.0 si,  0.0 st
KiB Mem : 32843380 total, 17100384 free,   341424 used, 15401572 buff/cache
--
  PID USER      PR  NI    VIRT    RES    SHR S %CPU %MEM     TIME+ COMMAND
12049 freshman  20   0   38288  30952   4896 R 12.4  0.1   0:06.83 gobmk_base.+
11560 freshman  20   0   42788   3996   3368 R  0.1  0.0   0:05.97 top

top - 18:17:04 up 11 days,  5:21,  6 users,  load average: 1.01, 1.00, 0.77
Tasks: 198 total,   2 running, 121 sleeping,   0 stopped,   0 zombie
%Cpu(s): 12.6 us,  0.0 sy,  0.0 ni, 87.4 id,  0.0 wa,  0.0 hi,  0.0 si,  0.0 st
KiB Mem : 32843380 total, 17100384 free,   341424 used, 15401572 buff/cache
--
  PID USER      PR  NI    VIRT    RES    SHR S %CPU %MEM     TIME+ COMMAND
12049 freshman  20   0   38296  30952   4896 R 12.6  0.1   0:07.84 gobmk_base.+

top - 18:17:05 up 11 days,  5:21,  6 users,  load average: 1.01, 1.00, 0.77
Tasks: 198 total,   2 running, 121 sleeping,   0 stopped,   0 zombie
%Cpu(s): 12.5 us,  0.0 sy,  0.0 ni, 87.5 id,  0.0 wa,  0.0 hi,  0.0 si,  0.0 st
KiB Mem : 32843380 total, 17100416 free,   341388 used, 15401576 buff/cache
--
  PID USER      PR  NI    VIRT    RES    SHR S %CPU %MEM     TIME+ COMMAND
12049 freshman  20   0   38296  30952   4896 R 12.5  0.1   0:08.85 gobmk_base.+
11560 freshman  20   0   42788   3996   3368 R  0.1  0.0   0:05.98 top

top - 18:17:06 up 11 days,  5:21,  6 users,  load average: 1.01, 1.00, 0.77
Tasks: 198 total,   2 running, 121 sleeping,   0 stopped,   0 zombie
%Cpu(s): 12.4 us,  0.1 sy,  0.0 ni, 87.4 id,  0.0 wa,  0.0 hi,  0.0 si,  0.0 st
KiB Mem : 32843380 total, 17100416 free,   341388 used, 15401576 buff/cache
--
  PID USER      PR  NI    VIRT    RES    SHR S %CPU %MEM     TIME+ COMMAND
12049 freshman  20   0   38296  30952   4896 R 12.5  0.1   0:09.85 gobmk_base.+

top - 18:17:07 up 11 days,  5:21,  6 users,  load average: 1.01, 1.00, 0.77
Tasks: 198 total,   2 running, 121 sleeping,   0 stopped,   0 zombie
%Cpu(s): 12.6 us,  0.0 sy,  0.0 ni, 87.3 id,  0.1 wa,  0.0 hi,  0.0 si,  0.0 st
KiB Mem : 32843380 total, 17100416 free,   341388 used, 15401576 buff/cache
--
  PID USER      PR  NI    VIRT    RES    SHR S %CPU %MEM     TIME+ COMMAND
12049 freshman  20   0   38296  30952   4896 R 12.5  0.1   0:10.86 gobmk_base.+
11560 freshman  20   0   42788   3996   3368 R  0.1  0.0   0:05.99 top

top - 18:17:08 up 11 days,  5:21,  6 users,  load average: 1.01, 1.00, 0.77
Tasks: 198 total,   2 running, 121 sleeping,   0 stopped,   0 zombie
%Cpu(s): 12.4 us,  0.1 sy,  0.0 ni, 87.4 id,  0.0 wa,  0.0 hi,  0.0 si,  0.0 st
KiB Mem : 32843380 total, 17100384 free,   341412 used, 15401584 buff/cache
--
  PID USER      PR  NI    VIRT    RES    SHR S %CPU %MEM     TIME+ COMMAND
12049 freshman  20   0   38296  30952   4896 R 12.5  0.1   0:11.86 gobmk_base.+

top - 18:17:09 up 11 days,  5:21,  6 users,  load average: 1.01, 1.00, 0.77
Tasks: 198 total,   2 running, 121 sleeping,   0 stopped,   0 zombie
%Cpu(s): 12.4 us,  0.0 sy,  0.0 ni, 87.6 id,  0.0 wa,  0.0 hi,  0.0 si,  0.0 st
KiB Mem : 32843380 total, 17100384 free,   341412 used, 15401584 buff/cache
--
  PID USER      PR  NI    VIRT    RES    SHR S %CPU %MEM     TIME+ COMMAND
12049 freshman  20   0   38296  30952   4896 R 12.4  0.1   0:12.86 gobmk_base.+

top - 18:17:10 up 11 days,  5:21,  6 users,  load average: 1.01, 1.00, 0.77
Tasks: 198 total,   2 running, 121 sleeping,   0 stopped,   0 zombie
%Cpu(s): 12.5 us,  0.1 sy,  0.0 ni, 87.3 id,  0.0 wa,  0.0 hi,  0.0 si,  0.0 st
KiB Mem : 32843380 total, 17100384 free,   341412 used, 15401584 buff/cache
--
  PID USER      PR  NI    VIRT    RES    SHR S %CPU %MEM     TIME+ COMMAND
12049 freshman  20   0   38296  30952   4896 R 12.5  0.1   0:13.87 gobmk_base.+
11560 freshman  20   0   42788   3996   3368 R  0.1  0.0   0:06.00 top

top - 18:17:11 up 11 days,  5:21,  6 users,  load average: 1.01, 1.00, 0.77
Tasks: 198 total,   2 running, 121 sleeping,   0 stopped,   0 zombie
%Cpu(s): 12.6 us,  0.0 sy,  0.0 ni, 87.4 id,  0.0 wa,  0.0 hi,  0.0 si,  0.0 st
KiB Mem : 32843380 total, 17100416 free,   341380 used, 15401584 buff/cache
--
  PID USER      PR  NI    VIRT    RES    SHR S %CPU %MEM     TIME+ COMMAND
12049 freshman  20   0   38296  30952   4896 R 12.5  0.1   0:14.87 gobmk_base.+

top - 18:17:12 up 11 days,  5:21,  6 users,  load average: 1.01, 1.00, 0.77
Tasks: 198 total,   2 running, 121 sleeping,   0 stopped,   0 zombie
%Cpu(s): 12.5 us,  0.0 sy,  0.0 ni, 87.5 id,  0.0 wa,  0.0 hi,  0.0 si,  0.0 st
KiB Mem : 32843380 total, 17100416 free,   341380 used, 15401584 buff/cache
--
  PID USER      PR  NI    VIRT    RES    SHR S %CPU %MEM     TIME+ COMMAND
12049 freshman  20   0   38296  30952   4896 R 12.5  0.1   0:15.88 gobmk_base.+
11560 freshman  20   0   42788   3996   3368 R  0.1  0.0   0:06.01 top
11561 freshman  20   0   13136   1004    908 S  0.1  0.0   0:00.07 grep
--
top - 18:17:13 up 11 days,  5:21,  6 users,  load average: 1.01, 1.00, 0.77
Tasks: 198 total,   2 running, 121 sleeping,   0 stopped,   0 zombie
%Cpu(s): 12.6 us,  0.0 sy,  0.0 ni, 87.4 id,  0.0 wa,  0.0 hi,  0.0 si,  0.0 st
KiB Mem : 32843380 total, 17100416 free,   341380 used, 15401584 buff/cache
--
  PID USER      PR  NI    VIRT    RES    SHR S %CPU %MEM     TIME+ COMMAND
12049 freshman  20   0   38296  30952   4896 R 12.5  0.1   0:16.88 gobmk_base.+

top - 18:17:14 up 11 days,  5:21,  6 users,  load average: 1.01, 1.00, 0.77
Tasks: 198 total,   2 running, 121 sleeping,   0 stopped,   0 zombie
%Cpu(s): 12.6 us,  0.0 sy,  0.0 ni, 87.4 id,  0.0 wa,  0.0 hi,  0.0 si,  0.0 st
KiB Mem : 32843380 total, 17100384 free,   341400 used, 15401596 buff/cache
--
  PID USER      PR  NI    VIRT    RES    SHR S %CPU %MEM     TIME+ COMMAND
12049 freshman  20   0   38296  30952   4896 R 12.5  0.1   0:17.89 gobmk_base.+

top - 18:17:15 up 11 days,  5:21,  6 users,  load average: 1.01, 1.00, 0.77
Tasks: 198 total,   2 running, 121 sleeping,   0 stopped,   0 zombie
%Cpu(s): 12.4 us,  0.1 sy,  0.0 ni, 87.4 id,  0.0 wa,  0.0 hi,  0.0 si,  0.0 st
KiB Mem : 32843380 total, 17100384 free,   341400 used, 15401596 buff/cache
--
  PID USER      PR  NI    VIRT    RES    SHR S %CPU %MEM     TIME+ COMMAND
12049 freshman  20   0   38296  30952   4896 R 12.5  0.1   0:18.89 gobmk_base.+

top - 18:17:16 up 11 days,  5:22,  6 users,  load average: 1.00, 1.00, 0.77
Tasks: 198 total,   2 running, 121 sleeping,   0 stopped,   0 zombie
%Cpu(s): 12.6 us,  0.0 sy,  0.0 ni, 87.4 id,  0.0 wa,  0.0 hi,  0.0 si,  0.0 st
KiB Mem : 32843380 total, 17100384 free,   341400 used, 15401596 buff/cache
--
  PID USER      PR  NI    VIRT    RES    SHR S %CPU %MEM     TIME+ COMMAND
12049 freshman  20   0   38296  30952   4896 R 12.5  0.1   0:19.90 gobmk_base.+
11560 freshman  20   0   42788   3996   3368 R  0.1  0.0   0:06.02 top

top - 18:17:17 up 11 days,  5:22,  6 users,  load average: 1.00, 1.00, 0.77
Tasks: 198 total,   2 running, 121 sleeping,   0 stopped,   0 zombie
%Cpu(s): 12.5 us,  0.0 sy,  0.0 ni, 87.5 id,  0.0 wa,  0.0 hi,  0.0 si,  0.0 st
KiB Mem : 32843380 total, 17100416 free,   341368 used, 15401596 buff/cache
--
  PID USER      PR  NI    VIRT    RES    SHR S %CPU %MEM     TIME+ COMMAND
12049 freshman  20   0   38296  30952   4896 R 12.6  0.1   0:20.91 gobmk_base.+

top - 18:17:18 up 11 days,  5:22,  6 users,  load average: 1.00, 1.00, 0.77
Tasks: 198 total,   2 running, 121 sleeping,   0 stopped,   0 zombie
%Cpu(s): 12.6 us,  0.0 sy,  0.0 ni, 87.3 id,  0.1 wa,  0.0 hi,  0.0 si,  0.0 st
KiB Mem : 32843380 total, 17100416 free,   341368 used, 15401596 buff/cache
--
  PID USER      PR  NI    VIRT    RES    SHR S %CPU %MEM     TIME+ COMMAND
12049 freshman  20   0   38296  30952   4896 R 12.4  0.1   0:21.91 gobmk_base.+

top - 18:17:19 up 11 days,  5:22,  6 users,  load average: 1.00, 1.00, 0.77
Tasks: 198 total,   2 running, 121 sleeping,   0 stopped,   0 zombie
%Cpu(s): 12.6 us,  0.0 sy,  0.0 ni, 87.4 id,  0.0 wa,  0.0 hi,  0.0 si,  0.0 st
KiB Mem : 32843380 total, 17100416 free,   341368 used, 15401596 buff/cache
--
  PID USER      PR  NI    VIRT    RES    SHR S %CPU %MEM     TIME+ COMMAND
12049 freshman  20   0   38296  30952   4896 R 12.5  0.1   0:22.91 gobmk_base.+
11560 freshman  20   0   42788   3996   3368 R  0.2  0.0   0:06.04 top

top - 18:17:20 up 11 days,  5:22,  6 users,  load average: 1.00, 1.00, 0.77
Tasks: 198 total,   2 running, 121 sleeping,   0 stopped,   0 zombie
%Cpu(s): 12.4 us,  0.1 sy,  0.0 ni, 87.5 id,  0.0 wa,  0.0 hi,  0.0 si,  0.0 st
KiB Mem : 32843380 total, 17100384 free,   341392 used, 15401604 buff/cache
--
  PID USER      PR  NI    VIRT    RES    SHR S %CPU %MEM     TIME+ COMMAND
12049 freshman  20   0   38296  30952   4896 R 12.5  0.1   0:23.92 gobmk_base.+

top - 18:17:21 up 11 days,  5:22,  6 users,  load average: 1.00, 1.00, 0.77
Tasks: 198 total,   2 running, 121 sleeping,   0 stopped,   0 zombie
%Cpu(s): 12.5 us,  0.0 sy,  0.0 ni, 87.5 id,  0.0 wa,  0.0 hi,  0.0 si,  0.0 st
KiB Mem : 32843380 total, 17100384 free,   341392 used, 15401604 buff/cache
--
  PID USER      PR  NI    VIRT    RES    SHR S %CPU %MEM     TIME+ COMMAND
12049 freshman  20   0   38296  30952   4896 R 12.6  0.1   0:24.93 gobmk_base.+

top - 18:17:22 up 11 days,  5:22,  6 users,  load average: 1.00, 1.00, 0.77
Tasks: 198 total,   2 running, 121 sleeping,   0 stopped,   0 zombie
%Cpu(s): 12.6 us,  0.0 sy,  0.0 ni, 87.4 id,  0.0 wa,  0.0 hi,  0.0 si,  0.0 st
KiB Mem : 32843380 total, 17100384 free,   341392 used, 15401604 buff/cache
--
  PID USER      PR  NI    VIRT    RES    SHR S %CPU %MEM     TIME+ COMMAND
12049 freshman  20   0   38296  30952   4896 R 12.5  0.1   0:25.94 gobmk_base.+

top - 18:17:23 up 11 days,  5:22,  6 users,  load average: 1.00, 1.00, 0.77
Tasks: 198 total,   2 running, 121 sleeping,   0 stopped,   0 zombie
%Cpu(s): 12.5 us,  0.1 sy,  0.0 ni, 87.3 id,  0.0 wa,  0.0 hi,  0.0 si,  0.0 st
KiB Mem : 32843380 total, 17100416 free,   341356 used, 15401608 buff/cache
--
  PID USER      PR  NI    VIRT    RES    SHR S %CPU %MEM     TIME+ COMMAND
12049 freshman  20   0   38296  30952   4896 R 12.5  0.1   0:26.94 gobmk_base.+
11560 freshman  20   0   42788   3996   3368 R  0.1  0.0   0:06.05 top

top - 18:17:24 up 11 days,  5:22,  6 users,  load average: 1.00, 1.00, 0.77
Tasks: 198 total,   2 running, 121 sleeping,   0 stopped,   0 zombie
%Cpu(s): 12.6 us,  0.0 sy,  0.0 ni, 87.4 id,  0.0 wa,  0.0 hi,  0.0 si,  0.0 st
KiB Mem : 32843380 total, 17100416 free,   341356 used, 15401608 buff/cache
--
  PID USER      PR  NI    VIRT    RES    SHR S %CPU %MEM     TIME+ COMMAND
12049 freshman  20   0   38296  30952   4896 R 12.5  0.1   0:27.95 gobmk_base.+

top - 18:17:25 up 11 days,  5:22,  6 users,  load average: 1.00, 1.00, 0.77
Tasks: 198 total,   2 running, 121 sleeping,   0 stopped,   0 zombie
%Cpu(s): 12.4 us,  0.1 sy,  0.0 ni, 87.4 id,  0.0 wa,  0.0 hi,  0.0 si,  0.0 st
KiB Mem : 32843380 total, 17100416 free,   341356 used, 15401608 buff/cache
--
  PID USER      PR  NI    VIRT    RES    SHR S %CPU %MEM     TIME+ COMMAND
12049 freshman  20   0   38296  30952   4896 R 12.5  0.1   0:28.95 gobmk_base.+
11560 freshman  20   0   42788   3996   3368 R  0.1  0.0   0:06.06 top

top - 18:17:26 up 11 days,  5:22,  6 users,  load average: 1.00, 1.00, 0.77
Tasks: 198 total,   2 running, 121 sleeping,   0 stopped,   0 zombie
%Cpu(s): 12.6 us,  0.0 sy,  0.0 ni, 87.4 id,  0.0 wa,  0.0 hi,  0.0 si,  0.0 st
KiB Mem : 32843380 total, 17100384 free,   341380 used, 15401616 buff/cache
--
  PID USER      PR  NI    VIRT    RES    SHR S %CPU %MEM     TIME+ COMMAND
12049 freshman  20   0   38296  30952   4896 R 12.4  0.1   0:29.95 gobmk_base.+

top - 18:17:27 up 11 days,  5:22,  6 users,  load average: 1.00, 1.00, 0.77
Tasks: 198 total,   2 running, 121 sleeping,   0 stopped,   0 zombie
%Cpu(s): 12.5 us,  0.0 sy,  0.0 ni, 87.5 id,  0.0 wa,  0.0 hi,  0.0 si,  0.0 st
KiB Mem : 32843380 total, 17100384 free,   341380 used, 15401616 buff/cache
--
  PID USER      PR  NI    VIRT    RES    SHR S %CPU %MEM     TIME+ COMMAND
12049 freshman  20   0   38296  30952   4896 R 12.6  0.1   0:30.96 gobmk_base.+

top - 18:17:28 up 11 days,  5:22,  6 users,  load average: 1.00, 1.00, 0.77
Tasks: 198 total,   2 running, 121 sleeping,   0 stopped,   0 zombie
%Cpu(s): 12.6 us,  0.0 sy,  0.0 ni, 87.4 id,  0.0 wa,  0.0 hi,  0.0 si,  0.0 st
KiB Mem : 32843380 total, 17100384 free,   341380 used, 15401616 buff/cache
--
  PID USER      PR  NI    VIRT    RES    SHR S %CPU %MEM     TIME+ COMMAND
12049 freshman  20   0   38296  30952   4896 R 12.5  0.1   0:31.97 gobmk_base.+
11560 freshman  20   0   42788   3996   3368 R  0.1  0.0   0:06.07 top

top - 18:17:29 up 11 days,  5:22,  6 users,  load average: 1.00, 1.00, 0.77
Tasks: 198 total,   2 running, 121 sleeping,   0 stopped,   0 zombie
%Cpu(s): 12.5 us,  0.1 sy,  0.0 ni, 87.2 id,  0.1 wa,  0.0 hi,  0.0 si,  0.0 st
KiB Mem : 32843380 total, 17100416 free,   341340 used, 15401624 buff/cache
--
  PID USER      PR  NI    VIRT    RES    SHR S %CPU %MEM     TIME+ COMMAND
12049 freshman  20   0   38296  30952   4896 R 12.5  0.1   0:32.97 gobmk_base.+

top - 18:17:30 up 11 days,  5:22,  6 users,  load average: 1.00, 1.00, 0.77
Tasks: 198 total,   2 running, 121 sleeping,   0 stopped,   0 zombie
%Cpu(s): 12.5 us,  0.0 sy,  0.0 ni, 87.5 id,  0.0 wa,  0.0 hi,  0.0 si,  0.0 st
KiB Mem : 32843380 total, 17100416 free,   341340 used, 15401624 buff/cache
--
  PID USER      PR  NI    VIRT    RES    SHR S %CPU %MEM     TIME+ COMMAND
12049 freshman  20   0   38296  30952   4896 R 12.4  0.1   0:33.97 gobmk_base.+

top - 18:17:31 up 11 days,  5:22,  6 users,  load average: 1.00, 1.00, 0.78
Tasks: 198 total,   2 running, 121 sleeping,   0 stopped,   0 zombie
%Cpu(s): 12.5 us,  0.1 sy,  0.0 ni, 87.3 id,  0.0 wa,  0.0 hi,  0.0 si,  0.0 st
KiB Mem : 32843380 total, 17100416 free,   341340 used, 15401624 buff/cache
--
  PID USER      PR  NI    VIRT    RES    SHR S %CPU %MEM     TIME+ COMMAND
12049 freshman  20   0   38296  30952   4896 R 12.6  0.1   0:34.98 gobmk_base.+
11560 freshman  20   0   42788   3996   3368 R  0.1  0.0   0:06.08 top

top - 18:17:32 up 11 days,  5:22,  6 users,  load average: 1.00, 1.00, 0.78
Tasks: 198 total,   2 running, 121 sleeping,   0 stopped,   0 zombie
%Cpu(s): 12.5 us,  0.0 sy,  0.0 ni, 87.5 id,  0.0 wa,  0.0 hi,  0.0 si,  0.0 st
KiB Mem : 32843380 total, 17100384 free,   341368 used, 15401628 buff/cache
--
  PID USER      PR  NI    VIRT    RES    SHR S %CPU %MEM     TIME+ COMMAND
12049 freshman  20   0   38296  30952   4896 R 12.5  0.1   0:35.99 gobmk_base.+

top - 18:17:33 up 11 days,  5:22,  6 users,  load average: 1.00, 1.00, 0.78
Tasks: 198 total,   2 running, 121 sleeping,   0 stopped,   0 zombie
%Cpu(s): 12.5 us,  0.1 sy,  0.0 ni, 87.3 id,  0.0 wa,  0.0 hi,  0.0 si,  0.0 st
KiB Mem : 32843380 total, 17100384 free,   341368 used, 15401628 buff/cache
--
  PID USER      PR  NI    VIRT    RES    SHR S %CPU %MEM     TIME+ COMMAND
12049 freshman  20   0   38296  30952   4896 R 12.5  0.1   0:36.99 gobmk_base.+
 1028 root      20   0 1894016  27060  14936 S  0.1  0.1   1:32.22 snapd
11560 freshman  20   0   42788   3996   3368 R  0.1  0.0   0:06.09 top
--
top - 18:17:34 up 11 days,  5:22,  6 users,  load average: 1.00, 1.00, 0.78
Tasks: 198 total,   2 running, 121 sleeping,   0 stopped,   0 zombie
%Cpu(s): 12.5 us,  0.0 sy,  0.0 ni, 87.5 id,  0.0 wa,  0.0 hi,  0.0 si,  0.0 st
KiB Mem : 32843380 total, 17100384 free,   341368 used, 15401628 buff/cache
--
  PID USER      PR  NI    VIRT    RES    SHR S %CPU %MEM     TIME+ COMMAND
12049 freshman  20   0   38296  30952   4896 R 12.4  0.1   0:37.99 gobmk_base.+

top - 18:17:35 up 11 days,  5:22,  6 users,  load average: 1.00, 1.00, 0.78
Tasks: 198 total,   2 running, 121 sleeping,   0 stopped,   0 zombie
%Cpu(s): 12.5 us,  0.1 sy,  0.0 ni, 87.3 id,  0.0 wa,  0.0 hi,  0.0 si,  0.0 st
KiB Mem : 32843380 total, 17100616 free,   341128 used, 15401636 buff/cache
--
  PID USER      PR  NI    VIRT    RES    SHR S %CPU %MEM     TIME+ COMMAND
12049 freshman  20   0   38296  30952   4896 R 12.6  0.1   0:39.00 gobmk_base.+

top - 18:17:36 up 11 days,  5:22,  6 users,  load average: 1.00, 1.00, 0.78
Tasks: 198 total,   2 running, 121 sleeping,   0 stopped,   0 zombie
%Cpu(s): 12.6 us,  0.0 sy,  0.0 ni, 87.4 id,  0.0 wa,  0.0 hi,  0.0 si,  0.0 st
KiB Mem : 32843380 total, 17100616 free,   341128 used, 15401636 buff/cache
--
  PID USER      PR  NI    VIRT    RES    SHR S %CPU %MEM     TIME+ COMMAND
12049 freshman  20   0   38296  30952   4896 R 12.5  0.1   0:40.01 gobmk_base.+
11560 freshman  20   0   42788   3996   3368 R  0.2  0.0   0:06.11 top

top - 18:17:37 up 11 days,  5:22,  6 users,  load average: 1.00, 1.00, 0.78
Tasks: 198 total,   2 running, 121 sleeping,   0 stopped,   0 zombie
%Cpu(s): 12.6 us,  0.0 sy,  0.0 ni, 87.4 id,  0.0 wa,  0.0 hi,  0.0 si,  0.0 st
KiB Mem : 32843380 total, 17100616 free,   341128 used, 15401636 buff/cache
--
  PID USER      PR  NI    VIRT    RES    SHR S %CPU %MEM     TIME+ COMMAND
12049 freshman  20   0   38296  30952   4896 R 12.5  0.1   0:41.01 gobmk_base.+

top - 18:17:38 up 11 days,  5:22,  6 users,  load average: 1.00, 1.00, 0.78
Tasks: 198 total,   2 running, 121 sleeping,   0 stopped,   0 zombie
%Cpu(s): 12.5 us,  0.0 sy,  0.0 ni, 87.5 id,  0.0 wa,  0.0 hi,  0.0 si,  0.0 st
KiB Mem : 32843380 total, 17100360 free,   341380 used, 15401640 buff/cache
--
  PID USER      PR  NI    VIRT    RES    SHR S %CPU %MEM     TIME+ COMMAND
12049 freshman  20   0   38296  30952   4896 R 12.5  0.1   0:42.02 gobmk_base.+

top - 18:17:39 up 11 days,  5:22,  6 users,  load average: 1.00, 1.00, 0.78
Tasks: 198 total,   2 running, 121 sleeping,   0 stopped,   0 zombie
%Cpu(s): 12.5 us,  0.1 sy,  0.0 ni, 87.2 id,  0.1 wa,  0.0 hi,  0.0 si,  0.0 st
KiB Mem : 32843380 total, 17100360 free,   341380 used, 15401640 buff/cache
--
  PID USER      PR  NI    VIRT    RES    SHR S %CPU %MEM     TIME+ COMMAND
12049 freshman  20   0   38296  30952   4896 R 12.4  0.1   0:43.02 gobmk_base.+

top - 18:17:40 up 11 days,  5:22,  6 users,  load average: 1.00, 1.00, 0.78
Tasks: 198 total,   2 running, 121 sleeping,   0 stopped,   0 zombie
%Cpu(s): 12.4 us,  0.1 sy,  0.0 ni, 87.4 id,  0.0 wa,  0.0 hi,  0.0 si,  0.0 st
KiB Mem : 32843380 total, 17100360 free,   341380 used, 15401640 buff/cache
--
  PID USER      PR  NI    VIRT    RES    SHR S %CPU %MEM     TIME+ COMMAND
12049 freshman  20   0   38296  30952   4896 R 12.6  0.1   0:44.03 gobmk_base.+
11560 freshman  20   0   42788   3996   3368 R  0.1  0.0   0:06.12 top

top - 18:17:41 up 11 days,  5:22,  6 users,  load average: 1.00, 1.00, 0.78
Tasks: 198 total,   2 running, 121 sleeping,   0 stopped,   0 zombie
%Cpu(s): 12.6 us,  0.0 sy,  0.0 ni, 87.4 id,  0.0 wa,  0.0 hi,  0.0 si,  0.0 st
KiB Mem : 32843380 total, 17100392 free,   341340 used, 15401648 buff/cache
--
  PID USER      PR  NI    VIRT    RES    SHR S %CPU %MEM     TIME+ COMMAND
12049 freshman  20   0   38296  30952   4896 R 12.4  0.1   0:45.03 gobmk_base.+

top - 18:17:42 up 11 days,  5:22,  6 users,  load average: 1.00, 1.00, 0.78
Tasks: 198 total,   2 running, 121 sleeping,   0 stopped,   0 zombie
%Cpu(s): 12.6 us,  0.0 sy,  0.0 ni, 87.4 id,  0.0 wa,  0.0 hi,  0.0 si,  0.0 st
KiB Mem : 32843380 total, 17100392 free,   341340 used, 15401648 buff/cache
--
  PID USER      PR  NI    VIRT    RES    SHR S %CPU %MEM     TIME+ COMMAND
12049 freshman  20   0   38296  30952   4896 R 12.6  0.1   0:46.04 gobmk_base.+

top - 18:17:43 up 11 days,  5:22,  6 users,  load average: 1.00, 1.00, 0.78
Tasks: 198 total,   2 running, 121 sleeping,   0 stopped,   0 zombie
%Cpu(s): 12.5 us,  0.0 sy,  0.0 ni, 87.5 id,  0.0 wa,  0.0 hi,  0.0 si,  0.0 st
KiB Mem : 32843380 total, 17100392 free,   341340 used, 15401648 buff/cache
--
  PID USER      PR  NI    VIRT    RES    SHR S %CPU %MEM     TIME+ COMMAND
12049 freshman  20   0   38296  30952   4896 R 12.4  0.1   0:47.04 gobmk_base.+
11560 freshman  20   0   42788   3996   3368 R  0.1  0.0   0:06.13 top

top - 18:17:44 up 11 days,  5:22,  6 users,  load average: 1.00, 1.00, 0.78
Tasks: 198 total,   2 running, 121 sleeping,   0 stopped,   0 zombie
%Cpu(s): 12.5 us,  0.1 sy,  0.0 ni, 87.3 id,  0.0 wa,  0.0 hi,  0.0 si,  0.0 st
KiB Mem : 32843380 total, 17100360 free,   341372 used, 15401648 buff/cache
--
  PID USER      PR  NI    VIRT    RES    SHR S %CPU %MEM     TIME+ COMMAND
12049 freshman  20   0   38296  30952   4896 R 12.6  0.1   0:48.05 gobmk_base.+
11560 freshman  20   0   42788   3996   3368 R  0.1  0.0   0:06.14 top

top - 18:17:45 up 11 days,  5:22,  6 users,  load average: 1.00, 1.00, 0.78
Tasks: 198 total,   2 running, 121 sleeping,   0 stopped,   0 zombie
%Cpu(s): 12.4 us,  0.0 sy,  0.0 ni, 87.4 id,  0.1 wa,  0.0 hi,  0.0 si,  0.0 st
KiB Mem : 32843380 total, 17100360 free,   341372 used, 15401648 buff/cache
--
  PID USER      PR  NI    VIRT    RES    SHR S %CPU %MEM     TIME+ COMMAND
12049 freshman  20   0   38296  30952   4896 R 12.4  0.1   0:49.05 gobmk_base.+

top - 18:17:46 up 11 days,  5:22,  6 users,  load average: 1.00, 1.00, 0.78
Tasks: 198 total,   2 running, 121 sleeping,   0 stopped,   0 zombie
%Cpu(s): 12.6 us,  0.0 sy,  0.0 ni, 87.4 id,  0.0 wa,  0.0 hi,  0.0 si,  0.0 st
KiB Mem : 32843380 total, 17100360 free,   341372 used, 15401648 buff/cache
--
  PID USER      PR  NI    VIRT    RES    SHR S %CPU %MEM     TIME+ COMMAND
12049 freshman  20   0   38296  30952   4896 R 12.6  0.1   0:50.06 gobmk_base.+
11560 freshman  20   0   42788   3996   3368 R  0.1  0.0   0:06.15 top

top - 18:17:47 up 11 days,  5:22,  6 users,  load average: 1.00, 1.00, 0.78
Tasks: 198 total,   2 running, 121 sleeping,   0 stopped,   0 zombie
%Cpu(s): 12.4 us,  0.1 sy,  0.0 ni, 87.4 id,  0.0 wa,  0.0 hi,  0.0 si,  0.0 st
KiB Mem : 32843380 total, 17100392 free,   341328 used, 15401660 buff/cache
--
  PID USER      PR  NI    VIRT    RES    SHR S %CPU %MEM     TIME+ COMMAND
12049 freshman  20   0   38296  30952   4896 R 12.4  0.1   0:51.06 gobmk_base.+

top - 18:17:48 up 11 days,  5:22,  6 users,  load average: 1.00, 1.00, 0.78
Tasks: 198 total,   2 running, 121 sleeping,   0 stopped,   0 zombie
%Cpu(s): 12.7 us,  0.0 sy,  0.0 ni, 87.3 id,  0.0 wa,  0.0 hi,  0.0 si,  0.0 st
KiB Mem : 32843380 total, 17100392 free,   341328 used, 15401660 buff/cache
--
  PID USER      PR  NI    VIRT    RES    SHR S %CPU %MEM     TIME+ COMMAND
12049 freshman  20   0   38296  30952   4896 R 12.6  0.1   0:52.07 gobmk_base.+

top - 18:17:49 up 11 days,  5:22,  6 users,  load average: 1.00, 1.00, 0.78
Tasks: 198 total,   2 running, 121 sleeping,   0 stopped,   0 zombie
%Cpu(s): 12.5 us,  0.0 sy,  0.0 ni, 87.5 id,  0.0 wa,  0.0 hi,  0.0 si,  0.0 st
KiB Mem : 32843380 total, 17100392 free,   341328 used, 15401660 buff/cache
--
  PID USER      PR  NI    VIRT    RES    SHR S %CPU %MEM     TIME+ COMMAND
12049 freshman  20   0   38296  30952   4896 R 12.4  0.1   0:53.07 gobmk_base.+

top - 18:17:50 up 11 days,  5:22,  6 users,  load average: 1.00, 1.00, 0.78
Tasks: 198 total,   2 running, 121 sleeping,   0 stopped,   0 zombie
%Cpu(s): 12.6 us,  0.0 sy,  0.0 ni, 87.4 id,  0.0 wa,  0.0 hi,  0.0 si,  0.0 st
KiB Mem : 32843380 total, 17100360 free,   341360 used, 15401660 buff/cache
--
  PID USER      PR  NI    VIRT    RES    SHR S %CPU %MEM     TIME+ COMMAND
12049 freshman  20   0   38296  30952   4896 R 12.6  0.1   0:54.08 gobmk_base.+
11560 freshman  20   0   42788   3996   3368 R  0.1  0.0   0:06.16 top

top - 18:17:51 up 11 days,  5:22,  6 users,  load average: 1.00, 1.00, 0.78
Tasks: 198 total,   2 running, 121 sleeping,   0 stopped,   0 zombie
%Cpu(s): 12.6 us,  0.0 sy,  0.0 ni, 87.4 id,  0.0 wa,  0.0 hi,  0.0 si,  0.0 st
KiB Mem : 32843380 total, 17100360 free,   341360 used, 15401660 buff/cache
--
  PID USER      PR  NI    VIRT    RES    SHR S %CPU %MEM     TIME+ COMMAND
12049 freshman  20   0   38296  30952   4896 R 12.4  0.1   0:55.08 gobmk_base.+
11560 freshman  20   0   42788   3996   3368 R  0.1  0.0   0:06.17 top

top - 18:17:52 up 11 days,  5:22,  6 users,  load average: 1.00, 1.00, 0.78
Tasks: 198 total,   2 running, 121 sleeping,   0 stopped,   0 zombie
%Cpu(s): 12.6 us,  0.0 sy,  0.0 ni, 87.4 id,  0.0 wa,  0.0 hi,  0.0 si,  0.0 st
KiB Mem : 32843380 total, 17100360 free,   341360 used, 15401660 buff/cache
--
  PID USER      PR  NI    VIRT    RES    SHR S %CPU %MEM     TIME+ COMMAND
12049 freshman  20   0   38296  30952   4896 R 12.6  0.1   0:56.09 gobmk_base.+

top - 18:17:53 up 11 days,  5:22,  6 users,  load average: 1.00, 1.00, 0.78
Tasks: 198 total,   2 running, 121 sleeping,   0 stopped,   0 zombie
%Cpu(s): 12.6 us,  0.0 sy,  0.0 ni, 87.4 id,  0.0 wa,  0.0 hi,  0.0 si,  0.0 st
KiB Mem : 32843380 total, 17100392 free,   341320 used, 15401668 buff/cache
--
  PID USER      PR  NI    VIRT    RES    SHR S %CPU %MEM     TIME+ COMMAND
12049 freshman  20   0   38296  30952   4896 R 12.4  0.1   0:57.09 gobmk_base.+
11560 freshman  20   0   42788   3996   3368 R  0.1  0.0   0:06.18 top

top - 18:17:54 up 11 days,  5:22,  6 users,  load average: 1.00, 1.00, 0.78
Tasks: 198 total,   2 running, 121 sleeping,   0 stopped,   0 zombie
%Cpu(s): 12.5 us,  0.0 sy,  0.0 ni, 87.5 id,  0.0 wa,  0.0 hi,  0.0 si,  0.0 st
KiB Mem : 32843380 total, 17100392 free,   341320 used, 15401668 buff/cache
--
  PID USER      PR  NI    VIRT    RES    SHR S %CPU %MEM     TIME+ COMMAND
12049 freshman  20   0   38296  30952   4896 R 12.6  0.1   0:58.10 gobmk_base.+

top - 18:17:55 up 11 days,  5:22,  6 users,  load average: 1.00, 1.00, 0.78
Tasks: 198 total,   2 running, 121 sleeping,   0 stopped,   0 zombie
%Cpu(s): 12.6 us,  0.0 sy,  0.0 ni, 87.4 id,  0.0 wa,  0.0 hi,  0.0 si,  0.0 st
KiB Mem : 32843380 total, 17100392 free,   341320 used, 15401668 buff/cache
--
  PID USER      PR  NI    VIRT    RES    SHR S %CPU %MEM     TIME+ COMMAND
12049 freshman  20   0   38296  30952   4896 R 12.4  0.1   0:59.10 gobmk_base.+

top - 18:17:56 up 11 days,  5:22,  6 users,  load average: 1.00, 1.00, 0.78
Tasks: 198 total,   2 running, 121 sleeping,   0 stopped,   0 zombie
%Cpu(s): 12.5 us,  0.1 sy,  0.0 ni, 87.2 id,  0.1 wa,  0.0 hi,  0.0 si,  0.0 st
KiB Mem : 32843380 total, 17100236 free,   341472 used, 15401672 buff/cache
--
  PID USER      PR  NI    VIRT    RES    SHR S %CPU %MEM     TIME+ COMMAND
12049 freshman  20   0   38296  30952   4896 R 12.6  0.1   1:00.11 gobmk_base.+

top - 18:17:57 up 11 days,  5:22,  6 users,  load average: 1.00, 1.00, 0.78
Tasks: 198 total,   2 running, 121 sleeping,   0 stopped,   0 zombie
%Cpu(s): 12.5 us,  0.0 sy,  0.0 ni, 87.5 id,  0.0 wa,  0.0 hi,  0.0 si,  0.0 st
KiB Mem : 32843380 total, 17100236 free,   341472 used, 15401672 buff/cache
--
  PID USER      PR  NI    VIRT    RES    SHR S %CPU %MEM     TIME+ COMMAND
12049 freshman  20   0   38296  30952   4896 R 12.4  0.1   1:01.11 gobmk_base.+
11560 freshman  20   0   42788   3996   3368 R  0.1  0.0   0:06.19 top

top - 18:17:58 up 11 days,  5:22,  6 users,  load average: 1.00, 1.00, 0.78
Tasks: 198 total,   2 running, 121 sleeping,   0 stopped,   0 zombie
%Cpu(s): 12.6 us,  0.0 sy,  0.0 ni, 87.4 id,  0.0 wa,  0.0 hi,  0.0 si,  0.0 st
KiB Mem : 32843380 total, 17100236 free,   341472 used, 15401672 buff/cache
--
  PID USER      PR  NI    VIRT    RES    SHR S %CPU %MEM     TIME+ COMMAND
12049 freshman  20   0   38296  30952   4896 R 12.6  0.1   1:02.12 gobmk_base.+
11560 freshman  20   0   42788   3996   3368 R  0.1  0.0   0:06.20 top

top - 18:17:59 up 11 days,  5:22,  6 users,  load average: 1.00, 1.00, 0.78
Tasks: 198 total,   2 running, 121 sleeping,   0 stopped,   0 zombie
%Cpu(s): 12.6 us,  0.0 sy,  0.0 ni, 87.4 id,  0.0 wa,  0.0 hi,  0.0 si,  0.0 st
KiB Mem : 32843380 total, 17100268 free,   341432 used, 15401680 buff/cache
--
  PID USER      PR  NI    VIRT    RES    SHR S %CPU %MEM     TIME+ COMMAND
12049 freshman  20   0   38296  30952   4896 R 12.5  0.1   1:03.13 gobmk_base.+

top - 18:18:00 up 11 days,  5:22,  6 users,  load average: 1.00, 1.00, 0.78
Tasks: 198 total,   2 running, 121 sleeping,   0 stopped,   0 zombie
%Cpu(s): 12.4 us,  0.1 sy,  0.0 ni, 87.4 id,  0.0 wa,  0.0 hi,  0.0 si,  0.0 st
KiB Mem : 32843380 total, 17100268 free,   341432 used, 15401680 buff/cache
--
  PID USER      PR  NI    VIRT    RES    SHR S %CPU %MEM     TIME+ COMMAND
12049 freshman  20   0   38304  30952   4896 R 12.5  0.1   1:04.13 gobmk_base.+

top - 18:18:01 up 11 days,  5:22,  6 users,  load average: 1.00, 1.00, 0.78
Tasks: 198 total,   2 running, 121 sleeping,   0 stopped,   0 zombie
%Cpu(s): 12.5 us,  0.0 sy,  0.0 ni, 87.5 id,  0.0 wa,  0.0 hi,  0.0 si,  0.0 st
KiB Mem : 32843380 total, 17100268 free,   341432 used, 15401680 buff/cache
--
  PID USER      PR  NI    VIRT    RES    SHR S %CPU %MEM     TIME+ COMMAND
12049 freshman  20   0   38304  30952   4896 R 12.4  0.1   1:05.13 gobmk_base.+
11560 freshman  20   0   42788   3996   3368 R  0.1  0.0   0:06.21 top

top - 18:18:02 up 11 days,  5:22,  6 users,  load average: 1.00, 1.00, 0.78
Tasks: 195 total,   1 running, 119 sleeping,   0 stopped,   0 zombie
%Cpu(s): 10.9 us,  0.0 sy,  0.0 ni, 89.1 id,  0.0 wa,  0.0 hi,  0.0 si,  0.0 st
KiB Mem : 32843380 total, 17125640 free,   316052 used, 15401688 buff/cache
--
  PID USER      PR  NI    VIRT    RES    SHR S %CPU %MEM     TIME+ COMMAND

top - 18:18:03 up 11 days,  5:22,  6 users,  load average: 1.00, 1.00, 0.78
Tasks: 195 total,   1 running, 119 sleeping,   0 stopped,   0 zombie
%Cpu(s):  0.0 us,  0.0 sy,  0.0 ni,100.0 id,  0.0 wa,  0.0 hi,  0.0 si,  0.0 st
KiB Mem : 32843380 total, 17125640 free,   316052 used, 15401688 buff/cache
--
  PID USER      PR  NI    VIRT    RES    SHR S %CPU %MEM     TIME+ COMMAND

top - 18:18:04 up 11 days,  5:22,  6 users,  load average: 1.00, 1.00, 0.78
Tasks: 195 total,   1 running, 119 sleeping,   0 stopped,   0 zombie
%Cpu(s):  0.0 us,  0.0 sy,  0.0 ni,100.0 id,  0.0 wa,  0.0 hi,  0.0 si,  0.0 st
KiB Mem : 32843380 total, 17125640 free,   316052 used, 15401688 buff/cache
--
  PID USER      PR  NI    VIRT    RES    SHR S %CPU %MEM     TIME+ COMMAND
11560 freshman  20   0   42788   3996   3368 R  0.1  0.0   0:06.22 top

top - 18:18:05 up 11 days,  5:22,  6 users,  load average: 1.00, 1.00, 0.78
Tasks: 195 total,   1 running, 119 sleeping,   0 stopped,   0 zombie
%Cpu(s):  0.0 us,  0.1 sy,  0.0 ni, 99.9 id,  0.0 wa,  0.0 hi,  0.0 si,  0.0 st
KiB Mem : 32843380 total, 17125680 free,   316012 used, 15401688 buff/cache
--
  PID USER      PR  NI    VIRT    RES    SHR S %CPU %MEM     TIME+ COMMAND
11560 freshman  20   0   42788   3996   3368 R  0.1  0.0   0:06.23 top

top - 18:18:06 up 11 days,  5:22,  6 users,  load average: 0.92, 0.98, 0.78
Tasks: 195 total,   1 running, 119 sleeping,   0 stopped,   0 zombie
%Cpu(s):  0.1 us,  0.0 sy,  0.0 ni, 99.9 id,  0.0 wa,  0.0 hi,  0.0 si,  0.0 st
KiB Mem : 32843380 total, 17125680 free,   316012 used, 15401688 buff/cache
--
  PID USER      PR  NI    VIRT    RES    SHR S %CPU %MEM     TIME+ COMMAND

top - 18:18:07 up 11 days,  5:22,  6 users,  load average: 0.92, 0.98, 0.78
Tasks: 195 total,   1 running, 119 sleeping,   0 stopped,   0 zombie
%Cpu(s):  0.0 us,  0.0 sy,  0.0 ni,100.0 id,  0.0 wa,  0.0 hi,  0.0 si,  0.0 st
KiB Mem : 32843380 total, 17125680 free,   316012 used, 15401688 buff/cache
--
  PID USER      PR  NI    VIRT    RES    SHR S %CPU %MEM     TIME+ COMMAND
11560 freshman  20   0   42788   3996   3368 R  0.2  0.0   0:06.25 top

top - 18:18:08 up 11 days,  5:22,  6 users,  load average: 0.92, 0.98, 0.78
Tasks: 195 total,   1 running, 119 sleeping,   0 stopped,   0 zombie
%Cpu(s):  0.0 us,  0.1 sy,  0.0 ni, 99.9 id,  0.0 wa,  0.0 hi,  0.0 si,  0.0 st
KiB Mem : 32843380 total, 17126084 free,   315600 used, 15401696 buff/cache
--
  PID USER      PR  NI    VIRT    RES    SHR S %CPU %MEM     TIME+ COMMAND

top - 18:18:09 up 11 days,  5:22,  6 users,  load average: 0.92, 0.98, 0.78
Tasks: 195 total,   1 running, 119 sleeping,   0 stopped,   0 zombie
%Cpu(s):  0.0 us,  0.0 sy,  0.0 ni,100.0 id,  0.0 wa,  0.0 hi,  0.0 si,  0.0 st
KiB Mem : 32843380 total, 17126084 free,   315600 used, 15401696 buff/cache
--
  PID USER      PR  NI    VIRT    RES    SHR S %CPU %MEM     TIME+ COMMAND

top - 18:18:10 up 11 days,  5:22,  6 users,  load average: 0.93, 0.98, 0.78
Tasks: 198 total,   2 running, 121 sleeping,   0 stopped,   0 zombie
%Cpu(s):  2.4 us,  0.2 sy,  0.0 ni, 97.4 id,  0.0 wa,  0.0 hi,  0.0 si,  0.0 st
KiB Mem : 32843380 total, 17126084 free,   315600 used, 15401696 buff/cache
--
  PID USER      PR  NI    VIRT    RES    SHR S %CPU %MEM     TIME+ COMMAND
11573 freshman  20   0   91160  53176   4972 S  0.2  0.2   0:02.75 runspec
11560 freshman  20   0   42788   3996   3368 R  0.1  0.0   0:06.26 top

top - 18:18:11 up 11 days,  5:22,  6 users,  load average: 0.93, 0.98, 0.78
Tasks: 195 total,   1 running, 119 sleeping,   0 stopped,   0 zombie
%Cpu(s):  2.4 us,  0.2 sy,  0.0 ni, 97.4 id,  0.0 wa,  0.0 hi,  0.0 si,  0.0 st
KiB Mem : 32843380 total, 17125924 free,   315712 used, 15401744 buff/cache
--
  PID USER      PR  NI    VIRT    RES    SHR S %CPU %MEM     TIME+ COMMAND

top - 18:18:12 up 11 days,  5:22,  6 users,  load average: 0.93, 0.98, 0.78
Tasks: 198 total,   2 running, 121 sleeping,   0 stopped,   0 zombie
%Cpu(s):  9.9 us,  0.2 sy,  0.0 ni, 89.8 id,  0.0 wa,  0.0 hi,  0.0 si,  0.0 st
KiB Mem : 32843380 total, 17125924 free,   315712 used, 15401744 buff/cache
--
  PID USER      PR  NI    VIRT    RES    SHR S %CPU %MEM     TIME+ COMMAND
12068 freshman  20   0   18524  12556   2692 R  9.5  0.0   0:00.77 hmmer_base.+
11573 freshman  20   0   91160  53176   4972 S  0.4  0.2   0:02.78 runspec
11560 freshman  20   0   42788   3996   3368 R  0.1  0.0   0:06.27 top
--
top - 18:18:13 up 11 days,  5:22,  6 users,  load average: 0.93, 0.98, 0.78
Tasks: 198 total,   2 running, 121 sleeping,   0 stopped,   0 zombie
%Cpu(s): 12.3 us,  0.1 sy,  0.0 ni, 87.5 id,  0.0 wa,  0.0 hi,  0.0 si,  0.0 st
KiB Mem : 32843380 total, 17125924 free,   315712 used, 15401744 buff/cache
--
  PID USER      PR  NI    VIRT    RES    SHR S %CPU %MEM     TIME+ COMMAND
12068 freshman  20   0   22624  16776   2692 R 12.5  0.1   0:01.77 hmmer_base.+

top - 18:18:14 up 11 days,  5:22,  6 users,  load average: 0.93, 0.98, 0.78
Tasks: 198 total,   2 running, 121 sleeping,   0 stopped,   0 zombie
%Cpu(s): 12.5 us,  0.1 sy,  0.0 ni, 87.3 id,  0.0 wa,  0.0 hi,  0.0 si,  0.0 st
KiB Mem : 32843380 total, 17111188 free,   330420 used, 15401772 buff/cache
--
  PID USER      PR  NI    VIRT    RES    SHR S %CPU %MEM     TIME+ COMMAND
12068 freshman  20   0   22864  17040   2692 R 12.5  0.1   0:02.78 hmmer_base.+
11560 freshman  20   0   42788   3996   3368 R  0.1  0.0   0:06.28 top

top - 18:18:15 up 11 days,  5:23,  6 users,  load average: 0.93, 0.98, 0.78
Tasks: 198 total,   2 running, 121 sleeping,   0 stopped,   0 zombie
%Cpu(s): 12.5 us,  0.0 sy,  0.0 ni, 87.5 id,  0.0 wa,  0.0 hi,  0.0 si,  0.0 st
KiB Mem : 32843380 total, 17111188 free,   330420 used, 15401772 buff/cache
--
  PID USER      PR  NI    VIRT    RES    SHR S %CPU %MEM     TIME+ COMMAND
12068 freshman  20   0   23508  17568   2692 R 12.6  0.1   0:03.79 hmmer_base.+

top - 18:18:16 up 11 days,  5:23,  6 users,  load average: 0.93, 0.98, 0.78
Tasks: 198 total,   2 running, 121 sleeping,   0 stopped,   0 zombie
%Cpu(s): 12.5 us,  0.0 sy,  0.0 ni, 87.3 id,  0.1 wa,  0.0 hi,  0.0 si,  0.0 st
KiB Mem : 32843380 total, 17111188 free,   330420 used, 15401772 buff/cache
--
  PID USER      PR  NI    VIRT    RES    SHR S %CPU %MEM     TIME+ COMMAND
12068 freshman  20   0   25812  19864   2692 R 12.4  0.1   0:04.79 hmmer_base.+
11560 freshman  20   0   42788   3996   3368 R  0.1  0.0   0:06.29 top

top - 18:18:17 up 11 days,  5:23,  6 users,  load average: 0.93, 0.98, 0.78
Tasks: 198 total,   2 running, 121 sleeping,   0 stopped,   0 zombie
%Cpu(s): 12.4 us,  0.1 sy,  0.0 ni, 87.4 id,  0.0 wa,  0.0 hi,  0.0 si,  0.0 st
KiB Mem : 32843380 total, 17108304 free,   333304 used, 15401772 buff/cache
--
  PID USER      PR  NI    VIRT    RES    SHR S %CPU %MEM     TIME+ COMMAND
12068 freshman  20   0   25812  19864   2692 R 12.5  0.1   0:05.79 hmmer_base.+

top - 18:18:18 up 11 days,  5:23,  6 users,  load average: 0.93, 0.98, 0.78
Tasks: 198 total,   2 running, 121 sleeping,   0 stopped,   0 zombie
%Cpu(s): 12.5 us,  0.1 sy,  0.0 ni, 87.3 id,  0.0 wa,  0.0 hi,  0.0 si,  0.0 st
KiB Mem : 32843380 total, 17108304 free,   333304 used, 15401772 buff/cache
--
  PID USER      PR  NI    VIRT    RES    SHR S %CPU %MEM     TIME+ COMMAND
12068 freshman  20   0   25812  19864   2692 R 12.5  0.1   0:06.80 hmmer_base.+

top - 18:18:19 up 11 days,  5:23,  6 users,  load average: 0.93, 0.98, 0.78
Tasks: 198 total,   2 running, 121 sleeping,   0 stopped,   0 zombie
%Cpu(s): 12.5 us,  0.0 sy,  0.0 ni, 87.5 id,  0.0 wa,  0.0 hi,  0.0 si,  0.0 st
KiB Mem : 32843380 total, 17108304 free,   333304 used, 15401772 buff/cache
--
  PID USER      PR  NI    VIRT    RES    SHR S %CPU %MEM     TIME+ COMMAND
12068 freshman  20   0   32424  26352   2692 R 12.5  0.1   0:07.80 hmmer_base.+
11560 freshman  20   0   42788   3996   3368 R  0.1  0.0   0:06.30 top

top - 18:18:20 up 11 days,  5:23,  6 users,  load average: 0.94, 0.98, 0.78
Tasks: 198 total,   2 running, 121 sleeping,   0 stopped,   0 zombie
%Cpu(s): 12.4 us,  0.1 sy,  0.0 ni, 87.4 id,  0.0 wa,  0.0 hi,  0.0 si,  0.0 st
KiB Mem : 32843380 total, 17101764 free,   339832 used, 15401784 buff/cache
--
  PID USER      PR  NI    VIRT    RES    SHR S %CPU %MEM     TIME+ COMMAND
12068 freshman  20   0   32424  26352   2692 R 12.4  0.1   0:08.80 hmmer_base.+

top - 18:18:21 up 11 days,  5:23,  6 users,  load average: 0.94, 0.98, 0.78
Tasks: 198 total,   2 running, 121 sleeping,   0 stopped,   0 zombie
%Cpu(s): 12.6 us,  0.0 sy,  0.0 ni, 87.4 id,  0.0 wa,  0.0 hi,  0.0 si,  0.0 st
KiB Mem : 32843380 total, 17101764 free,   339832 used, 15401784 buff/cache
--
  PID USER      PR  NI    VIRT    RES    SHR S %CPU %MEM     TIME+ COMMAND
12068 freshman  20   0   32424  26352   2692 R 12.6  0.1   0:09.81 hmmer_base.+
11560 freshman  20   0   42788   3996   3368 R  0.1  0.0   0:06.31 top

top - 18:18:22 up 11 days,  5:23,  6 users,  load average: 0.94, 0.98, 0.78
Tasks: 198 total,   2 running, 121 sleeping,   0 stopped,   0 zombie
%Cpu(s): 12.5 us,  0.0 sy,  0.0 ni, 87.5 id,  0.0 wa,  0.0 hi,  0.0 si,  0.0 st
KiB Mem : 32843380 total, 17101764 free,   339832 used, 15401784 buff/cache
--
  PID USER      PR  NI    VIRT    RES    SHR S %CPU %MEM     TIME+ COMMAND
12068 freshman  20   0   32424  26352   2692 R 12.4  0.1   0:10.81 hmmer_base.+
11560 freshman  20   0   42788   3996   3368 R  0.1  0.0   0:06.32 top

top - 18:18:23 up 11 days,  5:23,  6 users,  load average: 0.94, 0.98, 0.78
Tasks: 198 total,   2 running, 121 sleeping,   0 stopped,   0 zombie
%Cpu(s): 12.5 us,  0.0 sy,  0.0 ni, 87.5 id,  0.0 wa,  0.0 hi,  0.0 si,  0.0 st
KiB Mem : 32843380 total, 17101756 free,   339836 used, 15401788 buff/cache
--
  PID USER      PR  NI    VIRT    RES    SHR S %CPU %MEM     TIME+ COMMAND
12068 freshman  20   0   32424  26352   2692 R 12.6  0.1   0:11.82 hmmer_base.+

top - 18:18:24 up 11 days,  5:23,  6 users,  load average: 0.94, 0.98, 0.78
Tasks: 198 total,   2 running, 121 sleeping,   0 stopped,   0 zombie
%Cpu(s): 12.5 us,  0.1 sy,  0.0 ni, 87.3 id,  0.0 wa,  0.0 hi,  0.0 si,  0.0 st
KiB Mem : 32843380 total, 17101756 free,   339836 used, 15401788 buff/cache
--
  PID USER      PR  NI    VIRT    RES    SHR S %CPU %MEM     TIME+ COMMAND
12068 freshman  20   0   32424  26352   2692 R 12.4  0.1   0:12.82 hmmer_base.+

top - 18:18:25 up 11 days,  5:23,  6 users,  load average: 0.94, 0.99, 0.79
Tasks: 198 total,   2 running, 121 sleeping,   0 stopped,   0 zombie
%Cpu(s): 12.6 us,  0.0 sy,  0.0 ni, 87.4 id,  0.0 wa,  0.0 hi,  0.0 si,  0.0 st
KiB Mem : 32843380 total, 17101756 free,   339836 used, 15401788 buff/cache
--
  PID USER      PR  NI    VIRT    RES    SHR S %CPU %MEM     TIME+ COMMAND
12068 freshman  20   0   32424  26352   2692 R 12.6  0.1   0:13.83 hmmer_base.+
11560 freshman  20   0   42788   3996   3368 R  0.1  0.0   0:06.33 top

top - 18:18:26 up 11 days,  5:23,  6 users,  load average: 0.94, 0.99, 0.79
Tasks: 198 total,   2 running, 121 sleeping,   0 stopped,   0 zombie
%Cpu(s): 12.5 us,  0.0 sy,  0.0 ni, 87.5 id,  0.0 wa,  0.0 hi,  0.0 si,  0.0 st
KiB Mem : 32843380 total, 17101724 free,   339868 used, 15401788 buff/cache
--
  PID USER      PR  NI    VIRT    RES    SHR S %CPU %MEM     TIME+ COMMAND
12068 freshman  20   0   32424  26352   2692 R 12.4  0.1   0:14.83 hmmer_base.+
11562 freshman  20   0   13136   1092    996 S  0.1  0.0   0:00.06 grep

top - 18:18:27 up 11 days,  5:23,  6 users,  load average: 0.94, 0.99, 0.79
Tasks: 198 total,   2 running, 121 sleeping,   0 stopped,   0 zombie
%Cpu(s): 12.4 us,  0.1 sy,  0.0 ni, 87.4 id,  0.0 wa,  0.0 hi,  0.0 si,  0.0 st
KiB Mem : 32843380 total, 17101724 free,   339868 used, 15401788 buff/cache
--
  PID USER      PR  NI    VIRT    RES    SHR S %CPU %MEM     TIME+ COMMAND
12068 freshman  20   0   32424  26352   2692 R 12.6  0.1   0:15.84 hmmer_base.+

top - 18:18:28 up 11 days,  5:23,  6 users,  load average: 0.94, 0.99, 0.79
Tasks: 198 total,   2 running, 121 sleeping,   0 stopped,   0 zombie
%Cpu(s): 12.6 us,  0.0 sy,  0.0 ni, 87.4 id,  0.0 wa,  0.0 hi,  0.0 si,  0.0 st
KiB Mem : 32843380 total, 17101724 free,   339868 used, 15401788 buff/cache
--
  PID USER      PR  NI    VIRT    RES    SHR S %CPU %MEM     TIME+ COMMAND
12068 freshman  20   0   32424  26352   2692 R 12.4  0.1   0:16.84 hmmer_base.+
11560 freshman  20   0   42788   3996   3368 R  0.1  0.0   0:06.34 top

top - 18:18:29 up 11 days,  5:23,  6 users,  load average: 0.94, 0.99, 0.79
Tasks: 198 total,   2 running, 121 sleeping,   0 stopped,   0 zombie
%Cpu(s): 12.5 us,  0.1 sy,  0.0 ni, 87.3 id,  0.0 wa,  0.0 hi,  0.0 si,  0.0 st
KiB Mem : 32843380 total, 17101756 free,   339836 used, 15401788 buff/cache
--
  PID USER      PR  NI    VIRT    RES    SHR S %CPU %MEM     TIME+ COMMAND
12068 freshman  20   0   32424  26352   2692 R 12.6  0.1   0:17.85 hmmer_base.+

top - 18:18:30 up 11 days,  5:23,  6 users,  load average: 0.95, 0.99, 0.79
Tasks: 198 total,   2 running, 121 sleeping,   0 stopped,   0 zombie
%Cpu(s): 12.5 us,  0.0 sy,  0.0 ni, 87.5 id,  0.0 wa,  0.0 hi,  0.0 si,  0.0 st
KiB Mem : 32843380 total, 17101756 free,   339836 used, 15401788 buff/cache
--
  PID USER      PR  NI    VIRT    RES    SHR S %CPU %MEM     TIME+ COMMAND
12068 freshman  20   0   32424  26352   2692 R 12.4  0.1   0:18.85 hmmer_base.+

top - 18:18:31 up 11 days,  5:23,  6 users,  load average: 0.95, 0.99, 0.79
Tasks: 198 total,   2 running, 121 sleeping,   0 stopped,   0 zombie
%Cpu(s): 12.6 us,  0.0 sy,  0.0 ni, 87.4 id,  0.0 wa,  0.0 hi,  0.0 si,  0.0 st
KiB Mem : 32843380 total, 17101756 free,   339836 used, 15401788 buff/cache
--
  PID USER      PR  NI    VIRT    RES    SHR S %CPU %MEM     TIME+ COMMAND
12068 freshman  20   0   32424  26352   2692 R 12.6  0.1   0:19.86 hmmer_base.+
11560 freshman  20   0   42788   3996   3368 R  0.1  0.0   0:06.35 top

top - 18:18:32 up 11 days,  5:23,  6 users,  load average: 0.95, 0.99, 0.79
Tasks: 198 total,   2 running, 121 sleeping,   0 stopped,   0 zombie
%Cpu(s): 12.5 us,  0.0 sy,  0.0 ni, 87.5 id,  0.0 wa,  0.0 hi,  0.0 si,  0.0 st
KiB Mem : 32843380 total, 17101764 free,   339816 used, 15401800 buff/cache
--
  PID USER      PR  NI    VIRT    RES    SHR S %CPU %MEM     TIME+ COMMAND
12068 freshman  20   0   32424  26352   2692 R 12.4  0.1   0:20.86 hmmer_base.+

top - 18:18:33 up 11 days,  5:23,  6 users,  load average: 0.95, 0.99, 0.79
Tasks: 198 total,   2 running, 121 sleeping,   0 stopped,   0 zombie
%Cpu(s): 12.4 us,  0.1 sy,  0.0 ni, 87.4 id,  0.0 wa,  0.0 hi,  0.0 si,  0.0 st
KiB Mem : 32843380 total, 17101764 free,   339816 used, 15401800 buff/cache
--
  PID USER      PR  NI    VIRT    RES    SHR S %CPU %MEM     TIME+ COMMAND
12068 freshman  20   0   32424  26352   2692 R 12.6  0.1   0:21.87 hmmer_base.+

top - 18:18:34 up 11 days,  5:23,  6 users,  load average: 0.95, 0.99, 0.79
Tasks: 198 total,   2 running, 121 sleeping,   0 stopped,   0 zombie
%Cpu(s): 12.5 us,  0.0 sy,  0.0 ni, 87.5 id,  0.0 wa,  0.0 hi,  0.0 si,  0.0 st
KiB Mem : 32843380 total, 17101764 free,   339816 used, 15401800 buff/cache
--
  PID USER      PR  NI    VIRT    RES    SHR S %CPU %MEM     TIME+ COMMAND
12068 freshman  20   0   32424  26352   2692 R 12.4  0.1   0:22.87 hmmer_base.+
11560 freshman  20   0   42788   3996   3368 R  0.1  0.0   0:06.36 top

top - 18:18:35 up 11 days,  5:23,  6 users,  load average: 0.95, 0.99, 0.79
Tasks: 198 total,   2 running, 121 sleeping,   0 stopped,   0 zombie
%Cpu(s): 12.7 us,  0.0 sy,  0.0 ni, 87.3 id,  0.0 wa,  0.0 hi,  0.0 si,  0.0 st
KiB Mem : 32843380 total, 17101756 free,   339816 used, 15401808 buff/cache
--
  PID USER      PR  NI    VIRT    RES    SHR S %CPU %MEM     TIME+ COMMAND
12068 freshman  20   0   32424  26352   2692 R 12.6  0.1   0:23.88 hmmer_base.+
11560 freshman  20   0   42788   3996   3368 R  0.1  0.0   0:06.37 top

top - 18:18:36 up 11 days,  5:23,  6 users,  load average: 0.95, 0.99, 0.79
Tasks: 198 total,   2 running, 121 sleeping,   0 stopped,   0 zombie
%Cpu(s): 12.4 us,  0.1 sy,  0.0 ni, 87.4 id,  0.0 wa,  0.0 hi,  0.0 si,  0.0 st
KiB Mem : 32843380 total, 17101756 free,   339816 used, 15401808 buff/cache
--
  PID USER      PR  NI    VIRT    RES    SHR S %CPU %MEM     TIME+ COMMAND
12068 freshman  20   0   32424  26352   2692 R 12.5  0.1   0:24.89 hmmer_base.+

top - 18:18:37 up 11 days,  5:23,  6 users,  load average: 0.95, 0.99, 0.79
Tasks: 198 total,   2 running, 121 sleeping,   0 stopped,   0 zombie
%Cpu(s): 12.6 us,  0.0 sy,  0.0 ni, 87.4 id,  0.0 wa,  0.0 hi,  0.0 si,  0.0 st
KiB Mem : 32843380 total, 17101756 free,   339816 used, 15401808 buff/cache
--
  PID USER      PR  NI    VIRT    RES    SHR S %CPU %MEM     TIME+ COMMAND
12068 freshman  20   0   32424  26352   2692 R 12.4  0.1   0:25.89 hmmer_base.+
11560 freshman  20   0   42788   3996   3368 R  0.1  0.0   0:06.38 top

top - 18:18:38 up 11 days,  5:23,  6 users,  load average: 0.95, 0.99, 0.79
Tasks: 198 total,   2 running, 121 sleeping,   0 stopped,   0 zombie
%Cpu(s): 12.6 us,  0.0 sy,  0.0 ni, 87.4 id,  0.0 wa,  0.0 hi,  0.0 si,  0.0 st
KiB Mem : 32843380 total, 17101724 free,   339844 used, 15401812 buff/cache
--
  PID USER      PR  NI    VIRT    RES    SHR S %CPU %MEM     TIME+ COMMAND
12068 freshman  20   0   32424  26352   2692 R 12.5  0.1   0:26.89 hmmer_base.+

top - 18:18:39 up 11 days,  5:23,  6 users,  load average: 0.95, 0.99, 0.79
Tasks: 198 total,   2 running, 121 sleeping,   0 stopped,   0 zombie
%Cpu(s): 12.5 us,  0.0 sy,  0.0 ni, 87.5 id,  0.0 wa,  0.0 hi,  0.0 si,  0.0 st
KiB Mem : 32843380 total, 17101724 free,   339844 used, 15401812 buff/cache
--
  PID USER      PR  NI    VIRT    RES    SHR S %CPU %MEM     TIME+ COMMAND
12068 freshman  20   0   32424  26352   2692 R 12.5  0.1   0:27.90 hmmer_base.+

top - 18:18:40 up 11 days,  5:23,  6 users,  load average: 0.96, 0.99, 0.79
Tasks: 198 total,   2 running, 121 sleeping,   0 stopped,   0 zombie
%Cpu(s): 12.5 us,  0.1 sy,  0.0 ni, 87.3 id,  0.0 wa,  0.0 hi,  0.0 si,  0.0 st
KiB Mem : 32843380 total, 17101724 free,   339844 used, 15401812 buff/cache
--
  PID USER      PR  NI    VIRT    RES    SHR S %CPU %MEM     TIME+ COMMAND
12068 freshman  20   0   32424  26352   2692 R 12.5  0.1   0:28.90 hmmer_base.+

top - 18:18:41 up 11 days,  5:23,  6 users,  load average: 0.96, 0.99, 0.79
Tasks: 198 total,   2 running, 121 sleeping,   0 stopped,   0 zombie
%Cpu(s): 12.4 us,  0.0 sy,  0.0 ni, 87.6 id,  0.0 wa,  0.0 hi,  0.0 si,  0.0 st
KiB Mem : 32843380 total, 17101756 free,   339812 used, 15401812 buff/cache
--
  PID USER      PR  NI    VIRT    RES    SHR S %CPU %MEM     TIME+ COMMAND
12068 freshman  20   0   32424  26352   2692 R 12.5  0.1   0:29.91 hmmer_base.+
11560 freshman  20   0   42788   3996   3368 R  0.1  0.0   0:06.39 top

top - 18:18:42 up 11 days,  5:23,  6 users,  load average: 0.96, 0.99, 0.79
Tasks: 198 total,   2 running, 121 sleeping,   0 stopped,   0 zombie
%Cpu(s): 12.6 us,  0.0 sy,  0.0 ni, 87.4 id,  0.0 wa,  0.0 hi,  0.0 si,  0.0 st
KiB Mem : 32843380 total, 17101756 free,   339812 used, 15401812 buff/cache
--
  PID USER      PR  NI    VIRT    RES    SHR S %CPU %MEM     TIME+ COMMAND
12068 freshman  20   0   32424  26352   2692 R 12.5  0.1   0:30.91 hmmer_base.+

top - 18:18:43 up 11 days,  5:23,  6 users,  load average: 0.96, 0.99, 0.79
Tasks: 198 total,   2 running, 121 sleeping,   0 stopped,   0 zombie
%Cpu(s): 12.5 us,  0.1 sy,  0.0 ni, 87.3 id,  0.0 wa,  0.0 hi,  0.0 si,  0.0 st
KiB Mem : 32843380 total, 17101756 free,   339812 used, 15401812 buff/cache
--
  PID USER      PR  NI    VIRT    RES    SHR S %CPU %MEM     TIME+ COMMAND
12068 freshman  20   0   32424  26352   2692 R 12.5  0.1   0:31.92 hmmer_base.+
11560 freshman  20   0   42788   3996   3368 R  0.1  0.0   0:06.40 top

top - 18:18:44 up 11 days,  5:23,  6 users,  load average: 0.96, 0.99, 0.79
Tasks: 198 total,   2 running, 121 sleeping,   0 stopped,   0 zombie
%Cpu(s): 12.5 us,  0.0 sy,  0.0 ni, 87.5 id,  0.0 wa,  0.0 hi,  0.0 si,  0.0 st
KiB Mem : 32843380 total, 17101724 free,   339836 used, 15401820 buff/cache
--
  PID USER      PR  NI    VIRT    RES    SHR S %CPU %MEM     TIME+ COMMAND
12068 freshman  20   0   32424  26352   2692 R 12.5  0.1   0:32.92 hmmer_base.+
11560 freshman  20   0   42788   3996   3368 R  0.1  0.0   0:06.41 top

top - 18:18:45 up 11 days,  5:23,  6 users,  load average: 0.96, 0.99, 0.79
Tasks: 198 total,   2 running, 121 sleeping,   0 stopped,   0 zombie
%Cpu(s): 12.6 us,  0.0 sy,  0.0 ni, 87.4 id,  0.0 wa,  0.0 hi,  0.0 si,  0.0 st
KiB Mem : 32843380 total, 17101724 free,   339836 used, 15401820 buff/cache
--
  PID USER      PR  NI    VIRT    RES    SHR S %CPU %MEM     TIME+ COMMAND
12068 freshman  20   0   32424  26352   2692 R 12.5  0.1   0:33.93 hmmer_base.+

top - 18:18:46 up 11 days,  5:23,  6 users,  load average: 0.96, 0.99, 0.79
Tasks: 198 total,   2 running, 121 sleeping,   0 stopped,   0 zombie
%Cpu(s): 12.6 us,  0.0 sy,  0.0 ni, 87.4 id,  0.0 wa,  0.0 hi,  0.0 si,  0.0 st
KiB Mem : 32843380 total, 17101724 free,   339836 used, 15401820 buff/cache
--
  PID USER      PR  NI    VIRT    RES    SHR S %CPU %MEM     TIME+ COMMAND
12068 freshman  20   0   32424  26352   2692 R 12.6  0.1   0:34.94 hmmer_base.+

top - 18:18:47 up 11 days,  5:23,  6 users,  load average: 0.96, 0.99, 0.79
Tasks: 198 total,   2 running, 121 sleeping,   0 stopped,   0 zombie
%Cpu(s): 12.6 us,  0.0 sy,  0.0 ni, 87.3 id,  0.1 wa,  0.0 hi,  0.0 si,  0.0 st
KiB Mem : 32843380 total, 17101756 free,   339792 used, 15401832 buff/cache
--
  PID USER      PR  NI    VIRT    RES    SHR S %CPU %MEM     TIME+ COMMAND
12068 freshman  20   0   32424  26352   2692 R 12.4  0.1   0:35.94 hmmer_base.+
11560 freshman  20   0   42788   3996   3368 R  0.1  0.0   0:06.42 top

top - 18:18:48 up 11 days,  5:23,  6 users,  load average: 0.96, 0.99, 0.79
Tasks: 198 total,   2 running, 121 sleeping,   0 stopped,   0 zombie
%Cpu(s): 12.5 us,  0.0 sy,  0.0 ni, 87.5 id,  0.0 wa,  0.0 hi,  0.0 si,  0.0 st
KiB Mem : 32843380 total, 17101756 free,   339792 used, 15401832 buff/cache
--
  PID USER      PR  NI    VIRT    RES    SHR S %CPU %MEM     TIME+ COMMAND
12068 freshman  20   0   32424  26352   2692 R 12.5  0.1   0:36.94 hmmer_base.+

top - 18:18:49 up 11 days,  5:23,  6 users,  load average: 0.96, 0.99, 0.79
Tasks: 198 total,   2 running, 121 sleeping,   0 stopped,   0 zombie
%Cpu(s): 12.5 us,  0.1 sy,  0.0 ni, 87.3 id,  0.0 wa,  0.0 hi,  0.0 si,  0.0 st
KiB Mem : 32843380 total, 17101756 free,   339792 used, 15401832 buff/cache
--
  PID USER      PR  NI    VIRT    RES    SHR S %CPU %MEM     TIME+ COMMAND
12068 freshman  20   0   32424  26352   2692 R 12.5  0.1   0:37.95 hmmer_base.+

top - 18:18:50 up 11 days,  5:23,  6 users,  load average: 0.96, 0.99, 0.79
Tasks: 198 total,   2 running, 121 sleeping,   0 stopped,   0 zombie
%Cpu(s): 12.6 us,  0.0 sy,  0.0 ni, 87.4 id,  0.0 wa,  0.0 hi,  0.0 si,  0.0 st
KiB Mem : 32843380 total, 17101724 free,   339824 used, 15401832 buff/cache
--
  PID USER      PR  NI    VIRT    RES    SHR S %CPU %MEM     TIME+ COMMAND
12068 freshman  20   0   32424  26352   2692 R 12.6  0.1   0:38.96 hmmer_base.+
11560 freshman  20   0   42788   3996   3368 R  0.1  0.0   0:06.43 top

top - 18:18:52 up 11 days,  5:23,  6 users,  load average: 0.96, 0.99, 0.79
Tasks: 198 total,   2 running, 121 sleeping,   0 stopped,   0 zombie
%Cpu(s): 12.4 us,  0.1 sy,  0.0 ni, 87.4 id,  0.0 wa,  0.0 hi,  0.0 si,  0.0 st
KiB Mem : 32843380 total, 17101724 free,   339824 used, 15401832 buff/cache
--
  PID USER      PR  NI    VIRT    RES    SHR S %CPU %MEM     TIME+ COMMAND
12068 freshman  20   0   32424  26352   2692 R 12.5  0.1   0:39.97 hmmer_base.+

top - 18:18:53 up 11 days,  5:23,  6 users,  load average: 0.96, 0.99, 0.79
Tasks: 198 total,   2 running, 121 sleeping,   0 stopped,   0 zombie
%Cpu(s): 12.5 us,  0.0 sy,  0.0 ni, 87.5 id,  0.0 wa,  0.0 hi,  0.0 si,  0.0 st
KiB Mem : 32843380 total, 17101756 free,   339792 used, 15401832 buff/cache
--
  PID USER      PR  NI    VIRT    RES    SHR S %CPU %MEM     TIME+ COMMAND
12068 freshman  20   0   32424  26352   2692 R 12.5  0.1   0:40.97 hmmer_base.+
11560 freshman  20   0   42788   3996   3368 R  0.1  0.0   0:06.44 top

top - 18:18:54 up 11 days,  5:23,  6 users,  load average: 0.96, 0.99, 0.79
Tasks: 198 total,   2 running, 121 sleeping,   0 stopped,   0 zombie
%Cpu(s): 12.5 us,  0.1 sy,  0.0 ni, 87.3 id,  0.0 wa,  0.0 hi,  0.0 si,  0.0 st
KiB Mem : 32843380 total, 17101756 free,   339792 used, 15401832 buff/cache
--
  PID USER      PR  NI    VIRT    RES    SHR S %CPU %MEM     TIME+ COMMAND
12068 freshman  20   0   32424  26352   2692 R 12.4  0.1   0:41.97 hmmer_base.+

top - 18:18:55 up 11 days,  5:23,  6 users,  load average: 0.96, 0.99, 0.79
Tasks: 198 total,   2 running, 121 sleeping,   0 stopped,   0 zombie
%Cpu(s): 12.6 us,  0.0 sy,  0.0 ni, 87.4 id,  0.0 wa,  0.0 hi,  0.0 si,  0.0 st
KiB Mem : 32843380 total, 17101756 free,   339792 used, 15401832 buff/cache
--
  PID USER      PR  NI    VIRT    RES    SHR S %CPU %MEM     TIME+ COMMAND
12068 freshman  20   0   32424  26352   2692 R 12.6  0.1   0:42.98 hmmer_base.+

top - 18:18:56 up 11 days,  5:23,  6 users,  load average: 0.97, 0.99, 0.79
Tasks: 198 total,   2 running, 121 sleeping,   0 stopped,   0 zombie
%Cpu(s): 12.5 us,  0.0 sy,  0.0 ni, 87.5 id,  0.0 wa,  0.0 hi,  0.0 si,  0.0 st
KiB Mem : 32843380 total, 17101748 free,   339796 used, 15401836 buff/cache
--
  PID USER      PR  NI    VIRT    RES    SHR S %CPU %MEM     TIME+ COMMAND
12068 freshman  20   0   32424  26352   2692 R 12.5  0.1   0:43.99 hmmer_base.+
11560 freshman  20   0   42788   3996   3368 R  0.1  0.0   0:06.45 top

top - 18:18:57 up 11 days,  5:23,  6 users,  load average: 0.97, 0.99, 0.79
Tasks: 198 total,   2 running, 121 sleeping,   0 stopped,   0 zombie
%Cpu(s): 12.7 us,  0.0 sy,  0.0 ni, 87.3 id,  0.0 wa,  0.0 hi,  0.0 si,  0.0 st
KiB Mem : 32843380 total, 17101748 free,   339796 used, 15401836 buff/cache
--
  PID USER      PR  NI    VIRT    RES    SHR S %CPU %MEM     TIME+ COMMAND
12068 freshman  20   0   32424  26616   2692 R 12.5  0.1   0:44.99 hmmer_base.+

top - 18:18:58 up 11 days,  5:23,  6 users,  load average: 0.97, 0.99, 0.79
Tasks: 198 total,   2 running, 121 sleeping,   0 stopped,   0 zombie
%Cpu(s): 12.4 us,  0.1 sy,  0.0 ni, 87.4 id,  0.0 wa,  0.0 hi,  0.0 si,  0.0 st
KiB Mem : 32843380 total, 17101748 free,   339796 used, 15401836 buff/cache
--
  PID USER      PR  NI    VIRT    RES    SHR S %CPU %MEM     TIME+ COMMAND
12068 freshman  20   0   32424  26616   2692 R 12.5  0.1   0:46.00 hmmer_base.+
11560 freshman  20   0   42788   3996   3368 R  0.1  0.0   0:06.46 top

top - 18:18:59 up 11 days,  5:23,  6 users,  load average: 0.97, 0.99, 0.79
Tasks: 198 total,   2 running, 121 sleeping,   0 stopped,   0 zombie
%Cpu(s): 12.5 us,  0.0 sy,  0.0 ni, 87.5 id,  0.0 wa,  0.0 hi,  0.0 si,  0.0 st
KiB Mem : 32843380 total, 17101732 free,   339812 used, 15401836 buff/cache
--
  PID USER      PR  NI    VIRT    RES    SHR S %CPU %MEM     TIME+ COMMAND
12068 freshman  20   0   32424  26616   2692 R 12.5  0.1   0:47.00 hmmer_base.+

top - 18:19:00 up 11 days,  5:23,  6 users,  load average: 0.97, 0.99, 0.79
Tasks: 198 total,   2 running, 121 sleeping,   0 stopped,   0 zombie
%Cpu(s): 12.6 us,  0.0 sy,  0.0 ni, 87.4 id,  0.0 wa,  0.0 hi,  0.0 si,  0.0 st
KiB Mem : 32843380 total, 17101732 free,   339812 used, 15401836 buff/cache
--
  PID USER      PR  NI    VIRT    RES    SHR S %CPU %MEM     TIME+ COMMAND
12068 freshman  20   0   32424  26616   2692 R 12.5  0.1   0:48.01 hmmer_base.+

top - 18:19:01 up 11 days,  5:23,  6 users,  load average: 0.97, 0.99, 0.80
Tasks: 198 total,   2 running, 121 sleeping,   0 stopped,   0 zombie
%Cpu(s): 12.6 us,  0.0 sy,  0.0 ni, 87.4 id,  0.0 wa,  0.0 hi,  0.0 si,  0.0 st
KiB Mem : 32843380 total, 17101732 free,   339812 used, 15401836 buff/cache
--
  PID USER      PR  NI    VIRT    RES    SHR S %CPU %MEM     TIME+ COMMAND
12068 freshman  20   0   32424  26616   2692 R 12.5  0.1   0:49.01 hmmer_base.+
11560 freshman  20   0   42788   3996   3368 R  0.1  0.0   0:06.47 top

top - 18:19:02 up 11 days,  5:23,  6 users,  load average: 0.97, 0.99, 0.80
Tasks: 198 total,   2 running, 121 sleeping,   0 stopped,   0 zombie
%Cpu(s): 12.6 us,  0.0 sy,  0.0 ni, 87.4 id,  0.0 wa,  0.0 hi,  0.0 si,  0.0 st
KiB Mem : 32843380 total, 17101748 free,   339788 used, 15401844 buff/cache
--
  PID USER      PR  NI    VIRT    RES    SHR S %CPU %MEM     TIME+ COMMAND
12068 freshman  20   0   32424  26616   2692 R 12.5  0.1   0:50.02 hmmer_base.+
11560 freshman  20   0   42788   3996   3368 R  0.1  0.0   0:06.48 top

top - 18:19:03 up 11 days,  5:23,  6 users,  load average: 0.97, 0.99, 0.80
Tasks: 198 total,   2 running, 121 sleeping,   0 stopped,   0 zombie
%Cpu(s): 12.4 us,  0.1 sy,  0.0 ni, 87.4 id,  0.0 wa,  0.0 hi,  0.0 si,  0.0 st
KiB Mem : 32843380 total, 17101748 free,   339788 used, 15401844 buff/cache
--
  PID USER      PR  NI    VIRT    RES    SHR S %CPU %MEM     TIME+ COMMAND
12068 freshman  20   0   33648  27672   2692 R 12.5  0.1   0:51.02 hmmer_base.+

top - 18:19:04 up 11 days,  5:23,  6 users,  load average: 0.97, 0.99, 0.80
Tasks: 198 total,   2 running, 121 sleeping,   0 stopped,   0 zombie
%Cpu(s): 12.6 us,  0.0 sy,  0.0 ni, 87.4 id,  0.0 wa,  0.0 hi,  0.0 si,  0.0 st
KiB Mem : 32843380 total, 17101748 free,   339788 used, 15401844 buff/cache
--
  PID USER      PR  NI    VIRT    RES    SHR S %CPU %MEM     TIME+ COMMAND
12068 freshman  20   0   33648  27672   2692 R 12.5  0.1   0:52.03 hmmer_base.+

top - 18:19:05 up 11 days,  5:23,  6 users,  load average: 0.97, 0.99, 0.80
Tasks: 198 total,   2 running, 121 sleeping,   0 stopped,   0 zombie
%Cpu(s): 12.6 us,  0.0 sy,  0.0 ni, 87.4 id,  0.0 wa,  0.0 hi,  0.0 si,  0.0 st
KiB Mem : 32843380 total, 17100392 free,   341140 used, 15401848 buff/cache
--
  PID USER      PR  NI    VIRT    RES    SHR S %CPU %MEM     TIME+ COMMAND
12068 freshman  20   0   33648  27672   2692 R 12.5  0.1   0:53.03 hmmer_base.+

top - 18:19:06 up 11 days,  5:23,  6 users,  load average: 0.97, 0.99, 0.80
Tasks: 198 total,   2 running, 121 sleeping,   0 stopped,   0 zombie
%Cpu(s): 12.4 us,  0.1 sy,  0.0 ni, 87.5 id,  0.0 wa,  0.0 hi,  0.0 si,  0.0 st
KiB Mem : 32843380 total, 17100392 free,   341140 used, 15401848 buff/cache
--
  PID USER      PR  NI    VIRT    RES    SHR S %CPU %MEM     TIME+ COMMAND
12068 freshman  20   0   33648  27672   2692 R 12.5  0.1   0:54.04 hmmer_base.+
11560 freshman  20   0   42788   3996   3368 R  0.1  0.0   0:06.49 top

top - 18:19:07 up 11 days,  5:23,  6 users,  load average: 0.97, 0.99, 0.80
Tasks: 198 total,   2 running, 121 sleeping,   0 stopped,   0 zombie
%Cpu(s): 12.6 us,  0.0 sy,  0.0 ni, 87.4 id,  0.0 wa,  0.0 hi,  0.0 si,  0.0 st
KiB Mem : 32843380 total, 17100392 free,   341140 used, 15401848 buff/cache
--
  PID USER      PR  NI    VIRT    RES    SHR S %CPU %MEM     TIME+ COMMAND
12068 freshman  20   0   33648  27672   2692 R 12.5  0.1   0:55.04 hmmer_base.+
11560 freshman  20   0   42788   3996   3368 R  0.1  0.0   0:06.50 top

top - 18:19:08 up 11 days,  5:23,  6 users,  load average: 0.97, 0.99, 0.80
Tasks: 198 total,   2 running, 121 sleeping,   0 stopped,   0 zombie
%Cpu(s): 12.5 us,  0.0 sy,  0.0 ni, 87.5 id,  0.0 wa,  0.0 hi,  0.0 si,  0.0 st
KiB Mem : 32843380 total, 17100384 free,   341148 used, 15401848 buff/cache
--
  PID USER      PR  NI    VIRT    RES    SHR S %CPU %MEM     TIME+ COMMAND
12068 freshman  20   0   33648  27672   2692 R 12.5  0.1   0:56.05 hmmer_base.+

top - 18:19:09 up 11 days,  5:23,  6 users,  load average: 0.97, 0.99, 0.80
Tasks: 198 total,   2 running, 121 sleeping,   0 stopped,   0 zombie
%Cpu(s): 12.5 us,  0.1 sy,  0.0 ni, 87.2 id,  0.1 wa,  0.0 hi,  0.0 si,  0.0 st
KiB Mem : 32843380 total, 17100384 free,   341148 used, 15401848 buff/cache
--
  PID USER      PR  NI    VIRT    RES    SHR S %CPU %MEM     TIME+ COMMAND
12068 freshman  20   0   33648  27672   2692 R 12.5  0.1   0:57.05 hmmer_base.+

top - 18:19:10 up 11 days,  5:23,  6 users,  load average: 0.97, 0.99, 0.80
Tasks: 198 total,   2 running, 121 sleeping,   0 stopped,   0 zombie
%Cpu(s): 12.6 us,  0.0 sy,  0.0 ni, 87.4 id,  0.0 wa,  0.0 hi,  0.0 si,  0.0 st
KiB Mem : 32843380 total, 17100384 free,   341148 used, 15401848 buff/cache
--
  PID USER      PR  NI    VIRT    RES    SHR S %CPU %MEM     TIME+ COMMAND
12068 freshman  20   0   33648  27672   2692 R 12.4  0.1   0:58.05 hmmer_base.+
11560 freshman  20   0   42788   3996   3368 R  0.1  0.0   0:06.51 top

top - 18:19:11 up 11 days,  5:23,  6 users,  load average: 0.97, 0.99, 0.80
Tasks: 198 total,   2 running, 121 sleeping,   0 stopped,   0 zombie
%Cpu(s): 12.4 us,  0.0 sy,  0.0 ni, 87.6 id,  0.0 wa,  0.0 hi,  0.0 si,  0.0 st
KiB Mem : 32843380 total, 17100392 free,   341132 used, 15401856 buff/cache
--
  PID USER      PR  NI    VIRT    RES    SHR S %CPU %MEM     TIME+ COMMAND
12068 freshman  20   0   33648  27672   2692 R 12.5  0.1   0:59.06 hmmer_base.+

top - 18:19:12 up 11 days,  5:23,  6 users,  load average: 0.97, 0.99, 0.80
Tasks: 198 total,   2 running, 121 sleeping,   0 stopped,   0 zombie
%Cpu(s): 12.5 us,  0.1 sy,  0.0 ni, 87.3 id,  0.0 wa,  0.0 hi,  0.0 si,  0.0 st
KiB Mem : 32843380 total, 17100392 free,   341132 used, 15401856 buff/cache
--
  PID USER      PR  NI    VIRT    RES    SHR S %CPU %MEM     TIME+ COMMAND
12068 freshman  20   0   33648  27672   2692 R 12.6  0.1   1:00.07 hmmer_base.+

top - 18:19:13 up 11 days,  5:23,  6 users,  load average: 0.97, 0.99, 0.80
Tasks: 198 total,   2 running, 121 sleeping,   0 stopped,   0 zombie
%Cpu(s): 12.5 us,  0.0 sy,  0.0 ni, 87.5 id,  0.0 wa,  0.0 hi,  0.0 si,  0.0 st
KiB Mem : 32843380 total, 17100392 free,   341132 used, 15401856 buff/cache
--
  PID USER      PR  NI    VIRT    RES    SHR S %CPU %MEM     TIME+ COMMAND
12068 freshman  20   0   33648  27672   2692 R 12.4  0.1   1:01.07 hmmer_base.+
11560 freshman  20   0   42788   3996   3368 R  0.1  0.0   0:06.52 top

top - 18:19:14 up 11 days,  5:23,  6 users,  load average: 0.97, 0.99, 0.80
Tasks: 198 total,   2 running, 121 sleeping,   0 stopped,   0 zombie
%Cpu(s): 12.7 us,  0.0 sy,  0.0 ni, 87.3 id,  0.0 wa,  0.0 hi,  0.0 si,  0.0 st
KiB Mem : 32843380 total, 17100384 free,   341136 used, 15401860 buff/cache
--
  PID USER      PR  NI    VIRT    RES    SHR S %CPU %MEM     TIME+ COMMAND
12068 freshman  20   0   33648  27672   2692 R 12.5  0.1   1:02.07 hmmer_base.+
11560 freshman  20   0   42788   3996   3368 R  0.1  0.0   0:06.53 top

top - 18:19:15 up 11 days,  5:23,  6 users,  load average: 0.97, 0.99, 0.80
Tasks: 198 total,   2 running, 121 sleeping,   0 stopped,   0 zombie
%Cpu(s): 12.5 us,  0.0 sy,  0.0 ni, 87.5 id,  0.0 wa,  0.0 hi,  0.0 si,  0.0 st
KiB Mem : 32843380 total, 17100384 free,   341136 used, 15401860 buff/cache
--
  PID USER      PR  NI    VIRT    RES    SHR S %CPU %MEM     TIME+ COMMAND
12068 freshman  20   0   33648  27672   2692 R 12.5  0.1   1:03.08 hmmer_base.+

top - 18:19:16 up 11 days,  5:24,  6 users,  load average: 0.98, 0.99, 0.80
Tasks: 198 total,   2 running, 121 sleeping,   0 stopped,   0 zombie
%Cpu(s): 12.5 us,  0.1 sy,  0.0 ni, 87.3 id,  0.0 wa,  0.0 hi,  0.0 si,  0.0 st
KiB Mem : 32843380 total, 17100384 free,   341136 used, 15401860 buff/cache
--
  PID USER      PR  NI    VIRT    RES    SHR S %CPU %MEM     TIME+ COMMAND
12068 freshman  20   0   33648  27672   2692 R 12.6  0.1   1:04.09 hmmer_base.+
 1020 root      20   0  178600   9400   8600 S  0.1  0.0   1:09.90 thermald

top - 18:19:17 up 11 days,  5:24,  6 users,  load average: 0.98, 0.99, 0.80
Tasks: 198 total,   2 running, 121 sleeping,   0 stopped,   0 zombie
%Cpu(s): 12.5 us,  0.0 sy,  0.0 ni, 87.5 id,  0.0 wa,  0.0 hi,  0.0 si,  0.0 st
KiB Mem : 32843380 total, 17100368 free,   341152 used, 15401860 buff/cache
--
  PID USER      PR  NI    VIRT    RES    SHR S %CPU %MEM     TIME+ COMMAND
12068 freshman  20   0   33648  27672   2692 R 12.4  0.1   1:05.09 hmmer_base.+

top - 18:19:18 up 11 days,  5:24,  6 users,  load average: 0.98, 0.99, 0.80
Tasks: 198 total,   2 running, 121 sleeping,   0 stopped,   0 zombie
%Cpu(s): 12.6 us,  0.0 sy,  0.0 ni, 87.4 id,  0.0 wa,  0.0 hi,  0.0 si,  0.0 st
KiB Mem : 32843380 total, 17100368 free,   341152 used, 15401860 buff/cache
--
  PID USER      PR  NI    VIRT    RES    SHR S %CPU %MEM     TIME+ COMMAND
12068 freshman  20   0   33648  27672   2692 R 12.5  0.1   1:06.09 hmmer_base.+
11560 freshman  20   0   42788   3996   3368 R  0.1  0.0   0:06.54 top

top - 18:19:19 up 11 days,  5:24,  6 users,  load average: 0.98, 0.99, 0.80
Tasks: 198 total,   2 running, 121 sleeping,   0 stopped,   0 zombie
%Cpu(s): 12.5 us,  0.1 sy,  0.0 ni, 87.3 id,  0.0 wa,  0.0 hi,  0.0 si,  0.0 st
KiB Mem : 32843380 total, 17100368 free,   341152 used, 15401860 buff/cache
--
  PID USER      PR  NI    VIRT    RES    SHR S %CPU %MEM     TIME+ COMMAND
12068 freshman  20   0   33648  27672   2692 R 12.5  0.1   1:07.10 hmmer_base.+

top - 18:19:20 up 11 days,  5:24,  6 users,  load average: 0.98, 0.99, 0.80
Tasks: 198 total,   2 running, 121 sleeping,   0 stopped,   0 zombie
%Cpu(s): 12.5 us,  0.0 sy,  0.0 ni, 87.5 id,  0.0 wa,  0.0 hi,  0.0 si,  0.0 st
KiB Mem : 32843380 total, 17100384 free,   341128 used, 15401868 buff/cache
--
  PID USER      PR  NI    VIRT    RES    SHR S %CPU %MEM     TIME+ COMMAND
12068 freshman  20   0   33648  27672   2692 R 12.6  0.1   1:08.11 hmmer_base.+

top - 18:19:21 up 11 days,  5:24,  6 users,  load average: 0.98, 0.99, 0.80
Tasks: 198 total,   2 running, 121 sleeping,   0 stopped,   0 zombie
%Cpu(s): 12.4 us,  0.0 sy,  0.0 ni, 87.6 id,  0.0 wa,  0.0 hi,  0.0 si,  0.0 st
KiB Mem : 32843380 total, 17100384 free,   341128 used, 15401868 buff/cache
--
  PID USER      PR  NI    VIRT    RES    SHR S %CPU %MEM     TIME+ COMMAND
12068 freshman  20   0   33648  27672   2692 R 12.4  0.1   1:09.11 hmmer_base.+
11560 freshman  20   0   42788   3996   3368 R  0.1  0.0   0:06.55 top

top - 18:19:22 up 11 days,  5:24,  6 users,  load average: 0.98, 0.99, 0.80
Tasks: 198 total,   2 running, 121 sleeping,   0 stopped,   0 zombie
%Cpu(s): 12.7 us,  0.0 sy,  0.0 ni, 87.3 id,  0.0 wa,  0.0 hi,  0.0 si,  0.0 st
KiB Mem : 32843380 total, 17100384 free,   341128 used, 15401868 buff/cache
--
  PID USER      PR  NI    VIRT    RES    SHR S %CPU %MEM     TIME+ COMMAND
12068 freshman  20   0   33648  27672   2692 R 12.6  0.1   1:10.12 hmmer_base.+

top - 18:19:23 up 11 days,  5:24,  6 users,  load average: 0.98, 0.99, 0.80
Tasks: 198 total,   2 running, 121 sleeping,   0 stopped,   0 zombie
%Cpu(s): 12.4 us,  0.1 sy,  0.0 ni, 87.4 id,  0.0 wa,  0.0 hi,  0.0 si,  0.0 st
KiB Mem : 32843380 total, 17100368 free,   341140 used, 15401872 buff/cache
--
  PID USER      PR  NI    VIRT    RES    SHR S %CPU %MEM     TIME+ COMMAND
12068 freshman  20   0   33648  27672   2692 R 12.4  0.1   1:11.12 hmmer_base.+
11560 freshman  20   0   42788   3996   3368 R  0.1  0.0   0:06.56 top

top - 18:19:24 up 11 days,  5:24,  6 users,  load average: 0.98, 0.99, 0.80
Tasks: 198 total,   2 running, 121 sleeping,   0 stopped,   0 zombie
%Cpu(s): 12.5 us,  0.0 sy,  0.0 ni, 87.5 id,  0.0 wa,  0.0 hi,  0.0 si,  0.0 st
KiB Mem : 32843380 total, 17100368 free,   341140 used, 15401872 buff/cache
--
  PID USER      PR  NI    VIRT    RES    SHR S %CPU %MEM     TIME+ COMMAND
12068 freshman  20   0   33648  27672   2692 R 12.6  0.1   1:12.13 hmmer_base.+
11560 freshman  20   0   42788   3996   3368 R  0.1  0.0   0:06.57 top

top - 18:19:25 up 11 days,  5:24,  6 users,  load average: 0.98, 0.99, 0.80
Tasks: 198 total,   2 running, 121 sleeping,   0 stopped,   0 zombie
%Cpu(s): 12.7 us,  0.0 sy,  0.0 ni, 87.3 id,  0.0 wa,  0.0 hi,  0.0 si,  0.0 st
KiB Mem : 32843380 total, 17100368 free,   341140 used, 15401872 buff/cache
--
  PID USER      PR  NI    VIRT    RES    SHR S %CPU %MEM     TIME+ COMMAND
12068 freshman  20   0   33648  27672   2692 R 12.4  0.1   1:13.13 hmmer_base.+

top - 18:19:26 up 11 days,  5:24,  6 users,  load average: 0.98, 0.99, 0.80
Tasks: 198 total,   2 running, 121 sleeping,   0 stopped,   0 zombie
%Cpu(s): 12.4 us,  0.1 sy,  0.0 ni, 87.3 id,  0.1 wa,  0.0 hi,  0.0 si,  0.0 st
KiB Mem : 32843380 total, 17100384 free,   341116 used, 15401880 buff/cache
--
  PID USER      PR  NI    VIRT    RES    SHR S %CPU %MEM     TIME+ COMMAND
12068 freshman  20   0   33648  27672   2692 R 12.6  0.1   1:14.14 hmmer_base.+

top - 18:19:27 up 11 days,  5:24,  6 users,  load average: 0.98, 0.99, 0.80
Tasks: 198 total,   2 running, 121 sleeping,   0 stopped,   0 zombie
%Cpu(s): 12.5 us,  0.0 sy,  0.0 ni, 87.5 id,  0.0 wa,  0.0 hi,  0.0 si,  0.0 st
KiB Mem : 32843380 total, 17100384 free,   341116 used, 15401880 buff/cache
--
  PID USER      PR  NI    VIRT    RES    SHR S %CPU %MEM     TIME+ COMMAND
12068 freshman  20   0   33648  27672   2692 R 12.4  0.1   1:15.14 hmmer_base.+
11560 freshman  20   0   42788   3996   3368 R  0.1  0.0   0:06.58 top

top - 18:19:28 up 11 days,  5:24,  6 users,  load average: 0.98, 0.99, 0.80
Tasks: 198 total,   2 running, 121 sleeping,   0 stopped,   0 zombie
%Cpu(s): 12.6 us,  0.0 sy,  0.0 ni, 87.4 id,  0.0 wa,  0.0 hi,  0.0 si,  0.0 st
KiB Mem : 32843380 total, 17100384 free,   341116 used, 15401880 buff/cache
--
  PID USER      PR  NI    VIRT    RES    SHR S %CPU %MEM     TIME+ COMMAND
12068 freshman  20   0   33648  27672   2692 R 12.6  0.1   1:16.15 hmmer_base.+

top - 18:19:29 up 11 days,  5:24,  6 users,  load average: 0.98, 0.99, 0.80
Tasks: 198 total,   2 running, 121 sleeping,   0 stopped,   0 zombie
%Cpu(s): 12.5 us,  0.1 sy,  0.0 ni, 87.3 id,  0.0 wa,  0.0 hi,  0.0 si,  0.0 st
KiB Mem : 32843380 total, 17100392 free,   341104 used, 15401884 buff/cache
--
  PID USER      PR  NI    VIRT    RES    SHR S %CPU %MEM     TIME+ COMMAND
12068 freshman  20   0   33648  27672   2692 R 12.4  0.1   1:17.15 hmmer_base.+

top - 18:19:30 up 11 days,  5:24,  6 users,  load average: 0.98, 0.99, 0.80
Tasks: 198 total,   2 running, 121 sleeping,   0 stopped,   0 zombie
%Cpu(s): 12.4 us,  0.1 sy,  0.0 ni, 87.4 id,  0.0 wa,  0.0 hi,  0.0 si,  0.0 st
KiB Mem : 32843380 total, 17100392 free,   341104 used, 15401884 buff/cache
--
  PID USER      PR  NI    VIRT    RES    SHR S %CPU %MEM     TIME+ COMMAND
12068 freshman  20   0   33648  27672   2692 R 12.6  0.1   1:18.16 hmmer_base.+
11560 freshman  20   0   42788   3996   3368 R  0.1  0.0   0:06.59 top

top - 18:19:31 up 11 days,  5:24,  6 users,  load average: 0.98, 0.99, 0.81
Tasks: 198 total,   2 running, 121 sleeping,   0 stopped,   0 zombie
%Cpu(s): 12.5 us,  0.0 sy,  0.0 ni, 87.5 id,  0.0 wa,  0.0 hi,  0.0 si,  0.0 st
KiB Mem : 32843380 total, 17100392 free,   341104 used, 15401884 buff/cache
--
  PID USER      PR  NI    VIRT    RES    SHR S %CPU %MEM     TIME+ COMMAND
12068 freshman  20   0   33648  27672   2692 R 12.5  0.1   1:19.17 hmmer_base.+

top - 18:19:32 up 11 days,  5:24,  6 users,  load average: 0.98, 0.99, 0.81
Tasks: 198 total,   2 running, 121 sleeping,   0 stopped,   0 zombie
%Cpu(s): 12.6 us,  0.0 sy,  0.0 ni, 87.4 id,  0.0 wa,  0.0 hi,  0.0 si,  0.0 st
KiB Mem : 32843380 total, 17100384 free,   341112 used, 15401884 buff/cache
--
  PID USER      PR  NI    VIRT    RES    SHR S %CPU %MEM     TIME+ COMMAND
12068 freshman  20   0   33648  27672   2692 R 12.5  0.1   1:20.17 hmmer_base.+

top - 18:19:33 up 11 days,  5:24,  6 users,  load average: 0.98, 0.99, 0.81
Tasks: 198 total,   2 running, 121 sleeping,   0 stopped,   0 zombie
%Cpu(s): 12.6 us,  0.0 sy,  0.0 ni, 87.4 id,  0.0 wa,  0.0 hi,  0.0 si,  0.0 st
KiB Mem : 32843380 total, 17100384 free,   341112 used, 15401884 buff/cache
--
  PID USER      PR  NI    VIRT    RES    SHR S %CPU %MEM     TIME+ COMMAND
12068 freshman  20   0   33648  27672   2692 R 12.5  0.1   1:21.18 hmmer_base.+
11560 freshman  20   0   42788   3996   3368 R  0.1  0.0   0:06.60 top

top - 18:19:34 up 11 days,  5:24,  6 users,  load average: 0.98, 0.99, 0.81
Tasks: 198 total,   2 running, 121 sleeping,   0 stopped,   0 zombie
%Cpu(s): 12.4 us,  0.1 sy,  0.0 ni, 87.3 id,  0.1 wa,  0.0 hi,  0.0 si,  0.0 st
KiB Mem : 32843380 total, 17100384 free,   341112 used, 15401884 buff/cache
--
  PID USER      PR  NI    VIRT    RES    SHR S %CPU %MEM     TIME+ COMMAND
12068 freshman  20   0   33648  27672   2692 R 12.5  0.1   1:22.18 hmmer_base.+

top - 18:19:35 up 11 days,  5:24,  6 users,  load average: 0.98, 0.99, 0.81
Tasks: 198 total,   2 running, 121 sleeping,   0 stopped,   0 zombie
%Cpu(s): 12.5 us,  0.0 sy,  0.0 ni, 87.5 id,  0.0 wa,  0.0 hi,  0.0 si,  0.0 st
KiB Mem : 32843380 total, 17100392 free,   341096 used, 15401892 buff/cache
--
  PID USER      PR  NI    VIRT    RES    SHR S %CPU %MEM     TIME+ COMMAND
12068 freshman  20   0   33648  27672   2692 R 12.4  0.1   1:23.18 hmmer_base.+
11560 freshman  20   0   42788   3996   3368 R  0.1  0.0   0:06.61 top

top - 18:19:36 up 11 days,  5:24,  6 users,  load average: 0.98, 0.99, 0.81
Tasks: 198 total,   2 running, 121 sleeping,   0 stopped,   0 zombie
%Cpu(s): 12.5 us,  0.1 sy,  0.0 ni, 87.3 id,  0.0 wa,  0.0 hi,  0.0 si,  0.0 st
KiB Mem : 32843380 total, 17100392 free,   341096 used, 15401892 buff/cache
--
  PID USER      PR  NI    VIRT    RES    SHR S %CPU %MEM     TIME+ COMMAND
12068 freshman  20   0   33648  27672   2692 R 12.6  0.1   1:24.19 hmmer_base.+

top - 18:19:37 up 11 days,  5:24,  6 users,  load average: 0.98, 0.99, 0.81
Tasks: 198 total,   2 running, 121 sleeping,   0 stopped,   0 zombie
%Cpu(s): 12.5 us,  0.0 sy,  0.0 ni, 87.5 id,  0.0 wa,  0.0 hi,  0.0 si,  0.0 st
KiB Mem : 32843380 total, 17100392 free,   341096 used, 15401892 buff/cache
--
  PID USER      PR  NI    VIRT    RES    SHR S %CPU %MEM     TIME+ COMMAND
12068 freshman  20   0   33648  27672   2692 R 12.5  0.1   1:25.20 hmmer_base.+
11560 freshman  20   0   42788   3996   3368 R  0.1  0.0   0:06.62 top

top - 18:19:38 up 11 days,  5:24,  6 users,  load average: 0.98, 0.99, 0.81
Tasks: 198 total,   2 running, 121 sleeping,   0 stopped,   0 zombie
%Cpu(s): 12.5 us,  0.0 sy,  0.0 ni, 87.5 id,  0.0 wa,  0.0 hi,  0.0 si,  0.0 st
KiB Mem : 32843380 total, 17100384 free,   341100 used, 15401896 buff/cache
--
  PID USER      PR  NI    VIRT    RES    SHR S %CPU %MEM     TIME+ COMMAND
12068 freshman  20   0   33648  27672   2692 R 12.5  0.1   1:26.20 hmmer_base.+

top - 18:19:39 up 11 days,  5:24,  6 users,  load average: 0.98, 0.99, 0.81
Tasks: 198 total,   2 running, 121 sleeping,   0 stopped,   0 zombie
%Cpu(s): 12.7 us,  0.0 sy,  0.0 ni, 87.3 id,  0.0 wa,  0.0 hi,  0.0 si,  0.0 st
KiB Mem : 32843380 total, 17100384 free,   341100 used, 15401896 buff/cache
--
  PID USER      PR  NI    VIRT    RES    SHR S %CPU %MEM     TIME+ COMMAND
12068 freshman  20   0   33648  27672   2692 R 12.4  0.1   1:27.20 hmmer_base.+

top - 18:19:40 up 11 days,  5:24,  6 users,  load average: 0.98, 0.99, 0.81
Tasks: 198 total,   2 running, 121 sleeping,   0 stopped,   0 zombie
%Cpu(s): 12.5 us,  0.0 sy,  0.0 ni, 87.5 id,  0.0 wa,  0.0 hi,  0.0 si,  0.0 st
KiB Mem : 32843380 total, 17100384 free,   341100 used, 15401896 buff/cache
--
  PID USER      PR  NI    VIRT    RES    SHR S %CPU %MEM     TIME+ COMMAND
12068 freshman  20   0   33648  27672   2692 R 12.6  0.1   1:28.21 hmmer_base.+
11560 freshman  20   0   42788   3996   3368 R  0.1  0.0   0:06.63 top

top - 18:19:41 up 11 days,  5:24,  6 users,  load average: 0.99, 0.99, 0.81
Tasks: 198 total,   2 running, 121 sleeping,   0 stopped,   0 zombie
%Cpu(s): 12.4 us,  0.1 sy,  0.0 ni, 87.4 id,  0.0 wa,  0.0 hi,  0.0 si,  0.0 st
KiB Mem : 32843380 total, 17100368 free,   341116 used, 15401896 buff/cache
--
  PID USER      PR  NI    VIRT    RES    SHR S %CPU %MEM     TIME+ COMMAND
12068 freshman  20   0   33648  27672   2692 R 12.5  0.1   1:29.22 hmmer_base.+
11560 freshman  20   0   42788   3996   3368 R  0.1  0.0   0:06.64 top

top - 18:19:42 up 11 days,  5:24,  6 users,  load average: 0.99, 0.99, 0.81
Tasks: 198 total,   2 running, 121 sleeping,   0 stopped,   0 zombie
%Cpu(s): 12.6 us,  0.0 sy,  0.0 ni, 87.4 id,  0.0 wa,  0.0 hi,  0.0 si,  0.0 st
KiB Mem : 32843380 total, 17100368 free,   341116 used, 15401896 buff/cache
--
  PID USER      PR  NI    VIRT    RES    SHR S %CPU %MEM     TIME+ COMMAND
12068 freshman  20   0   33648  27672   2692 R 12.5  0.1   1:30.22 hmmer_base.+

top - 18:19:43 up 11 days,  5:24,  6 users,  load average: 0.99, 0.99, 0.81
Tasks: 198 total,   2 running, 121 sleeping,   0 stopped,   0 zombie
%Cpu(s): 12.6 us,  0.0 sy,  0.0 ni, 87.4 id,  0.0 wa,  0.0 hi,  0.0 si,  0.0 st
KiB Mem : 32843380 total, 17100368 free,   341116 used, 15401896 buff/cache
--
  PID USER      PR  NI    VIRT    RES    SHR S %CPU %MEM     TIME+ COMMAND
12068 freshman  20   0   33648  27672   2692 R 12.5  0.1   1:31.23 hmmer_base.+

top - 18:19:44 up 11 days,  5:24,  6 users,  load average: 0.99, 0.99, 0.81
Tasks: 198 total,   2 running, 121 sleeping,   0 stopped,   0 zombie
%Cpu(s): 12.4 us,  0.1 sy,  0.0 ni, 87.4 id,  0.0 wa,  0.0 hi,  0.0 si,  0.0 st
KiB Mem : 32843380 total, 17100384 free,   341092 used, 15401904 buff/cache
--
  PID USER      PR  NI    VIRT    RES    SHR S %CPU %MEM     TIME+ COMMAND
12068 freshman  20   0   33648  27672   2692 R 12.5  0.1   1:32.23 hmmer_base.+

top - 18:19:45 up 11 days,  5:24,  6 users,  load average: 0.99, 0.99, 0.81
Tasks: 198 total,   2 running, 121 sleeping,   0 stopped,   0 zombie
%Cpu(s): 12.6 us,  0.0 sy,  0.0 ni, 87.4 id,  0.0 wa,  0.0 hi,  0.0 si,  0.0 st
KiB Mem : 32843380 total, 17100384 free,   341092 used, 15401904 buff/cache
--
  PID USER      PR  NI    VIRT    RES    SHR S %CPU %MEM     TIME+ COMMAND
12068 freshman  20   0   33648  27672   2692 R 12.5  0.1   1:33.24 hmmer_base.+
11560 freshman  20   0   42788   3996   3368 R  0.1  0.0   0:06.65 top

top - 18:19:46 up 11 days,  5:24,  6 users,  load average: 0.99, 0.99, 0.81
Tasks: 198 total,   2 running, 121 sleeping,   0 stopped,   0 zombie
%Cpu(s): 12.5 us,  0.0 sy,  0.0 ni, 87.5 id,  0.0 wa,  0.0 hi,  0.0 si,  0.0 st
KiB Mem : 32843380 total, 17100384 free,   341092 used, 15401904 buff/cache
--
  PID USER      PR  NI    VIRT    RES    SHR S %CPU %MEM     TIME+ COMMAND
12068 freshman  20   0   33648  27672   2692 R 12.4  0.1   1:34.24 hmmer_base.+

top - 18:19:47 up 11 days,  5:24,  6 users,  load average: 0.99, 0.99, 0.81
Tasks: 198 total,   2 running, 121 sleeping,   0 stopped,   0 zombie
%Cpu(s): 12.6 us,  0.0 sy,  0.0 ni, 87.4 id,  0.0 wa,  0.0 hi,  0.0 si,  0.0 st
KiB Mem : 32843380 total, 17100392 free,   341080 used, 15401908 buff/cache
--
  PID USER      PR  NI    VIRT    RES    SHR S %CPU %MEM     TIME+ COMMAND
12068 freshman  20   0   33648  27672   2692 R 12.6  0.1   1:35.25 hmmer_base.+
11560 freshman  20   0   42788   3996   3368 R  0.1  0.0   0:06.66 top

top - 18:19:48 up 11 days,  5:24,  6 users,  load average: 0.99, 0.99, 0.81
Tasks: 198 total,   2 running, 121 sleeping,   0 stopped,   0 zombie
%Cpu(s): 12.6 us,  0.0 sy,  0.0 ni, 87.4 id,  0.0 wa,  0.0 hi,  0.0 si,  0.0 st
KiB Mem : 32843380 total, 17100392 free,   341080 used, 15401908 buff/cache
--
  PID USER      PR  NI    VIRT    RES    SHR S %CPU %MEM     TIME+ COMMAND
12068 freshman  20   0   33648  27672   2692 R 12.4  0.1   1:36.25 hmmer_base.+

top - 18:19:49 up 11 days,  5:24,  6 users,  load average: 0.99, 0.99, 0.81
Tasks: 198 total,   2 running, 121 sleeping,   0 stopped,   0 zombie
%Cpu(s): 12.5 us,  0.0 sy,  0.0 ni, 87.5 id,  0.0 wa,  0.0 hi,  0.0 si,  0.0 st
KiB Mem : 32843380 total, 17100392 free,   341080 used, 15401908 buff/cache
--
  PID USER      PR  NI    VIRT    RES    SHR S %CPU %MEM     TIME+ COMMAND
12068 freshman  20   0   33648  27672   2692 R 12.6  0.1   1:37.26 hmmer_base.+
11560 freshman  20   0   42788   3996   3368 R  0.1  0.0   0:06.67 top

top - 18:19:50 up 11 days,  5:24,  6 users,  load average: 0.99, 0.99, 0.81
Tasks: 198 total,   2 running, 121 sleeping,   0 stopped,   0 zombie
%Cpu(s): 12.5 us,  0.1 sy,  0.0 ni, 87.3 id,  0.0 wa,  0.0 hi,  0.0 si,  0.0 st
KiB Mem : 32843380 total, 17100384 free,   341088 used, 15401908 buff/cache
--
  PID USER      PR  NI    VIRT    RES    SHR S %CPU %MEM     TIME+ COMMAND
12068 freshman  20   0   33648  27672   2692 R 12.4  0.1   1:38.26 hmmer_base.+

top - 18:19:51 up 11 days,  5:24,  6 users,  load average: 0.99, 0.99, 0.81
Tasks: 198 total,   2 running, 121 sleeping,   0 stopped,   0 zombie
%Cpu(s): 12.6 us,  0.0 sy,  0.0 ni, 87.4 id,  0.0 wa,  0.0 hi,  0.0 si,  0.0 st
KiB Mem : 32843380 total, 17100384 free,   341088 used, 15401908 buff/cache
--
  PID USER      PR  NI    VIRT    RES    SHR S %CPU %MEM     TIME+ COMMAND
12068 freshman  20   0   33648  27672   2692 R 12.6  0.1   1:39.27 hmmer_base.+
11560 freshman  20   0   42788   3996   3368 R  0.1  0.0   0:06.68 top

top - 18:19:52 up 11 days,  5:24,  6 users,  load average: 0.99, 0.99, 0.81
Tasks: 198 total,   2 running, 121 sleeping,   0 stopped,   0 zombie
%Cpu(s): 12.4 us,  0.1 sy,  0.0 ni, 87.4 id,  0.0 wa,  0.0 hi,  0.0 si,  0.0 st
KiB Mem : 32843380 total, 17100384 free,   341088 used, 15401908 buff/cache
--
  PID USER      PR  NI    VIRT    RES    SHR S %CPU %MEM     TIME+ COMMAND
12068 freshman  20   0   33648  27672   2692 R 12.4  0.1   1:40.27 hmmer_base.+

top - 18:19:53 up 11 days,  5:24,  6 users,  load average: 0.99, 0.99, 0.81
Tasks: 198 total,   2 running, 121 sleeping,   0 stopped,   0 zombie
%Cpu(s): 12.6 us,  0.0 sy,  0.0 ni, 87.4 id,  0.0 wa,  0.0 hi,  0.0 si,  0.0 st
KiB Mem : 32843380 total, 17100392 free,   341072 used, 15401916 buff/cache
--
  PID USER      PR  NI    VIRT    RES    SHR S %CPU %MEM     TIME+ COMMAND
12068 freshman  20   0   33648  27672   2692 R 12.5  0.1   1:41.27 hmmer_base.+
11560 freshman  20   0   42788   3996   3368 R  0.1  0.0   0:06.69 top

top - 18:19:54 up 11 days,  5:24,  6 users,  load average: 0.99, 0.99, 0.81
Tasks: 198 total,   2 running, 121 sleeping,   0 stopped,   0 zombie
%Cpu(s): 12.5 us,  0.0 sy,  0.0 ni, 87.5 id,  0.0 wa,  0.0 hi,  0.0 si,  0.0 st
KiB Mem : 32843380 total, 17100392 free,   341072 used, 15401916 buff/cache
--
  PID USER      PR  NI    VIRT    RES    SHR S %CPU %MEM     TIME+ COMMAND
12070 freshman  20   0   11212   4928   2416 R  9.4  0.0   0:00.76 hmmer_base.+

top - 18:19:55 up 11 days,  5:24,  6 users,  load average: 0.99, 0.99, 0.81
Tasks: 198 total,   2 running, 121 sleeping,   0 stopped,   0 zombie
%Cpu(s): 12.5 us,  0.1 sy,  0.0 ni, 87.3 id,  0.0 wa,  0.0 hi,  0.0 si,  0.0 st
KiB Mem : 32843380 total, 17100392 free,   341072 used, 15401916 buff/cache
--
  PID USER      PR  NI    VIRT    RES    SHR S %CPU %MEM     TIME+ COMMAND
12070 freshman  20   0   11212   4928   2416 R 12.5  0.0   0:01.76 hmmer_base.+

top - 18:19:56 up 11 days,  5:24,  6 users,  load average: 0.99, 0.99, 0.81
Tasks: 198 total,   2 running, 121 sleeping,   0 stopped,   0 zombie
%Cpu(s): 12.5 us,  0.0 sy,  0.0 ni, 87.5 id,  0.0 wa,  0.0 hi,  0.0 si,  0.0 st
KiB Mem : 32843380 total, 17122572 free,   318880 used, 15401928 buff/cache
--
  PID USER      PR  NI    VIRT    RES    SHR S %CPU %MEM     TIME+ COMMAND
12070 freshman  20   0   11212   4928   2416 R 12.5  0.0   0:02.77 hmmer_base.+
11560 freshman  20   0   42788   3996   3368 R  0.1  0.0   0:06.70 top

top - 18:19:57 up 11 days,  5:24,  6 users,  load average: 0.99, 0.99, 0.81
Tasks: 198 total,   2 running, 121 sleeping,   0 stopped,   0 zombie
%Cpu(s): 12.6 us,  0.0 sy,  0.0 ni, 87.4 id,  0.0 wa,  0.0 hi,  0.0 si,  0.0 st
KiB Mem : 32843380 total, 17122572 free,   318880 used, 15401928 buff/cache
--
  PID USER      PR  NI    VIRT    RES    SHR S %CPU %MEM     TIME+ COMMAND
12070 freshman  20   0   11356   5100   2416 R 12.5  0.0   0:03.77 hmmer_base.+

top - 18:19:58 up 11 days,  5:24,  6 users,  load average: 0.99, 0.99, 0.81
Tasks: 198 total,   2 running, 121 sleeping,   0 stopped,   0 zombie
%Cpu(s): 12.5 us,  0.1 sy,  0.0 ni, 87.4 id,  0.0 wa,  0.0 hi,  0.0 si,  0.0 st
KiB Mem : 32843380 total, 17122572 free,   318880 used, 15401928 buff/cache
--
  PID USER      PR  NI    VIRT    RES    SHR S %CPU %MEM     TIME+ COMMAND
12070 freshman  20   0   11356   5100   2416 R 12.6  0.0   0:04.78 hmmer_base.+

top - 18:19:59 up 11 days,  5:24,  6 users,  load average: 0.99, 0.99, 0.81
Tasks: 198 total,   2 running, 121 sleeping,   0 stopped,   0 zombie
%Cpu(s): 12.6 us,  0.0 sy,  0.0 ni, 87.3 id,  0.1 wa,  0.0 hi,  0.0 si,  0.0 st
KiB Mem : 32843380 total, 17122432 free,   319016 used, 15401932 buff/cache
--
  PID USER      PR  NI    VIRT    RES    SHR S %CPU %MEM     TIME+ COMMAND
12070 freshman  20   0   11356   5100   2416 R 12.4  0.0   0:05.78 hmmer_base.+

top - 18:20:00 up 11 days,  5:24,  6 users,  load average: 0.99, 0.99, 0.81
Tasks: 198 total,   2 running, 121 sleeping,   0 stopped,   0 zombie
%Cpu(s): 12.6 us,  0.0 sy,  0.0 ni, 87.4 id,  0.0 wa,  0.0 hi,  0.0 si,  0.0 st
KiB Mem : 32843380 total, 17122432 free,   319016 used, 15401932 buff/cache
--
  PID USER      PR  NI    VIRT    RES    SHR S %CPU %MEM     TIME+ COMMAND
12070 freshman  20   0   11356   5100   2416 R 12.5  0.0   0:06.78 hmmer_base.+
11560 freshman  20   0   42788   3996   3368 R  0.1  0.0   0:06.71 top

top - 18:20:01 up 11 days,  5:24,  6 users,  load average: 0.99, 0.99, 0.81
Tasks: 198 total,   2 running, 121 sleeping,   0 stopped,   0 zombie
%Cpu(s): 12.6 us,  0.0 sy,  0.0 ni, 87.4 id,  0.0 wa,  0.0 hi,  0.0 si,  0.0 st
KiB Mem : 32843380 total, 17122432 free,   319016 used, 15401932 buff/cache
--
  PID USER      PR  NI    VIRT    RES    SHR S %CPU %MEM     TIME+ COMMAND
12070 freshman  20   0   11356   5100   2416 R 12.5  0.0   0:07.79 hmmer_base.+
11560 freshman  20   0   42788   3996   3368 R  0.1  0.0   0:06.72 top

top - 18:20:02 up 11 days,  5:24,  6 users,  load average: 0.99, 0.99, 0.81
Tasks: 198 total,   2 running, 121 sleeping,   0 stopped,   0 zombie
%Cpu(s): 12.5 us,  0.0 sy,  0.0 ni, 87.5 id,  0.0 wa,  0.0 hi,  0.0 si,  0.0 st
KiB Mem : 32843380 total, 17122448 free,   318992 used, 15401940 buff/cache
--
  PID USER      PR  NI    VIRT    RES    SHR S %CPU %MEM     TIME+ COMMAND
12070 freshman  20   0   11356   5100   2416 R 12.6  0.0   0:08.80 hmmer_base.+

top - 18:20:03 up 11 days,  5:24,  6 users,  load average: 0.99, 0.99, 0.81
Tasks: 198 total,   2 running, 121 sleeping,   0 stopped,   0 zombie
%Cpu(s): 12.6 us,  0.0 sy,  0.0 ni, 87.4 id,  0.0 wa,  0.0 hi,  0.0 si,  0.0 st
KiB Mem : 32843380 total, 17122448 free,   318992 used, 15401940 buff/cache
--
  PID USER      PR  NI    VIRT    RES    SHR S %CPU %MEM     TIME+ COMMAND
12070 freshman  20   0   11356   5100   2416 R 12.4  0.0   0:09.80 hmmer_base.+
 1028 root      20   0 1894016  27060  14936 S  0.1  0.1   1:32.23 snapd

top - 18:20:04 up 11 days,  5:24,  6 users,  load average: 0.99, 0.99, 0.81
Tasks: 198 total,   2 running, 121 sleeping,   0 stopped,   0 zombie
%Cpu(s): 12.5 us,  0.0 sy,  0.0 ni, 87.5 id,  0.0 wa,  0.0 hi,  0.0 si,  0.0 st
KiB Mem : 32843380 total, 17122448 free,   318992 used, 15401940 buff/cache
--
  PID USER      PR  NI    VIRT    RES    SHR S %CPU %MEM     TIME+ COMMAND
12070 freshman  20   0   11356   5100   2416 R 12.5  0.0   0:10.80 hmmer_base.+

top - 18:20:05 up 11 days,  5:24,  6 users,  load average: 0.99, 0.99, 0.81
Tasks: 198 total,   2 running, 121 sleeping,   0 stopped,   0 zombie
%Cpu(s): 12.6 us,  0.0 sy,  0.0 ni, 87.4 id,  0.0 wa,  0.0 hi,  0.0 si,  0.0 st
KiB Mem : 32843380 total, 17122440 free,   319000 used, 15401940 buff/cache
--
  PID USER      PR  NI    VIRT    RES    SHR S %CPU %MEM     TIME+ COMMAND
12070 freshman  20   0   11356   5100   2416 R 12.5  0.0   0:11.81 hmmer_base.+
11560 freshman  20   0   42788   3996   3368 R  0.1  0.0   0:06.73 top

top - 18:20:06 up 11 days,  5:24,  6 users,  load average: 0.99, 1.00, 0.82
Tasks: 198 total,   2 running, 121 sleeping,   0 stopped,   0 zombie
%Cpu(s): 12.5 us,  0.0 sy,  0.0 ni, 87.5 id,  0.0 wa,  0.0 hi,  0.0 si,  0.0 st
KiB Mem : 32843380 total, 17122440 free,   319000 used, 15401940 buff/cache
--
  PID USER      PR  NI    VIRT    RES    SHR S %CPU %MEM     TIME+ COMMAND
12070 freshman  20   0   11356   5100   2416 R 12.5  0.0   0:12.81 hmmer_base.+
11405 root      20   0       0      0      0 I  0.1  0.0   0:00.19 kworker/u16+

top - 18:20:07 up 11 days,  5:24,  6 users,  load average: 0.99, 1.00, 0.82
Tasks: 198 total,   2 running, 121 sleeping,   0 stopped,   0 zombie
%Cpu(s): 12.6 us,  0.0 sy,  0.0 ni, 87.4 id,  0.0 wa,  0.0 hi,  0.0 si,  0.0 st
KiB Mem : 32843380 total, 17122440 free,   319000 used, 15401940 buff/cache
--
  PID USER      PR  NI    VIRT    RES    SHR S %CPU %MEM     TIME+ COMMAND
12070 freshman  20   0   11356   5100   2416 R 12.5  0.0   0:13.82 hmmer_base.+

top - 18:20:08 up 11 days,  5:24,  6 users,  load average: 0.99, 1.00, 0.82
Tasks: 198 total,   2 running, 121 sleeping,   0 stopped,   0 zombie
%Cpu(s): 12.5 us,  0.1 sy,  0.0 ni, 87.3 id,  0.0 wa,  0.0 hi,  0.0 si,  0.0 st
KiB Mem : 32843380 total, 17122448 free,   318984 used, 15401948 buff/cache
--
  PID USER      PR  NI    VIRT    RES    SHR S %CPU %MEM     TIME+ COMMAND
12070 freshman  20   0   11356   5100   2416 R 12.5  0.0   0:14.82 hmmer_base.+
11560 freshman  20   0   42788   3996   3368 R  0.1  0.0   0:06.74 top

top - 18:20:09 up 11 days,  5:24,  6 users,  load average: 0.99, 1.00, 0.82
Tasks: 198 total,   2 running, 121 sleeping,   0 stopped,   0 zombie
%Cpu(s): 12.5 us,  0.0 sy,  0.0 ni, 87.5 id,  0.0 wa,  0.0 hi,  0.0 si,  0.0 st
KiB Mem : 32843380 total, 17122448 free,   318984 used, 15401948 buff/cache
--
  PID USER      PR  NI    VIRT    RES    SHR S %CPU %MEM     TIME+ COMMAND
12070 freshman  20   0   11356   5100   2416 R 12.6  0.0   0:15.83 hmmer_base.+

top - 18:20:10 up 11 days,  5:24,  6 users,  load average: 0.99, 1.00, 0.82
Tasks: 198 total,   2 running, 121 sleeping,   0 stopped,   0 zombie
%Cpu(s): 12.4 us,  0.1 sy,  0.0 ni, 87.4 id,  0.0 wa,  0.0 hi,  0.0 si,  0.0 st
KiB Mem : 32843380 total, 17122448 free,   318984 used, 15401948 buff/cache
--
  PID USER      PR  NI    VIRT    RES    SHR S %CPU %MEM     TIME+ COMMAND
12070 freshman  20   0   11356   5100   2416 R 12.4  0.0   0:16.83 hmmer_base.+

top - 18:20:11 up 11 days,  5:24,  6 users,  load average: 0.99, 1.00, 0.82
Tasks: 198 total,   2 running, 121 sleeping,   0 stopped,   0 zombie
%Cpu(s): 12.6 us,  0.0 sy,  0.0 ni, 87.4 id,  0.0 wa,  0.0 hi,  0.0 si,  0.0 st
KiB Mem : 32843380 total, 17122440 free,   318988 used, 15401952 buff/cache
--
  PID USER      PR  NI    VIRT    RES    SHR S %CPU %MEM     TIME+ COMMAND
12070 freshman  20   0   11356   5100   2416 R 12.6  0.0   0:17.84 hmmer_base.+
11560 freshman  20   0   42788   3996   3368 R  0.1  0.0   0:06.75 top

top - 18:20:12 up 11 days,  5:24,  6 users,  load average: 0.99, 1.00, 0.82
Tasks: 198 total,   2 running, 121 sleeping,   0 stopped,   0 zombie
%Cpu(s): 12.6 us,  0.0 sy,  0.0 ni, 87.4 id,  0.0 wa,  0.0 hi,  0.0 si,  0.0 st
KiB Mem : 32843380 total, 17122440 free,   318988 used, 15401952 buff/cache
--
  PID USER      PR  NI    VIRT    RES    SHR S %CPU %MEM     TIME+ COMMAND
12070 freshman  20   0   11356   5100   2416 R 12.4  0.0   0:18.84 hmmer_base.+

top - 18:20:13 up 11 days,  5:24,  6 users,  load average: 0.99, 1.00, 0.82
Tasks: 198 total,   2 running, 121 sleeping,   0 stopped,   0 zombie
%Cpu(s): 12.6 us,  0.0 sy,  0.0 ni, 87.4 id,  0.0 wa,  0.0 hi,  0.0 si,  0.0 st
KiB Mem : 32843380 total, 17122440 free,   318988 used, 15401952 buff/cache
--
  PID USER      PR  NI    VIRT    RES    SHR S %CPU %MEM     TIME+ COMMAND
12070 freshman  20   0   11356   5100   2416 R 12.5  0.0   0:19.84 hmmer_base.+
11560 freshman  20   0   42788   3996   3368 R  0.1  0.0   0:06.76 top

top - 18:20:14 up 11 days,  5:24,  6 users,  load average: 0.99, 1.00, 0.82
Tasks: 198 total,   2 running, 121 sleeping,   0 stopped,   0 zombie
%Cpu(s): 12.6 us,  0.0 sy,  0.0 ni, 87.4 id,  0.0 wa,  0.0 hi,  0.0 si,  0.0 st
KiB Mem : 32843380 total, 17122456 free,   318972 used, 15401952 buff/cache
--
  PID USER      PR  NI    VIRT    RES    SHR S %CPU %MEM     TIME+ COMMAND
12070 freshman  20   0   11356   5100   2416 R 12.5  0.0   0:20.85 hmmer_base.+
12043 root      20   0       0      0      0 I  0.1  0.0   0:00.01 kworker/u16+

top - 18:20:15 up 11 days,  5:24,  6 users,  load average: 0.99, 1.00, 0.82
Tasks: 198 total,   2 running, 121 sleeping,   0 stopped,   0 zombie
%Cpu(s): 12.5 us,  0.0 sy,  0.0 ni, 87.5 id,  0.0 wa,  0.0 hi,  0.0 si,  0.0 st
KiB Mem : 32843380 total, 17122456 free,   318972 used, 15401952 buff/cache
--
  PID USER      PR  NI    VIRT    RES    SHR S %CPU %MEM     TIME+ COMMAND
12070 freshman  20   0   11632   5564   2416 R 12.5  0.0   0:21.85 hmmer_base.+

top - 18:20:16 up 11 days,  5:25,  6 users,  load average: 0.99, 1.00, 0.82
Tasks: 198 total,   2 running, 121 sleeping,   0 stopped,   0 zombie
%Cpu(s): 12.4 us,  0.0 sy,  0.0 ni, 87.4 id,  0.1 wa,  0.0 hi,  0.0 si,  0.0 st
KiB Mem : 32843380 total, 17122456 free,   318972 used, 15401952 buff/cache
--
  PID USER      PR  NI    VIRT    RES    SHR S %CPU %MEM     TIME+ COMMAND
12070 freshman  20   0   11632   5564   2416 R 12.4  0.0   0:22.85 hmmer_base.+
11560 freshman  20   0   42788   3996   3368 R  0.1  0.0   0:06.77 top

top - 18:20:17 up 11 days,  5:25,  6 users,  load average: 0.99, 1.00, 0.82
Tasks: 198 total,   2 running, 121 sleeping,   0 stopped,   0 zombie
%Cpu(s): 12.7 us,  0.0 sy,  0.0 ni, 87.3 id,  0.0 wa,  0.0 hi,  0.0 si,  0.0 st
KiB Mem : 32843380 total, 17122068 free,   319360 used, 15401952 buff/cache
--
  PID USER      PR  NI    VIRT    RES    SHR S %CPU %MEM     TIME+ COMMAND
12070 freshman  20   0   11632   5564   2416 R 12.6  0.0   0:23.86 hmmer_base.+

top - 18:20:18 up 11 days,  5:25,  6 users,  load average: 0.99, 1.00, 0.82
Tasks: 198 total,   2 running, 121 sleeping,   0 stopped,   0 zombie
%Cpu(s): 12.5 us,  0.0 sy,  0.0 ni, 87.5 id,  0.0 wa,  0.0 hi,  0.0 si,  0.0 st
KiB Mem : 32843380 total, 17122068 free,   319360 used, 15401952 buff/cache
--
  PID USER      PR  NI    VIRT    RES    SHR S %CPU %MEM     TIME+ COMMAND
12070 freshman  20   0   11632   5564   2416 R 12.6  0.0   0:24.87 hmmer_base.+

top - 18:20:19 up 11 days,  5:25,  6 users,  load average: 0.99, 1.00, 0.82
Tasks: 198 total,   2 running, 121 sleeping,   0 stopped,   0 zombie
%Cpu(s): 12.5 us,  0.0 sy,  0.0 ni, 87.5 id,  0.0 wa,  0.0 hi,  0.0 si,  0.0 st
KiB Mem : 32843380 total, 17122068 free,   319360 used, 15401952 buff/cache
--
  PID USER      PR  NI    VIRT    RES    SHR S %CPU %MEM     TIME+ COMMAND
12070 freshman  20   0   11632   5564   2416 R 12.4  0.0   0:25.87 hmmer_base.+
11560 freshman  20   0   42788   3996   3368 R  0.1  0.0   0:06.78 top

top - 18:20:20 up 11 days,  5:25,  6 users,  load average: 0.99, 1.00, 0.82
Tasks: 198 total,   2 running, 121 sleeping,   0 stopped,   0 zombie
%Cpu(s): 12.6 us,  0.0 sy,  0.0 ni, 87.4 id,  0.0 wa,  0.0 hi,  0.0 si,  0.0 st
KiB Mem : 32843380 total, 17122084 free,   319332 used, 15401964 buff/cache
--
  PID USER      PR  NI    VIRT    RES    SHR S %CPU %MEM     TIME+ COMMAND
12070 freshman  20   0   11632   5564   2416 R 12.5  0.0   0:26.87 hmmer_base.+

top - 18:20:21 up 11 days,  5:25,  6 users,  load average: 0.99, 1.00, 0.82
Tasks: 198 total,   2 running, 121 sleeping,   0 stopped,   0 zombie
%Cpu(s): 12.5 us,  0.1 sy,  0.0 ni, 87.3 id,  0.0 wa,  0.0 hi,  0.0 si,  0.0 st
KiB Mem : 32843380 total, 17122084 free,   319332 used, 15401964 buff/cache
--
  PID USER      PR  NI    VIRT    RES    SHR S %CPU %MEM     TIME+ COMMAND
12070 freshman  20   0   11632   5564   2416 R 12.5  0.0   0:27.88 hmmer_base.+

top - 18:20:22 up 11 days,  5:25,  6 users,  load average: 0.99, 1.00, 0.82
Tasks: 198 total,   2 running, 121 sleeping,   0 stopped,   0 zombie
%Cpu(s): 12.5 us,  0.0 sy,  0.0 ni, 87.5 id,  0.0 wa,  0.0 hi,  0.0 si,  0.0 st
KiB Mem : 32843380 total, 17122084 free,   319332 used, 15401964 buff/cache
--
  PID USER      PR  NI    VIRT    RES    SHR S %CPU %MEM     TIME+ COMMAND
12070 freshman  20   0   11632   5564   2416 R 12.5  0.0   0:28.88 hmmer_base.+

top - 18:20:23 up 11 days,  5:25,  6 users,  load average: 0.99, 1.00, 0.82
Tasks: 198 total,   2 running, 121 sleeping,   0 stopped,   0 zombie
%Cpu(s): 12.4 us,  0.1 sy,  0.0 ni, 87.4 id,  0.0 wa,  0.0 hi,  0.0 si,  0.0 st
KiB Mem : 32843380 total, 17122068 free,   319348 used, 15401964 buff/cache
--
  PID USER      PR  NI    VIRT    RES    SHR S %CPU %MEM     TIME+ COMMAND
12070 freshman  20   0   11632   5564   2416 R 12.5  0.0   0:29.89 hmmer_base.+
 1027 root      20   0  110520   3512   3184 S  0.1  0.0   1:21.21 irqbalance
11560 freshman  20   0   42788   3996   3368 R  0.1  0.0   0:06.79 top
--
top - 18:20:24 up 11 days,  5:25,  6 users,  load average: 0.99, 1.00, 0.82
Tasks: 198 total,   2 running, 121 sleeping,   0 stopped,   0 zombie
%Cpu(s): 12.6 us,  0.0 sy,  0.0 ni, 87.4 id,  0.0 wa,  0.0 hi,  0.0 si,  0.0 st
KiB Mem : 32843380 total, 17122068 free,   319348 used, 15401964 buff/cache
--
  PID USER      PR  NI    VIRT    RES    SHR S %CPU %MEM     TIME+ COMMAND
12070 freshman  20   0   11632   5564   2416 R 12.5  0.0   0:30.89 hmmer_base.+

top - 18:20:25 up 11 days,  5:25,  6 users,  load average: 0.99, 1.00, 0.82
Tasks: 198 total,   2 running, 121 sleeping,   0 stopped,   0 zombie
%Cpu(s): 12.5 us,  0.0 sy,  0.0 ni, 87.5 id,  0.0 wa,  0.0 hi,  0.0 si,  0.0 st
KiB Mem : 32843380 total, 17122068 free,   319348 used, 15401964 buff/cache
--
  PID USER      PR  NI    VIRT    RES    SHR S %CPU %MEM     TIME+ COMMAND
12070 freshman  20   0   11632   5564   2416 R 12.4  0.0   0:31.89 hmmer_base.+

top - 18:20:26 up 11 days,  5:25,  6 users,  load average: 1.00, 1.00, 0.82
Tasks: 198 total,   2 running, 121 sleeping,   0 stopped,   0 zombie
%Cpu(s): 12.6 us,  0.0 sy,  0.0 ni, 87.4 id,  0.0 wa,  0.0 hi,  0.0 si,  0.0 st
KiB Mem : 32843380 total, 17122084 free,   319324 used, 15401972 buff/cache
--
  PID USER      PR  NI    VIRT    RES    SHR S %CPU %MEM     TIME+ COMMAND
12070 freshman  20   0   11632   5564   2416 R 12.6  0.0   0:32.90 hmmer_base.+
11560 freshman  20   0   42788   3996   3368 R  0.1  0.0   0:06.80 top

top - 18:20:27 up 11 days,  5:25,  6 users,  load average: 1.00, 1.00, 0.82
Tasks: 198 total,   2 running, 121 sleeping,   0 stopped,   0 zombie
%Cpu(s): 12.5 us,  0.0 sy,  0.0 ni, 87.5 id,  0.0 wa,  0.0 hi,  0.0 si,  0.0 st
KiB Mem : 32843380 total, 17122084 free,   319324 used, 15401972 buff/cache
--
  PID USER      PR  NI    VIRT    RES    SHR S %CPU %MEM     TIME+ COMMAND
12070 freshman  20   0   11632   5564   2416 R 12.6  0.0   0:33.91 hmmer_base.+
11560 freshman  20   0   42788   3996   3368 R  0.1  0.0   0:06.81 top

top - 18:20:28 up 11 days,  5:25,  6 users,  load average: 1.00, 1.00, 0.82
Tasks: 198 total,   2 running, 121 sleeping,   0 stopped,   0 zombie
%Cpu(s): 12.6 us,  0.0 sy,  0.0 ni, 87.4 id,  0.0 wa,  0.0 hi,  0.0 si,  0.0 st
KiB Mem : 32843380 total, 17122084 free,   319324 used, 15401972 buff/cache
--
  PID USER      PR  NI    VIRT    RES    SHR S %CPU %MEM     TIME+ COMMAND
12070 freshman  20   0   11632   5564   2416 R 12.4  0.0   0:34.91 hmmer_base.+

top - 18:20:29 up 11 days,  5:25,  6 users,  load average: 1.00, 1.00, 0.82
Tasks: 198 total,   2 running, 121 sleeping,   0 stopped,   0 zombie
%Cpu(s): 12.6 us,  0.0 sy,  0.0 ni, 87.4 id,  0.0 wa,  0.0 hi,  0.0 si,  0.0 st
KiB Mem : 32843380 total, 17122068 free,   319336 used, 15401976 buff/cache
--
  PID USER      PR  NI    VIRT    RES    SHR S %CPU %MEM     TIME+ COMMAND
12070 freshman  20   0   11632   5564   2416 R 12.5  0.0   0:35.91 hmmer_base.+

top - 18:20:30 up 11 days,  5:25,  6 users,  load average: 1.00, 1.00, 0.82
Tasks: 198 total,   2 running, 121 sleeping,   0 stopped,   0 zombie
%Cpu(s): 12.4 us,  0.1 sy,  0.0 ni, 87.4 id,  0.0 wa,  0.0 hi,  0.0 si,  0.0 st
KiB Mem : 32843380 total, 17122068 free,   319336 used, 15401976 buff/cache
--
  PID USER      PR  NI    VIRT    RES    SHR S %CPU %MEM     TIME+ COMMAND
12070 freshman  20   0   11632   5564   2416 R 12.5  0.0   0:36.92 hmmer_base.+

top - 18:20:31 up 11 days,  5:25,  6 users,  load average: 1.00, 1.00, 0.82
Tasks: 198 total,   2 running, 121 sleeping,   0 stopped,   0 zombie
%Cpu(s): 12.6 us,  0.0 sy,  0.0 ni, 87.4 id,  0.0 wa,  0.0 hi,  0.0 si,  0.0 st
KiB Mem : 32843380 total, 17122068 free,   319336 used, 15401976 buff/cache
--
  PID USER      PR  NI    VIRT    RES    SHR S %CPU %MEM     TIME+ COMMAND
12070 freshman  20   0   11632   5564   2416 R 12.5  0.0   0:37.92 hmmer_base.+

top - 18:20:32 up 11 days,  5:25,  6 users,  load average: 1.00, 1.00, 0.82
Tasks: 198 total,   2 running, 121 sleeping,   0 stopped,   0 zombie
%Cpu(s): 12.4 us,  0.1 sy,  0.0 ni, 87.4 id,  0.0 wa,  0.0 hi,  0.0 si,  0.0 st
KiB Mem : 32843380 total, 17122084 free,   319312 used, 15401984 buff/cache
--
  PID USER      PR  NI    VIRT    RES    SHR S %CPU %MEM     TIME+ COMMAND
12070 freshman  20   0   11632   5564   2416 R 12.5  0.0   0:38.93 hmmer_base.+
11560 freshman  20   0   42788   3996   3368 R  0.1  0.0   0:06.82 top

top - 18:20:33 up 11 days,  5:25,  6 users,  load average: 1.00, 1.00, 0.82
Tasks: 198 total,   2 running, 121 sleeping,   0 stopped,   0 zombie
%Cpu(s): 12.6 us,  0.0 sy,  0.0 ni, 87.4 id,  0.0 wa,  0.0 hi,  0.0 si,  0.0 st
KiB Mem : 32843380 total, 17122084 free,   319312 used, 15401984 buff/cache
--
  PID USER      PR  NI    VIRT    RES    SHR S %CPU %MEM     TIME+ COMMAND
12070 freshman  20   0   11632   5564   2416 R 12.5  0.0   0:39.93 hmmer_base.+
    1 root      20   0   78128   9196   6636 S  0.1  0.0   0:10.16 systemd

top - 18:20:34 up 11 days,  5:25,  6 users,  load average: 1.00, 1.00, 0.82
Tasks: 198 total,   2 running, 121 sleeping,   0 stopped,   0 zombie
%Cpu(s): 12.6 us,  0.0 sy,  0.0 ni, 87.4 id,  0.0 wa,  0.0 hi,  0.0 si,  0.0 st
KiB Mem : 32843380 total, 17122084 free,   319312 used, 15401984 buff/cache
--
  PID USER      PR  NI    VIRT    RES    SHR S %CPU %MEM     TIME+ COMMAND
12070 freshman  20   0   11632   5564   2416 R 12.4  0.0   0:40.93 hmmer_base.+

top - 18:20:35 up 11 days,  5:25,  6 users,  load average: 1.00, 1.00, 0.82
Tasks: 198 total,   2 running, 121 sleeping,   0 stopped,   0 zombie
%Cpu(s): 12.6 us,  0.0 sy,  0.0 ni, 87.4 id,  0.0 wa,  0.0 hi,  0.0 si,  0.0 st
KiB Mem : 32843380 total, 17122068 free,   319328 used, 15401984 buff/cache
--
  PID USER      PR  NI    VIRT    RES    SHR S %CPU %MEM     TIME+ COMMAND
12070 freshman  20   0   11632   5564   2416 R 12.6  0.0   0:41.94 hmmer_base.+
11560 freshman  20   0   42788   3996   3368 R  0.1  0.0   0:06.83 top
11561 freshman  20   0   13136   1004    908 S  0.1  0.0   0:00.08 grep
--
top - 18:20:36 up 11 days,  5:25,  6 users,  load average: 1.00, 1.00, 0.82
Tasks: 198 total,   2 running, 121 sleeping,   0 stopped,   0 zombie
%Cpu(s): 12.5 us,  0.0 sy,  0.0 ni, 87.5 id,  0.0 wa,  0.0 hi,  0.0 si,  0.0 st
KiB Mem : 32843380 total, 17122068 free,   319328 used, 15401984 buff/cache
--
  PID USER      PR  NI    VIRT    RES    SHR S %CPU %MEM     TIME+ COMMAND
12070 freshman  20   0   11632   5564   2416 R 12.6  0.0   0:42.95 hmmer_base.+
11560 freshman  20   0   42788   3996   3368 R  0.1  0.0   0:06.84 top

top - 18:20:37 up 11 days,  5:25,  6 users,  load average: 1.00, 1.00, 0.82
Tasks: 197 total,   2 running, 121 sleeping,   0 stopped,   0 zombie
%Cpu(s): 12.6 us,  0.0 sy,  0.0 ni, 87.4 id,  0.0 wa,  0.0 hi,  0.0 si,  0.0 st
KiB Mem : 32843380 total, 17122068 free,   319328 used, 15401984 buff/cache
--
  PID USER      PR  NI    VIRT    RES    SHR S %CPU %MEM     TIME+ COMMAND
12070 freshman  20   0   11632   5564   2416 R 12.4  0.0   0:43.95 hmmer_base.+

top - 18:20:38 up 11 days,  5:25,  6 users,  load average: 1.00, 1.00, 0.82
Tasks: 197 total,   2 running, 121 sleeping,   0 stopped,   0 zombie
%Cpu(s): 12.4 us,  0.1 sy,  0.0 ni, 87.4 id,  0.0 wa,  0.0 hi,  0.0 si,  0.0 st
KiB Mem : 32843380 total, 17122084 free,   319308 used, 15401988 buff/cache
--
  PID USER      PR  NI    VIRT    RES    SHR S %CPU %MEM     TIME+ COMMAND
12070 freshman  20   0   11632   5564   2416 R 12.5  0.0   0:44.95 hmmer_base.+

top - 18:20:39 up 11 days,  5:25,  6 users,  load average: 1.00, 1.00, 0.82
Tasks: 197 total,   2 running, 121 sleeping,   0 stopped,   0 zombie
%Cpu(s): 12.6 us,  0.0 sy,  0.0 ni, 87.4 id,  0.0 wa,  0.0 hi,  0.0 si,  0.0 st
KiB Mem : 32843380 total, 17122084 free,   319308 used, 15401988 buff/cache
--
  PID USER      PR  NI    VIRT    RES    SHR S %CPU %MEM     TIME+ COMMAND
12070 freshman  20   0   11632   5564   2416 R 12.5  0.0   0:45.96 hmmer_base.+

top - 18:20:40 up 11 days,  5:25,  6 users,  load average: 1.00, 1.00, 0.82
Tasks: 197 total,   2 running, 121 sleeping,   0 stopped,   0 zombie
%Cpu(s): 12.4 us,  0.0 sy,  0.0 ni, 87.4 id,  0.1 wa,  0.0 hi,  0.0 si,  0.0 st
KiB Mem : 32843380 total, 17122084 free,   319308 used, 15401988 buff/cache
--
  PID USER      PR  NI    VIRT    RES    SHR S %CPU %MEM     TIME+ COMMAND
12070 freshman  20   0   11632   5564   2416 R 12.5  0.0   0:46.96 hmmer_base.+

top - 18:20:41 up 11 days,  5:25,  6 users,  load average: 1.00, 1.00, 0.82
Tasks: 197 total,   2 running, 121 sleeping,   0 stopped,   0 zombie
%Cpu(s): 12.6 us,  0.0 sy,  0.0 ni, 87.4 id,  0.0 wa,  0.0 hi,  0.0 si,  0.0 st
KiB Mem : 32843380 total, 17122076 free,   319316 used, 15401988 buff/cache
--
  PID USER      PR  NI    VIRT    RES    SHR S %CPU %MEM     TIME+ COMMAND
12070 freshman  20   0   11632   5564   2416 R 12.5  0.0   0:47.97 hmmer_base.+
11560 freshman  20   0   42788   3996   3368 R  0.1  0.0   0:06.85 top

top - 18:20:42 up 11 days,  5:25,  6 users,  load average: 1.00, 1.00, 0.82
Tasks: 197 total,   2 running, 121 sleeping,   0 stopped,   0 zombie
%Cpu(s): 12.5 us,  0.0 sy,  0.0 ni, 87.5 id,  0.0 wa,  0.0 hi,  0.0 si,  0.0 st
KiB Mem : 32843380 total, 17122076 free,   319316 used, 15401988 buff/cache
--
  PID USER      PR  NI    VIRT    RES    SHR S %CPU %MEM     TIME+ COMMAND
12070 freshman  20   0   11632   5564   2416 R 12.5  0.0   0:48.97 hmmer_base.+

top - 18:20:43 up 11 days,  5:25,  6 users,  load average: 1.00, 1.00, 0.82
Tasks: 197 total,   2 running, 121 sleeping,   0 stopped,   0 zombie
%Cpu(s): 12.5 us,  0.1 sy,  0.0 ni, 87.3 id,  0.0 wa,  0.0 hi,  0.0 si,  0.0 st
KiB Mem : 32843380 total, 17122076 free,   319316 used, 15401988 buff/cache
--
  PID USER      PR  NI    VIRT    RES    SHR S %CPU %MEM     TIME+ COMMAND
12070 freshman  20   0   11632   5564   2416 R 12.4  0.0   0:49.97 hmmer_base.+
11560 freshman  20   0   42788   3996   3368 R  0.1  0.0   0:06.86 top

top - 18:20:44 up 11 days,  5:25,  6 users,  load average: 1.00, 1.00, 0.82
Tasks: 197 total,   2 running, 121 sleeping,   0 stopped,   0 zombie
%Cpu(s): 12.6 us,  0.0 sy,  0.0 ni, 87.4 id,  0.0 wa,  0.0 hi,  0.0 si,  0.0 st
KiB Mem : 32843380 total, 17122084 free,   319296 used, 15402000 buff/cache
--
  PID USER      PR  NI    VIRT    RES    SHR S %CPU %MEM     TIME+ COMMAND
12070 freshman  20   0   11632   5564   2416 R 12.6  0.0   0:50.98 hmmer_base.+

top - 18:20:45 up 11 days,  5:25,  6 users,  load average: 1.00, 1.00, 0.82
Tasks: 197 total,   2 running, 121 sleeping,   0 stopped,   0 zombie
%Cpu(s): 12.6 us,  0.0 sy,  0.0 ni, 87.4 id,  0.0 wa,  0.0 hi,  0.0 si,  0.0 st
KiB Mem : 32843380 total, 17122084 free,   319296 used, 15402000 buff/cache
--
  PID USER      PR  NI    VIRT    RES    SHR S %CPU %MEM     TIME+ COMMAND
12070 freshman  20   0   11632   5564   2416 R 12.6  0.0   0:51.99 hmmer_base.+

top - 18:20:46 up 11 days,  5:25,  6 users,  load average: 1.00, 1.00, 0.82
Tasks: 197 total,   2 running, 121 sleeping,   0 stopped,   0 zombie
%Cpu(s): 12.5 us,  0.0 sy,  0.0 ni, 87.5 id,  0.0 wa,  0.0 hi,  0.0 si,  0.0 st
KiB Mem : 32843380 total, 17122084 free,   319296 used, 15402000 buff/cache
--
  PID USER      PR  NI    VIRT    RES    SHR S %CPU %MEM     TIME+ COMMAND
12070 freshman  20   0   11632   5564   2416 R 12.4  0.0   0:52.99 hmmer_base.+

top - 18:20:47 up 11 days,  5:25,  6 users,  load average: 1.00, 1.00, 0.82
Tasks: 197 total,   2 running, 121 sleeping,   0 stopped,   0 zombie
%Cpu(s): 12.5 us,  0.0 sy,  0.0 ni, 87.5 id,  0.0 wa,  0.0 hi,  0.0 si,  0.0 st
KiB Mem : 32843380 total, 17122076 free,   319304 used, 15402000 buff/cache
--
  PID USER      PR  NI    VIRT    RES    SHR S %CPU %MEM     TIME+ COMMAND
12070 freshman  20   0   11632   5564   2416 R 12.5  0.0   0:53.99 hmmer_base.+
11560 freshman  20   0   42788   3996   3368 R  0.1  0.0   0:06.87 top

top - 18:20:48 up 11 days,  5:25,  6 users,  load average: 1.00, 1.00, 0.82
Tasks: 197 total,   2 running, 121 sleeping,   0 stopped,   0 zombie
%Cpu(s): 12.6 us,  0.1 sy,  0.0 ni, 87.3 id,  0.0 wa,  0.0 hi,  0.0 si,  0.0 st
KiB Mem : 32843380 total, 17122076 free,   319304 used, 15402000 buff/cache
--
  PID USER      PR  NI    VIRT    RES    SHR S %CPU %MEM     TIME+ COMMAND
12070 freshman  20   0   11632   5564   2416 R 12.5  0.0   0:55.00 hmmer_base.+

top - 18:20:49 up 11 days,  5:25,  6 users,  load average: 1.00, 1.00, 0.82
Tasks: 197 total,   2 running, 121 sleeping,   0 stopped,   0 zombie
%Cpu(s): 12.5 us,  0.0 sy,  0.0 ni, 87.5 id,  0.0 wa,  0.0 hi,  0.0 si,  0.0 st
KiB Mem : 32843380 total, 17122076 free,   319304 used, 15402000 buff/cache
--
  PID USER      PR  NI    VIRT    RES    SHR S %CPU %MEM     TIME+ COMMAND
12070 freshman  20   0   11632   5564   2416 R 12.5  0.0   0:56.00 hmmer_base.+
11560 freshman  20   0   42788   3996   3368 R  0.1  0.0   0:06.88 top

top - 18:20:50 up 11 days,  5:25,  6 users,  load average: 1.00, 1.00, 0.82
Tasks: 197 total,   2 running, 121 sleeping,   0 stopped,   0 zombie
%Cpu(s): 12.6 us,  0.0 sy,  0.0 ni, 87.4 id,  0.0 wa,  0.0 hi,  0.0 si,  0.0 st
KiB Mem : 32843380 total, 17122084 free,   319288 used, 15402008 buff/cache
--
  PID USER      PR  NI    VIRT    RES    SHR S %CPU %MEM     TIME+ COMMAND
12070 freshman  20   0   11632   5564   2416 R 12.5  0.0   0:57.01 hmmer_base.+

top - 18:20:51 up 11 days,  5:25,  6 users,  load average: 1.00, 1.00, 0.83
Tasks: 197 total,   2 running, 121 sleeping,   0 stopped,   0 zombie
%Cpu(s): 12.5 us,  0.0 sy,  0.0 ni, 87.5 id,  0.0 wa,  0.0 hi,  0.0 si,  0.0 st
KiB Mem : 32843380 total, 17122084 free,   319288 used, 15402008 buff/cache
--
  PID USER      PR  NI    VIRT    RES    SHR S %CPU %MEM     TIME+ COMMAND
12070 freshman  20   0   11632   5564   2416 R 12.5  0.0   0:58.01 hmmer_base.+

top - 18:20:52 up 11 days,  5:25,  6 users,  load average: 1.00, 1.00, 0.83
Tasks: 197 total,   2 running, 121 sleeping,   0 stopped,   0 zombie
%Cpu(s): 12.7 us,  0.0 sy,  0.0 ni, 87.3 id,  0.0 wa,  0.0 hi,  0.0 si,  0.0 st
KiB Mem : 32843380 total, 17122084 free,   319288 used, 15402008 buff/cache
--
  PID USER      PR  NI    VIRT    RES    SHR S %CPU %MEM     TIME+ COMMAND
12070 freshman  20   0   11632   5564   2416 R 12.4  0.0   0:59.01 hmmer_base.+
11560 freshman  20   0   42788   3996   3368 R  0.1  0.0   0:06.89 top

top - 18:20:53 up 11 days,  5:25,  6 users,  load average: 1.00, 1.00, 0.83
Tasks: 197 total,   2 running, 121 sleeping,   0 stopped,   0 zombie
%Cpu(s): 12.5 us,  0.0 sy,  0.0 ni, 87.5 id,  0.0 wa,  0.0 hi,  0.0 si,  0.0 st
KiB Mem : 32843380 total, 17122076 free,   319292 used, 15402012 buff/cache
--
  PID USER      PR  NI    VIRT    RES    SHR S %CPU %MEM     TIME+ COMMAND
12070 freshman  20   0   11632   5564   2416 R 12.6  0.0   1:00.02 hmmer_base.+

top - 18:20:54 up 11 days,  5:25,  6 users,  load average: 1.00, 1.00, 0.83
Tasks: 197 total,   2 running, 121 sleeping,   0 stopped,   0 zombie
%Cpu(s): 12.6 us,  0.0 sy,  0.0 ni, 87.4 id,  0.0 wa,  0.0 hi,  0.0 si,  0.0 st
KiB Mem : 32843380 total, 17122076 free,   319292 used, 15402012 buff/cache
--
  PID USER      PR  NI    VIRT    RES    SHR S %CPU %MEM     TIME+ COMMAND
12070 freshman  20   0   11632   5564   2416 R 12.5  0.0   1:01.03 hmmer_base.+

top - 18:20:55 up 11 days,  5:25,  6 users,  load average: 1.00, 1.00, 0.83
Tasks: 197 total,   2 running, 121 sleeping,   0 stopped,   0 zombie
%Cpu(s): 12.6 us,  0.0 sy,  0.0 ni, 87.4 id,  0.0 wa,  0.0 hi,  0.0 si,  0.0 st
KiB Mem : 32843380 total, 17122076 free,   319292 used, 15402012 buff/cache
--
  PID USER      PR  NI    VIRT    RES    SHR S %CPU %MEM     TIME+ COMMAND
12070 freshman  20   0   11632   5564   2416 R 12.5  0.0   1:02.03 hmmer_base.+
11560 freshman  20   0   42788   3996   3368 R  0.1  0.0   0:06.90 top

top - 18:20:56 up 11 days,  5:25,  6 users,  load average: 1.00, 1.00, 0.83
Tasks: 197 total,   2 running, 121 sleeping,   0 stopped,   0 zombie
%Cpu(s): 12.5 us,  0.1 sy,  0.0 ni, 87.4 id,  0.0 wa,  0.0 hi,  0.0 si,  0.0 st
KiB Mem : 32843380 total, 17122084 free,   319284 used, 15402012 buff/cache
--
  PID USER      PR  NI    VIRT    RES    SHR S %CPU %MEM     TIME+ COMMAND
12070 freshman  20   0   11632   5564   2416 R 12.5  0.0   1:03.03 hmmer_base.+
11562 freshman  20   0   13136   1092    996 S  0.1  0.0   0:00.07 grep

top - 18:20:57 up 11 days,  5:25,  6 users,  load average: 1.00, 1.00, 0.83
Tasks: 197 total,   2 running, 121 sleeping,   0 stopped,   0 zombie
%Cpu(s): 12.6 us,  0.0 sy,  0.0 ni, 87.4 id,  0.0 wa,  0.0 hi,  0.0 si,  0.0 st
KiB Mem : 32843380 total, 17122084 free,   319284 used, 15402012 buff/cache
--
  PID USER      PR  NI    VIRT    RES    SHR S %CPU %MEM     TIME+ COMMAND
12070 freshman  20   0   11632   5564   2416 R 12.5  0.0   1:04.04 hmmer_base.+

top - 18:20:58 up 11 days,  5:25,  6 users,  load average: 1.00, 1.00, 0.83
Tasks: 197 total,   2 running, 121 sleeping,   0 stopped,   0 zombie
%Cpu(s): 12.5 us,  0.0 sy,  0.0 ni, 87.5 id,  0.0 wa,  0.0 hi,  0.0 si,  0.0 st
KiB Mem : 32843380 total, 17122084 free,   319284 used, 15402012 buff/cache
--
  PID USER      PR  NI    VIRT    RES    SHR S %CPU %MEM     TIME+ COMMAND
12070 freshman  20   0   11632   5564   2416 R 12.5  0.0   1:05.04 hmmer_base.+
11560 freshman  20   0   42788   3996   3368 R  0.1  0.0   0:06.91 top

top - 18:20:59 up 11 days,  5:25,  6 users,  load average: 1.00, 1.00, 0.83
Tasks: 197 total,   2 running, 121 sleeping,   0 stopped,   0 zombie
%Cpu(s): 12.6 us,  0.0 sy,  0.0 ni, 87.4 id,  0.0 wa,  0.0 hi,  0.0 si,  0.0 st
KiB Mem : 32843380 total, 17122076 free,   319284 used, 15402020 buff/cache
--
  PID USER      PR  NI    VIRT    RES    SHR S %CPU %MEM     TIME+ COMMAND
12070 freshman  20   0   11632   5564   2416 R 12.5  0.0   1:06.05 hmmer_base.+

top - 18:21:00 up 11 days,  5:25,  6 users,  load average: 1.00, 1.00, 0.83
Tasks: 197 total,   2 running, 121 sleeping,   0 stopped,   0 zombie
%Cpu(s): 12.5 us,  0.0 sy,  0.0 ni, 87.5 id,  0.0 wa,  0.0 hi,  0.0 si,  0.0 st
KiB Mem : 32843380 total, 17122076 free,   319284 used, 15402020 buff/cache
--
  PID USER      PR  NI    VIRT    RES    SHR S %CPU %MEM     TIME+ COMMAND
12070 freshman  20   0   11632   5564   2416 R 12.5  0.0   1:07.05 hmmer_base.+

top - 18:21:01 up 11 days,  5:25,  6 users,  load average: 1.00, 1.00, 0.83
Tasks: 197 total,   2 running, 121 sleeping,   0 stopped,   0 zombie
%Cpu(s): 12.5 us,  0.1 sy,  0.0 ni, 87.3 id,  0.0 wa,  0.0 hi,  0.0 si,  0.0 st
KiB Mem : 32843380 total, 17122076 free,   319284 used, 15402020 buff/cache
--
  PID USER      PR  NI    VIRT    RES    SHR S %CPU %MEM     TIME+ COMMAND
12070 freshman  20   0   11632   5564   2416 R 12.4  0.0   1:08.05 hmmer_base.+
11560 freshman  20   0   42788   3996   3368 R  0.1  0.0   0:06.92 top

top - 18:21:02 up 11 days,  5:25,  6 users,  load average: 1.00, 1.00, 0.83
Tasks: 197 total,   2 running, 121 sleeping,   0 stopped,   0 zombie
%Cpu(s): 12.6 us,  0.0 sy,  0.0 ni, 87.4 id,  0.0 wa,  0.0 hi,  0.0 si,  0.0 st
KiB Mem : 32843380 total, 17122084 free,   319272 used, 15402024 buff/cache
--
  PID USER      PR  NI    VIRT    RES    SHR S %CPU %MEM     TIME+ COMMAND
12070 freshman  20   0   11632   5564   2416 R 12.6  0.0   1:09.06 hmmer_base.+

top - 18:21:03 up 11 days,  5:25,  6 users,  load average: 1.00, 1.00, 0.83
Tasks: 197 total,   2 running, 121 sleeping,   0 stopped,   0 zombie
%Cpu(s): 12.4 us,  0.1 sy,  0.0 ni, 87.4 id,  0.0 wa,  0.0 hi,  0.0 si,  0.0 st
KiB Mem : 32843380 total, 17122084 free,   319272 used, 15402024 buff/cache
--
  PID USER      PR  NI    VIRT    RES    SHR S %CPU %MEM     TIME+ COMMAND
12070 freshman  20   0   11632   5564   2416 R 12.6  0.0   1:10.07 hmmer_base.+
11560 freshman  20   0   42788   3996   3368 R  0.1  0.0   0:06.93 top

top - 18:21:04 up 11 days,  5:25,  6 users,  load average: 1.00, 1.00, 0.83
Tasks: 197 total,   2 running, 121 sleeping,   0 stopped,   0 zombie
%Cpu(s): 12.5 us,  0.0 sy,  0.0 ni, 87.5 id,  0.0 wa,  0.0 hi,  0.0 si,  0.0 st
KiB Mem : 32843380 total, 17122084 free,   319272 used, 15402024 buff/cache
--
  PID USER      PR  NI    VIRT    RES    SHR S %CPU %MEM     TIME+ COMMAND
12070 freshman  20   0   11632   5564   2416 R 12.4  0.0   1:11.07 hmmer_base.+

top - 18:21:05 up 11 days,  5:25,  6 users,  load average: 1.00, 1.00, 0.83
Tasks: 197 total,   2 running, 121 sleeping,   0 stopped,   0 zombie
%Cpu(s): 12.6 us,  0.0 sy,  0.0 ni, 87.4 id,  0.0 wa,  0.0 hi,  0.0 si,  0.0 st
KiB Mem : 32843380 total, 17122076 free,   319280 used, 15402024 buff/cache
--
  PID USER      PR  NI    VIRT    RES    SHR S %CPU %MEM     TIME+ COMMAND
12070 freshman  20   0   11632   5564   2416 R 12.5  0.0   1:12.07 hmmer_base.+

top - 18:21:06 up 11 days,  5:25,  6 users,  load average: 1.00, 1.00, 0.83
Tasks: 197 total,   2 running, 121 sleeping,   0 stopped,   0 zombie
%Cpu(s): 12.5 us,  0.0 sy,  0.0 ni, 87.3 id,  0.1 wa,  0.0 hi,  0.0 si,  0.0 st
KiB Mem : 32843380 total, 17122076 free,   319280 used, 15402024 buff/cache
--
  PID USER      PR  NI    VIRT    RES    SHR S %CPU %MEM     TIME+ COMMAND
12070 freshman  20   0   11632   5564   2416 R 12.5  0.0   1:13.08 hmmer_base.+
11560 freshman  20   0   42788   3996   3368 R  0.1  0.0   0:06.94 top

top - 18:21:07 up 11 days,  5:25,  6 users,  load average: 1.00, 1.00, 0.83
Tasks: 197 total,   2 running, 121 sleeping,   0 stopped,   0 zombie
%Cpu(s): 12.5 us,  0.0 sy,  0.0 ni, 87.5 id,  0.0 wa,  0.0 hi,  0.0 si,  0.0 st
KiB Mem : 32843380 total, 17122076 free,   319280 used, 15402024 buff/cache
--
  PID USER      PR  NI    VIRT    RES    SHR S %CPU %MEM     TIME+ COMMAND
12070 freshman  20   0   11632   5564   2416 R 12.5  0.0   1:14.08 hmmer_base.+

top - 18:21:08 up 11 days,  5:25,  6 users,  load average: 1.00, 1.00, 0.83
Tasks: 197 total,   2 running, 121 sleeping,   0 stopped,   0 zombie
%Cpu(s): 12.6 us,  0.1 sy,  0.0 ni, 87.3 id,  0.0 wa,  0.0 hi,  0.0 si,  0.0 st
KiB Mem : 32843380 total, 17122084 free,   319264 used, 15402032 buff/cache
--
  PID USER      PR  NI    VIRT    RES    SHR S %CPU %MEM     TIME+ COMMAND
12070 freshman  20   0   11632   5564   2416 R 12.5  0.0   1:15.09 hmmer_base.+

top - 18:21:09 up 11 days,  5:25,  6 users,  load average: 1.00, 1.00, 0.83
Tasks: 197 total,   2 running, 121 sleeping,   0 stopped,   0 zombie
%Cpu(s): 12.5 us,  0.0 sy,  0.0 ni, 87.5 id,  0.0 wa,  0.0 hi,  0.0 si,  0.0 st
KiB Mem : 32843380 total, 17122084 free,   319264 used, 15402032 buff/cache
--
  PID USER      PR  NI    VIRT    RES    SHR S %CPU %MEM     TIME+ COMMAND
12070 freshman  20   0   11632   5564   2416 R 12.5  0.0   1:16.09 hmmer_base.+

top - 18:21:10 up 11 days,  5:25,  6 users,  load average: 1.00, 1.00, 0.83
Tasks: 197 total,   2 running, 121 sleeping,   0 stopped,   0 zombie
%Cpu(s): 12.6 us,  0.0 sy,  0.0 ni, 87.4 id,  0.0 wa,  0.0 hi,  0.0 si,  0.0 st
KiB Mem : 32843380 total, 17122084 free,   319264 used, 15402032 buff/cache
--
  PID USER      PR  NI    VIRT    RES    SHR S %CPU %MEM     TIME+ COMMAND
12070 freshman  20   0   11632   5564   2416 R 12.4  0.0   1:17.09 hmmer_base.+
11560 freshman  20   0   42788   3996   3368 R  0.1  0.0   0:06.95 top

top - 18:21:11 up 11 days,  5:25,  6 users,  load average: 1.00, 1.00, 0.83
Tasks: 197 total,   2 running, 121 sleeping,   0 stopped,   0 zombie
%Cpu(s): 12.6 us,  0.0 sy,  0.0 ni, 87.4 id,  0.0 wa,  0.0 hi,  0.0 si,  0.0 st
KiB Mem : 32843380 total, 17122076 free,   319268 used, 15402036 buff/cache
--
  PID USER      PR  NI    VIRT    RES    SHR S %CPU %MEM     TIME+ COMMAND
12070 freshman  20   0   11632   5564   2416 R 12.6  0.0   1:18.10 hmmer_base.+
11560 freshman  20   0   42788   3996   3368 R  0.1  0.0   0:06.96 top

top - 18:21:12 up 11 days,  5:25,  6 users,  load average: 1.00, 1.00, 0.83
Tasks: 197 total,   2 running, 121 sleeping,   0 stopped,   0 zombie
%Cpu(s): 12.6 us,  0.1 sy,  0.0 ni, 87.3 id,  0.0 wa,  0.0 hi,  0.0 si,  0.0 st
KiB Mem : 32843380 total, 17122076 free,   319268 used, 15402036 buff/cache
--
  PID USER      PR  NI    VIRT    RES    SHR S %CPU %MEM     TIME+ COMMAND
12070 freshman  20   0   11632   5564   2416 R 12.6  0.0   1:19.11 hmmer_base.+

top - 18:21:13 up 11 days,  5:25,  6 users,  load average: 1.00, 1.00, 0.83
Tasks: 197 total,   2 running, 121 sleeping,   0 stopped,   0 zombie
%Cpu(s): 12.5 us,  0.0 sy,  0.0 ni, 87.5 id,  0.0 wa,  0.0 hi,  0.0 si,  0.0 st
KiB Mem : 32843380 total, 17122076 free,   319268 used, 15402036 buff/cache
--
  PID USER      PR  NI    VIRT    RES    SHR S %CPU %MEM     TIME+ COMMAND
12070 freshman  20   0   11632   5564   2416 R 12.4  0.0   1:20.11 hmmer_base.+

top - 18:21:14 up 11 days,  5:25,  6 users,  load average: 1.00, 1.00, 0.83
Tasks: 197 total,   2 running, 121 sleeping,   0 stopped,   0 zombie
%Cpu(s): 12.6 us,  0.0 sy,  0.0 ni, 87.4 id,  0.0 wa,  0.0 hi,  0.0 si,  0.0 st
KiB Mem : 32843380 total, 17122084 free,   319256 used, 15402040 buff/cache
--
  PID USER      PR  NI    VIRT    RES    SHR S %CPU %MEM     TIME+ COMMAND
12070 freshman  20   0   11632   5564   2416 R 12.5  0.0   1:21.11 hmmer_base.+

top - 18:21:15 up 11 days,  5:26,  6 users,  load average: 1.00, 1.00, 0.83
Tasks: 197 total,   2 running, 121 sleeping,   0 stopped,   0 zombie
%Cpu(s): 12.6 us,  0.0 sy,  0.0 ni, 87.4 id,  0.0 wa,  0.0 hi,  0.0 si,  0.0 st
KiB Mem : 32843380 total, 17122084 free,   319256 used, 15402040 buff/cache
--
  PID USER      PR  NI    VIRT    RES    SHR S %CPU %MEM     TIME+ COMMAND
12070 freshman  20   0   11632   5564   2416 R 12.5  0.0   1:22.12 hmmer_base.+
11560 freshman  20   0   42788   3996   3368 R  0.1  0.0   0:06.97 top

top - 18:21:16 up 11 days,  5:26,  6 users,  load average: 1.00, 1.00, 0.83
Tasks: 197 total,   2 running, 121 sleeping,   0 stopped,   0 zombie
%Cpu(s): 12.5 us,  0.0 sy,  0.0 ni, 87.5 id,  0.0 wa,  0.0 hi,  0.0 si,  0.0 st
KiB Mem : 32843380 total, 17122084 free,   319256 used, 15402040 buff/cache
--
  PID USER      PR  NI    VIRT    RES    SHR S %CPU %MEM     TIME+ COMMAND
12070 freshman  20   0   11632   5564   2416 R 12.5  0.0   1:23.12 hmmer_base.+

top - 18:21:17 up 11 days,  5:26,  6 users,  load average: 1.00, 1.00, 0.83
Tasks: 197 total,   2 running, 121 sleeping,   0 stopped,   0 zombie
%Cpu(s): 12.4 us,  0.1 sy,  0.0 ni, 87.4 id,  0.0 wa,  0.0 hi,  0.0 si,  0.0 st
KiB Mem : 32843380 total, 17122076 free,   319252 used, 15402052 buff/cache
--
  PID USER      PR  NI    VIRT    RES    SHR S %CPU %MEM     TIME+ COMMAND
12070 freshman  20   0   11632   5564   2416 R 12.5  0.0   1:24.13 hmmer_base.+
11560 freshman  20   0   42788   3996   3368 R  0.1  0.0   0:06.98 top

top - 18:21:18 up 11 days,  5:26,  6 users,  load average: 1.00, 1.00, 0.83
Tasks: 197 total,   2 running, 121 sleeping,   0 stopped,   0 zombie
%Cpu(s): 12.6 us,  0.0 sy,  0.0 ni, 87.4 id,  0.0 wa,  0.0 hi,  0.0 si,  0.0 st
KiB Mem : 32843380 total, 17122076 free,   319252 used, 15402052 buff/cache
--
  PID USER      PR  NI    VIRT    RES    SHR S %CPU %MEM     TIME+ COMMAND
12070 freshman  20   0   11632   5564   2416 R 12.5  0.0   1:25.13 hmmer_base.+

top - 18:21:19 up 11 days,  5:26,  6 users,  load average: 1.00, 1.00, 0.83
Tasks: 197 total,   2 running, 121 sleeping,   0 stopped,   0 zombie
%Cpu(s): 12.6 us,  0.0 sy,  0.0 ni, 87.4 id,  0.0 wa,  0.0 hi,  0.0 si,  0.0 st
KiB Mem : 32843380 total, 17122076 free,   319252 used, 15402052 buff/cache
--
  PID USER      PR  NI    VIRT    RES    SHR S %CPU %MEM     TIME+ COMMAND
12070 freshman  20   0   11632   5564   2416 R 12.4  0.0   1:26.13 hmmer_base.+

top - 18:21:20 up 11 days,  5:26,  6 users,  load average: 1.00, 1.00, 0.83
Tasks: 197 total,   2 running, 121 sleeping,   0 stopped,   0 zombie
%Cpu(s): 12.6 us,  0.0 sy,  0.0 ni, 87.4 id,  0.0 wa,  0.0 hi,  0.0 si,  0.0 st
KiB Mem : 32843380 total, 17122084 free,   319244 used, 15402052 buff/cache
--
  PID USER      PR  NI    VIRT    RES    SHR S %CPU %MEM     TIME+ COMMAND
12070 freshman  20   0   11632   5564   2416 R 12.6  0.0   1:27.14 hmmer_base.+

top - 18:21:21 up 11 days,  5:26,  6 users,  load average: 1.00, 1.00, 0.83
Tasks: 197 total,   2 running, 121 sleeping,   0 stopped,   0 zombie
%Cpu(s): 12.6 us,  0.0 sy,  0.0 ni, 87.4 id,  0.0 wa,  0.0 hi,  0.0 si,  0.0 st
KiB Mem : 32843380 total, 17122084 free,   319244 used, 15402052 buff/cache
--
  PID USER      PR  NI    VIRT    RES    SHR S %CPU %MEM     TIME+ COMMAND
12070 freshman  20   0   11632   5564   2416 R 12.6  0.0   1:28.15 hmmer_base.+
11560 freshman  20   0   42788   3996   3368 R  0.1  0.0   0:06.99 top

top - 18:21:22 up 11 days,  5:26,  6 users,  load average: 1.00, 1.00, 0.83
Tasks: 197 total,   2 running, 121 sleeping,   0 stopped,   0 zombie
%Cpu(s): 12.5 us,  0.0 sy,  0.0 ni, 87.5 id,  0.0 wa,  0.0 hi,  0.0 si,  0.0 st
KiB Mem : 32843380 total, 17122084 free,   319244 used, 15402052 buff/cache
--
  PID USER      PR  NI    VIRT    RES    SHR S %CPU %MEM     TIME+ COMMAND
12070 freshman  20   0   11632   5564   2416 R 12.4  0.0   1:29.15 hmmer_base.+

top - 18:21:23 up 11 days,  5:26,  6 users,  load average: 1.00, 1.00, 0.83
Tasks: 197 total,   2 running, 121 sleeping,   0 stopped,   0 zombie
%Cpu(s): 12.4 us,  0.1 sy,  0.0 ni, 87.4 id,  0.0 wa,  0.0 hi,  0.0 si,  0.0 st
KiB Mem : 32843380 total, 17122076 free,   319252 used, 15402052 buff/cache
--
  PID USER      PR  NI    VIRT    RES    SHR S %CPU %MEM     TIME+ COMMAND
12070 freshman  20   0   11632   5564   2416 R 12.5  0.0   1:30.15 hmmer_base.+

top - 18:21:24 up 11 days,  5:26,  6 users,  load average: 1.00, 1.00, 0.83
Tasks: 197 total,   2 running, 121 sleeping,   0 stopped,   0 zombie
%Cpu(s): 12.7 us,  0.0 sy,  0.0 ni, 87.3 id,  0.0 wa,  0.0 hi,  0.0 si,  0.0 st
KiB Mem : 32843380 total, 17122076 free,   319252 used, 15402052 buff/cache
--
  PID USER      PR  NI    VIRT    RES    SHR S %CPU %MEM     TIME+ COMMAND
12070 freshman  20   0   11632   5564   2416 R 12.5  0.0   1:31.16 hmmer_base.+

top - 18:21:25 up 11 days,  5:26,  6 users,  load average: 1.00, 1.00, 0.83
Tasks: 197 total,   2 running, 121 sleeping,   0 stopped,   0 zombie
%Cpu(s): 12.5 us,  0.0 sy,  0.0 ni, 87.5 id,  0.0 wa,  0.0 hi,  0.0 si,  0.0 st
KiB Mem : 32843380 total, 17122076 free,   319252 used, 15402052 buff/cache
--
  PID USER      PR  NI    VIRT    RES    SHR S %CPU %MEM     TIME+ COMMAND
12070 freshman  20   0   11632   5564   2416 R 12.5  0.0   1:32.16 hmmer_base.+
11560 freshman  20   0   42788   3996   3368 R  0.1  0.0   0:07.00 top

top - 18:21:26 up 11 days,  5:26,  6 users,  load average: 1.00, 1.00, 0.83
Tasks: 197 total,   2 running, 121 sleeping,   0 stopped,   0 zombie
%Cpu(s): 12.5 us,  0.0 sy,  0.0 ni, 87.5 id,  0.0 wa,  0.0 hi,  0.0 si,  0.0 st
KiB Mem : 32843380 total, 17122084 free,   319232 used, 15402064 buff/cache
--
  PID USER      PR  NI    VIRT    RES    SHR S %CPU %MEM     TIME+ COMMAND
12070 freshman  20   0   11632   5564   2416 R 12.5  0.0   1:33.17 hmmer_base.+

top - 18:21:27 up 11 days,  5:26,  6 users,  load average: 1.00, 1.00, 0.83
Tasks: 197 total,   2 running, 121 sleeping,   0 stopped,   0 zombie
%Cpu(s): 12.6 us,  0.0 sy,  0.0 ni, 87.4 id,  0.0 wa,  0.0 hi,  0.0 si,  0.0 st
KiB Mem : 32843380 total, 17122084 free,   319232 used, 15402064 buff/cache
--
  PID USER      PR  NI    VIRT    RES    SHR S %CPU %MEM     TIME+ COMMAND
12070 freshman  20   0   11632   5564   2416 R 12.5  0.0   1:34.17 hmmer_base.+

top - 18:21:28 up 11 days,  5:26,  6 users,  load average: 1.00, 1.00, 0.83
Tasks: 197 total,   2 running, 121 sleeping,   0 stopped,   0 zombie
%Cpu(s): 12.5 us,  0.0 sy,  0.0 ni, 87.5 id,  0.0 wa,  0.0 hi,  0.0 si,  0.0 st
KiB Mem : 32843380 total, 17122084 free,   319232 used, 15402064 buff/cache
--
  PID USER      PR  NI    VIRT    RES    SHR S %CPU %MEM     TIME+ COMMAND
12070 freshman  20   0   11632   5564   2416 R 12.4  0.0   1:35.17 hmmer_base.+
11560 freshman  20   0   42788   3996   3368 R  0.1  0.0   0:07.01 top

top - 18:21:29 up 11 days,  5:26,  6 users,  load average: 1.00, 1.00, 0.83
Tasks: 197 total,   2 running, 121 sleeping,   0 stopped,   0 zombie
%Cpu(s): 12.5 us,  0.1 sy,  0.0 ni, 87.3 id,  0.0 wa,  0.0 hi,  0.0 si,  0.0 st
KiB Mem : 32843380 total, 17122076 free,   319240 used, 15402064 buff/cache
--
  PID USER      PR  NI    VIRT    RES    SHR S %CPU %MEM     TIME+ COMMAND
12070 freshman  20   0   11632   5564   2416 R 12.6  0.0   1:36.18 hmmer_base.+
11560 freshman  20   0   42788   3996   3368 R  0.1  0.0   0:07.02 top

top - 18:21:30 up 11 days,  5:26,  6 users,  load average: 1.00, 1.00, 0.83
Tasks: 197 total,   2 running, 121 sleeping,   0 stopped,   0 zombie
%Cpu(s): 12.6 us,  0.0 sy,  0.0 ni, 87.4 id,  0.0 wa,  0.0 hi,  0.0 si,  0.0 st
KiB Mem : 32843380 total, 17122076 free,   319240 used, 15402064 buff/cache
--
  PID USER      PR  NI    VIRT    RES    SHR S %CPU %MEM     TIME+ COMMAND
12070 freshman  20   0   11632   5564   2416 R 12.6  0.0   1:37.19 hmmer_base.+

top - 18:21:31 up 11 days,  5:26,  6 users,  load average: 1.00, 1.00, 0.83
Tasks: 197 total,   2 running, 121 sleeping,   0 stopped,   0 zombie
%Cpu(s): 12.6 us,  0.0 sy,  0.0 ni, 87.4 id,  0.0 wa,  0.0 hi,  0.0 si,  0.0 st
KiB Mem : 32843380 total, 17122076 free,   319240 used, 15402064 buff/cache
--
  PID USER      PR  NI    VIRT    RES    SHR S %CPU %MEM     TIME+ COMMAND
12070 freshman  20   0   11632   5564   2416 R 12.4  0.0   1:38.19 hmmer_base.+

top - 18:21:32 up 11 days,  5:26,  6 users,  load average: 1.00, 1.00, 0.83
Tasks: 197 total,   2 running, 121 sleeping,   0 stopped,   0 zombie
%Cpu(s): 12.5 us,  0.0 sy,  0.0 ni, 87.5 id,  0.0 wa,  0.0 hi,  0.0 si,  0.0 st
KiB Mem : 32843380 total, 17122084 free,   319224 used, 15402072 buff/cache
--
  PID USER      PR  NI    VIRT    RES    SHR S %CPU %MEM     TIME+ COMMAND
12070 freshman  20   0   11632   5564   2416 R 12.5  0.0   1:39.19 hmmer_base.+

top - 18:21:33 up 11 days,  5:26,  6 users,  load average: 1.00, 1.00, 0.83
Tasks: 197 total,   2 running, 121 sleeping,   0 stopped,   0 zombie
%Cpu(s): 12.6 us,  0.0 sy,  0.0 ni, 87.4 id,  0.0 wa,  0.0 hi,  0.0 si,  0.0 st
KiB Mem : 32843380 total, 17122084 free,   319224 used, 15402072 buff/cache
--
  PID USER      PR  NI    VIRT    RES    SHR S %CPU %MEM     TIME+ COMMAND
12070 freshman  20   0   11632   5564   2416 R 12.5  0.0   1:40.20 hmmer_base.+
11560 freshman  20   0   42788   3996   3368 R  0.1  0.0   0:07.03 top

top - 18:21:34 up 11 days,  5:26,  6 users,  load average: 1.00, 1.00, 0.83
Tasks: 197 total,   2 running, 121 sleeping,   0 stopped,   0 zombie
%Cpu(s): 12.6 us,  0.0 sy,  0.0 ni, 87.4 id,  0.0 wa,  0.0 hi,  0.0 si,  0.0 st
KiB Mem : 32843380 total, 17122084 free,   319224 used, 15402072 buff/cache
--
  PID USER      PR  NI    VIRT    RES    SHR S %CPU %MEM     TIME+ COMMAND
12070 freshman  20   0   11632   5564   2416 R 12.5  0.0   1:41.20 hmmer_base.+

top - 18:21:35 up 11 days,  5:26,  6 users,  load average: 1.00, 1.00, 0.83
Tasks: 197 total,   2 running, 121 sleeping,   0 stopped,   0 zombie
%Cpu(s): 12.4 us,  0.1 sy,  0.0 ni, 87.4 id,  0.0 wa,  0.0 hi,  0.0 si,  0.0 st
KiB Mem : 32843380 total, 17122076 free,   319228 used, 15402076 buff/cache
--
  PID USER      PR  NI    VIRT    RES    SHR S %CPU %MEM     TIME+ COMMAND
12070 freshman  20   0   11632   5564   2416 R 12.5  0.0   1:42.21 hmmer_base.+

top - 18:21:36 up 11 days,  5:26,  6 users,  load average: 1.00, 1.00, 0.83
Tasks: 197 total,   2 running, 121 sleeping,   0 stopped,   0 zombie
%Cpu(s): 12.5 us,  0.0 sy,  0.0 ni, 87.5 id,  0.0 wa,  0.0 hi,  0.0 si,  0.0 st
KiB Mem : 32843380 total, 17122076 free,   319228 used, 15402076 buff/cache
--
  PID USER      PR  NI    VIRT    RES    SHR S %CPU %MEM     TIME+ COMMAND
12070 freshman  20   0   11632   5564   2416 R 12.5  0.0   1:43.21 hmmer_base.+
11560 freshman  20   0   42788   3996   3368 R  0.1  0.0   0:07.04 top

top - 18:21:37 up 11 days,  5:26,  6 users,  load average: 1.00, 1.00, 0.83
Tasks: 197 total,   2 running, 121 sleeping,   0 stopped,   0 zombie
%Cpu(s): 12.6 us,  0.0 sy,  0.0 ni, 87.4 id,  0.0 wa,  0.0 hi,  0.0 si,  0.0 st
KiB Mem : 32843380 total, 17122076 free,   319228 used, 15402076 buff/cache
--
  PID USER      PR  NI    VIRT    RES    SHR S %CPU %MEM     TIME+ COMMAND
12070 freshman  20   0   11632   5564   2416 R 12.4  0.0   1:44.21 hmmer_base.+

top - 18:21:38 up 11 days,  5:26,  6 users,  load average: 1.00, 1.00, 0.83
Tasks: 197 total,   2 running, 121 sleeping,   0 stopped,   0 zombie
%Cpu(s): 12.6 us,  0.0 sy,  0.0 ni, 87.4 id,  0.0 wa,  0.0 hi,  0.0 si,  0.0 st
KiB Mem : 32843380 total, 17122084 free,   319220 used, 15402076 buff/cache
--
  PID USER      PR  NI    VIRT    RES    SHR S %CPU %MEM     TIME+ COMMAND
12070 freshman  20   0   11632   5564   2416 R 12.6  0.0   1:45.22 hmmer_base.+

top - 18:21:39 up 11 days,  5:26,  6 users,  load average: 1.00, 1.00, 0.83
Tasks: 197 total,   2 running, 121 sleeping,   0 stopped,   0 zombie
%Cpu(s): 12.4 us,  0.1 sy,  0.0 ni, 87.3 id,  0.1 wa,  0.0 hi,  0.0 si,  0.0 st
KiB Mem : 32843380 total, 17122084 free,   319220 used, 15402076 buff/cache
--
  PID USER      PR  NI    VIRT    RES    SHR S %CPU %MEM     TIME+ COMMAND
12070 freshman  20   0   11632   5564   2416 R 12.5  0.0   1:46.22 hmmer_base.+
11560 freshman  20   0   42788   3996   3368 R  0.1  0.0   0:07.05 top

top - 18:21:40 up 11 days,  5:26,  6 users,  load average: 1.00, 1.00, 0.83
Tasks: 197 total,   2 running, 121 sleeping,   0 stopped,   0 zombie
%Cpu(s): 12.6 us,  0.0 sy,  0.0 ni, 87.4 id,  0.0 wa,  0.0 hi,  0.0 si,  0.0 st
KiB Mem : 32843380 total, 17122084 free,   319220 used, 15402076 buff/cache
--
  PID USER      PR  NI    VIRT    RES    SHR S %CPU %MEM     TIME+ COMMAND
12070 freshman  20   0   11632   5564   2416 R 12.5  0.0   1:47.23 hmmer_base.+

top - 18:21:41 up 11 days,  5:26,  6 users,  load average: 1.00, 1.00, 0.83
Tasks: 197 total,   2 running, 121 sleeping,   0 stopped,   0 zombie
%Cpu(s): 12.5 us,  0.0 sy,  0.0 ni, 87.5 id,  0.0 wa,  0.0 hi,  0.0 si,  0.0 st
KiB Mem : 32843380 total, 17122076 free,   319220 used, 15402084 buff/cache
--
  PID USER      PR  NI    VIRT    RES    SHR S %CPU %MEM     TIME+ COMMAND
12070 freshman  20   0   11632   5564   2416 R 12.5  0.0   1:48.23 hmmer_base.+

top - 18:21:42 up 11 days,  5:26,  6 users,  load average: 1.00, 1.00, 0.83
Tasks: 197 total,   2 running, 121 sleeping,   0 stopped,   0 zombie
%Cpu(s): 12.5 us,  0.1 sy,  0.0 ni, 87.3 id,  0.0 wa,  0.0 hi,  0.0 si,  0.0 st
KiB Mem : 32843380 total, 17122076 free,   319220 used, 15402084 buff/cache
--
  PID USER      PR  NI    VIRT    RES    SHR S %CPU %MEM     TIME+ COMMAND
12070 freshman  20   0   11632   5564   2416 R 12.5  0.0   1:49.24 hmmer_base.+

top - 18:21:43 up 11 days,  5:26,  6 users,  load average: 1.00, 1.00, 0.83
Tasks: 197 total,   2 running, 121 sleeping,   0 stopped,   0 zombie
%Cpu(s): 12.5 us,  0.0 sy,  0.0 ni, 87.5 id,  0.0 wa,  0.0 hi,  0.0 si,  0.0 st
KiB Mem : 32843380 total, 17122076 free,   319220 used, 15402084 buff/cache
--
  PID USER      PR  NI    VIRT    RES    SHR S %CPU %MEM     TIME+ COMMAND
12070 freshman  20   0   11632   5564   2416 R 12.5  0.0   1:50.24 hmmer_base.+
11560 freshman  20   0   42788   3996   3368 R  0.1  0.0   0:07.06 top

top - 18:21:44 up 11 days,  5:26,  6 users,  load average: 1.00, 1.00, 0.83
Tasks: 197 total,   2 running, 121 sleeping,   0 stopped,   0 zombie
%Cpu(s): 12.6 us,  0.0 sy,  0.0 ni, 87.4 id,  0.0 wa,  0.0 hi,  0.0 si,  0.0 st
KiB Mem : 32843380 total, 17122076 free,   319216 used, 15402088 buff/cache
--
  PID USER      PR  NI    VIRT    RES    SHR S %CPU %MEM     TIME+ COMMAND
12070 freshman  20   0   11632   5564   2416 R 12.5  0.0   1:51.25 hmmer_base.+

top - 18:21:45 up 11 days,  5:26,  6 users,  load average: 1.00, 1.00, 0.83
Tasks: 197 total,   2 running, 121 sleeping,   0 stopped,   0 zombie
%Cpu(s): 12.6 us,  0.0 sy,  0.0 ni, 87.4 id,  0.0 wa,  0.0 hi,  0.0 si,  0.0 st
KiB Mem : 32843380 total, 17122076 free,   319216 used, 15402088 buff/cache
--
  PID USER      PR  NI    VIRT    RES    SHR S %CPU %MEM     TIME+ COMMAND
12070 freshman  20   0   11632   5564   2416 R 12.5  0.0   1:52.25 hmmer_base.+
11560 freshman  20   0   42788   3996   3368 R  0.1  0.0   0:07.07 top

top - 18:21:46 up 11 days,  5:26,  6 users,  load average: 1.00, 1.00, 0.84
Tasks: 197 total,   2 running, 121 sleeping,   0 stopped,   0 zombie
%Cpu(s): 12.5 us,  0.0 sy,  0.0 ni, 87.5 id,  0.0 wa,  0.0 hi,  0.0 si,  0.0 st
KiB Mem : 32843380 total, 17122076 free,   319216 used, 15402088 buff/cache
--
  PID USER      PR  NI    VIRT    RES    SHR S %CPU %MEM     TIME+ COMMAND
12070 freshman  20   0   11632   5564   2416 R 12.4  0.0   1:53.25 hmmer_base.+

top - 18:21:47 up 11 days,  5:26,  6 users,  load average: 1.00, 1.00, 0.84
Tasks: 197 total,   2 running, 121 sleeping,   0 stopped,   0 zombie
%Cpu(s): 12.5 us,  0.0 sy,  0.0 ni, 87.5 id,  0.0 wa,  0.0 hi,  0.0 si,  0.0 st
KiB Mem : 32843380 total, 17122076 free,   319216 used, 15402088 buff/cache
--
  PID USER      PR  NI    VIRT    RES    SHR S %CPU %MEM     TIME+ COMMAND
12070 freshman  20   0   11632   5564   2416 R 12.6  0.0   1:54.26 hmmer_base.+

top - 18:21:48 up 11 days,  5:26,  6 users,  load average: 1.00, 1.00, 0.84
Tasks: 197 total,   2 running, 121 sleeping,   0 stopped,   0 zombie
%Cpu(s): 12.6 us,  0.1 sy,  0.0 ni, 87.3 id,  0.0 wa,  0.0 hi,  0.0 si,  0.0 st
KiB Mem : 32843380 total, 17122076 free,   319216 used, 15402088 buff/cache
--
  PID USER      PR  NI    VIRT    RES    SHR S %CPU %MEM     TIME+ COMMAND
12070 freshman  20   0   11632   5564   2416 R 12.5  0.0   1:55.26 hmmer_base.+
11560 freshman  20   0   42788   3996   3368 R  0.1  0.0   0:07.08 top

top - 18:21:49 up 11 days,  5:26,  6 users,  load average: 1.00, 1.00, 0.84
Tasks: 197 total,   2 running, 121 sleeping,   0 stopped,   0 zombie
%Cpu(s): 12.6 us,  0.0 sy,  0.0 ni, 87.4 id,  0.0 wa,  0.0 hi,  0.0 si,  0.0 st
KiB Mem : 32843380 total, 17122076 free,   319216 used, 15402088 buff/cache
--
  PID USER      PR  NI    VIRT    RES    SHR S %CPU %MEM     TIME+ COMMAND
12070 freshman  20   0   11632   5564   2416 R 12.5  0.0   1:56.27 hmmer_base.+

top - 18:21:50 up 11 days,  5:26,  6 users,  load average: 1.00, 1.00, 0.84
Tasks: 197 total,   2 running, 121 sleeping,   0 stopped,   0 zombie
%Cpu(s): 12.5 us,  0.0 sy,  0.0 ni, 87.5 id,  0.0 wa,  0.0 hi,  0.0 si,  0.0 st
KiB Mem : 32843380 total, 17122084 free,   319200 used, 15402096 buff/cache
--
  PID USER      PR  NI    VIRT    RES    SHR S %CPU %MEM     TIME+ COMMAND
12070 freshman  20   0   11632   5564   2416 R 12.5  0.0   1:57.27 hmmer_base.+

top - 18:21:51 up 11 days,  5:26,  6 users,  load average: 1.00, 1.00, 0.84
Tasks: 197 total,   2 running, 121 sleeping,   0 stopped,   0 zombie
%Cpu(s): 12.5 us,  0.1 sy,  0.0 ni, 87.3 id,  0.0 wa,  0.0 hi,  0.0 si,  0.0 st
KiB Mem : 32843380 total, 17122084 free,   319200 used, 15402096 buff/cache
--
  PID USER      PR  NI    VIRT    RES    SHR S %CPU %MEM     TIME+ COMMAND
12070 freshman  20   0   11632   5564   2416 R 12.5  0.0   1:58.28 hmmer_base.+

top - 18:21:52 up 11 days,  5:26,  6 users,  load average: 1.00, 1.00, 0.84
Tasks: 197 total,   2 running, 121 sleeping,   0 stopped,   0 zombie
%Cpu(s): 12.5 us,  0.0 sy,  0.0 ni, 87.5 id,  0.0 wa,  0.0 hi,  0.0 si,  0.0 st
KiB Mem : 32843380 total, 17122084 free,   319200 used, 15402096 buff/cache
--
  PID USER      PR  NI    VIRT    RES    SHR S %CPU %MEM     TIME+ COMMAND
12070 freshman  20   0   11632   5564   2416 R 12.5  0.0   1:59.28 hmmer_base.+
11560 freshman  20   0   42788   3996   3368 R  0.1  0.0   0:07.09 top

top - 18:21:53 up 11 days,  5:26,  6 users,  load average: 1.00, 1.00, 0.84
Tasks: 197 total,   2 running, 121 sleeping,   0 stopped,   0 zombie
%Cpu(s): 12.6 us,  0.0 sy,  0.0 ni, 87.4 id,  0.0 wa,  0.0 hi,  0.0 si,  0.0 st
KiB Mem : 32843380 total, 17122076 free,   319204 used, 15402100 buff/cache
--
  PID USER      PR  NI    VIRT    RES    SHR S %CPU %MEM     TIME+ COMMAND
12070 freshman  20   0   11632   5564   2416 R 12.4  0.0   2:00.28 hmmer_base.+

top - 18:21:54 up 11 days,  5:26,  6 users,  load average: 1.00, 1.00, 0.84
Tasks: 197 total,   2 running, 121 sleeping,   0 stopped,   0 zombie
%Cpu(s): 12.5 us,  0.1 sy,  0.0 ni, 87.4 id,  0.0 wa,  0.0 hi,  0.0 si,  0.0 st
KiB Mem : 32843380 total, 17122076 free,   319204 used, 15402100 buff/cache
--
  PID USER      PR  NI    VIRT    RES    SHR S %CPU %MEM     TIME+ COMMAND
12070 freshman  20   0   11632   5564   2416 R 12.6  0.0   2:01.29 hmmer_base.+

top - 18:21:55 up 11 days,  5:26,  6 users,  load average: 1.00, 1.00, 0.84
Tasks: 197 total,   2 running, 121 sleeping,   0 stopped,   0 zombie
%Cpu(s): 12.5 us,  0.0 sy,  0.0 ni, 87.5 id,  0.0 wa,  0.0 hi,  0.0 si,  0.0 st
KiB Mem : 32843380 total, 17122076 free,   319204 used, 15402100 buff/cache
--
  PID USER      PR  NI    VIRT    RES    SHR S %CPU %MEM     TIME+ COMMAND
12070 freshman  20   0   11632   5564   2416 R 12.5  0.0   2:02.29 hmmer_base.+
11560 freshman  20   0   42788   3996   3368 R  0.1  0.0   0:07.10 top

top - 18:21:56 up 11 days,  5:26,  6 users,  load average: 1.00, 1.00, 0.84
Tasks: 197 total,   2 running, 121 sleeping,   0 stopped,   0 zombie
%Cpu(s): 12.6 us,  0.0 sy,  0.0 ni, 87.4 id,  0.0 wa,  0.0 hi,  0.0 si,  0.0 st
KiB Mem : 32843380 total, 17122076 free,   319204 used, 15402100 buff/cache
--
  PID USER      PR  NI    VIRT    RES    SHR S %CPU %MEM     TIME+ COMMAND
12070 freshman  20   0   11632   5564   2416 R 12.5  0.0   2:03.30 hmmer_base.+

top - 18:21:57 up 11 days,  5:26,  6 users,  load average: 1.00, 1.00, 0.84
Tasks: 197 total,   2 running, 121 sleeping,   0 stopped,   0 zombie
%Cpu(s): 12.6 us,  0.0 sy,  0.0 ni, 87.4 id,  0.0 wa,  0.0 hi,  0.0 si,  0.0 st
KiB Mem : 32843380 total, 17122076 free,   319204 used, 15402100 buff/cache
--
  PID USER      PR  NI    VIRT    RES    SHR S %CPU %MEM     TIME+ COMMAND
12070 freshman  20   0   11632   5564   2416 R 12.5  0.0   2:04.30 hmmer_base.+
11560 freshman  20   0   42788   3996   3368 R  0.1  0.0   0:07.11 top

top - 18:21:58 up 11 days,  5:26,  6 users,  load average: 1.00, 1.00, 0.84
Tasks: 197 total,   2 running, 121 sleeping,   0 stopped,   0 zombie
%Cpu(s): 12.4 us,  0.1 sy,  0.0 ni, 87.4 id,  0.0 wa,  0.0 hi,  0.0 si,  0.0 st
KiB Mem : 32843380 total, 17122076 free,   319204 used, 15402100 buff/cache
--
  PID USER      PR  NI    VIRT    RES    SHR S %CPU %MEM     TIME+ COMMAND
12070 freshman  20   0   11632   5564   2416 R 12.5  0.0   2:05.31 hmmer_base.+

top - 18:21:59 up 11 days,  5:26,  6 users,  load average: 1.00, 1.00, 0.84
Tasks: 197 total,   2 running, 121 sleeping,   0 stopped,   0 zombie
%Cpu(s): 12.6 us,  0.0 sy,  0.0 ni, 87.4 id,  0.0 wa,  0.0 hi,  0.0 si,  0.0 st
KiB Mem : 32843380 total, 17122076 free,   319196 used, 15402108 buff/cache
--
  PID USER      PR  NI    VIRT    RES    SHR S %CPU %MEM     TIME+ COMMAND
12070 freshman  20   0   11632   5564   2416 R 12.5  0.0   2:06.31 hmmer_base.+
11560 freshman  20   0   42788   3996   3368 R  0.1  0.0   0:07.12 top

top - 18:22:00 up 11 days,  5:26,  6 users,  load average: 1.00, 1.00, 0.84
Tasks: 197 total,   2 running, 121 sleeping,   0 stopped,   0 zombie
%Cpu(s): 12.5 us,  0.0 sy,  0.0 ni, 87.5 id,  0.0 wa,  0.0 hi,  0.0 si,  0.0 st
KiB Mem : 32843380 total, 17122076 free,   319196 used, 15402108 buff/cache
--
  PID USER      PR  NI    VIRT    RES    SHR S %CPU %MEM     TIME+ COMMAND
12070 freshman  20   0   11632   5564   2416 R 12.5  0.0   2:07.32 hmmer_base.+

top - 18:22:01 up 11 days,  5:26,  6 users,  load average: 1.00, 1.00, 0.84
Tasks: 197 total,   2 running, 121 sleeping,   0 stopped,   0 zombie
%Cpu(s): 12.6 us,  0.0 sy,  0.0 ni, 87.4 id,  0.0 wa,  0.0 hi,  0.0 si,  0.0 st
KiB Mem : 32843380 total, 17122076 free,   319196 used, 15402108 buff/cache
--
  PID USER      PR  NI    VIRT    RES    SHR S %CPU %MEM     TIME+ COMMAND
12070 freshman  20   0   11632   5564   2416 R 12.5  0.0   2:08.32 hmmer_base.+

top - 18:22:02 up 11 days,  5:26,  6 users,  load average: 1.00, 1.00, 0.84
Tasks: 197 total,   2 running, 121 sleeping,   0 stopped,   0 zombie
%Cpu(s): 12.6 us,  0.0 sy,  0.0 ni, 87.4 id,  0.0 wa,  0.0 hi,  0.0 si,  0.0 st
KiB Mem : 32843380 total, 17122068 free,   319176 used, 15402136 buff/cache
--
  PID USER      PR  NI    VIRT    RES    SHR S %CPU %MEM     TIME+ COMMAND
12070 freshman  20   0   11632   5564   2416 R 12.4  0.0   2:09.32 hmmer_base.+
11560 freshman  20   0   42788   3996   3368 R  0.1  0.0   0:07.13 top

top - 18:22:03 up 11 days,  5:26,  6 users,  load average: 1.00, 1.00, 0.84
Tasks: 197 total,   2 running, 121 sleeping,   0 stopped,   0 zombie
%Cpu(s): 12.4 us,  0.1 sy,  0.0 ni, 87.4 id,  0.0 wa,  0.0 hi,  0.0 si,  0.0 st
KiB Mem : 32843380 total, 17122068 free,   319176 used, 15402136 buff/cache
--
  PID USER      PR  NI    VIRT    RES    SHR S %CPU %MEM     TIME+ COMMAND
12070 freshman  20   0   11632   5564   2416 R 12.6  0.0   2:10.33 hmmer_base.+

top - 18:22:04 up 11 days,  5:26,  6 users,  load average: 1.00, 1.00, 0.84
Tasks: 197 total,   2 running, 121 sleeping,   0 stopped,   0 zombie
%Cpu(s): 12.6 us,  0.0 sy,  0.0 ni, 87.4 id,  0.0 wa,  0.0 hi,  0.0 si,  0.0 st
KiB Mem : 32843380 total, 17122068 free,   319176 used, 15402136 buff/cache
--
  PID USER      PR  NI    VIRT    RES    SHR S %CPU %MEM     TIME+ COMMAND
12070 freshman  20   0   11632   5564   2416 R 12.4  0.0   2:11.33 hmmer_base.+
11560 freshman  20   0   42788   3996   3368 R  0.1  0.0   0:07.14 top

top - 18:22:05 up 11 days,  5:26,  6 users,  load average: 1.00, 1.00, 0.84
Tasks: 197 total,   2 running, 121 sleeping,   0 stopped,   0 zombie
%Cpu(s): 12.6 us,  0.0 sy,  0.0 ni, 87.4 id,  0.0 wa,  0.0 hi,  0.0 si,  0.0 st
KiB Mem : 32843380 total, 17122060 free,   319184 used, 15402136 buff/cache
--
  PID USER      PR  NI    VIRT    RES    SHR S %CPU %MEM     TIME+ COMMAND
12070 freshman  20   0   11632   5564   2416 R 12.6  0.0   2:12.34 hmmer_base.+

top - 18:22:06 up 11 days,  5:26,  6 users,  load average: 1.00, 1.00, 0.84
Tasks: 197 total,   2 running, 121 sleeping,   0 stopped,   0 zombie
%Cpu(s): 12.5 us,  0.0 sy,  0.0 ni, 87.5 id,  0.0 wa,  0.0 hi,  0.0 si,  0.0 st
KiB Mem : 32843380 total, 17122060 free,   319184 used, 15402136 buff/cache
--
  PID USER      PR  NI    VIRT    RES    SHR S %CPU %MEM     TIME+ COMMAND
12070 freshman  20   0   11632   5564   2416 R 12.5  0.0   2:13.34 hmmer_base.+

top - 18:22:07 up 11 days,  5:26,  6 users,  load average: 1.00, 1.00, 0.84
Tasks: 197 total,   2 running, 121 sleeping,   0 stopped,   0 zombie
%Cpu(s): 12.6 us,  0.0 sy,  0.0 ni, 87.4 id,  0.0 wa,  0.0 hi,  0.0 si,  0.0 st
KiB Mem : 32843380 total, 17122060 free,   319184 used, 15402136 buff/cache
--
  PID USER      PR  NI    VIRT    RES    SHR S %CPU %MEM     TIME+ COMMAND
12070 freshman  20   0   11632   5564   2416 R 12.5  0.0   2:14.35 hmmer_base.+

top - 18:22:08 up 11 days,  5:26,  6 users,  load average: 1.00, 1.00, 0.84
Tasks: 197 total,   2 running, 121 sleeping,   0 stopped,   0 zombie
%Cpu(s): 12.6 us,  0.0 sy,  0.0 ni, 87.4 id,  0.0 wa,  0.0 hi,  0.0 si,  0.0 st
KiB Mem : 32843380 total, 17122060 free,   319184 used, 15402136 buff/cache
--
  PID USER      PR  NI    VIRT    RES    SHR S %CPU %MEM     TIME+ COMMAND
12070 freshman  20   0   11632   5564   2416 R 12.5  0.0   2:15.35 hmmer_base.+
11560 freshman  20   0   42788   3996   3368 R  0.1  0.0   0:07.15 top

top - 18:22:09 up 11 days,  5:26,  6 users,  load average: 1.00, 1.00, 0.84
Tasks: 197 total,   2 running, 121 sleeping,   0 stopped,   0 zombie
%Cpu(s): 12.4 us,  0.1 sy,  0.0 ni, 87.4 id,  0.0 wa,  0.0 hi,  0.0 si,  0.0 st
KiB Mem : 32843380 total, 17122060 free,   319184 used, 15402136 buff/cache
--
  PID USER      PR  NI    VIRT    RES    SHR S %CPU %MEM     TIME+ COMMAND
12070 freshman  20   0   11632   5564   2416 R 12.5  0.0   2:16.36 hmmer_base.+

top - 18:22:10 up 11 days,  5:26,  6 users,  load average: 1.00, 1.00, 0.84
Tasks: 197 total,   2 running, 121 sleeping,   0 stopped,   0 zombie
%Cpu(s): 12.6 us,  0.0 sy,  0.0 ni, 87.4 id,  0.0 wa,  0.0 hi,  0.0 si,  0.0 st
KiB Mem : 32843380 total, 17122060 free,   319184 used, 15402136 buff/cache
--
  PID USER      PR  NI    VIRT    RES    SHR S %CPU %MEM     TIME+ COMMAND
12070 freshman  20   0   11632   5564   2416 R 12.5  0.0   2:17.36 hmmer_base.+
11560 freshman  20   0   42788   3996   3368 R  0.1  0.0   0:07.16 top

top - 18:22:11 up 11 days,  5:26,  6 users,  load average: 1.00, 1.00, 0.84
Tasks: 197 total,   2 running, 121 sleeping,   0 stopped,   0 zombie
%Cpu(s): 12.6 us,  0.0 sy,  0.0 ni, 87.4 id,  0.0 wa,  0.0 hi,  0.0 si,  0.0 st
KiB Mem : 32843380 total, 17122060 free,   319180 used, 15402140 buff/cache
--
  PID USER      PR  NI    VIRT    RES    SHR S %CPU %MEM     TIME+ COMMAND
12070 freshman  20   0   11632   5564   2416 R 12.4  0.0   2:18.36 hmmer_base.+

top - 18:22:12 up 11 days,  5:26,  6 users,  load average: 1.00, 1.00, 0.84
Tasks: 197 total,   2 running, 121 sleeping,   0 stopped,   0 zombie
%Cpu(s): 12.6 us,  0.0 sy,  0.0 ni, 87.4 id,  0.0 wa,  0.0 hi,  0.0 si,  0.0 st
KiB Mem : 32843380 total, 17122060 free,   319180 used, 15402140 buff/cache
--
  PID USER      PR  NI    VIRT    RES    SHR S %CPU %MEM     TIME+ COMMAND
12070 freshman  20   0   11632   5564   2416 R 12.6  0.0   2:19.37 hmmer_base.+

top - 18:22:13 up 11 days,  5:26,  6 users,  load average: 1.00, 1.00, 0.84
Tasks: 197 total,   2 running, 121 sleeping,   0 stopped,   0 zombie
%Cpu(s): 12.4 us,  0.0 sy,  0.0 ni, 87.4 id,  0.1 wa,  0.0 hi,  0.0 si,  0.0 st
KiB Mem : 32843380 total, 17122060 free,   319180 used, 15402140 buff/cache
--
  PID USER      PR  NI    VIRT    RES    SHR S %CPU %MEM     TIME+ COMMAND
12070 freshman  20   0   11632   5564   2416 R 12.5  0.0   2:20.38 hmmer_base.+
11560 freshman  20   0   42788   3996   3368 R  0.1  0.0   0:07.17 top

top - 18:22:14 up 11 days,  5:26,  6 users,  load average: 1.00, 1.00, 0.84
Tasks: 197 total,   2 running, 121 sleeping,   0 stopped,   0 zombie
%Cpu(s): 12.6 us,  0.0 sy,  0.0 ni, 87.4 id,  0.0 wa,  0.0 hi,  0.0 si,  0.0 st
KiB Mem : 32843380 total, 17122068 free,   319164 used, 15402148 buff/cache
--
  PID USER      PR  NI    VIRT    RES    SHR S %CPU %MEM     TIME+ COMMAND
12070 freshman  20   0   11632   5564   2416 R 12.5  0.0   2:21.38 hmmer_base.+

top - 18:22:15 up 11 days,  5:27,  6 users,  load average: 1.00, 1.00, 0.84
Tasks: 197 total,   2 running, 121 sleeping,   0 stopped,   0 zombie
%Cpu(s): 12.6 us,  0.0 sy,  0.0 ni, 87.4 id,  0.0 wa,  0.0 hi,  0.0 si,  0.0 st
KiB Mem : 32843380 total, 17122068 free,   319164 used, 15402148 buff/cache
--
  PID USER      PR  NI    VIRT    RES    SHR S %CPU %MEM     TIME+ COMMAND
12070 freshman  20   0   11632   5564   2416 R 12.4  0.0   2:22.38 hmmer_base.+

top - 18:22:16 up 11 days,  5:27,  6 users,  load average: 1.00, 1.00, 0.84
Tasks: 197 total,   2 running, 121 sleeping,   0 stopped,   0 zombie
%Cpu(s): 12.5 us,  0.0 sy,  0.0 ni, 87.5 id,  0.0 wa,  0.0 hi,  0.0 si,  0.0 st
KiB Mem : 32843380 total, 17122068 free,   319164 used, 15402148 buff/cache
--
  PID USER      PR  NI    VIRT    RES    SHR S %CPU %MEM     TIME+ COMMAND
12070 freshman  20   0   11632   5564   2416 R 12.6  0.0   2:23.39 hmmer_base.+
    8 root      20   0       0      0      0 I  0.1  0.0   0:20.00 rcu_sched

top - 18:22:17 up 11 days,  5:27,  6 users,  load average: 1.00, 1.00, 0.84
Tasks: 197 total,   2 running, 121 sleeping,   0 stopped,   0 zombie
%Cpu(s): 12.6 us,  0.0 sy,  0.0 ni, 87.4 id,  0.0 wa,  0.0 hi,  0.0 si,  0.0 st
KiB Mem : 32843380 total, 17122060 free,   319168 used, 15402152 buff/cache
--
  PID USER      PR  NI    VIRT    RES    SHR S %CPU %MEM     TIME+ COMMAND
12070 freshman  20   0   11632   5564   2416 R 12.5  0.0   2:24.39 hmmer_base.+
11560 freshman  20   0   42788   3996   3368 R  0.1  0.0   0:07.18 top

top - 18:22:18 up 11 days,  5:27,  6 users,  load average: 1.00, 1.00, 0.84
Tasks: 197 total,   2 running, 121 sleeping,   0 stopped,   0 zombie
%Cpu(s): 12.4 us,  0.1 sy,  0.0 ni, 87.4 id,  0.0 wa,  0.0 hi,  0.0 si,  0.0 st
KiB Mem : 32843380 total, 17122060 free,   319168 used, 15402152 buff/cache
--
  PID USER      PR  NI    VIRT    RES    SHR S %CPU %MEM     TIME+ COMMAND
12070 freshman  20   0   11632   5564   2416 R 12.5  0.0   2:25.40 hmmer_base.+

top - 18:22:19 up 11 days,  5:27,  6 users,  load average: 1.00, 1.00, 0.84
Tasks: 197 total,   2 running, 121 sleeping,   0 stopped,   0 zombie
%Cpu(s): 12.6 us,  0.0 sy,  0.0 ni, 87.4 id,  0.0 wa,  0.0 hi,  0.0 si,  0.0 st
KiB Mem : 32843380 total, 17122060 free,   319168 used, 15402152 buff/cache
--
  PID USER      PR  NI    VIRT    RES    SHR S %CPU %MEM     TIME+ COMMAND
12070 freshman  20   0   11632   5564   2416 R 12.5  0.0   2:26.40 hmmer_base.+
11560 freshman  20   0   42788   3996   3368 R  0.1  0.0   0:07.19 top

top - 18:22:20 up 11 days,  5:27,  6 users,  load average: 1.00, 1.00, 0.84
Tasks: 197 total,   2 running, 121 sleeping,   0 stopped,   0 zombie
%Cpu(s): 12.6 us,  0.0 sy,  0.0 ni, 87.4 id,  0.0 wa,  0.0 hi,  0.0 si,  0.0 st
KiB Mem : 32843380 total, 17122068 free,   319160 used, 15402152 buff/cache
--
  PID USER      PR  NI    VIRT    RES    SHR S %CPU %MEM     TIME+ COMMAND
12070 freshman  20   0   11632   5564   2416 R 12.4  0.0   2:27.40 hmmer_base.+

top - 18:22:21 up 11 days,  5:27,  6 users,  load average: 1.00, 1.00, 0.84
Tasks: 197 total,   2 running, 121 sleeping,   0 stopped,   0 zombie
%Cpu(s): 12.5 us,  0.0 sy,  0.0 ni, 87.5 id,  0.0 wa,  0.0 hi,  0.0 si,  0.0 st
KiB Mem : 32843380 total, 17122068 free,   319160 used, 15402152 buff/cache
--
  PID USER      PR  NI    VIRT    RES    SHR S %CPU %MEM     TIME+ COMMAND
12070 freshman  20   0   11632   5564   2416 R 12.6  0.0   2:28.41 hmmer_base.+

top - 18:22:22 up 11 days,  5:27,  6 users,  load average: 1.00, 1.00, 0.84
Tasks: 197 total,   2 running, 121 sleeping,   0 stopped,   0 zombie
%Cpu(s): 12.6 us,  0.1 sy,  0.0 ni, 87.3 id,  0.0 wa,  0.0 hi,  0.0 si,  0.0 st
KiB Mem : 32843380 total, 17122068 free,   319160 used, 15402152 buff/cache
--
  PID USER      PR  NI    VIRT    RES    SHR S %CPU %MEM     TIME+ COMMAND
12070 freshman  20   0   11632   5564   2416 R 12.5  0.0   2:29.42 hmmer_base.+

top - 18:22:23 up 11 days,  5:27,  6 users,  load average: 1.00, 1.00, 0.84
Tasks: 197 total,   2 running, 121 sleeping,   0 stopped,   0 zombie
%Cpu(s): 12.5 us,  0.0 sy,  0.0 ni, 87.5 id,  0.0 wa,  0.0 hi,  0.0 si,  0.0 st
KiB Mem : 32843380 total, 17122060 free,   319160 used, 15402160 buff/cache
--
  PID USER      PR  NI    VIRT    RES    SHR S %CPU %MEM     TIME+ COMMAND
12070 freshman  20   0   11632   5564   2416 R 12.5  0.0   2:30.42 hmmer_base.+
11560 freshman  20   0   42788   3996   3368 R  0.1  0.0   0:07.20 top

top - 18:22:24 up 11 days,  5:27,  6 users,  load average: 1.00, 1.00, 0.84
Tasks: 197 total,   2 running, 121 sleeping,   0 stopped,   0 zombie
%Cpu(s): 12.6 us,  0.0 sy,  0.0 ni, 87.4 id,  0.0 wa,  0.0 hi,  0.0 si,  0.0 st
KiB Mem : 32843380 total, 17122060 free,   319160 used, 15402160 buff/cache
--
  PID USER      PR  NI    VIRT    RES    SHR S %CPU %MEM     TIME+ COMMAND
12070 freshman  20   0   11632   5564   2416 R 12.4  0.0   2:31.42 hmmer_base.+
11560 freshman  20   0   42788   3996   3368 R  0.1  0.0   0:07.21 top

top - 18:22:25 up 11 days,  5:27,  6 users,  load average: 1.00, 1.00, 0.84
Tasks: 197 total,   2 running, 121 sleeping,   0 stopped,   0 zombie
%Cpu(s): 12.5 us,  0.0 sy,  0.0 ni, 87.5 id,  0.0 wa,  0.0 hi,  0.0 si,  0.0 st
KiB Mem : 32843380 total, 17122060 free,   319160 used, 15402160 buff/cache
--
  PID USER      PR  NI    VIRT    RES    SHR S %CPU %MEM     TIME+ COMMAND
12070 freshman  20   0   11632   5564   2416 R 12.6  0.0   2:32.43 hmmer_base.+

top - 18:22:27 up 11 days,  5:27,  6 users,  load average: 1.00, 1.00, 0.84
Tasks: 197 total,   2 running, 121 sleeping,   0 stopped,   0 zombie
%Cpu(s): 12.6 us,  0.0 sy,  0.0 ni, 87.4 id,  0.0 wa,  0.0 hi,  0.0 si,  0.0 st
KiB Mem : 32843380 total, 17122068 free,   319148 used, 15402164 buff/cache
--
  PID USER      PR  NI    VIRT    RES    SHR S %CPU %MEM     TIME+ COMMAND
12070 freshman  20   0   11632   5564   2416 R 12.5  0.0   2:33.43 hmmer_base.+

top - 18:22:28 up 11 days,  5:27,  6 users,  load average: 1.00, 1.00, 0.84
Tasks: 197 total,   2 running, 121 sleeping,   0 stopped,   0 zombie
%Cpu(s): 12.5 us,  0.1 sy,  0.0 ni, 87.4 id,  0.0 wa,  0.0 hi,  0.0 si,  0.0 st
KiB Mem : 32843380 total, 17122068 free,   319148 used, 15402164 buff/cache
--
  PID USER      PR  NI    VIRT    RES    SHR S %CPU %MEM     TIME+ COMMAND
12070 freshman  20   0   11632   5564   2416 R 12.5  0.0   2:34.44 hmmer_base.+
15627 root      20   0       0      0      0 I  0.1  0.0   0:02.87 kworker/0:2

top - 18:22:29 up 11 days,  5:27,  6 users,  load average: 1.00, 1.00, 0.84
Tasks: 197 total,   2 running, 121 sleeping,   0 stopped,   0 zombie
%Cpu(s): 12.6 us,  0.0 sy,  0.0 ni, 87.4 id,  0.0 wa,  0.0 hi,  0.0 si,  0.0 st
KiB Mem : 32843380 total, 17122060 free,   319156 used, 15402164 buff/cache
--
  PID USER      PR  NI    VIRT    RES    SHR S %CPU %MEM     TIME+ COMMAND
12070 freshman  20   0   11632   5564   2416 R 12.5  0.0   2:35.44 hmmer_base.+
11560 freshman  20   0   42788   3996   3368 R  0.1  0.0   0:07.22 top

top - 18:22:30 up 11 days,  5:27,  6 users,  load average: 1.00, 1.00, 0.84
Tasks: 197 total,   2 running, 121 sleeping,   0 stopped,   0 zombie
%Cpu(s): 12.5 us,  0.0 sy,  0.0 ni, 87.5 id,  0.0 wa,  0.0 hi,  0.0 si,  0.0 st
KiB Mem : 32843380 total, 17122060 free,   319156 used, 15402164 buff/cache
--
  PID USER      PR  NI    VIRT    RES    SHR S %CPU %MEM     TIME+ COMMAND
12070 freshman  20   0   11632   5564   2416 R 12.4  0.0   2:36.44 hmmer_base.+

top - 18:22:31 up 11 days,  5:27,  6 users,  load average: 1.00, 1.00, 0.84
Tasks: 197 total,   2 running, 121 sleeping,   0 stopped,   0 zombie
%Cpu(s): 12.6 us,  0.0 sy,  0.0 ni, 87.4 id,  0.0 wa,  0.0 hi,  0.0 si,  0.0 st
KiB Mem : 32843380 total, 17122060 free,   319156 used, 15402164 buff/cache
--
  PID USER      PR  NI    VIRT    RES    SHR S %CPU %MEM     TIME+ COMMAND
12070 freshman  20   0   11632   5564   2416 R 12.6  0.0   2:37.45 hmmer_base.+

top - 18:22:32 up 11 days,  5:27,  6 users,  load average: 1.00, 1.00, 0.84
Tasks: 197 total,   2 running, 121 sleeping,   0 stopped,   0 zombie
%Cpu(s): 12.4 us,  0.1 sy,  0.0 ni, 87.4 id,  0.0 wa,  0.0 hi,  0.0 si,  0.0 st
KiB Mem : 32843380 total, 17122060 free,   319148 used, 15402172 buff/cache
--
  PID USER      PR  NI    VIRT    RES    SHR S %CPU %MEM     TIME+ COMMAND
12070 freshman  20   0   11632   5564   2416 R 12.5  0.0   2:38.46 hmmer_base.+

top - 18:22:33 up 11 days,  5:27,  6 users,  load average: 1.00, 1.00, 0.84
Tasks: 197 total,   2 running, 121 sleeping,   0 stopped,   0 zombie
%Cpu(s): 12.6 us,  0.0 sy,  0.0 ni, 87.4 id,  0.0 wa,  0.0 hi,  0.0 si,  0.0 st
KiB Mem : 32843380 total, 17122060 free,   319148 used, 15402172 buff/cache
--
  PID USER      PR  NI    VIRT    RES    SHR S %CPU %MEM     TIME+ COMMAND
12070 freshman  20   0   11632   5564   2416 R 12.5  0.0   2:39.46 hmmer_base.+

top - 18:22:34 up 11 days,  5:27,  6 users,  load average: 1.00, 1.00, 0.84
Tasks: 197 total,   2 running, 121 sleeping,   0 stopped,   0 zombie
%Cpu(s): 12.6 us,  0.0 sy,  0.0 ni, 87.4 id,  0.0 wa,  0.0 hi,  0.0 si,  0.0 st
KiB Mem : 32843380 total, 17122060 free,   319148 used, 15402172 buff/cache
--
  PID USER      PR  NI    VIRT    RES    SHR S %CPU %MEM     TIME+ COMMAND
12070 freshman  20   0   11632   5564   2416 R 12.4  0.0   2:40.46 hmmer_base.+
11560 freshman  20   0   42788   3996   3368 R  0.1  0.0   0:07.23 top

top - 18:22:35 up 11 days,  5:27,  6 users,  load average: 1.00, 1.00, 0.84
Tasks: 197 total,   2 running, 121 sleeping,   0 stopped,   0 zombie
%Cpu(s): 12.5 us,  0.0 sy,  0.0 ni, 87.5 id,  0.0 wa,  0.0 hi,  0.0 si,  0.0 st
KiB Mem : 32843380 total, 17122060 free,   319144 used, 15402176 buff/cache
--
  PID USER      PR  NI    VIRT    RES    SHR S %CPU %MEM     TIME+ COMMAND
12070 freshman  20   0   11632   5564   2416 R 12.6  0.0   2:41.47 hmmer_base.+
11560 freshman  20   0   42788   3996   3368 R  0.1  0.0   0:07.24 top

top - 18:22:36 up 11 days,  5:27,  6 users,  load average: 1.00, 1.00, 0.85
Tasks: 197 total,   2 running, 121 sleeping,   0 stopped,   0 zombie
%Cpu(s): 12.6 us,  0.0 sy,  0.0 ni, 87.4 id,  0.0 wa,  0.0 hi,  0.0 si,  0.0 st
KiB Mem : 32843380 total, 17122060 free,   319144 used, 15402176 buff/cache
--
  PID USER      PR  NI    VIRT    RES    SHR S %CPU %MEM     TIME+ COMMAND
12070 freshman  20   0   11632   5564   2416 R 12.5  0.0   2:42.47 hmmer_base.+

top - 18:22:37 up 11 days,  5:27,  6 users,  load average: 1.00, 1.00, 0.85
Tasks: 197 total,   2 running, 121 sleeping,   0 stopped,   0 zombie
%Cpu(s): 12.6 us,  0.0 sy,  0.0 ni, 87.4 id,  0.0 wa,  0.0 hi,  0.0 si,  0.0 st
KiB Mem : 32843380 total, 17122060 free,   319144 used, 15402176 buff/cache
--
  PID USER      PR  NI    VIRT    RES    SHR S %CPU %MEM     TIME+ COMMAND
12070 freshman  20   0   11632   5564   2416 R 12.5  0.0   2:43.48 hmmer_base.+

top - 18:22:38 up 11 days,  5:27,  6 users,  load average: 1.00, 1.00, 0.85
Tasks: 197 total,   2 running, 121 sleeping,   0 stopped,   0 zombie
%Cpu(s): 12.5 us,  0.1 sy,  0.0 ni, 87.4 id,  0.0 wa,  0.0 hi,  0.0 si,  0.0 st
KiB Mem : 32843380 total, 17122060 free,   319144 used, 15402176 buff/cache
--
  PID USER      PR  NI    VIRT    RES    SHR S %CPU %MEM     TIME+ COMMAND
12070 freshman  20   0   11632   5564   2416 R 12.5  0.0   2:44.48 hmmer_base.+

top - 18:22:39 up 11 days,  5:27,  6 users,  load average: 1.00, 1.00, 0.85
Tasks: 197 total,   2 running, 121 sleeping,   0 stopped,   0 zombie
%Cpu(s): 12.4 us,  0.0 sy,  0.0 ni, 87.4 id,  0.1 wa,  0.0 hi,  0.0 si,  0.0 st
KiB Mem : 32843380 total, 17122060 free,   319144 used, 15402176 buff/cache
--
  PID USER      PR  NI    VIRT    RES    SHR S %CPU %MEM     TIME+ COMMAND
12070 freshman  20   0   11632   5564   2416 R 12.4  0.0   2:45.48 hmmer_base.+
11560 freshman  20   0   42788   3996   3368 R  0.1  0.0   0:07.25 top

top - 18:22:40 up 11 days,  5:27,  6 users,  load average: 1.00, 1.00, 0.85
Tasks: 197 total,   2 running, 121 sleeping,   0 stopped,   0 zombie
%Cpu(s): 12.6 us,  0.0 sy,  0.0 ni, 87.4 id,  0.0 wa,  0.0 hi,  0.0 si,  0.0 st
KiB Mem : 32843380 total, 17122060 free,   319144 used, 15402176 buff/cache
--
  PID USER      PR  NI    VIRT    RES    SHR S %CPU %MEM     TIME+ COMMAND
12070 freshman  20   0   11632   5564   2416 R 12.6  0.0   2:46.49 hmmer_base.+

top - 18:22:41 up 11 days,  5:27,  6 users,  load average: 1.00, 1.00, 0.85
Tasks: 197 total,   2 running, 121 sleeping,   0 stopped,   0 zombie
%Cpu(s): 12.5 us,  0.1 sy,  0.0 ni, 87.3 id,  0.0 wa,  0.0 hi,  0.0 si,  0.0 st
KiB Mem : 32843380 total, 17122068 free,   319128 used, 15402184 buff/cache
--
  PID USER      PR  NI    VIRT    RES    SHR S %CPU %MEM     TIME+ COMMAND
12070 freshman  20   0   11632   5564   2416 R 12.5  0.0   2:47.50 hmmer_base.+

top - 18:22:42 up 11 days,  5:27,  6 users,  load average: 1.00, 1.00, 0.85
Tasks: 197 total,   2 running, 121 sleeping,   0 stopped,   0 zombie
%Cpu(s): 12.5 us,  0.0 sy,  0.0 ni, 87.5 id,  0.0 wa,  0.0 hi,  0.0 si,  0.0 st
KiB Mem : 32843380 total, 17122068 free,   319128 used, 15402184 buff/cache
--
  PID USER      PR  NI    VIRT    RES    SHR S %CPU %MEM     TIME+ COMMAND
12070 freshman  20   0   11632   5564   2416 R 12.5  0.0   2:48.50 hmmer_base.+
11560 freshman  20   0   42788   3996   3368 R  0.1  0.0   0:07.26 top

top - 18:22:43 up 11 days,  5:27,  6 users,  load average: 1.00, 1.00, 0.85
Tasks: 197 total,   2 running, 121 sleeping,   0 stopped,   0 zombie
%Cpu(s): 12.5 us,  0.0 sy,  0.0 ni, 87.5 id,  0.0 wa,  0.0 hi,  0.0 si,  0.0 st
KiB Mem : 32843380 total, 17122068 free,   319128 used, 15402184 buff/cache
--
  PID USER      PR  NI    VIRT    RES    SHR S %CPU %MEM     TIME+ COMMAND
12070 freshman  20   0   11632   5564   2416 R 12.4  0.0   2:49.50 hmmer_base.+
11560 freshman  20   0   42788   3996   3368 R  0.1  0.0   0:07.27 top

top - 18:22:44 up 11 days,  5:27,  6 users,  load average: 1.00, 1.00, 0.85
Tasks: 197 total,   2 running, 121 sleeping,   0 stopped,   0 zombie
%Cpu(s): 12.6 us,  0.0 sy,  0.0 ni, 87.4 id,  0.0 wa,  0.0 hi,  0.0 si,  0.0 st
KiB Mem : 32843380 total, 17122060 free,   319132 used, 15402188 buff/cache
--
  PID USER      PR  NI    VIRT    RES    SHR S %CPU %MEM     TIME+ COMMAND
12070 freshman  20   0   11632   5564   2416 R 12.5  0.0   2:50.50 hmmer_base.+

top - 18:22:45 up 11 days,  5:27,  6 users,  load average: 1.00, 1.00, 0.85
Tasks: 197 total,   2 running, 121 sleeping,   0 stopped,   0 zombie
%Cpu(s): 12.6 us,  0.0 sy,  0.0 ni, 87.4 id,  0.0 wa,  0.0 hi,  0.0 si,  0.0 st
KiB Mem : 32843380 total, 17122060 free,   319132 used, 15402188 buff/cache
--
  PID USER      PR  NI    VIRT    RES    SHR S %CPU %MEM     TIME+ COMMAND
12070 freshman  20   0   11632   5564   2416 R 12.6  0.0   2:51.51 hmmer_base.+

top - 18:22:46 up 11 days,  5:27,  6 users,  load average: 1.00, 1.00, 0.85
Tasks: 197 total,   2 running, 121 sleeping,   0 stopped,   0 zombie
%Cpu(s): 12.4 us,  0.1 sy,  0.0 ni, 87.4 id,  0.0 wa,  0.0 hi,  0.0 si,  0.0 st
KiB Mem : 32843380 total, 17122060 free,   319132 used, 15402188 buff/cache
--
  PID USER      PR  NI    VIRT    RES    SHR S %CPU %MEM     TIME+ COMMAND
12070 freshman  20   0   11632   5564   2416 R 12.4  0.0   2:52.51 hmmer_base.+

top - 18:22:47 up 11 days,  5:27,  6 users,  load average: 1.00, 1.00, 0.85
Tasks: 197 total,   2 running, 121 sleeping,   0 stopped,   0 zombie
%Cpu(s): 12.5 us,  0.0 sy,  0.0 ni, 87.5 id,  0.0 wa,  0.0 hi,  0.0 si,  0.0 st
KiB Mem : 32843380 total, 17122060 free,   319132 used, 15402188 buff/cache
--
  PID USER      PR  NI    VIRT    RES    SHR S %CPU %MEM     TIME+ COMMAND
12070 freshman  20   0   11632   5564   2416 R 12.6  0.0   2:53.52 hmmer_base.+
11560 freshman  20   0   42788   3996   3368 R  0.1  0.0   0:07.28 top

top - 18:22:48 up 11 days,  5:27,  6 users,  load average: 1.00, 1.00, 0.85
Tasks: 197 total,   2 running, 121 sleeping,   0 stopped,   0 zombie
%Cpu(s): 12.6 us,  0.0 sy,  0.0 ni, 87.4 id,  0.0 wa,  0.0 hi,  0.0 si,  0.0 st
KiB Mem : 32843380 total, 17122060 free,   319132 used, 15402188 buff/cache
--
  PID USER      PR  NI    VIRT    RES    SHR S %CPU %MEM     TIME+ COMMAND
12070 freshman  20   0   11632   5564   2416 R 12.4  0.0   2:54.52 hmmer_base.+

top - 18:22:49 up 11 days,  5:27,  6 users,  load average: 1.00, 1.00, 0.85
Tasks: 197 total,   2 running, 121 sleeping,   0 stopped,   0 zombie
%Cpu(s): 12.6 us,  0.0 sy,  0.0 ni, 87.4 id,  0.0 wa,  0.0 hi,  0.0 si,  0.0 st
KiB Mem : 32843380 total, 17122060 free,   319132 used, 15402188 buff/cache
--
  PID USER      PR  NI    VIRT    RES    SHR S %CPU %MEM     TIME+ COMMAND
12070 freshman  20   0   11632   5564   2416 R 12.6  0.0   2:55.53 hmmer_base.+
11560 freshman  20   0   42788   3996   3368 R  0.1  0.0   0:07.29 top

top - 18:22:50 up 11 days,  5:27,  6 users,  load average: 1.00, 1.00, 0.85
Tasks: 197 total,   2 running, 121 sleeping,   0 stopped,   0 zombie
%Cpu(s): 12.6 us,  0.0 sy,  0.0 ni, 87.4 id,  0.0 wa,  0.0 hi,  0.0 si,  0.0 st
KiB Mem : 32843380 total, 17122060 free,   319124 used, 15402196 buff/cache
--
  PID USER      PR  NI    VIRT    RES    SHR S %CPU %MEM     TIME+ COMMAND
12070 freshman  20   0   11632   5564   2416 R 12.4  0.0   2:56.53 hmmer_base.+

top - 18:22:51 up 11 days,  5:27,  6 users,  load average: 1.00, 1.00, 0.85
Tasks: 197 total,   2 running, 121 sleeping,   0 stopped,   0 zombie
%Cpu(s): 12.4 us,  0.1 sy,  0.0 ni, 87.4 id,  0.0 wa,  0.0 hi,  0.0 si,  0.0 st
KiB Mem : 32843380 total, 17122060 free,   319124 used, 15402196 buff/cache
--
  PID USER      PR  NI    VIRT    RES    SHR S %CPU %MEM     TIME+ COMMAND
12070 freshman  20   0   11632   5564   2416 R 12.6  0.0   2:57.54 hmmer_base.+

top - 18:22:52 up 11 days,  5:27,  6 users,  load average: 1.00, 1.00, 0.85
Tasks: 197 total,   2 running, 121 sleeping,   0 stopped,   0 zombie
%Cpu(s): 12.6 us,  0.0 sy,  0.0 ni, 87.4 id,  0.0 wa,  0.0 hi,  0.0 si,  0.0 st
KiB Mem : 32843380 total, 17122060 free,   319124 used, 15402196 buff/cache
--
  PID USER      PR  NI    VIRT    RES    SHR S %CPU %MEM     TIME+ COMMAND
12070 freshman  20   0   11632   5564   2416 R 12.4  0.0   2:58.54 hmmer_base.+
11560 freshman  20   0   42788   3996   3368 R  0.1  0.0   0:07.30 top

top - 18:22:53 up 11 days,  5:27,  6 users,  load average: 1.00, 1.00, 0.85
Tasks: 197 total,   2 running, 121 sleeping,   0 stopped,   0 zombie
%Cpu(s): 12.5 us,  0.0 sy,  0.0 ni, 87.5 id,  0.0 wa,  0.0 hi,  0.0 si,  0.0 st
KiB Mem : 32843380 total, 17122068 free,   319112 used, 15402200 buff/cache
--
  PID USER      PR  NI    VIRT    RES    SHR S %CPU %MEM     TIME+ COMMAND
12070 freshman  20   0   11632   5564   2416 R 12.5  0.0   2:59.54 hmmer_base.+

top - 18:22:54 up 11 days,  5:27,  6 users,  load average: 1.00, 1.00, 0.85
Tasks: 197 total,   2 running, 121 sleeping,   0 stopped,   0 zombie
%Cpu(s): 12.6 us,  0.0 sy,  0.0 ni, 87.4 id,  0.0 wa,  0.0 hi,  0.0 si,  0.0 st
KiB Mem : 32843380 total, 17122068 free,   319112 used, 15402200 buff/cache
--
  PID USER      PR  NI    VIRT    RES    SHR S %CPU %MEM     TIME+ COMMAND
12070 freshman  20   0   11632   5564   2416 R 12.5  0.0   3:00.55 hmmer_base.+

top - 18:22:55 up 11 days,  5:27,  6 users,  load average: 1.00, 1.00, 0.85
Tasks: 197 total,   2 running, 121 sleeping,   0 stopped,   0 zombie
%Cpu(s): 12.6 us,  0.0 sy,  0.0 ni, 87.4 id,  0.0 wa,  0.0 hi,  0.0 si,  0.0 st
KiB Mem : 32843380 total, 17122068 free,   319112 used, 15402200 buff/cache
--
  PID USER      PR  NI    VIRT    RES    SHR S %CPU %MEM     TIME+ COMMAND
12070 freshman  20   0   11632   5564   2416 R 12.5  0.0   3:01.55 hmmer_base.+

top - 18:22:56 up 11 days,  5:27,  6 users,  load average: 1.00, 1.00, 0.85
Tasks: 197 total,   2 running, 121 sleeping,   0 stopped,   0 zombie
%Cpu(s): 12.5 us,  0.0 sy,  0.0 ni, 87.5 id,  0.0 wa,  0.0 hi,  0.0 si,  0.0 st
KiB Mem : 32843380 total, 17122060 free,   319112 used, 15402208 buff/cache
--
  PID USER      PR  NI    VIRT    RES    SHR S %CPU %MEM     TIME+ COMMAND
12070 freshman  20   0   11632   5564   2416 R 12.6  0.0   3:02.56 hmmer_base.+

top - 18:22:57 up 11 days,  5:27,  6 users,  load average: 1.00, 1.00, 0.85
Tasks: 197 total,   2 running, 121 sleeping,   0 stopped,   0 zombie
%Cpu(s): 12.6 us,  0.0 sy,  0.0 ni, 87.4 id,  0.0 wa,  0.0 hi,  0.0 si,  0.0 st
KiB Mem : 32843380 total, 17122060 free,   319112 used, 15402208 buff/cache
--
  PID USER      PR  NI    VIRT    RES    SHR S %CPU %MEM     TIME+ COMMAND
12070 freshman  20   0   11632   5564   2416 R 12.4  0.0   3:03.56 hmmer_base.+
11560 freshman  20   0   42788   3996   3368 R  0.1  0.0   0:07.31 top

top - 18:22:58 up 11 days,  5:27,  6 users,  load average: 1.00, 1.00, 0.85
Tasks: 197 total,   2 running, 121 sleeping,   0 stopped,   0 zombie
%Cpu(s): 12.6 us,  0.0 sy,  0.0 ni, 87.4 id,  0.0 wa,  0.0 hi,  0.0 si,  0.0 st
KiB Mem : 32843380 total, 17122060 free,   319112 used, 15402208 buff/cache
--
  PID USER      PR  NI    VIRT    RES    SHR S %CPU %MEM     TIME+ COMMAND
12070 freshman  20   0   11632   5564   2416 R 12.6  0.0   3:04.57 hmmer_base.+

top - 18:22:59 up 11 days,  5:27,  6 users,  load average: 1.00, 1.00, 0.85
Tasks: 197 total,   2 running, 121 sleeping,   0 stopped,   0 zombie
%Cpu(s): 12.6 us,  0.0 sy,  0.0 ni, 87.4 id,  0.0 wa,  0.0 hi,  0.0 si,  0.0 st
KiB Mem : 32843380 total, 17122068 free,   319104 used, 15402208 buff/cache
--
  PID USER      PR  NI    VIRT    RES    SHR S %CPU %MEM     TIME+ COMMAND
12070 freshman  20   0   11632   5564   2416 R 12.4  0.0   3:05.57 hmmer_base.+

top - 18:23:00 up 11 days,  5:27,  6 users,  load average: 1.00, 1.00, 0.85
Tasks: 197 total,   2 running, 121 sleeping,   0 stopped,   0 zombie
%Cpu(s): 12.4 us,  0.1 sy,  0.0 ni, 87.4 id,  0.0 wa,  0.0 hi,  0.0 si,  0.0 st
KiB Mem : 32843380 total, 17122068 free,   319104 used, 15402208 buff/cache
--
  PID USER      PR  NI    VIRT    RES    SHR S %CPU %MEM     TIME+ COMMAND
12070 freshman  20   0   11632   5564   2416 R 12.6  0.0   3:06.58 hmmer_base.+
11560 freshman  20   0   42788   3996   3368 R  0.1  0.0   0:07.32 top

top - 18:23:01 up 11 days,  5:27,  6 users,  load average: 1.00, 1.00, 0.85
Tasks: 197 total,   2 running, 121 sleeping,   0 stopped,   0 zombie
%Cpu(s): 12.6 us,  0.0 sy,  0.0 ni, 87.4 id,  0.0 wa,  0.0 hi,  0.0 si,  0.0 st
KiB Mem : 32843380 total, 17122068 free,   319104 used, 15402208 buff/cache
--
  PID USER      PR  NI    VIRT    RES    SHR S %CPU %MEM     TIME+ COMMAND
12070 freshman  20   0   11632   5564   2416 R 12.4  0.0   3:07.58 hmmer_base.+
11560 freshman  20   0   42788   3996   3368 R  0.1  0.0   0:07.33 top

top - 18:23:02 up 11 days,  5:27,  6 users,  load average: 1.00, 1.00, 0.85
Tasks: 197 total,   2 running, 121 sleeping,   0 stopped,   0 zombie
%Cpu(s): 12.5 us,  0.0 sy,  0.0 ni, 87.5 id,  0.0 wa,  0.0 hi,  0.0 si,  0.0 st
KiB Mem : 32843380 total, 17122060 free,   319108 used, 15402212 buff/cache
--
  PID USER      PR  NI    VIRT    RES    SHR S %CPU %MEM     TIME+ COMMAND
12070 freshman  20   0   11632   5564   2416 R 12.5  0.0   3:08.58 hmmer_base.+

top - 18:23:03 up 11 days,  5:27,  6 users,  load average: 1.00, 1.00, 0.85
Tasks: 197 total,   2 running, 121 sleeping,   0 stopped,   0 zombie
%Cpu(s): 12.5 us,  0.0 sy,  0.0 ni, 87.5 id,  0.0 wa,  0.0 hi,  0.0 si,  0.0 st
KiB Mem : 32843380 total, 17122060 free,   319108 used, 15402212 buff/cache
--
  PID USER      PR  NI    VIRT    RES    SHR S %CPU %MEM     TIME+ COMMAND
12070 freshman  20   0   11632   5564   2416 R 12.5  0.0   3:09.59 hmmer_base.+

top - 18:23:04 up 11 days,  5:27,  6 users,  load average: 1.00, 1.00, 0.85
Tasks: 197 total,   2 running, 121 sleeping,   0 stopped,   0 zombie
%Cpu(s): 12.5 us,  0.1 sy,  0.0 ni, 87.3 id,  0.0 wa,  0.0 hi,  0.0 si,  0.0 st
KiB Mem : 32843380 total, 17122060 free,   319108 used, 15402212 buff/cache
--
  PID USER      PR  NI    VIRT    RES    SHR S %CPU %MEM     TIME+ COMMAND
12070 freshman  20   0   11632   5564   2416 R 12.5  0.0   3:10.59 hmmer_base.+
11560 freshman  20   0   42788   3996   3368 R  0.1  0.0   0:07.34 top

top - 18:23:05 up 11 days,  5:27,  6 users,  load average: 1.00, 1.00, 0.85
Tasks: 197 total,   2 running, 121 sleeping,   0 stopped,   0 zombie
%Cpu(s): 12.6 us,  0.0 sy,  0.0 ni, 87.4 id,  0.0 wa,  0.0 hi,  0.0 si,  0.0 st
KiB Mem : 32843380 total, 17122068 free,   319092 used, 15402220 buff/cache
--
  PID USER      PR  NI    VIRT    RES    SHR S %CPU %MEM     TIME+ COMMAND
12070 freshman  20   0   11632   5564   2416 R 12.6  0.0   3:11.60 hmmer_base.+

top - 18:23:06 up 11 days,  5:27,  6 users,  load average: 1.00, 1.00, 0.85
Tasks: 197 total,   2 running, 121 sleeping,   0 stopped,   0 zombie
%Cpu(s): 12.5 us,  0.1 sy,  0.0 ni, 87.4 id,  0.0 wa,  0.0 hi,  0.0 si,  0.0 st
KiB Mem : 32843380 total, 17122068 free,   319092 used, 15402220 buff/cache
--
  PID USER      PR  NI    VIRT    RES    SHR S %CPU %MEM     TIME+ COMMAND
12070 freshman  20   0   11632   5564   2416 R 12.4  0.0   3:12.60 hmmer_base.+

top - 18:23:07 up 11 days,  5:27,  6 users,  load average: 1.00, 1.00, 0.85
Tasks: 197 total,   2 running, 121 sleeping,   0 stopped,   0 zombie
%Cpu(s): 12.5 us,  0.0 sy,  0.0 ni, 87.5 id,  0.0 wa,  0.0 hi,  0.0 si,  0.0 st
KiB Mem : 32843380 total, 17122068 free,   319092 used, 15402220 buff/cache
--
  PID USER      PR  NI    VIRT    RES    SHR S %CPU %MEM     TIME+ COMMAND
12070 freshman  20   0   11632   5564   2416 R 12.6  0.0   3:13.61 hmmer_base.+
11560 freshman  20   0   42788   3996   3368 R  0.1  0.0   0:07.35 top

top - 18:23:08 up 11 days,  5:27,  6 users,  load average: 1.00, 1.00, 0.85
Tasks: 197 total,   2 running, 121 sleeping,   0 stopped,   0 zombie
%Cpu(s): 12.5 us,  0.1 sy,  0.0 ni, 87.3 id,  0.0 wa,  0.0 hi,  0.0 si,  0.0 st
KiB Mem : 32843380 total, 17122060 free,   319096 used, 15402224 buff/cache
--
  PID USER      PR  NI    VIRT    RES    SHR S %CPU %MEM     TIME+ COMMAND
12070 freshman  20   0   11632   5564   2416 R 12.4  0.0   3:14.61 hmmer_base.+

top - 18:23:09 up 11 days,  5:27,  6 users,  load average: 1.00, 1.00, 0.85
Tasks: 197 total,   2 running, 121 sleeping,   0 stopped,   0 zombie
%Cpu(s): 12.5 us,  0.0 sy,  0.0 ni, 87.5 id,  0.0 wa,  0.0 hi,  0.0 si,  0.0 st
KiB Mem : 32843380 total, 17122060 free,   319096 used, 15402224 buff/cache
--
  PID USER      PR  NI    VIRT    RES    SHR S %CPU %MEM     TIME+ COMMAND
12070 freshman  20   0   11632   5564   2416 R 12.6  0.0   3:15.62 hmmer_base.+

top - 18:23:10 up 11 days,  5:27,  6 users,  load average: 1.00, 1.00, 0.85
Tasks: 197 total,   2 running, 121 sleeping,   0 stopped,   0 zombie
%Cpu(s): 12.6 us,  0.0 sy,  0.0 ni, 87.4 id,  0.0 wa,  0.0 hi,  0.0 si,  0.0 st
KiB Mem : 32843380 total, 17122060 free,   319096 used, 15402224 buff/cache
--
  PID USER      PR  NI    VIRT    RES    SHR S %CPU %MEM     TIME+ COMMAND
12070 freshman  20   0   11632   5564   2416 R 12.4  0.0   3:16.62 hmmer_base.+
11560 freshman  20   0   42788   3996   3368 R  0.1  0.0   0:07.36 top

top - 18:23:11 up 11 days,  5:27,  6 users,  load average: 1.00, 1.00, 0.85
Tasks: 197 total,   2 running, 121 sleeping,   0 stopped,   0 zombie
%Cpu(s): 12.5 us,  0.0 sy,  0.0 ni, 87.5 id,  0.0 wa,  0.0 hi,  0.0 si,  0.0 st
KiB Mem : 32843380 total, 17122060 free,   319096 used, 15402224 buff/cache
--
  PID USER      PR  NI    VIRT    RES    SHR S %CPU %MEM     TIME+ COMMAND
12070 freshman  20   0   11632   5564   2416 R 12.5  0.0   3:17.62 hmmer_base.+

top - 18:23:12 up 11 days,  5:27,  6 users,  load average: 1.00, 1.00, 0.85
Tasks: 197 total,   2 running, 121 sleeping,   0 stopped,   0 zombie
%Cpu(s): 12.6 us,  0.0 sy,  0.0 ni, 87.4 id,  0.0 wa,  0.0 hi,  0.0 si,  0.0 st
KiB Mem : 32843380 total, 17122060 free,   319096 used, 15402224 buff/cache
--
  PID USER      PR  NI    VIRT    RES    SHR S %CPU %MEM     TIME+ COMMAND
12070 freshman  20   0   11632   5564   2416 R 12.5  0.0   3:18.63 hmmer_base.+

top - 18:23:13 up 11 days,  5:27,  6 users,  load average: 1.00, 1.00, 0.85
Tasks: 197 total,   2 running, 121 sleeping,   0 stopped,   0 zombie
%Cpu(s): 12.6 us,  0.0 sy,  0.0 ni, 87.3 id,  0.1 wa,  0.0 hi,  0.0 si,  0.0 st
KiB Mem : 32843380 total, 17122060 free,   319096 used, 15402224 buff/cache
--
  PID USER      PR  NI    VIRT    RES    SHR S %CPU %MEM     TIME+ COMMAND
12070 freshman  20   0   11632   5564   2416 R 12.5  0.0   3:19.63 hmmer_base.+

top - 18:23:14 up 11 days,  5:27,  6 users,  load average: 1.00, 1.00, 0.85
Tasks: 197 total,   2 running, 121 sleeping,   0 stopped,   0 zombie
%Cpu(s): 12.6 us,  0.0 sy,  0.0 ni, 87.4 id,  0.0 wa,  0.0 hi,  0.0 si,  0.0 st
KiB Mem : 32843380 total, 17122060 free,   319088 used, 15402232 buff/cache
--
  PID USER      PR  NI    VIRT    RES    SHR S %CPU %MEM     TIME+ COMMAND
12070 freshman  20   0   11632   5564   2416 R 12.6  0.0   3:20.64 hmmer_base.+
11560 freshman  20   0   42788   3996   3368 R  0.1  0.0   0:07.37 top

top - 18:23:15 up 11 days,  5:27,  6 users,  load average: 1.00, 1.00, 0.85
Tasks: 197 total,   2 running, 121 sleeping,   0 stopped,   0 zombie
%Cpu(s): 12.4 us,  0.1 sy,  0.0 ni, 87.4 id,  0.0 wa,  0.0 hi,  0.0 si,  0.0 st
KiB Mem : 32843380 total, 17122060 free,   319088 used, 15402232 buff/cache
--
  PID USER      PR  NI    VIRT    RES    SHR S %CPU %MEM     TIME+ COMMAND
12070 freshman  20   0   11632   5564   2416 R 12.4  0.0   3:21.64 hmmer_base.+
11560 freshman  20   0   42788   3996   3368 R  0.1  0.0   0:07.38 top

top - 18:23:16 up 11 days,  5:28,  6 users,  load average: 1.00, 1.00, 0.85
Tasks: 197 total,   2 running, 121 sleeping,   0 stopped,   0 zombie
%Cpu(s): 12.6 us,  0.0 sy,  0.0 ni, 87.4 id,  0.0 wa,  0.0 hi,  0.0 si,  0.0 st
KiB Mem : 32843380 total, 17122060 free,   319088 used, 15402232 buff/cache
--
  PID USER      PR  NI    VIRT    RES    SHR S %CPU %MEM     TIME+ COMMAND
12070 freshman  20   0   11632   5564   2416 R 12.6  0.0   3:22.65 hmmer_base.+

top - 18:23:17 up 11 days,  5:28,  6 users,  load average: 1.00, 1.00, 0.85
Tasks: 197 total,   2 running, 121 sleeping,   0 stopped,   0 zombie
%Cpu(s): 12.4 us,  0.1 sy,  0.0 ni, 87.4 id,  0.0 wa,  0.0 hi,  0.0 si,  0.0 st
KiB Mem : 32843380 total, 17122068 free,   319076 used, 15402236 buff/cache
--
  PID USER      PR  NI    VIRT    RES    SHR S %CPU %MEM     TIME+ COMMAND
12070 freshman  20   0   11632   5564   2416 R 12.4  0.0   3:23.65 hmmer_base.+

top - 18:23:18 up 11 days,  5:28,  6 users,  load average: 1.00, 1.00, 0.85
Tasks: 197 total,   2 running, 121 sleeping,   0 stopped,   0 zombie
%Cpu(s): 12.6 us,  0.0 sy,  0.0 ni, 87.4 id,  0.0 wa,  0.0 hi,  0.0 si,  0.0 st
KiB Mem : 32843380 total, 17122068 free,   319076 used, 15402236 buff/cache
--
  PID USER      PR  NI    VIRT    RES    SHR S %CPU %MEM     TIME+ COMMAND
12070 freshman  20   0   11632   5564   2416 R 12.6  0.0   3:24.66 hmmer_base.+

top - 18:23:19 up 11 days,  5:28,  6 users,  load average: 1.00, 1.00, 0.85
Tasks: 197 total,   2 running, 121 sleeping,   0 stopped,   0 zombie
%Cpu(s): 12.6 us,  0.0 sy,  0.0 ni, 87.4 id,  0.0 wa,  0.0 hi,  0.0 si,  0.0 st
KiB Mem : 32843380 total, 17122068 free,   319076 used, 15402236 buff/cache
--
  PID USER      PR  NI    VIRT    RES    SHR S %CPU %MEM     TIME+ COMMAND
12070 freshman  20   0   11632   5564   2416 R 12.4  0.0   3:25.66 hmmer_base.+

top - 18:23:20 up 11 days,  5:28,  6 users,  load average: 1.00, 1.00, 0.85
Tasks: 197 total,   2 running, 121 sleeping,   0 stopped,   0 zombie
%Cpu(s): 12.5 us,  0.0 sy,  0.0 ni, 87.5 id,  0.0 wa,  0.0 hi,  0.0 si,  0.0 st
KiB Mem : 32843380 total, 17122060 free,   319084 used, 15402236 buff/cache
--
  PID USER      PR  NI    VIRT    RES    SHR S %CPU %MEM     TIME+ COMMAND
12070 freshman  20   0   11632   5564   2416 R 12.5  0.0   3:26.66 hmmer_base.+
11560 freshman  20   0   42788   3996   3368 R  0.1  0.0   0:07.39 top

top - 18:23:21 up 11 days,  5:28,  6 users,  load average: 1.00, 1.00, 0.85
Tasks: 197 total,   2 running, 121 sleeping,   0 stopped,   0 zombie
%Cpu(s): 12.5 us,  0.0 sy,  0.0 ni, 87.5 id,  0.0 wa,  0.0 hi,  0.0 si,  0.0 st
KiB Mem : 32843380 total, 17122060 free,   319084 used, 15402236 buff/cache
--
  PID USER      PR  NI    VIRT    RES    SHR S %CPU %MEM     TIME+ COMMAND
12070 freshman  20   0   11632   5564   2416 R 12.5  0.0   3:27.67 hmmer_base.+
11560 freshman  20   0   42788   3996   3368 R  0.1  0.0   0:07.40 top

top - 18:23:22 up 11 days,  5:28,  6 users,  load average: 1.00, 1.00, 0.85
Tasks: 197 total,   2 running, 121 sleeping,   0 stopped,   0 zombie
%Cpu(s): 12.7 us,  0.0 sy,  0.0 ni, 87.3 id,  0.0 wa,  0.0 hi,  0.0 si,  0.0 st
KiB Mem : 32843380 total, 17122060 free,   319084 used, 15402236 buff/cache
--
  PID USER      PR  NI    VIRT    RES    SHR S %CPU %MEM     TIME+ COMMAND
12070 freshman  20   0   11632   5564   2416 R 12.5  0.0   3:28.67 hmmer_base.+

top - 18:23:23 up 11 days,  5:28,  6 users,  load average: 1.00, 1.00, 0.85
Tasks: 197 total,   2 running, 121 sleeping,   0 stopped,   0 zombie
%Cpu(s): 12.5 us,  0.0 sy,  0.0 ni, 87.5 id,  0.0 wa,  0.0 hi,  0.0 si,  0.0 st
KiB Mem : 32843380 total, 17122068 free,   319068 used, 15402244 buff/cache
--
  PID USER      PR  NI    VIRT    RES    SHR S %CPU %MEM     TIME+ COMMAND
12070 freshman  20   0   11632   5564   2416 R 12.6  0.0   3:29.68 hmmer_base.+

top - 18:23:24 up 11 days,  5:28,  6 users,  load average: 1.00, 1.00, 0.85
Tasks: 197 total,   2 running, 121 sleeping,   0 stopped,   0 zombie
%Cpu(s): 12.4 us,  0.1 sy,  0.0 ni, 87.4 id,  0.0 wa,  0.0 hi,  0.0 si,  0.0 st
KiB Mem : 32843380 total, 17122068 free,   319068 used, 15402244 buff/cache
--
  PID USER      PR  NI    VIRT    RES    SHR S %CPU %MEM     TIME+ COMMAND
12070 freshman  20   0   11632   5564   2416 R 12.4  0.0   3:30.68 hmmer_base.+

top - 18:23:25 up 11 days,  5:28,  6 users,  load average: 1.00, 1.00, 0.85
Tasks: 197 total,   2 running, 121 sleeping,   0 stopped,   0 zombie
%Cpu(s): 12.6 us,  0.0 sy,  0.0 ni, 87.4 id,  0.0 wa,  0.0 hi,  0.0 si,  0.0 st
KiB Mem : 32843380 total, 17122068 free,   319068 used, 15402244 buff/cache
--
  PID USER      PR  NI    VIRT    RES    SHR S %CPU %MEM     TIME+ COMMAND
12070 freshman  20   0   11632   5564   2416 R 12.6  0.0   3:31.69 hmmer_base.+
11560 freshman  20   0   42788   3996   3368 R  0.1  0.0   0:07.41 top

top - 18:23:26 up 11 days,  5:28,  6 users,  load average: 1.00, 1.00, 0.86
Tasks: 197 total,   2 running, 121 sleeping,   0 stopped,   0 zombie
%Cpu(s): 12.6 us,  0.0 sy,  0.0 ni, 87.4 id,  0.0 wa,  0.0 hi,  0.0 si,  0.0 st
KiB Mem : 32843380 total, 17122060 free,   319072 used, 15402248 buff/cache
--
  PID USER      PR  NI    VIRT    RES    SHR S %CPU %MEM     TIME+ COMMAND
12070 freshman  20   0   11632   5564   2416 R 12.4  0.0   3:32.69 hmmer_base.+

top - 18:23:27 up 11 days,  5:28,  6 users,  load average: 1.00, 1.00, 0.86
Tasks: 197 total,   2 running, 121 sleeping,   0 stopped,   0 zombie
%Cpu(s): 12.4 us,  0.1 sy,  0.0 ni, 87.4 id,  0.0 wa,  0.0 hi,  0.0 si,  0.0 st
KiB Mem : 32843380 total, 17122060 free,   319072 used, 15402248 buff/cache
--
  PID USER      PR  NI    VIRT    RES    SHR S %CPU %MEM     TIME+ COMMAND
12070 freshman  20   0   11632   5564   2416 R 12.5  0.0   3:33.69 hmmer_base.+

top - 18:23:28 up 11 days,  5:28,  6 users,  load average: 1.00, 1.00, 0.86
Tasks: 197 total,   2 running, 121 sleeping,   0 stopped,   0 zombie
%Cpu(s): 12.5 us,  0.0 sy,  0.0 ni, 87.5 id,  0.0 wa,  0.0 hi,  0.0 si,  0.0 st
KiB Mem : 32843380 total, 17122060 free,   319072 used, 15402248 buff/cache
--
  PID USER      PR  NI    VIRT    RES    SHR S %CPU %MEM     TIME+ COMMAND
12070 freshman  20   0   11632   5564   2416 R 12.5  0.0   3:34.70 hmmer_base.+
11560 freshman  20   0   42788   3996   3368 R  0.1  0.0   0:07.42 top

top - 18:23:29 up 11 days,  5:28,  6 users,  load average: 1.00, 1.00, 0.86
Tasks: 197 total,   2 running, 121 sleeping,   0 stopped,   0 zombie
%Cpu(s): 12.6 us,  0.0 sy,  0.0 ni, 87.4 id,  0.0 wa,  0.0 hi,  0.0 si,  0.0 st
KiB Mem : 32843380 total, 17122060 free,   319072 used, 15402248 buff/cache
--
  PID USER      PR  NI    VIRT    RES    SHR S %CPU %MEM     TIME+ COMMAND
12070 freshman  20   0   11632   5564   2416 R 12.5  0.0   3:35.70 hmmer_base.+

top - 18:23:30 up 11 days,  5:28,  6 users,  load average: 1.00, 1.00, 0.86
Tasks: 197 total,   2 running, 121 sleeping,   0 stopped,   0 zombie
%Cpu(s): 12.5 us,  0.0 sy,  0.0 ni, 87.5 id,  0.0 wa,  0.0 hi,  0.0 si,  0.0 st
KiB Mem : 32843380 total, 17122060 free,   319072 used, 15402248 buff/cache
--
  PID USER      PR  NI    VIRT    RES    SHR S %CPU %MEM     TIME+ COMMAND
12070 freshman  20   0   11632   5564   2416 R 12.5  0.0   3:36.71 hmmer_base.+

top - 18:23:31 up 11 days,  5:28,  6 users,  load average: 1.00, 1.00, 0.86
Tasks: 197 total,   2 running, 121 sleeping,   0 stopped,   0 zombie
%Cpu(s): 12.6 us,  0.0 sy,  0.0 ni, 87.4 id,  0.0 wa,  0.0 hi,  0.0 si,  0.0 st
KiB Mem : 32843380 total, 17122060 free,   319072 used, 15402248 buff/cache
--
  PID USER      PR  NI    VIRT    RES    SHR S %CPU %MEM     TIME+ COMMAND
12070 freshman  20   0   11632   5564   2416 R 12.5  0.0   3:37.71 hmmer_base.+

top - 18:23:32 up 11 days,  5:28,  6 users,  load average: 1.00, 1.00, 0.86
Tasks: 194 total,   1 running, 119 sleeping,   0 stopped,   0 zombie
%Cpu(s): 10.4 us,  0.1 sy,  0.0 ni, 89.4 id,  0.0 wa,  0.0 hi,  0.0 si,  0.0 st
KiB Mem : 32843380 total, 17124980 free,   316144 used, 15402256 buff/cache
--
  PID USER      PR  NI    VIRT    RES    SHR S %CPU %MEM     TIME+ COMMAND
11560 freshman  20   0   42788   3996   3368 R  0.1  0.0   0:07.43 top

top - 18:23:33 up 11 days,  5:28,  6 users,  load average: 1.00, 1.00, 0.86
Tasks: 194 total,   1 running, 119 sleeping,   0 stopped,   0 zombie
%Cpu(s):  0.0 us,  0.1 sy,  0.0 ni, 99.9 id,  0.0 wa,  0.0 hi,  0.0 si,  0.0 st
KiB Mem : 32843380 total, 17124980 free,   316144 used, 15402256 buff/cache
--
  PID USER      PR  NI    VIRT    RES    SHR S %CPU %MEM     TIME+ COMMAND
11560 freshman  20   0   42788   3996   3368 R  0.1  0.0   0:07.44 top

top - 18:23:34 up 11 days,  5:28,  6 users,  load average: 1.00, 1.00, 0.86
Tasks: 194 total,   1 running, 119 sleeping,   0 stopped,   0 zombie
%Cpu(s):  0.0 us,  0.0 sy,  0.0 ni,100.0 id,  0.0 wa,  0.0 hi,  0.0 si,  0.0 st
KiB Mem : 32843380 total, 17124980 free,   316144 used, 15402256 buff/cache
--
  PID USER      PR  NI    VIRT    RES    SHR S %CPU %MEM     TIME+ COMMAND

top - 18:23:35 up 11 days,  5:28,  6 users,  load average: 1.00, 1.00, 0.86
Tasks: 194 total,   1 running, 119 sleeping,   0 stopped,   0 zombie
%Cpu(s):  0.0 us,  0.0 sy,  0.0 ni,100.0 id,  0.0 wa,  0.0 hi,  0.0 si,  0.0 st
KiB Mem : 32843380 total, 17125424 free,   315648 used, 15402308 buff/cache
--
  PID USER      PR  NI    VIRT    RES    SHR S %CPU %MEM     TIME+ COMMAND
11560 freshman  20   0   42788   3996   3368 R  0.1  0.0   0:07.45 top

top - 18:23:36 up 11 days,  5:28,  6 users,  load average: 0.92, 0.98, 0.85
Tasks: 194 total,   1 running, 119 sleeping,   0 stopped,   0 zombie
%Cpu(s):  0.0 us,  0.1 sy,  0.0 ni, 99.9 id,  0.0 wa,  0.0 hi,  0.0 si,  0.0 st
KiB Mem : 32843380 total, 17125424 free,   315648 used, 15402308 buff/cache
--
  PID USER      PR  NI    VIRT    RES    SHR S %CPU %MEM     TIME+ COMMAND
11560 freshman  20   0   42788   3996   3368 R  0.1  0.0   0:07.46 top

top - 18:23:37 up 11 days,  5:28,  6 users,  load average: 0.92, 0.98, 0.85
Tasks: 194 total,   1 running, 119 sleeping,   0 stopped,   0 zombie
%Cpu(s):  0.1 us,  0.0 sy,  0.0 ni, 99.9 id,  0.0 wa,  0.0 hi,  0.0 si,  0.0 st
KiB Mem : 32843380 total, 17125424 free,   315648 used, 15402308 buff/cache
--
  PID USER      PR  NI    VIRT    RES    SHR S %CPU %MEM     TIME+ COMMAND

top - 18:23:38 up 11 days,  5:28,  6 users,  load average: 0.92, 0.98, 0.85
Tasks: 194 total,   1 running, 119 sleeping,   0 stopped,   0 zombie
%Cpu(s):  0.0 us,  0.0 sy,  0.0 ni,100.0 id,  0.0 wa,  0.0 hi,  0.0 si,  0.0 st
KiB Mem : 32843380 total, 17125424 free,   315640 used, 15402316 buff/cache
--
  PID USER      PR  NI    VIRT    RES    SHR S %CPU %MEM     TIME+ COMMAND
11560 freshman  20   0   42788   3996   3368 R  0.1  0.0   0:07.47 top

top - 18:23:39 up 11 days,  5:28,  6 users,  load average: 0.92, 0.98, 0.85
Tasks: 194 total,   1 running, 119 sleeping,   0 stopped,   0 zombie
%Cpu(s):  0.0 us,  0.1 sy,  0.0 ni, 99.9 id,  0.0 wa,  0.0 hi,  0.0 si,  0.0 st
KiB Mem : 32843380 total, 17125424 free,   315640 used, 15402316 buff/cache
--
  PID USER      PR  NI    VIRT    RES    SHR S %CPU %MEM     TIME+ COMMAND
11560 freshman  20   0   42788   3996   3368 R  0.1  0.0   0:07.48 top

top - 18:23:40 up 11 days,  5:28,  6 users,  load average: 0.92, 0.98, 0.85
Tasks: 194 total,   1 running, 119 sleeping,   0 stopped,   0 zombie
%Cpu(s):  2.1 us,  0.2 sy,  0.0 ni, 97.6 id,  0.0 wa,  0.0 hi,  0.0 si,  0.0 st
KiB Mem : 32843380 total, 17125424 free,   315640 used, 15402316 buff/cache
--
  PID USER      PR  NI    VIRT    RES    SHR S %CPU %MEM     TIME+ COMMAND
11573 freshman  20   0   91160  53176   4972 S  0.2  0.2   0:02.80 runspec

top - 18:23:41 up 11 days,  5:28,  6 users,  load average: 0.93, 0.98, 0.85
Tasks: 197 total,   2 running, 121 sleeping,   0 stopped,   0 zombie
%Cpu(s):  6.5 us,  0.5 sy,  0.0 ni, 93.0 id,  0.0 wa,  0.0 hi,  0.0 si,  0.0 st
KiB Mem : 32843380 total, 16946768 free,   494268 used, 15402344 buff/cache
--
  PID USER      PR  NI    VIRT    RES    SHR S %CPU %MEM     TIME+ COMMAND
12081 freshman  20   0  183260 180060   1600 R  6.6  0.5   0:00.53 sjeng_base.+
11573 freshman  20   0   91160  53176   4972 S  0.1  0.2   0:02.81 runspec

top - 18:23:42 up 11 days,  5:28,  6 users,  load average: 0.93, 0.98, 0.85
Tasks: 197 total,   2 running, 121 sleeping,   0 stopped,   0 zombie
%Cpu(s): 12.4 us,  0.1 sy,  0.0 ni, 87.4 id,  0.0 wa,  0.0 hi,  0.0 si,  0.0 st
KiB Mem : 32843380 total, 16946768 free,   494268 used, 15402344 buff/cache
--
  PID USER      PR  NI    VIRT    RES    SHR S %CPU %MEM     TIME+ COMMAND
12081 freshman  20   0  183308 180060   1600 R 12.5  0.5   0:01.53 sjeng_base.+
11560 freshman  20   0   42788   3996   3368 R  0.1  0.0   0:07.49 top

top - 18:23:43 up 11 days,  5:28,  6 users,  load average: 0.93, 0.98, 0.85
Tasks: 197 total,   2 running, 121 sleeping,   0 stopped,   0 zombie
%Cpu(s): 12.5 us,  0.0 sy,  0.0 ni, 87.5 id,  0.0 wa,  0.0 hi,  0.0 si,  0.0 st
KiB Mem : 32843380 total, 16946768 free,   494268 used, 15402344 buff/cache
--
  PID USER      PR  NI    VIRT    RES    SHR S %CPU %MEM     TIME+ COMMAND
12081 freshman  20   0  183360 180060   1600 R 12.4  0.5   0:02.53 sjeng_base.+

top - 18:23:44 up 11 days,  5:28,  6 users,  load average: 0.93, 0.98, 0.85
Tasks: 197 total,   2 running, 121 sleeping,   0 stopped,   0 zombie
%Cpu(s): 12.5 us,  0.1 sy,  0.0 ni, 87.2 id,  0.1 wa,  0.0 hi,  0.0 si,  0.0 st
KiB Mem : 32843380 total, 16946560 free,   494452 used, 15402368 buff/cache
--
  PID USER      PR  NI    VIRT    RES    SHR S %CPU %MEM     TIME+ COMMAND
12081 freshman  20   0  183360 180060   1600 R 12.5  0.5   0:03.54 sjeng_base.+
11560 freshman  20   0   42788   3996   3368 R  0.1  0.0   0:07.50 top

top - 18:23:45 up 11 days,  5:28,  6 users,  load average: 0.93, 0.98, 0.85
Tasks: 197 total,   2 running, 121 sleeping,   0 stopped,   0 zombie
%Cpu(s): 12.5 us,  0.0 sy,  0.0 ni, 87.5 id,  0.0 wa,  0.0 hi,  0.0 si,  0.0 st
KiB Mem : 32843380 total, 16946560 free,   494452 used, 15402368 buff/cache
--
  PID USER      PR  NI    VIRT    RES    SHR S %CPU %MEM     TIME+ COMMAND
12081 freshman  20   0  183424 180324   1600 R 12.5  0.5   0:04.54 sjeng_base.+

top - 18:23:46 up 11 days,  5:28,  6 users,  load average: 0.93, 0.98, 0.85
Tasks: 197 total,   2 running, 121 sleeping,   0 stopped,   0 zombie
%Cpu(s): 12.6 us,  0.0 sy,  0.0 ni, 87.4 id,  0.0 wa,  0.0 hi,  0.0 si,  0.0 st
KiB Mem : 32843380 total, 16946560 free,   494452 used, 15402368 buff/cache
--
  PID USER      PR  NI    VIRT    RES    SHR S %CPU %MEM     TIME+ COMMAND
12081 freshman  20   0  183424 180324   1600 R 12.5  0.5   0:05.55 sjeng_base.+
11560 freshman  20   0   42788   3996   3368 R  0.1  0.0   0:07.51 top

top - 18:23:47 up 11 days,  5:28,  6 users,  load average: 0.93, 0.98, 0.85
Tasks: 197 total,   2 running, 121 sleeping,   0 stopped,   0 zombie
%Cpu(s): 12.4 us,  0.1 sy,  0.0 ni, 87.4 id,  0.0 wa,  0.0 hi,  0.0 si,  0.0 st
KiB Mem : 32843380 total, 16946560 free,   494444 used, 15402376 buff/cache
--
  PID USER      PR  NI    VIRT    RES    SHR S %CPU %MEM     TIME+ COMMAND
12081 freshman  20   0  183424 180324   1600 R 12.5  0.5   0:06.55 sjeng_base.+

top - 18:23:48 up 11 days,  5:28,  6 users,  load average: 0.93, 0.98, 0.85
Tasks: 197 total,   2 running, 121 sleeping,   0 stopped,   0 zombie
%Cpu(s): 12.6 us,  0.0 sy,  0.0 ni, 87.4 id,  0.0 wa,  0.0 hi,  0.0 si,  0.0 st
KiB Mem : 32843380 total, 16946560 free,   494444 used, 15402376 buff/cache
--
  PID USER      PR  NI    VIRT    RES    SHR S %CPU %MEM     TIME+ COMMAND
12081 freshman  20   0  183424 180324   1600 R 12.5  0.5   0:07.56 sjeng_base.+

top - 18:23:49 up 11 days,  5:28,  6 users,  load average: 0.93, 0.98, 0.85
Tasks: 197 total,   2 running, 121 sleeping,   0 stopped,   0 zombie
%Cpu(s): 12.5 us,  0.1 sy,  0.0 ni, 87.3 id,  0.0 wa,  0.0 hi,  0.0 si,  0.0 st
KiB Mem : 32843380 total, 16946560 free,   494444 used, 15402376 buff/cache
--
  PID USER      PR  NI    VIRT    RES    SHR S %CPU %MEM     TIME+ COMMAND
12081 freshman  20   0  183424 180324   1600 R 12.6  0.5   0:08.57 sjeng_base.+
11560 freshman  20   0   42788   3996   3368 R  0.1  0.0   0:07.52 top

top - 18:23:50 up 11 days,  5:28,  6 users,  load average: 0.93, 0.98, 0.85
Tasks: 197 total,   2 running, 121 sleeping,   0 stopped,   0 zombie
%Cpu(s): 12.4 us,  0.0 sy,  0.0 ni, 87.6 id,  0.0 wa,  0.0 hi,  0.0 si,  0.0 st
KiB Mem : 32843380 total, 16946544 free,   494452 used, 15402384 buff/cache
--
  PID USER      PR  NI    VIRT    RES    SHR S %CPU %MEM     TIME+ COMMAND
12081 freshman  20   0  183456 180324   1600 R 12.4  0.5   0:09.57 sjeng_base.+

top - 18:23:51 up 11 days,  5:28,  6 users,  load average: 0.94, 0.98, 0.85
Tasks: 197 total,   2 running, 121 sleeping,   0 stopped,   0 zombie
%Cpu(s): 12.6 us,  0.0 sy,  0.0 ni, 87.4 id,  0.0 wa,  0.0 hi,  0.0 si,  0.0 st
KiB Mem : 32843380 total, 16946544 free,   494452 used, 15402384 buff/cache
--
  PID USER      PR  NI    VIRT    RES    SHR S %CPU %MEM     TIME+ COMMAND
12081 freshman  20   0  183456 180324   1600 R 12.5  0.5   0:10.57 sjeng_base.+
11560 freshman  20   0   42788   3996   3368 R  0.1  0.0   0:07.53 top

top - 18:23:52 up 11 days,  5:28,  6 users,  load average: 0.94, 0.98, 0.85
Tasks: 197 total,   2 running, 121 sleeping,   0 stopped,   0 zombie
%Cpu(s): 12.6 us,  0.0 sy,  0.0 ni, 87.4 id,  0.0 wa,  0.0 hi,  0.0 si,  0.0 st
KiB Mem : 32843380 total, 16946544 free,   494452 used, 15402384 buff/cache
--
  PID USER      PR  NI    VIRT    RES    SHR S %CPU %MEM     TIME+ COMMAND
12081 freshman  20   0  183504 180324   1600 R 12.5  0.5   0:11.58 sjeng_base.+
11560 freshman  20   0   42788   3996   3368 R  0.1  0.0   0:07.54 top

top - 18:23:53 up 11 days,  5:28,  6 users,  load average: 0.94, 0.98, 0.85
Tasks: 197 total,   2 running, 121 sleeping,   0 stopped,   0 zombie
%Cpu(s): 12.5 us,  0.0 sy,  0.0 ni, 87.5 id,  0.0 wa,  0.0 hi,  0.0 si,  0.0 st
KiB Mem : 32843380 total, 16946436 free,   494556 used, 15402388 buff/cache
--
  PID USER      PR  NI    VIRT    RES    SHR S %CPU %MEM     TIME+ COMMAND
12081 freshman  20   0  183520 180324   1600 R 12.6  0.5   0:12.59 sjeng_base.+

top - 18:23:54 up 11 days,  5:28,  6 users,  load average: 0.94, 0.98, 0.85
Tasks: 197 total,   2 running, 121 sleeping,   0 stopped,   0 zombie
%Cpu(s): 12.5 us,  0.1 sy,  0.0 ni, 87.3 id,  0.0 wa,  0.0 hi,  0.0 si,  0.0 st
KiB Mem : 32843380 total, 16946436 free,   494556 used, 15402388 buff/cache
--
  PID USER      PR  NI    VIRT    RES    SHR S %CPU %MEM     TIME+ COMMAND
12081 freshman  20   0  183520 180324   1600 R 12.4  0.5   0:13.59 sjeng_base.+

top - 18:23:55 up 11 days,  5:28,  6 users,  load average: 0.94, 0.98, 0.85
Tasks: 197 total,   2 running, 121 sleeping,   0 stopped,   0 zombie
%Cpu(s): 12.6 us,  0.0 sy,  0.0 ni, 87.4 id,  0.0 wa,  0.0 hi,  0.0 si,  0.0 st
KiB Mem : 32843380 total, 16946436 free,   494556 used, 15402388 buff/cache
--
  PID USER      PR  NI    VIRT    RES    SHR S %CPU %MEM     TIME+ COMMAND
12081 freshman  20   0  183552 180324   1600 R 12.5  0.5   0:14.59 sjeng_base.+

top - 18:23:56 up 11 days,  5:28,  6 users,  load average: 0.94, 0.99, 0.86
Tasks: 197 total,   2 running, 121 sleeping,   0 stopped,   0 zombie
%Cpu(s): 12.4 us,  0.0 sy,  0.0 ni, 87.4 id,  0.1 wa,  0.0 hi,  0.0 si,  0.0 st
KiB Mem : 32843380 total, 16946420 free,   494572 used, 15402388 buff/cache
--
  PID USER      PR  NI    VIRT    RES    SHR S %CPU %MEM     TIME+ COMMAND
12081 freshman  20   0  183568 180324   1600 R 12.5  0.5   0:15.60 sjeng_base.+
11560 freshman  20   0   42788   3996   3368 R  0.2  0.0   0:07.56 top

top - 18:23:57 up 11 days,  5:28,  6 users,  load average: 0.94, 0.99, 0.86
Tasks: 197 total,   2 running, 121 sleeping,   0 stopped,   0 zombie
%Cpu(s): 12.6 us,  0.0 sy,  0.0 ni, 87.4 id,  0.0 wa,  0.0 hi,  0.0 si,  0.0 st
KiB Mem : 32843380 total, 16946420 free,   494572 used, 15402388 buff/cache
--
  PID USER      PR  NI    VIRT    RES    SHR S %CPU %MEM     TIME+ COMMAND
12081 freshman  20   0  183568 180324   1600 R 12.6  0.5   0:16.61 sjeng_base.+

top - 18:23:58 up 11 days,  5:28,  6 users,  load average: 0.94, 0.99, 0.86
Tasks: 197 total,   2 running, 121 sleeping,   0 stopped,   0 zombie
%Cpu(s): 12.6 us,  0.0 sy,  0.0 ni, 87.4 id,  0.0 wa,  0.0 hi,  0.0 si,  0.0 st
KiB Mem : 32843380 total, 16946420 free,   494572 used, 15402388 buff/cache
--
  PID USER      PR  NI    VIRT    RES    SHR S %CPU %MEM     TIME+ COMMAND
12081 freshman  20   0  183568 180324   1600 R 12.4  0.5   0:17.61 sjeng_base.+

top - 18:23:59 up 11 days,  5:28,  6 users,  load average: 0.94, 0.99, 0.86
Tasks: 197 total,   2 running, 121 sleeping,   0 stopped,   0 zombie
%Cpu(s): 12.5 us,  0.1 sy,  0.0 ni, 87.3 id,  0.0 wa,  0.0 hi,  0.0 si,  0.0 st
KiB Mem : 32843380 total, 16946436 free,   494548 used, 15402396 buff/cache
--
  PID USER      PR  NI    VIRT    RES    SHR S %CPU %MEM     TIME+ COMMAND
12081 freshman  20   0  183568 180324   1600 R 12.6  0.5   0:18.62 sjeng_base.+

top - 18:24:00 up 11 days,  5:28,  6 users,  load average: 0.94, 0.99, 0.86
Tasks: 197 total,   2 running, 121 sleeping,   0 stopped,   0 zombie
%Cpu(s): 12.5 us,  0.0 sy,  0.0 ni, 87.5 id,  0.0 wa,  0.0 hi,  0.0 si,  0.0 st
KiB Mem : 32843380 total, 16946436 free,   494548 used, 15402396 buff/cache
--
  PID USER      PR  NI    VIRT    RES    SHR S %CPU %MEM     TIME+ COMMAND
12081 freshman  20   0  183568 180324   1600 R 12.4  0.5   0:19.62 sjeng_base.+

top - 18:24:01 up 11 days,  5:28,  6 users,  load average: 0.95, 0.99, 0.86
Tasks: 197 total,   2 running, 121 sleeping,   0 stopped,   0 zombie
%Cpu(s): 12.6 us,  0.0 sy,  0.0 ni, 87.4 id,  0.0 wa,  0.0 hi,  0.0 si,  0.0 st
KiB Mem : 32843380 total, 16946436 free,   494548 used, 15402396 buff/cache
--
  PID USER      PR  NI    VIRT    RES    SHR S %CPU %MEM     TIME+ COMMAND
12081 freshman  20   0  183568 180324   1600 R 12.6  0.5   0:20.63 sjeng_base.+
11560 freshman  20   0   42788   3996   3368 R  0.1  0.0   0:07.57 top

top - 18:24:02 up 11 days,  5:28,  6 users,  load average: 0.95, 0.99, 0.86
Tasks: 197 total,   2 running, 121 sleeping,   0 stopped,   0 zombie
%Cpu(s): 12.4 us,  0.1 sy,  0.0 ni, 87.4 id,  0.0 wa,  0.0 hi,  0.0 si,  0.0 st
KiB Mem : 32843380 total, 16946420 free,   494552 used, 15402408 buff/cache
--
  PID USER      PR  NI    VIRT    RES    SHR S %CPU %MEM     TIME+ COMMAND
12081 freshman  20   0  183568 180324   1600 R 12.4  0.5   0:21.63 sjeng_base.+

top - 18:24:03 up 11 days,  5:28,  6 users,  load average: 0.95, 0.99, 0.86
Tasks: 197 total,   2 running, 121 sleeping,   0 stopped,   0 zombie
%Cpu(s): 12.5 us,  0.1 sy,  0.0 ni, 87.3 id,  0.0 wa,  0.0 hi,  0.0 si,  0.0 st
KiB Mem : 32843380 total, 16946420 free,   494552 used, 15402408 buff/cache
--
  PID USER      PR  NI    VIRT    RES    SHR S %CPU %MEM     TIME+ COMMAND
12081 freshman  20   0  183568 180324   1600 R 12.5  0.5   0:22.64 sjeng_base.+
11560 freshman  20   0   42788   3996   3368 R  0.1  0.0   0:07.58 top

top - 18:24:04 up 11 days,  5:28,  6 users,  load average: 0.95, 0.99, 0.86
Tasks: 197 total,   2 running, 121 sleeping,   0 stopped,   0 zombie
%Cpu(s): 12.5 us,  0.0 sy,  0.0 ni, 87.5 id,  0.0 wa,  0.0 hi,  0.0 si,  0.0 st
KiB Mem : 32843380 total, 16946420 free,   494552 used, 15402408 buff/cache
--
  PID USER      PR  NI    VIRT    RES    SHR S %CPU %MEM     TIME+ COMMAND
12081 freshman  20   0  183568 180324   1600 R 12.5  0.5   0:23.64 sjeng_base.+

top - 18:24:05 up 11 days,  5:28,  6 users,  load average: 0.95, 0.99, 0.86
Tasks: 197 total,   2 running, 121 sleeping,   0 stopped,   0 zombie
%Cpu(s): 12.5 us,  0.0 sy,  0.0 ni, 87.5 id,  0.0 wa,  0.0 hi,  0.0 si,  0.0 st
KiB Mem : 32843380 total, 16946436 free,   494536 used, 15402408 buff/cache
--
  PID USER      PR  NI    VIRT    RES    SHR S %CPU %MEM     TIME+ COMMAND
12081 freshman  20   0  183568 180324   1600 R 12.5  0.5   0:24.65 sjeng_base.+
11560 freshman  20   0   42788   3996   3368 R  0.1  0.0   0:07.59 top

top - 18:24:06 up 11 days,  5:28,  6 users,  load average: 0.95, 0.99, 0.86
Tasks: 197 total,   2 running, 121 sleeping,   0 stopped,   0 zombie
%Cpu(s): 12.4 us,  0.1 sy,  0.0 ni, 87.4 id,  0.0 wa,  0.0 hi,  0.0 si,  0.0 st
KiB Mem : 32843380 total, 16946436 free,   494536 used, 15402408 buff/cache
--
  PID USER      PR  NI    VIRT    RES    SHR S %CPU %MEM     TIME+ COMMAND
12081 freshman  20   0  183568 180324   1600 R 12.5  0.5   0:25.65 sjeng_base.+

top - 18:24:07 up 11 days,  5:28,  6 users,  load average: 0.95, 0.99, 0.86
Tasks: 197 total,   2 running, 121 sleeping,   0 stopped,   0 zombie
%Cpu(s): 12.6 us,  0.0 sy,  0.0 ni, 87.4 id,  0.0 wa,  0.0 hi,  0.0 si,  0.0 st
KiB Mem : 32843380 total, 16946436 free,   494536 used, 15402408 buff/cache
--
  PID USER      PR  NI    VIRT    RES    SHR S %CPU %MEM     TIME+ COMMAND
12081 freshman  20   0  183568 180324   1600 R 12.5  0.5   0:26.66 sjeng_base.+
  820 systemd+  20   0   80192   5960   5216 S  0.1  0.0   0:01.55 systemd-net+

top - 18:24:08 up 11 days,  5:28,  6 users,  load average: 0.95, 0.99, 0.86
Tasks: 197 total,   2 running, 121 sleeping,   0 stopped,   0 zombie
%Cpu(s): 12.5 us,  0.1 sy,  0.0 ni, 87.3 id,  0.0 wa,  0.0 hi,  0.0 si,  0.0 st
KiB Mem : 32843380 total, 16946436 free,   494536 used, 15402408 buff/cache
--
  PID USER      PR  NI    VIRT    RES    SHR S %CPU %MEM     TIME+ COMMAND
12081 freshman  20   0  183568 180324   1600 R 12.6  0.5   0:27.67 sjeng_base.+
11560 freshman  20   0   42788   3996   3368 R  0.1  0.0   0:07.60 top

top - 18:24:09 up 11 days,  5:28,  6 users,  load average: 0.95, 0.99, 0.86
Tasks: 197 total,   2 running, 121 sleeping,   0 stopped,   0 zombie
%Cpu(s): 12.5 us,  0.0 sy,  0.0 ni, 87.5 id,  0.0 wa,  0.0 hi,  0.0 si,  0.0 st
KiB Mem : 32843380 total, 16946436 free,   494536 used, 15402408 buff/cache
--
  PID USER      PR  NI    VIRT    RES    SHR S %CPU %MEM     TIME+ COMMAND
12081 freshman  20   0  183568 180324   1600 R 12.4  0.5   0:28.67 sjeng_base.+
11560 freshman  20   0   42788   3996   3368 R  0.1  0.0   0:07.61 top

top - 18:24:10 up 11 days,  5:28,  6 users,  load average: 0.95, 0.99, 0.86
Tasks: 197 total,   2 running, 121 sleeping,   0 stopped,   0 zombie
%Cpu(s): 12.5 us,  0.0 sy,  0.0 ni, 87.3 id,  0.1 wa,  0.0 hi,  0.0 si,  0.0 st
KiB Mem : 32843380 total, 16946436 free,   494536 used, 15402408 buff/cache
--
  PID USER      PR  NI    VIRT    RES    SHR S %CPU %MEM     TIME+ COMMAND
12081 freshman  20   0  183568 180324   1600 R 12.5  0.5   0:29.67 sjeng_base.+

top - 18:24:11 up 11 days,  5:28,  6 users,  load average: 0.96, 0.99, 0.86
Tasks: 197 total,   2 running, 121 sleeping,   0 stopped,   0 zombie
%Cpu(s): 12.6 us,  0.0 sy,  0.0 ni, 87.4 id,  0.0 wa,  0.0 hi,  0.0 si,  0.0 st
KiB Mem : 32843380 total, 16946436 free,   494524 used, 15402420 buff/cache
--
  PID USER      PR  NI    VIRT    RES    SHR S %CPU %MEM     TIME+ COMMAND
12081 freshman  20   0  183568 180324   1600 R 12.5  0.5   0:30.68 sjeng_base.+
11560 freshman  20   0   42788   3996   3368 R  0.1  0.0   0:07.62 top

top - 18:24:12 up 11 days,  5:28,  6 users,  load average: 0.96, 0.99, 0.86
Tasks: 197 total,   2 running, 121 sleeping,   0 stopped,   0 zombie
%Cpu(s): 12.5 us,  0.0 sy,  0.0 ni, 87.5 id,  0.0 wa,  0.0 hi,  0.0 si,  0.0 st
KiB Mem : 32843380 total, 16946436 free,   494524 used, 15402420 buff/cache
--
  PID USER      PR  NI    VIRT    RES    SHR S %CPU %MEM     TIME+ COMMAND
12081 freshman  20   0  183568 180324   1600 R 12.6  0.5   0:31.69 sjeng_base.+

top - 18:24:13 up 11 days,  5:28,  6 users,  load average: 0.96, 0.99, 0.86
Tasks: 197 total,   2 running, 121 sleeping,   0 stopped,   0 zombie
%Cpu(s): 12.5 us,  0.0 sy,  0.0 ni, 87.5 id,  0.0 wa,  0.0 hi,  0.0 si,  0.0 st
KiB Mem : 32843380 total, 16946436 free,   494524 used, 15402420 buff/cache
--
  PID USER      PR  NI    VIRT    RES    SHR S %CPU %MEM     TIME+ COMMAND
12081 freshman  20   0  183568 180324   1600 R 12.4  0.5   0:32.69 sjeng_base.+
11560 freshman  20   0   42788   3996   3368 R  0.1  0.0   0:07.63 top

top - 18:24:14 up 11 days,  5:28,  6 users,  load average: 0.96, 0.99, 0.86
Tasks: 197 total,   2 running, 121 sleeping,   0 stopped,   0 zombie
%Cpu(s): 12.6 us,  0.0 sy,  0.0 ni, 87.4 id,  0.0 wa,  0.0 hi,  0.0 si,  0.0 st
KiB Mem : 32843380 total, 16946420 free,   494540 used, 15402420 buff/cache
--
  PID USER      PR  NI    VIRT    RES    SHR S %CPU %MEM     TIME+ COMMAND
12081 freshman  20   0  183568 180324   1600 R 12.5  0.5   0:33.69 sjeng_base.+

top - 18:24:15 up 11 days,  5:28,  6 users,  load average: 0.96, 0.99, 0.86
Tasks: 197 total,   2 running, 121 sleeping,   0 stopped,   0 zombie
%Cpu(s): 12.6 us,  0.0 sy,  0.0 ni, 87.4 id,  0.0 wa,  0.0 hi,  0.0 si,  0.0 st
KiB Mem : 32843380 total, 16946420 free,   494540 used, 15402420 buff/cache
--
  PID USER      PR  NI    VIRT    RES    SHR S %CPU %MEM     TIME+ COMMAND
12081 freshman  20   0  183568 180324   1600 R 12.5  0.5   0:34.70 sjeng_base.+
  407 root      20   0       0      0      0 S  0.1  0.0   0:00.96 jbd2/sdb2-8

top - 18:24:16 up 11 days,  5:29,  6 users,  load average: 0.96, 0.99, 0.86
Tasks: 197 total,   2 running, 121 sleeping,   0 stopped,   0 zombie
%Cpu(s): 12.5 us,  0.0 sy,  0.0 ni, 87.5 id,  0.0 wa,  0.0 hi,  0.0 si,  0.0 st
KiB Mem : 32843380 total, 16946420 free,   494540 used, 15402420 buff/cache
--
  PID USER      PR  NI    VIRT    RES    SHR S %CPU %MEM     TIME+ COMMAND
12081 freshman  20   0  183568 180324   1600 R 12.6  0.5   0:35.71 sjeng_base.+
11560 freshman  20   0   42788   3996   3368 R  0.1  0.0   0:07.64 top

top - 18:24:17 up 11 days,  5:29,  6 users,  load average: 0.96, 0.99, 0.86
Tasks: 197 total,   2 running, 121 sleeping,   0 stopped,   0 zombie
%Cpu(s): 12.5 us,  0.1 sy,  0.0 ni, 87.3 id,  0.0 wa,  0.0 hi,  0.0 si,  0.0 st
KiB Mem : 32843380 total, 16946436 free,   494512 used, 15402432 buff/cache
--
  PID USER      PR  NI    VIRT    RES    SHR S %CPU %MEM     TIME+ COMMAND
12081 freshman  20   0  183568 180324   1600 R 12.4  0.5   0:36.71 sjeng_base.+

top - 18:24:18 up 11 days,  5:29,  6 users,  load average: 0.96, 0.99, 0.86
Tasks: 197 total,   2 running, 121 sleeping,   0 stopped,   0 zombie
%Cpu(s): 12.6 us,  0.0 sy,  0.0 ni, 87.4 id,  0.0 wa,  0.0 hi,  0.0 si,  0.0 st
KiB Mem : 32843380 total, 16946436 free,   494512 used, 15402432 buff/cache
--
  PID USER      PR  NI    VIRT    RES    SHR S %CPU %MEM     TIME+ COMMAND
12081 freshman  20   0  183568 180324   1600 R 12.6  0.5   0:37.72 sjeng_base.+

top - 18:24:19 up 11 days,  5:29,  6 users,  load average: 0.96, 0.99, 0.86
Tasks: 197 total,   2 running, 121 sleeping,   0 stopped,   0 zombie
%Cpu(s): 12.5 us,  0.0 sy,  0.0 ni, 87.5 id,  0.0 wa,  0.0 hi,  0.0 si,  0.0 st
KiB Mem : 32843380 total, 16946436 free,   494512 used, 15402432 buff/cache
--
  PID USER      PR  NI    VIRT    RES    SHR S %CPU %MEM     TIME+ COMMAND
12081 freshman  20   0  183568 180324   1600 R 12.4  0.5   0:38.72 sjeng_base.+
11560 freshman  20   0   42788   3996   3368 R  0.1  0.0   0:07.65 top

top - 18:24:20 up 11 days,  5:29,  6 users,  load average: 0.96, 0.99, 0.86
Tasks: 197 total,   2 running, 121 sleeping,   0 stopped,   0 zombie
%Cpu(s): 12.5 us,  0.1 sy,  0.0 ni, 87.3 id,  0.0 wa,  0.0 hi,  0.0 si,  0.0 st
KiB Mem : 32843380 total, 16946420 free,   494528 used, 15402432 buff/cache
--
  PID USER      PR  NI    VIRT    RES    SHR S %CPU %MEM     TIME+ COMMAND
12081 freshman  20   0  183568 180324   1600 R 12.6  0.5   0:39.73 sjeng_base.+
11560 freshman  20   0   42788   3996   3368 R  0.1  0.0   0:07.66 top

top - 18:24:21 up 11 days,  5:29,  6 users,  load average: 0.96, 0.99, 0.86
Tasks: 197 total,   2 running, 121 sleeping,   0 stopped,   0 zombie
%Cpu(s): 12.5 us,  0.0 sy,  0.0 ni, 87.3 id,  0.1 wa,  0.0 hi,  0.0 si,  0.0 st
KiB Mem : 32843380 total, 16946420 free,   494528 used, 15402432 buff/cache
--
  PID USER      PR  NI    VIRT    RES    SHR S %CPU %MEM     TIME+ COMMAND
12081 freshman  20   0  183568 180324   1600 R 12.4  0.5   0:40.73 sjeng_base.+

top - 18:24:22 up 11 days,  5:29,  6 users,  load average: 0.96, 0.99, 0.86
Tasks: 197 total,   2 running, 121 sleeping,   0 stopped,   0 zombie
%Cpu(s): 12.4 us,  0.0 sy,  0.0 ni, 87.6 id,  0.0 wa,  0.0 hi,  0.0 si,  0.0 st
KiB Mem : 32843380 total, 16946420 free,   494528 used, 15402432 buff/cache
--
  PID USER      PR  NI    VIRT    RES    SHR S %CPU %MEM     TIME+ COMMAND
12081 freshman  20   0  183568 180324   1600 R 12.5  0.5   0:41.74 sjeng_base.+

top - 18:24:23 up 11 days,  5:29,  6 users,  load average: 0.96, 0.99, 0.86
Tasks: 197 total,   2 running, 121 sleeping,   0 stopped,   0 zombie
%Cpu(s): 12.6 us,  0.0 sy,  0.0 ni, 87.4 id,  0.0 wa,  0.0 hi,  0.0 si,  0.0 st
KiB Mem : 32843380 total, 16946420 free,   494520 used, 15402440 buff/cache
--
  PID USER      PR  NI    VIRT    RES    SHR S %CPU %MEM     TIME+ COMMAND
12081 freshman  20   0  183568 180324   1600 R 12.5  0.5   0:42.74 sjeng_base.+

top - 18:24:24 up 11 days,  5:29,  6 users,  load average: 0.96, 0.99, 0.86
Tasks: 197 total,   2 running, 121 sleeping,   0 stopped,   0 zombie
%Cpu(s): 12.5 us,  0.1 sy,  0.0 ni, 87.3 id,  0.0 wa,  0.0 hi,  0.0 si,  0.0 st
KiB Mem : 32843380 total, 16946420 free,   494520 used, 15402440 buff/cache
--
  PID USER      PR  NI    VIRT    RES    SHR S %CPU %MEM     TIME+ COMMAND
12081 freshman  20   0  183568 180324   1600 R 12.5  0.5   0:43.75 sjeng_base.+
11560 freshman  20   0   42788   3996   3368 R  0.1  0.0   0:07.67 top

top - 18:24:25 up 11 days,  5:29,  6 users,  load average: 0.96, 0.99, 0.86
Tasks: 197 total,   2 running, 121 sleeping,   0 stopped,   0 zombie
%Cpu(s): 12.6 us,  0.0 sy,  0.0 ni, 87.4 id,  0.0 wa,  0.0 hi,  0.0 si,  0.0 st
KiB Mem : 32843380 total, 16946420 free,   494520 used, 15402440 buff/cache
--
  PID USER      PR  NI    VIRT    RES    SHR S %CPU %MEM     TIME+ COMMAND
12081 freshman  20   0  183568 180324   1600 R 12.5  0.5   0:44.75 sjeng_base.+
11560 freshman  20   0   42788   3996   3368 R  0.1  0.0   0:07.68 top

top - 18:24:26 up 11 days,  5:29,  6 users,  load average: 0.97, 0.99, 0.86
Tasks: 197 total,   2 running, 121 sleeping,   0 stopped,   0 zombie
%Cpu(s): 12.4 us,  0.1 sy,  0.0 ni, 87.4 id,  0.0 wa,  0.0 hi,  0.0 si,  0.0 st
KiB Mem : 32843380 total, 16946420 free,   494516 used, 15402444 buff/cache
--
  PID USER      PR  NI    VIRT    RES    SHR S %CPU %MEM     TIME+ COMMAND
12081 freshman  20   0  183568 180324   1600 R 12.5  0.5   0:45.76 sjeng_base.+

top - 18:24:27 up 11 days,  5:29,  6 users,  load average: 0.97, 0.99, 0.86
Tasks: 197 total,   2 running, 121 sleeping,   0 stopped,   0 zombie
%Cpu(s): 12.5 us,  0.0 sy,  0.0 ni, 87.5 id,  0.0 wa,  0.0 hi,  0.0 si,  0.0 st
KiB Mem : 32843380 total, 16946420 free,   494516 used, 15402444 buff/cache
--
  PID USER      PR  NI    VIRT    RES    SHR S %CPU %MEM     TIME+ COMMAND
12081 freshman  20   0  183568 180324   1600 R 12.6  0.5   0:46.77 sjeng_base.+

top - 18:24:28 up 11 days,  5:29,  6 users,  load average: 0.97, 0.99, 0.86
Tasks: 197 total,   2 running, 121 sleeping,   0 stopped,   0 zombie
%Cpu(s): 12.5 us,  0.0 sy,  0.0 ni, 87.5 id,  0.0 wa,  0.0 hi,  0.0 si,  0.0 st
KiB Mem : 32843380 total, 16946420 free,   494516 used, 15402444 buff/cache
--
  PID USER      PR  NI    VIRT    RES    SHR S %CPU %MEM     TIME+ COMMAND
12081 freshman  20   0  183568 180324   1600 R 12.4  0.5   0:47.77 sjeng_base.+
11560 freshman  20   0   42788   3996   3368 R  0.1  0.0   0:07.69 top

top - 18:24:29 up 11 days,  5:29,  6 users,  load average: 0.97, 0.99, 0.86
Tasks: 197 total,   2 running, 121 sleeping,   0 stopped,   0 zombie
%Cpu(s): 12.5 us,  0.1 sy,  0.0 ni, 87.3 id,  0.0 wa,  0.0 hi,  0.0 si,  0.0 st
KiB Mem : 32843380 total, 16946436 free,   494500 used, 15402444 buff/cache
--
  PID USER      PR  NI    VIRT    RES    SHR S %CPU %MEM     TIME+ COMMAND
12081 freshman  20   0  183568 180324   1600 R 12.5  0.5   0:48.77 sjeng_base.+

top - 18:24:30 up 11 days,  5:29,  6 users,  load average: 0.97, 0.99, 0.86
Tasks: 197 total,   2 running, 121 sleeping,   0 stopped,   0 zombie
%Cpu(s): 12.6 us,  0.0 sy,  0.0 ni, 87.4 id,  0.0 wa,  0.0 hi,  0.0 si,  0.0 st
KiB Mem : 32843380 total, 16946436 free,   494500 used, 15402444 buff/cache
--
  PID USER      PR  NI    VIRT    RES    SHR S %CPU %MEM     TIME+ COMMAND
12081 freshman  20   0  183568 180324   1600 R 12.5  0.5   0:49.78 sjeng_base.+
11560 freshman  20   0   42788   3996   3368 R  0.1  0.0   0:07.70 top

top - 18:24:31 up 11 days,  5:29,  6 users,  load average: 0.97, 0.99, 0.86
Tasks: 197 total,   2 running, 121 sleeping,   0 stopped,   0 zombie
%Cpu(s): 12.6 us,  0.0 sy,  0.0 ni, 87.4 id,  0.0 wa,  0.0 hi,  0.0 si,  0.0 st
KiB Mem : 32843380 total, 16946436 free,   494500 used, 15402444 buff/cache
--
  PID USER      PR  NI    VIRT    RES    SHR S %CPU %MEM     TIME+ COMMAND
12081 freshman  20   0  183568 180324   1600 R 12.6  0.5   0:50.79 sjeng_base.+

top - 18:24:32 up 11 days,  5:29,  6 users,  load average: 0.97, 0.99, 0.86
Tasks: 197 total,   2 running, 121 sleeping,   0 stopped,   0 zombie
%Cpu(s): 12.5 us,  0.0 sy,  0.0 ni, 87.5 id,  0.0 wa,  0.0 hi,  0.0 si,  0.0 st
KiB Mem : 32843380 total, 16946420 free,   494504 used, 15402456 buff/cache
--
  PID USER      PR  NI    VIRT    RES    SHR S %CPU %MEM     TIME+ COMMAND
12081 freshman  20   0  183568 180324   1600 R 12.4  0.5   0:51.79 sjeng_base.+
11560 freshman  20   0   42788   3996   3368 R  0.1  0.0   0:07.71 top

top - 18:24:33 up 11 days,  5:29,  6 users,  load average: 0.97, 0.99, 0.86
Tasks: 197 total,   2 running, 121 sleeping,   0 stopped,   0 zombie
%Cpu(s): 12.5 us,  0.0 sy,  0.0 ni, 87.5 id,  0.0 wa,  0.0 hi,  0.0 si,  0.0 st
KiB Mem : 32843380 total, 16946420 free,   494504 used, 15402456 buff/cache
--
  PID USER      PR  NI    VIRT    RES    SHR S %CPU %MEM     TIME+ COMMAND
12081 freshman  20   0  183568 180324   1600 R 12.5  0.5   0:52.79 sjeng_base.+

top - 18:24:34 up 11 days,  5:29,  6 users,  load average: 0.97, 0.99, 0.86
Tasks: 197 total,   2 running, 121 sleeping,   0 stopped,   0 zombie
%Cpu(s): 12.5 us,  0.1 sy,  0.0 ni, 87.3 id,  0.0 wa,  0.0 hi,  0.0 si,  0.0 st
KiB Mem : 32843380 total, 16946420 free,   494504 used, 15402456 buff/cache
--
  PID USER      PR  NI    VIRT    RES    SHR S %CPU %MEM     TIME+ COMMAND
12081 freshman  20   0  183568 180324   1600 R 12.5  0.5   0:53.80 sjeng_base.+

top - 18:24:35 up 11 days,  5:29,  6 users,  load average: 0.97, 0.99, 0.86
Tasks: 197 total,   2 running, 121 sleeping,   0 stopped,   0 zombie
%Cpu(s): 12.5 us,  0.0 sy,  0.0 ni, 87.5 id,  0.0 wa,  0.0 hi,  0.0 si,  0.0 st
KiB Mem : 32843380 total, 16946436 free,   494484 used, 15402460 buff/cache
--
  PID USER      PR  NI    VIRT    RES    SHR S %CPU %MEM     TIME+ COMMAND
12081 freshman  20   0  183568 180324   1600 R 12.6  0.5   0:54.81 sjeng_base.+
11560 freshman  20   0   42788   3996   3368 R  0.1  0.0   0:07.72 top

top - 18:24:36 up 11 days,  5:29,  6 users,  load average: 0.97, 0.99, 0.86
Tasks: 197 total,   2 running, 121 sleeping,   0 stopped,   0 zombie
%Cpu(s): 12.5 us,  0.0 sy,  0.0 ni, 87.5 id,  0.0 wa,  0.0 hi,  0.0 si,  0.0 st
KiB Mem : 32843380 total, 16946436 free,   494484 used, 15402460 buff/cache
--
  PID USER      PR  NI    VIRT    RES    SHR S %CPU %MEM     TIME+ COMMAND
12081 freshman  20   0  183568 180324   1600 R 12.4  0.5   0:55.81 sjeng_base.+

top - 18:24:37 up 11 days,  5:29,  6 users,  load average: 0.97, 0.99, 0.86
Tasks: 197 total,   2 running, 121 sleeping,   0 stopped,   0 zombie
%Cpu(s): 12.4 us,  0.1 sy,  0.0 ni, 87.4 id,  0.0 wa,  0.0 hi,  0.0 si,  0.0 st
KiB Mem : 32843380 total, 16946436 free,   494484 used, 15402460 buff/cache
--
  PID USER      PR  NI    VIRT    RES    SHR S %CPU %MEM     TIME+ COMMAND
12081 freshman  20   0  183568 180324   1600 R 12.6  0.5   0:56.82 sjeng_base.+

top - 18:24:38 up 11 days,  5:29,  6 users,  load average: 0.97, 0.99, 0.86
Tasks: 197 total,   2 running, 121 sleeping,   0 stopped,   0 zombie
%Cpu(s): 12.6 us,  0.0 sy,  0.0 ni, 87.4 id,  0.0 wa,  0.0 hi,  0.0 si,  0.0 st
KiB Mem : 32843380 total, 16946420 free,   494488 used, 15402472 buff/cache
--
  PID USER      PR  NI    VIRT    RES    SHR S %CPU %MEM     TIME+ COMMAND
12081 freshman  20   0  183568 180324   1600 R 12.4  0.5   0:57.82 sjeng_base.+
11560 freshman  20   0   42788   3996   3368 R  0.1  0.0   0:07.73 top

top - 18:24:39 up 11 days,  5:29,  6 users,  load average: 0.97, 0.99, 0.86
Tasks: 197 total,   2 running, 121 sleeping,   0 stopped,   0 zombie
%Cpu(s): 12.4 us,  0.1 sy,  0.0 ni, 87.4 id,  0.0 wa,  0.0 hi,  0.0 si,  0.0 st
KiB Mem : 32843380 total, 16946420 free,   494488 used, 15402472 buff/cache
--
  PID USER      PR  NI    VIRT    RES    SHR S %CPU %MEM     TIME+ COMMAND
12081 freshman  20   0  183568 180324   1600 R 12.6  0.5   0:58.83 sjeng_base.+

top - 18:24:40 up 11 days,  5:29,  6 users,  load average: 0.97, 0.99, 0.86
Tasks: 197 total,   2 running, 121 sleeping,   0 stopped,   0 zombie
%Cpu(s): 12.6 us,  0.0 sy,  0.0 ni, 87.4 id,  0.0 wa,  0.0 hi,  0.0 si,  0.0 st
KiB Mem : 32843380 total, 16946420 free,   494488 used, 15402472 buff/cache
--
  PID USER      PR  NI    VIRT    RES    SHR S %CPU %MEM     TIME+ COMMAND
12081 freshman  20   0  183568 180324   1600 R 12.4  0.5   0:59.83 sjeng_base.+

top - 18:24:41 up 11 days,  5:29,  6 users,  load average: 0.97, 0.99, 0.86
Tasks: 197 total,   2 running, 121 sleeping,   0 stopped,   0 zombie
%Cpu(s): 12.5 us,  0.0 sy,  0.0 ni, 87.5 id,  0.0 wa,  0.0 hi,  0.0 si,  0.0 st
KiB Mem : 32843380 total, 16946436 free,   494472 used, 15402472 buff/cache
--
  PID USER      PR  NI    VIRT    RES    SHR S %CPU %MEM     TIME+ COMMAND
12081 freshman  20   0  183568 180324   1600 R 12.5  0.5   1:00.84 sjeng_base.+
11560 freshman  20   0   42788   3996   3368 R  0.2  0.0   0:07.75 top

top - 18:24:42 up 11 days,  5:29,  6 users,  load average: 0.97, 0.99, 0.86
Tasks: 197 total,   2 running, 121 sleeping,   0 stopped,   0 zombie
%Cpu(s): 12.6 us,  0.0 sy,  0.0 ni, 87.4 id,  0.0 wa,  0.0 hi,  0.0 si,  0.0 st
KiB Mem : 32843380 total, 16946436 free,   494472 used, 15402472 buff/cache
--
  PID USER      PR  NI    VIRT    RES    SHR S %CPU %MEM     TIME+ COMMAND
12081 freshman  20   0  183568 180324   1600 R 12.5  0.5   1:01.84 sjeng_base.+

top - 18:24:43 up 11 days,  5:29,  6 users,  load average: 0.97, 0.99, 0.86
Tasks: 197 total,   2 running, 121 sleeping,   0 stopped,   0 zombie
%Cpu(s): 12.4 us,  0.1 sy,  0.0 ni, 87.3 id,  0.1 wa,  0.0 hi,  0.0 si,  0.0 st
KiB Mem : 32843380 total, 16946436 free,   494472 used, 15402472 buff/cache
--
  PID USER      PR  NI    VIRT    RES    SHR S %CPU %MEM     TIME+ COMMAND
12081 freshman  20   0  183568 180324   1600 R 12.5  0.5   1:02.85 sjeng_base.+

top - 18:24:44 up 11 days,  5:29,  6 users,  load average: 0.97, 0.99, 0.86
Tasks: 197 total,   2 running, 121 sleeping,   0 stopped,   0 zombie
%Cpu(s): 12.6 us,  0.0 sy,  0.0 ni, 87.4 id,  0.0 wa,  0.0 hi,  0.0 si,  0.0 st
KiB Mem : 32843380 total, 16946420 free,   494476 used, 15402484 buff/cache
--
  PID USER      PR  NI    VIRT    RES    SHR S %CPU %MEM     TIME+ COMMAND
12081 freshman  20   0  183568 180324   1600 R 12.5  0.5   1:03.85 sjeng_base.+
11560 freshman  20   0   42788   3996   3368 R  0.1  0.0   0:07.76 top

top - 18:24:45 up 11 days,  5:29,  6 users,  load average: 0.97, 0.99, 0.86
Tasks: 197 total,   2 running, 121 sleeping,   0 stopped,   0 zombie
%Cpu(s): 12.5 us,  0.1 sy,  0.0 ni, 87.3 id,  0.0 wa,  0.0 hi,  0.0 si,  0.0 st
KiB Mem : 32843380 total, 16946420 free,   494476 used, 15402484 buff/cache
--
  PID USER      PR  NI    VIRT    RES    SHR S %CPU %MEM     TIME+ COMMAND
12081 freshman  20   0  183568 180324   1600 R 12.5  0.5   1:04.86 sjeng_base.+

top - 18:24:46 up 11 days,  5:29,  6 users,  load average: 0.98, 0.99, 0.87
Tasks: 197 total,   2 running, 121 sleeping,   0 stopped,   0 zombie
%Cpu(s): 12.6 us,  0.0 sy,  0.0 ni, 87.4 id,  0.0 wa,  0.0 hi,  0.0 si,  0.0 st
KiB Mem : 32843380 total, 16946420 free,   494476 used, 15402484 buff/cache
--
  PID USER      PR  NI    VIRT    RES    SHR S %CPU %MEM     TIME+ COMMAND
12081 freshman  20   0  183568 180324   1600 R 12.6  0.5   1:05.87 sjeng_base.+

top - 18:24:47 up 11 days,  5:29,  6 users,  load average: 0.98, 0.99, 0.87
Tasks: 197 total,   2 running, 121 sleeping,   0 stopped,   0 zombie
%Cpu(s): 12.5 us,  0.0 sy,  0.0 ni, 87.5 id,  0.0 wa,  0.0 hi,  0.0 si,  0.0 st
KiB Mem : 32843380 total, 16946436 free,   494460 used, 15402484 buff/cache
--
  PID USER      PR  NI    VIRT    RES    SHR S %CPU %MEM     TIME+ COMMAND
12081 freshman  20   0  183568 180324   1600 R 12.4  0.5   1:06.87 sjeng_base.+
11560 freshman  20   0   42788   3996   3368 R  0.1  0.0   0:07.77 top

top - 18:24:48 up 11 days,  5:29,  6 users,  load average: 0.98, 0.99, 0.87
Tasks: 197 total,   2 running, 121 sleeping,   0 stopped,   0 zombie
%Cpu(s): 12.5 us,  0.0 sy,  0.0 ni, 87.5 id,  0.0 wa,  0.0 hi,  0.0 si,  0.0 st
KiB Mem : 32843380 total, 16946436 free,   494460 used, 15402484 buff/cache
--
  PID USER      PR  NI    VIRT    RES    SHR S %CPU %MEM     TIME+ COMMAND
12081 freshman  20   0  183568 180324   1600 R 12.5  0.5   1:07.87 sjeng_base.+

top - 18:24:49 up 11 days,  5:29,  6 users,  load average: 0.98, 0.99, 0.87
Tasks: 197 total,   2 running, 121 sleeping,   0 stopped,   0 zombie
%Cpu(s): 12.6 us,  0.0 sy,  0.0 ni, 87.4 id,  0.0 wa,  0.0 hi,  0.0 si,  0.0 st
KiB Mem : 32843380 total, 16946436 free,   494460 used, 15402484 buff/cache
--
  PID USER      PR  NI    VIRT    RES    SHR S %CPU %MEM     TIME+ COMMAND
12081 freshman  20   0  183568 180324   1600 R 12.5  0.5   1:08.88 sjeng_base.+
 1808 root      20   0       0      0      0 I  0.1  0.0   0:13.06 kworker/1:2

top - 18:24:50 up 11 days,  5:29,  6 users,  load average: 0.98, 0.99, 0.87
Tasks: 197 total,   2 running, 121 sleeping,   0 stopped,   0 zombie
%Cpu(s): 12.4 us,  0.1 sy,  0.0 ni, 87.5 id,  0.0 wa,  0.0 hi,  0.0 si,  0.0 st
KiB Mem : 32843380 total, 16946420 free,   494464 used, 15402496 buff/cache
--
  PID USER      PR  NI    VIRT    RES    SHR S %CPU %MEM     TIME+ COMMAND
12081 freshman  20   0  183568 180324   1600 R 12.6  0.5   1:09.89 sjeng_base.+
11560 freshman  20   0   42788   3996   3368 R  0.1  0.0   0:07.78 top

top - 18:24:51 up 11 days,  5:29,  6 users,  load average: 0.98, 0.99, 0.87
Tasks: 197 total,   2 running, 121 sleeping,   0 stopped,   0 zombie
%Cpu(s): 12.6 us,  0.0 sy,  0.0 ni, 87.4 id,  0.0 wa,  0.0 hi,  0.0 si,  0.0 st
KiB Mem : 32843380 total, 16946420 free,   494464 used, 15402496 buff/cache
--
  PID USER      PR  NI    VIRT    RES    SHR S %CPU %MEM     TIME+ COMMAND
12081 freshman  20   0  183568 180324   1600 R 12.4  0.5   1:10.89 sjeng_base.+

top - 18:24:52 up 11 days,  5:29,  6 users,  load average: 0.98, 0.99, 0.87
Tasks: 197 total,   2 running, 121 sleeping,   0 stopped,   0 zombie
%Cpu(s): 12.6 us,  0.0 sy,  0.0 ni, 87.4 id,  0.0 wa,  0.0 hi,  0.0 si,  0.0 st
KiB Mem : 32843380 total, 16946420 free,   494464 used, 15402496 buff/cache
--
  PID USER      PR  NI    VIRT    RES    SHR S %CPU %MEM     TIME+ COMMAND
12081 freshman  20   0  183568 180324   1600 R 12.5  0.5   1:11.89 sjeng_base.+
11560 freshman  20   0   42788   3996   3368 R  0.1  0.0   0:07.79 top

top - 18:24:53 up 11 days,  5:29,  6 users,  load average: 0.98, 0.99, 0.87
Tasks: 197 total,   2 running, 121 sleeping,   0 stopped,   0 zombie
%Cpu(s): 12.6 us,  0.0 sy,  0.0 ni, 87.4 id,  0.0 wa,  0.0 hi,  0.0 si,  0.0 st
KiB Mem : 32843380 total, 16946436 free,   494448 used, 15402496 buff/cache
--
  PID USER      PR  NI    VIRT    RES    SHR S %CPU %MEM     TIME+ COMMAND
12081 freshman  20   0  183568 180324   1600 R 12.5  0.5   1:12.90 sjeng_base.+
11560 freshman  20   0   42788   3996   3368 R  0.1  0.0   0:07.80 top

top - 18:24:54 up 11 days,  5:29,  6 users,  load average: 0.98, 0.99, 0.87
Tasks: 197 total,   2 running, 121 sleeping,   0 stopped,   0 zombie
%Cpu(s): 12.6 us,  0.0 sy,  0.0 ni, 87.4 id,  0.0 wa,  0.0 hi,  0.0 si,  0.0 st
KiB Mem : 32843380 total, 16946436 free,   494448 used, 15402496 buff/cache
--
  PID USER      PR  NI    VIRT    RES    SHR S %CPU %MEM     TIME+ COMMAND
12081 freshman  20   0  183568 180324   1600 R 12.6  0.5   1:13.91 sjeng_base.+

top - 18:24:55 up 11 days,  5:29,  6 users,  load average: 0.98, 0.99, 0.87
Tasks: 197 total,   2 running, 121 sleeping,   0 stopped,   0 zombie
%Cpu(s): 12.5 us,  0.0 sy,  0.0 ni, 87.3 id,  0.1 wa,  0.0 hi,  0.0 si,  0.0 st
KiB Mem : 32843380 total, 16946436 free,   494448 used, 15402496 buff/cache
--
  PID USER      PR  NI    VIRT    RES    SHR S %CPU %MEM     TIME+ COMMAND
12081 freshman  20   0  183568 180324   1600 R 12.4  0.5   1:14.91 sjeng_base.+

top - 18:24:56 up 11 days,  5:29,  6 users,  load average: 0.98, 0.99, 0.87
Tasks: 197 total,   2 running, 121 sleeping,   0 stopped,   0 zombie
%Cpu(s): 12.4 us,  0.1 sy,  0.0 ni, 87.4 id,  0.0 wa,  0.0 hi,  0.0 si,  0.0 st
KiB Mem : 32843380 total, 16946420 free,   494456 used, 15402504 buff/cache
--
  PID USER      PR  NI    VIRT    RES    SHR S %CPU %MEM     TIME+ COMMAND
12081 freshman  20   0  183568 180324   1600 R 12.6  0.5   1:15.92 sjeng_base.+

top - 18:24:57 up 11 days,  5:29,  6 users,  load average: 0.98, 0.99, 0.87
Tasks: 197 total,   2 running, 121 sleeping,   0 stopped,   0 zombie
%Cpu(s): 12.5 us,  0.0 sy,  0.0 ni, 87.5 id,  0.0 wa,  0.0 hi,  0.0 si,  0.0 st
KiB Mem : 32843380 total, 16946420 free,   494456 used, 15402504 buff/cache
--
  PID USER      PR  NI    VIRT    RES    SHR S %CPU %MEM     TIME+ COMMAND
12081 freshman  20   0  183568 180324   1600 R 12.4  0.5   1:16.92 sjeng_base.+
11560 freshman  20   0   42788   3996   3368 R  0.1  0.0   0:07.81 top

top - 18:24:58 up 11 days,  5:29,  6 users,  load average: 0.98, 0.99, 0.87
Tasks: 197 total,   2 running, 121 sleeping,   0 stopped,   0 zombie
%Cpu(s): 12.5 us,  0.1 sy,  0.0 ni, 87.3 id,  0.0 wa,  0.0 hi,  0.0 si,  0.0 st
KiB Mem : 32843380 total, 16946420 free,   494456 used, 15402504 buff/cache
--
  PID USER      PR  NI    VIRT    RES    SHR S %CPU %MEM     TIME+ COMMAND
12081 freshman  20   0  183568 180324   1600 R 12.5  0.5   1:17.92 sjeng_base.+

top - 18:24:59 up 11 days,  5:29,  6 users,  load average: 0.98, 0.99, 0.87
Tasks: 197 total,   2 running, 121 sleeping,   0 stopped,   0 zombie
%Cpu(s): 12.6 us,  0.0 sy,  0.0 ni, 87.4 id,  0.0 wa,  0.0 hi,  0.0 si,  0.0 st
KiB Mem : 32843380 total, 16946436 free,   494436 used, 15402508 buff/cache
--
  PID USER      PR  NI    VIRT    RES    SHR S %CPU %MEM     TIME+ COMMAND
12081 freshman  20   0  183568 180324   1600 R 12.5  0.5   1:18.93 sjeng_base.+
11560 freshman  20   0   42788   3996   3368 R  0.1  0.0   0:07.82 top

top - 18:25:00 up 11 days,  5:29,  6 users,  load average: 0.98, 0.99, 0.87
Tasks: 197 total,   2 running, 121 sleeping,   0 stopped,   0 zombie
%Cpu(s): 12.4 us,  0.1 sy,  0.0 ni, 87.4 id,  0.0 wa,  0.0 hi,  0.0 si,  0.0 st
KiB Mem : 32843380 total, 16946436 free,   494436 used, 15402508 buff/cache
--
  PID USER      PR  NI    VIRT    RES    SHR S %CPU %MEM     TIME+ COMMAND
12081 freshman  20   0  183568 180324   1600 R 12.5  0.5   1:19.94 sjeng_base.+

top - 18:25:01 up 11 days,  5:29,  6 users,  load average: 0.98, 0.99, 0.87
Tasks: 197 total,   2 running, 121 sleeping,   0 stopped,   0 zombie
%Cpu(s): 12.6 us,  0.0 sy,  0.0 ni, 87.4 id,  0.0 wa,  0.0 hi,  0.0 si,  0.0 st
KiB Mem : 32843380 total, 16946436 free,   494436 used, 15402508 buff/cache
--
  PID USER      PR  NI    VIRT    RES    SHR S %CPU %MEM     TIME+ COMMAND
12081 freshman  20   0  183568 180324   1600 R 12.5  0.5   1:20.94 sjeng_base.+
11560 freshman  20   0   42788   3996   3368 R  0.1  0.0   0:07.83 top

top - 18:25:02 up 11 days,  5:29,  6 users,  load average: 0.98, 0.99, 0.87
Tasks: 197 total,   2 running, 121 sleeping,   0 stopped,   0 zombie
%Cpu(s): 12.5 us,  0.0 sy,  0.0 ni, 87.5 id,  0.0 wa,  0.0 hi,  0.0 si,  0.0 st
KiB Mem : 32843380 total, 16946420 free,   494452 used, 15402508 buff/cache
--
  PID USER      PR  NI    VIRT    RES    SHR S %CPU %MEM     TIME+ COMMAND
12081 freshman  20   0  183568 180324   1600 R 12.5  0.5   1:21.95 sjeng_base.+

top - 18:25:03 up 11 days,  5:29,  6 users,  load average: 0.98, 0.99, 0.87
Tasks: 197 total,   2 running, 121 sleeping,   0 stopped,   0 zombie
%Cpu(s): 12.5 us,  0.0 sy,  0.0 ni, 87.5 id,  0.0 wa,  0.0 hi,  0.0 si,  0.0 st
KiB Mem : 32843380 total, 16946420 free,   494452 used, 15402508 buff/cache
--
  PID USER      PR  NI    VIRT    RES    SHR S %CPU %MEM     TIME+ COMMAND
12081 freshman  20   0  183568 180324   1600 R 12.5  0.5   1:22.95 sjeng_base.+
 1028 root      20   0 1894016  27060  14936 S  0.1  0.1   1:32.24 snapd
11560 freshman  20   0   42788   3996   3368 R  0.1  0.0   0:07.84 top
--
top - 18:25:04 up 11 days,  5:29,  6 users,  load average: 0.98, 0.99, 0.87
Tasks: 197 total,   2 running, 121 sleeping,   0 stopped,   0 zombie
%Cpu(s): 12.6 us,  0.0 sy,  0.0 ni, 87.4 id,  0.0 wa,  0.0 hi,  0.0 si,  0.0 st
KiB Mem : 32843380 total, 16946420 free,   494452 used, 15402508 buff/cache
--
  PID USER      PR  NI    VIRT    RES    SHR S %CPU %MEM     TIME+ COMMAND
12081 freshman  20   0  183568 180324   1600 R 12.5  0.5   1:23.96 sjeng_base.+

top - 18:25:05 up 11 days,  5:29,  6 users,  load average: 0.98, 0.99, 0.87
Tasks: 197 total,   2 running, 121 sleeping,   0 stopped,   0 zombie
%Cpu(s): 12.5 us,  0.0 sy,  0.0 ni, 87.5 id,  0.0 wa,  0.0 hi,  0.0 si,  0.0 st
KiB Mem : 32843380 total, 16946436 free,   494428 used, 15402516 buff/cache
--
  PID USER      PR  NI    VIRT    RES    SHR S %CPU %MEM     TIME+ COMMAND
12081 freshman  20   0  183568 180324   1600 R 12.5  0.5   1:24.96 sjeng_base.+

top - 18:25:06 up 11 days,  5:29,  6 users,  load average: 0.98, 0.99, 0.87
Tasks: 197 total,   2 running, 121 sleeping,   0 stopped,   0 zombie
%Cpu(s): 12.4 us,  0.1 sy,  0.0 ni, 87.4 id,  0.0 wa,  0.0 hi,  0.0 si,  0.0 st
KiB Mem : 32843380 total, 16946436 free,   494428 used, 15402516 buff/cache
--
  PID USER      PR  NI    VIRT    RES    SHR S %CPU %MEM     TIME+ COMMAND
12081 freshman  20   0  183568 180324   1600 R 12.5  0.5   1:25.97 sjeng_base.+

top - 18:25:07 up 11 days,  5:29,  6 users,  load average: 0.98, 0.99, 0.87
Tasks: 197 total,   2 running, 121 sleeping,   0 stopped,   0 zombie
%Cpu(s): 12.6 us,  0.0 sy,  0.0 ni, 87.4 id,  0.0 wa,  0.0 hi,  0.0 si,  0.0 st
KiB Mem : 32843380 total, 16946436 free,   494428 used, 15402516 buff/cache
--
  PID USER      PR  NI    VIRT    RES    SHR S %CPU %MEM     TIME+ COMMAND
12081 freshman  20   0  183568 180324   1600 R 12.5  0.5   1:26.97 sjeng_base.+
11560 freshman  20   0   42788   3996   3368 R  0.1  0.0   0:07.85 top

top - 18:25:08 up 11 days,  5:29,  6 users,  load average: 0.98, 0.99, 0.87
Tasks: 197 total,   2 running, 121 sleeping,   0 stopped,   0 zombie
%Cpu(s): 12.6 us,  0.0 sy,  0.0 ni, 87.4 id,  0.0 wa,  0.0 hi,  0.0 si,  0.0 st
KiB Mem : 32843380 total, 16946436 free,   494424 used, 15402520 buff/cache
--
  PID USER      PR  NI    VIRT    RES    SHR S %CPU %MEM     TIME+ COMMAND
12081 freshman  20   0  183568 180324   1600 R 12.5  0.5   1:27.98 sjeng_base.+
11560 freshman  20   0   42788   3996   3368 R  0.1  0.0   0:07.86 top

top - 18:25:09 up 11 days,  5:29,  6 users,  load average: 0.98, 0.99, 0.87
Tasks: 197 total,   2 running, 121 sleeping,   0 stopped,   0 zombie
%Cpu(s): 12.6 us,  0.0 sy,  0.0 ni, 87.4 id,  0.0 wa,  0.0 hi,  0.0 si,  0.0 st
KiB Mem : 32843380 total, 16946436 free,   494424 used, 15402520 buff/cache
--
  PID USER      PR  NI    VIRT    RES    SHR S %CPU %MEM     TIME+ COMMAND
12081 freshman  20   0  183568 180324   1600 R 12.5  0.5   1:28.98 sjeng_base.+

top - 18:25:10 up 11 days,  5:29,  6 users,  load average: 0.98, 0.99, 0.87
Tasks: 197 total,   2 running, 121 sleeping,   0 stopped,   0 zombie
%Cpu(s): 12.4 us,  0.1 sy,  0.0 ni, 87.5 id,  0.0 wa,  0.0 hi,  0.0 si,  0.0 st
KiB Mem : 32843380 total, 16946436 free,   494424 used, 15402520 buff/cache
--
  PID USER      PR  NI    VIRT    RES    SHR S %CPU %MEM     TIME+ COMMAND
12081 freshman  20   0  183568 180324   1600 R 12.5  0.5   1:29.99 sjeng_base.+

top - 18:25:11 up 11 days,  5:29,  6 users,  load average: 0.99, 0.99, 0.87
Tasks: 197 total,   2 running, 121 sleeping,   0 stopped,   0 zombie
%Cpu(s): 12.6 us,  0.0 sy,  0.0 ni, 87.4 id,  0.0 wa,  0.0 hi,  0.0 si,  0.0 st
KiB Mem : 32843380 total, 16946312 free,   494540 used, 15402528 buff/cache
--
  PID USER      PR  NI    VIRT    RES    SHR S %CPU %MEM     TIME+ COMMAND
12081 freshman  20   0  183568 180324   1600 R 12.6  0.5   1:31.00 sjeng_base.+
11560 freshman  20   0   42788   3996   3368 R  0.1  0.0   0:07.87 top

top - 18:25:12 up 11 days,  5:29,  6 users,  load average: 0.99, 0.99, 0.87
Tasks: 197 total,   2 running, 121 sleeping,   0 stopped,   0 zombie
%Cpu(s): 12.5 us,  0.0 sy,  0.0 ni, 87.5 id,  0.0 wa,  0.0 hi,  0.0 si,  0.0 st
KiB Mem : 32843380 total, 16946312 free,   494540 used, 15402528 buff/cache
--
  PID USER      PR  NI    VIRT    RES    SHR S %CPU %MEM     TIME+ COMMAND
12081 freshman  20   0  183568 180324   1600 R 12.4  0.5   1:32.00 sjeng_base.+

top - 18:25:13 up 11 days,  5:29,  6 users,  load average: 0.99, 0.99, 0.87
Tasks: 197 total,   2 running, 121 sleeping,   0 stopped,   0 zombie
%Cpu(s): 12.5 us,  0.1 sy,  0.0 ni, 87.3 id,  0.0 wa,  0.0 hi,  0.0 si,  0.0 st
KiB Mem : 32843380 total, 16946312 free,   494540 used, 15402528 buff/cache
--
  PID USER      PR  NI    VIRT    RES    SHR S %CPU %MEM     TIME+ COMMAND
12081 freshman  20   0  183568 180324   1600 R 12.5  0.5   1:33.00 sjeng_base.+

top - 18:25:14 up 11 days,  5:29,  6 users,  load average: 0.99, 0.99, 0.87
Tasks: 197 total,   2 running, 121 sleeping,   0 stopped,   0 zombie
%Cpu(s): 12.6 us,  0.0 sy,  0.0 ni, 87.4 id,  0.0 wa,  0.0 hi,  0.0 si,  0.0 st
KiB Mem : 32843380 total, 16946296 free,   494552 used, 15402532 buff/cache
--
  PID USER      PR  NI    VIRT    RES    SHR S %CPU %MEM     TIME+ COMMAND
12081 freshman  20   0  183568 180324   1600 R 12.5  0.5   1:34.01 sjeng_base.+
11560 freshman  20   0   42788   3996   3368 R  0.1  0.0   0:07.88 top

top - 18:25:15 up 11 days,  5:30,  6 users,  load average: 0.99, 0.99, 0.87
Tasks: 197 total,   2 running, 121 sleeping,   0 stopped,   0 zombie
%Cpu(s): 12.4 us,  0.1 sy,  0.0 ni, 87.3 id,  0.1 wa,  0.0 hi,  0.0 si,  0.0 st
KiB Mem : 32843380 total, 16946296 free,   494552 used, 15402532 buff/cache
--
  PID USER      PR  NI    VIRT    RES    SHR S %CPU %MEM     TIME+ COMMAND
12081 freshman  20   0  183568 180324   1600 R 12.6  0.5   1:35.02 sjeng_base.+

top - 18:25:16 up 11 days,  5:30,  6 users,  load average: 0.99, 0.99, 0.87
Tasks: 197 total,   2 running, 121 sleeping,   0 stopped,   0 zombie
%Cpu(s): 12.6 us,  0.0 sy,  0.0 ni, 87.4 id,  0.0 wa,  0.0 hi,  0.0 si,  0.0 st
KiB Mem : 32843380 total, 16946296 free,   494552 used, 15402532 buff/cache
--
  PID USER      PR  NI    VIRT    RES    SHR S %CPU %MEM     TIME+ COMMAND
12081 freshman  20   0  183584 180324   1600 R 12.4  0.5   1:36.02 sjeng_base.+
11560 freshman  20   0   42788   3996   3368 R  0.1  0.0   0:07.89 top

top - 18:25:17 up 11 days,  5:30,  6 users,  load average: 0.99, 0.99, 0.87
Tasks: 197 total,   2 running, 121 sleeping,   0 stopped,   0 zombie
%Cpu(s): 12.6 us,  0.0 sy,  0.0 ni, 87.4 id,  0.0 wa,  0.0 hi,  0.0 si,  0.0 st
KiB Mem : 32843380 total, 16946312 free,   494528 used, 15402540 buff/cache
--
  PID USER      PR  NI    VIRT    RES    SHR S %CPU %MEM     TIME+ COMMAND
12081 freshman  20   0  183584 180324   1600 R 12.4  0.5   1:37.02 sjeng_base.+
11560 freshman  20   0   42788   3996   3368 R  0.1  0.0   0:07.90 top

top - 18:25:18 up 11 days,  5:30,  6 users,  load average: 0.99, 0.99, 0.87
Tasks: 197 total,   2 running, 121 sleeping,   0 stopped,   0 zombie
%Cpu(s): 12.6 us,  0.0 sy,  0.0 ni, 87.4 id,  0.0 wa,  0.0 hi,  0.0 si,  0.0 st
KiB Mem : 32843380 total, 16946312 free,   494528 used, 15402540 buff/cache
--
  PID USER      PR  NI    VIRT    RES    SHR S %CPU %MEM     TIME+ COMMAND
12081 freshman  20   0  183584 180324   1600 R 12.6  0.5   1:38.03 sjeng_base.+

top - 18:25:19 up 11 days,  5:30,  6 users,  load average: 0.99, 0.99, 0.87
Tasks: 197 total,   2 running, 121 sleeping,   0 stopped,   0 zombie
%Cpu(s): 12.5 us,  0.0 sy,  0.0 ni, 87.5 id,  0.0 wa,  0.0 hi,  0.0 si,  0.0 st
KiB Mem : 32843380 total, 16946312 free,   494528 used, 15402540 buff/cache
--
  PID USER      PR  NI    VIRT    RES    SHR S %CPU %MEM     TIME+ COMMAND
12081 freshman  20   0  183584 180324   1600 R 12.5  0.5   1:39.04 sjeng_base.+

top - 18:25:20 up 11 days,  5:30,  6 users,  load average: 0.99, 0.99, 0.87
Tasks: 197 total,   2 running, 121 sleeping,   0 stopped,   0 zombie
%Cpu(s): 12.5 us,  0.1 sy,  0.0 ni, 87.3 id,  0.0 wa,  0.0 hi,  0.0 si,  0.0 st
KiB Mem : 32843380 total, 16946296 free,   494544 used, 15402540 buff/cache
--
  PID USER      PR  NI    VIRT    RES    SHR S %CPU %MEM     TIME+ COMMAND
12081 freshman  20   0  183584 180324   1600 R 12.5  0.5   1:40.04 sjeng_base.+

top - 18:25:21 up 11 days,  5:30,  6 users,  load average: 0.99, 0.99, 0.87
Tasks: 197 total,   2 running, 121 sleeping,   0 stopped,   0 zombie
%Cpu(s): 12.6 us,  0.0 sy,  0.0 ni, 87.4 id,  0.0 wa,  0.0 hi,  0.0 si,  0.0 st
KiB Mem : 32843380 total, 16946296 free,   494544 used, 15402540 buff/cache
--
  PID USER      PR  NI    VIRT    RES    SHR S %CPU %MEM     TIME+ COMMAND
12081 freshman  20   0  183584 180324   1600 R 12.5  0.5   1:41.05 sjeng_base.+
11560 freshman  20   0   42788   3996   3368 R  0.1  0.0   0:07.91 top

top - 18:25:22 up 11 days,  5:30,  6 users,  load average: 0.99, 0.99, 0.87
Tasks: 197 total,   2 running, 121 sleeping,   0 stopped,   0 zombie
%Cpu(s): 12.4 us,  0.0 sy,  0.0 ni, 87.6 id,  0.0 wa,  0.0 hi,  0.0 si,  0.0 st
KiB Mem : 32843380 total, 16946296 free,   494544 used, 15402540 buff/cache
--
  PID USER      PR  NI    VIRT    RES    SHR S %CPU %MEM     TIME+ COMMAND
12081 freshman  20   0  183584 180324   1600 R 12.5  0.5   1:42.05 sjeng_base.+
11560 freshman  20   0   42788   3996   3368 R  0.1  0.0   0:07.92 top

top - 18:25:23 up 11 days,  5:30,  6 users,  load average: 0.99, 0.99, 0.87
Tasks: 197 total,   2 running, 121 sleeping,   0 stopped,   0 zombie
%Cpu(s): 12.5 us,  0.1 sy,  0.0 ni, 87.3 id,  0.0 wa,  0.0 hi,  0.0 si,  0.0 st
KiB Mem : 32843380 total, 16946312 free,   494516 used, 15402552 buff/cache
--
  PID USER      PR  NI    VIRT    RES    SHR S %CPU %MEM     TIME+ COMMAND
12081 freshman  20   0  183584 180324   1600 R 12.5  0.5   1:43.06 sjeng_base.+

top - 18:25:24 up 11 days,  5:30,  6 users,  load average: 0.99, 0.99, 0.87
Tasks: 197 total,   2 running, 121 sleeping,   0 stopped,   0 zombie
%Cpu(s): 12.5 us,  0.0 sy,  0.0 ni, 87.5 id,  0.0 wa,  0.0 hi,  0.0 si,  0.0 st
KiB Mem : 32843380 total, 16946312 free,   494516 used, 15402552 buff/cache
--
  PID USER      PR  NI    VIRT    RES    SHR S %CPU %MEM     TIME+ COMMAND
12081 freshman  20   0  183584 180324   1600 R 12.5  0.5   1:44.06 sjeng_base.+
11560 freshman  20   0   42788   3996   3368 R  0.1  0.0   0:07.93 top

top - 18:25:25 up 11 days,  5:30,  6 users,  load average: 0.99, 0.99, 0.87
Tasks: 197 total,   2 running, 121 sleeping,   0 stopped,   0 zombie
%Cpu(s): 12.6 us,  0.0 sy,  0.0 ni, 87.4 id,  0.0 wa,  0.0 hi,  0.0 si,  0.0 st
KiB Mem : 32843380 total, 16946312 free,   494516 used, 15402552 buff/cache
--
  PID USER      PR  NI    VIRT    RES    SHR S %CPU %MEM     TIME+ COMMAND
12081 freshman  20   0  183584 180324   1600 R 12.5  0.5   1:45.07 sjeng_base.+

top - 18:25:26 up 11 days,  5:30,  6 users,  load average: 0.99, 0.99, 0.87
Tasks: 197 total,   2 running, 121 sleeping,   0 stopped,   0 zombie
%Cpu(s): 12.4 us,  0.1 sy,  0.0 ni, 87.3 id,  0.1 wa,  0.0 hi,  0.0 si,  0.0 st
KiB Mem : 32843380 total, 16946312 free,   494500 used, 15402568 buff/cache
--
  PID USER      PR  NI    VIRT    RES    SHR S %CPU %MEM     TIME+ COMMAND
12081 freshman  20   0  183584 180324   1600 R 12.5  0.5   1:46.07 sjeng_base.+

top - 18:25:27 up 11 days,  5:30,  6 users,  load average: 0.99, 0.99, 0.87
Tasks: 197 total,   2 running, 121 sleeping,   0 stopped,   0 zombie
%Cpu(s): 12.6 us,  0.0 sy,  0.0 ni, 87.4 id,  0.0 wa,  0.0 hi,  0.0 si,  0.0 st
KiB Mem : 32843380 total, 16946312 free,   494500 used, 15402568 buff/cache
--
  PID USER      PR  NI    VIRT    RES    SHR S %CPU %MEM     TIME+ COMMAND
12081 freshman  20   0  183584 180324   1600 R 12.5  0.5   1:47.08 sjeng_base.+
11560 freshman  20   0   42788   3996   3368 R  0.1  0.0   0:07.94 top

top - 18:25:28 up 11 days,  5:30,  6 users,  load average: 0.99, 0.99, 0.87
Tasks: 197 total,   2 running, 121 sleeping,   0 stopped,   0 zombie
%Cpu(s): 12.6 us,  0.0 sy,  0.0 ni, 87.4 id,  0.0 wa,  0.0 hi,  0.0 si,  0.0 st
KiB Mem : 32843380 total, 16946312 free,   494500 used, 15402568 buff/cache
--
  PID USER      PR  NI    VIRT    RES    SHR S %CPU %MEM     TIME+ COMMAND
12081 freshman  20   0  183584 180324   1600 R 12.5  0.5   1:48.08 sjeng_base.+

top - 18:25:29 up 11 days,  5:30,  6 users,  load average: 0.99, 0.99, 0.87
Tasks: 197 total,   2 running, 121 sleeping,   0 stopped,   0 zombie
%Cpu(s): 12.5 us,  0.0 sy,  0.0 ni, 87.5 id,  0.0 wa,  0.0 hi,  0.0 si,  0.0 st
KiB Mem : 32843380 total, 16946312 free,   494500 used, 15402568 buff/cache
--
  PID USER      PR  NI    VIRT    RES    SHR S %CPU %MEM     TIME+ COMMAND
12081 freshman  20   0  183584 180324   1600 R 12.5  0.5   1:49.09 sjeng_base.+
11560 freshman  20   0   42788   3996   3368 R  0.1  0.0   0:07.95 top

top - 18:25:30 up 11 days,  5:30,  6 users,  load average: 0.99, 0.99, 0.87
Tasks: 197 total,   2 running, 121 sleeping,   0 stopped,   0 zombie
%Cpu(s): 12.4 us,  0.1 sy,  0.0 ni, 87.4 id,  0.0 wa,  0.0 hi,  0.0 si,  0.0 st
KiB Mem : 32843380 total, 16946312 free,   494500 used, 15402568 buff/cache
--
  PID USER      PR  NI    VIRT    RES    SHR S %CPU %MEM     TIME+ COMMAND
12081 freshman  20   0  183584 180324   1600 R 12.6  0.5   1:50.10 sjeng_base.+

top - 18:25:31 up 11 days,  5:30,  6 users,  load average: 0.99, 0.99, 0.87
Tasks: 197 total,   2 running, 121 sleeping,   0 stopped,   0 zombie
%Cpu(s): 12.6 us,  0.0 sy,  0.0 ni, 87.4 id,  0.0 wa,  0.0 hi,  0.0 si,  0.0 st
KiB Mem : 32843380 total, 16946312 free,   494500 used, 15402568 buff/cache
--
  PID USER      PR  NI    VIRT    RES    SHR S %CPU %MEM     TIME+ COMMAND
12081 freshman  20   0  183584 180324   1600 R 12.4  0.5   1:51.10 sjeng_base.+

top - 18:25:32 up 11 days,  5:30,  6 users,  load average: 0.99, 0.99, 0.87
Tasks: 197 total,   2 running, 121 sleeping,   0 stopped,   0 zombie
%Cpu(s): 12.6 us,  0.0 sy,  0.0 ni, 87.4 id,  0.0 wa,  0.0 hi,  0.0 si,  0.0 st
KiB Mem : 32843380 total, 16946296 free,   494512 used, 15402572 buff/cache
--
  PID USER      PR  NI    VIRT    RES    SHR S %CPU %MEM     TIME+ COMMAND
12081 freshman  20   0  183584 180324   1600 R 12.5  0.5   1:52.10 sjeng_base.+

top - 18:25:33 up 11 days,  5:30,  6 users,  load average: 0.99, 0.99, 0.87
Tasks: 197 total,   2 running, 121 sleeping,   0 stopped,   0 zombie
%Cpu(s): 12.6 us,  0.0 sy,  0.0 ni, 87.4 id,  0.0 wa,  0.0 hi,  0.0 si,  0.0 st
KiB Mem : 32843380 total, 16946296 free,   494512 used, 15402572 buff/cache
--
  PID USER      PR  NI    VIRT    RES    SHR S %CPU %MEM     TIME+ COMMAND
12081 freshman  20   0  183584 180324   1600 R 12.5  0.5   1:53.11 sjeng_base.+
11560 freshman  20   0   42788   3996   3368 R  0.2  0.0   0:07.97 top

top - 18:25:34 up 11 days,  5:30,  6 users,  load average: 0.99, 0.99, 0.87
Tasks: 197 total,   2 running, 121 sleeping,   0 stopped,   0 zombie
%Cpu(s): 12.6 us,  0.0 sy,  0.0 ni, 87.4 id,  0.0 wa,  0.0 hi,  0.0 si,  0.0 st
KiB Mem : 32843380 total, 16946296 free,   494512 used, 15402572 buff/cache
--
  PID USER      PR  NI    VIRT    RES    SHR S %CPU %MEM     TIME+ COMMAND
12081 freshman  20   0  183584 180324   1600 R 12.6  0.5   1:54.12 sjeng_base.+

top - 18:25:35 up 11 days,  5:30,  6 users,  load average: 0.99, 0.99, 0.87
Tasks: 197 total,   2 running, 121 sleeping,   0 stopped,   0 zombie
%Cpu(s): 12.4 us,  0.1 sy,  0.0 ni, 87.4 id,  0.0 wa,  0.0 hi,  0.0 si,  0.0 st
KiB Mem : 32843380 total, 16946312 free,   494488 used, 15402580 buff/cache
--
  PID USER      PR  NI    VIRT    RES    SHR S %CPU %MEM     TIME+ COMMAND
12081 freshman  20   0  183584 180324   1600 R 12.4  0.5   1:55.12 sjeng_base.+
11560 freshman  20   0   42788   3996   3368 R  0.1  0.0   0:07.98 top

top - 18:25:36 up 11 days,  5:30,  6 users,  load average: 0.99, 1.00, 0.87
Tasks: 197 total,   2 running, 121 sleeping,   0 stopped,   0 zombie
%Cpu(s): 12.6 us,  0.0 sy,  0.0 ni, 87.4 id,  0.0 wa,  0.0 hi,  0.0 si,  0.0 st
KiB Mem : 32843380 total, 16946312 free,   494488 used, 15402580 buff/cache
--
  PID USER      PR  NI    VIRT    RES    SHR S %CPU %MEM     TIME+ COMMAND
12081 freshman  20   0  183584 180324   1600 R 12.4  0.5   1:56.12 sjeng_base.+

top - 18:25:37 up 11 days,  5:30,  6 users,  load average: 0.99, 1.00, 0.87
Tasks: 197 total,   2 running, 121 sleeping,   0 stopped,   0 zombie
%Cpu(s): 12.5 us,  0.0 sy,  0.0 ni, 87.5 id,  0.0 wa,  0.0 hi,  0.0 si,  0.0 st
KiB Mem : 32843380 total, 16946312 free,   494488 used, 15402580 buff/cache
--
  PID USER      PR  NI    VIRT    RES    SHR S %CPU %MEM     TIME+ COMMAND
12081 freshman  20   0  183584 180324   1600 R 12.6  0.5   1:57.13 sjeng_base.+
11562 freshman  20   0   13136   1092    996 S  0.1  0.0   0:00.08 grep

top - 18:25:38 up 11 days,  5:30,  6 users,  load average: 0.99, 1.00, 0.87
Tasks: 197 total,   2 running, 121 sleeping,   0 stopped,   0 zombie
%Cpu(s): 12.4 us,  0.1 sy,  0.0 ni, 87.4 id,  0.0 wa,  0.0 hi,  0.0 si,  0.0 st
KiB Mem : 32843380 total, 16946312 free,   494488 used, 15402580 buff/cache
--
  PID USER      PR  NI    VIRT    RES    SHR S %CPU %MEM     TIME+ COMMAND
12081 freshman  20   0  183584 180324   1600 R 12.5  0.5   1:58.14 sjeng_base.+
11560 freshman  20   0   42788   3996   3368 R  0.1  0.0   0:07.99 top

top - 18:25:39 up 11 days,  5:30,  6 users,  load average: 0.99, 1.00, 0.87
Tasks: 197 total,   2 running, 121 sleeping,   0 stopped,   0 zombie
%Cpu(s): 12.6 us,  0.0 sy,  0.0 ni, 87.4 id,  0.0 wa,  0.0 hi,  0.0 si,  0.0 st
KiB Mem : 32843380 total, 16946312 free,   494488 used, 15402580 buff/cache
--
  PID USER      PR  NI    VIRT    RES    SHR S %CPU %MEM     TIME+ COMMAND
12081 freshman  20   0  183584 180324   1600 R 12.5  0.5   1:59.14 sjeng_base.+

top - 18:25:40 up 11 days,  5:30,  6 users,  load average: 0.99, 1.00, 0.87
Tasks: 197 total,   2 running, 121 sleeping,   0 stopped,   0 zombie
%Cpu(s): 12.6 us,  0.0 sy,  0.0 ni, 87.4 id,  0.0 wa,  0.0 hi,  0.0 si,  0.0 st
KiB Mem : 32843380 total, 16946312 free,   494488 used, 15402580 buff/cache
--
  PID USER      PR  NI    VIRT    RES    SHR S %CPU %MEM     TIME+ COMMAND
12081 freshman  20   0  183584 180324   1600 R 12.5  0.5   2:00.15 sjeng_base.+

top - 18:25:41 up 11 days,  5:30,  6 users,  load average: 0.99, 1.00, 0.88
Tasks: 197 total,   2 running, 121 sleeping,   0 stopped,   0 zombie
%Cpu(s): 12.5 us,  0.0 sy,  0.0 ni, 87.5 id,  0.0 wa,  0.0 hi,  0.0 si,  0.0 st
KiB Mem : 32843380 total, 16946312 free,   494484 used, 15402584 buff/cache
--
  PID USER      PR  NI    VIRT    RES    SHR S %CPU %MEM     TIME+ COMMAND
12081 freshman  20   0  183584 180324   1600 R 12.5  0.5   2:01.15 sjeng_base.+
11560 freshman  20   0   42788   3996   3368 R  0.1  0.0   0:08.00 top

top - 18:25:42 up 11 days,  5:30,  6 users,  load average: 0.99, 1.00, 0.88
Tasks: 197 total,   2 running, 121 sleeping,   0 stopped,   0 zombie
%Cpu(s): 12.6 us,  0.0 sy,  0.0 ni, 87.4 id,  0.0 wa,  0.0 hi,  0.0 si,  0.0 st
KiB Mem : 32843380 total, 16946312 free,   494484 used, 15402584 buff/cache
--
  PID USER      PR  NI    VIRT    RES    SHR S %CPU %MEM     TIME+ COMMAND
12081 freshman  20   0  183584 180324   1600 R 12.5  0.5   2:02.16 sjeng_base.+

top - 18:25:44 up 11 days,  5:30,  6 users,  load average: 0.99, 1.00, 0.88
Tasks: 197 total,   2 running, 121 sleeping,   0 stopped,   0 zombie
%Cpu(s): 12.5 us,  0.0 sy,  0.0 ni, 87.5 id,  0.0 wa,  0.0 hi,  0.0 si,  0.0 st
KiB Mem : 32843380 total, 16946312 free,   494484 used, 15402584 buff/cache
--
  PID USER      PR  NI    VIRT    RES    SHR S %CPU %MEM     TIME+ COMMAND
12081 freshman  20   0  183584 180324   1600 R 12.5  0.5   2:03.16 sjeng_base.+

top - 18:25:45 up 11 days,  5:30,  6 users,  load average: 0.99, 1.00, 0.88
Tasks: 197 total,   2 running, 121 sleeping,   0 stopped,   0 zombie
%Cpu(s): 12.6 us,  0.0 sy,  0.0 ni, 87.4 id,  0.0 wa,  0.0 hi,  0.0 si,  0.0 st
KiB Mem : 32843380 total, 16946296 free,   494492 used, 15402592 buff/cache
--
  PID USER      PR  NI    VIRT    RES    SHR S %CPU %MEM     TIME+ COMMAND
12081 freshman  20   0  183584 180324   1600 R 12.5  0.5   2:04.17 sjeng_base.+
11560 freshman  20   0   42788   3996   3368 R  0.1  0.0   0:08.01 top

top - 18:25:46 up 11 days,  5:30,  6 users,  load average: 0.99, 1.00, 0.88
Tasks: 197 total,   2 running, 121 sleeping,   0 stopped,   0 zombie
%Cpu(s): 12.5 us,  0.1 sy,  0.0 ni, 87.3 id,  0.0 wa,  0.0 hi,  0.0 si,  0.0 st
KiB Mem : 32843380 total, 16946296 free,   494492 used, 15402592 buff/cache
--
  PID USER      PR  NI    VIRT    RES    SHR S %CPU %MEM     TIME+ COMMAND
12081 freshman  20   0  183584 180324   1600 R 12.5  0.5   2:05.17 sjeng_base.+
11560 freshman  20   0   42788   3996   3368 R  0.1  0.0   0:08.02 top

top - 18:25:47 up 11 days,  5:30,  6 users,  load average: 0.99, 1.00, 0.88
Tasks: 197 total,   2 running, 121 sleeping,   0 stopped,   0 zombie
%Cpu(s): 12.5 us,  0.0 sy,  0.0 ni, 87.5 id,  0.0 wa,  0.0 hi,  0.0 si,  0.0 st
KiB Mem : 32843380 total, 16946296 free,   494492 used, 15402592 buff/cache
--
  PID USER      PR  NI    VIRT    RES    SHR S %CPU %MEM     TIME+ COMMAND
12081 freshman  20   0  183584 180324   1600 R 12.5  0.5   2:06.18 sjeng_base.+

top - 18:25:48 up 11 days,  5:30,  6 users,  load average: 0.99, 1.00, 0.88
Tasks: 197 total,   2 running, 121 sleeping,   0 stopped,   0 zombie
%Cpu(s): 12.5 us,  0.1 sy,  0.0 ni, 87.3 id,  0.0 wa,  0.0 hi,  0.0 si,  0.0 st
KiB Mem : 32843380 total, 16946312 free,   494476 used, 15402592 buff/cache
--
  PID USER      PR  NI    VIRT    RES    SHR S %CPU %MEM     TIME+ COMMAND
12081 freshman  20   0  183584 180324   1600 R 12.5  0.5   2:07.18 sjeng_base.+

top - 18:25:49 up 11 days,  5:30,  6 users,  load average: 0.99, 1.00, 0.88
Tasks: 197 total,   2 running, 121 sleeping,   0 stopped,   0 zombie
%Cpu(s): 12.5 us,  0.0 sy,  0.0 ni, 87.5 id,  0.0 wa,  0.0 hi,  0.0 si,  0.0 st
KiB Mem : 32843380 total, 16946312 free,   494476 used, 15402592 buff/cache
--
  PID USER      PR  NI    VIRT    RES    SHR S %CPU %MEM     TIME+ COMMAND
12081 freshman  20   0  183584 180324   1600 R 12.5  0.5   2:08.19 sjeng_base.+
11560 freshman  20   0   42788   3996   3368 R  0.1  0.0   0:08.03 top

top - 18:25:50 up 11 days,  5:30,  6 users,  load average: 0.99, 1.00, 0.88
Tasks: 197 total,   2 running, 121 sleeping,   0 stopped,   0 zombie
%Cpu(s): 12.5 us,  0.0 sy,  0.0 ni, 87.5 id,  0.0 wa,  0.0 hi,  0.0 si,  0.0 st
KiB Mem : 32843380 total, 16946312 free,   494476 used, 15402592 buff/cache
--
  PID USER      PR  NI    VIRT    RES    SHR S %CPU %MEM     TIME+ COMMAND
12081 freshman  20   0  183584 180324   1600 R 12.5  0.5   2:09.19 sjeng_base.+

top - 18:25:51 up 11 days,  5:30,  6 users,  load average: 0.99, 1.00, 0.88
Tasks: 197 total,   2 running, 121 sleeping,   0 stopped,   0 zombie
%Cpu(s): 12.6 us,  0.0 sy,  0.0 ni, 87.3 id,  0.1 wa,  0.0 hi,  0.0 si,  0.0 st
KiB Mem : 32843380 total, 16946312 free,   494472 used, 15402596 buff/cache
--
  PID USER      PR  NI    VIRT    RES    SHR S %CPU %MEM     TIME+ COMMAND
12081 freshman  20   0  183584 180324   1600 R 12.5  0.5   2:10.20 sjeng_base.+

top - 18:25:52 up 11 days,  5:30,  6 users,  load average: 0.99, 1.00, 0.88
Tasks: 197 total,   2 running, 121 sleeping,   0 stopped,   0 zombie
%Cpu(s): 12.5 us,  0.0 sy,  0.0 ni, 87.3 id,  0.0 wa,  0.0 hi,  0.1 si,  0.0 st
KiB Mem : 32843380 total, 16946312 free,   494472 used, 15402596 buff/cache
--
  PID USER      PR  NI    VIRT    RES    SHR S %CPU %MEM     TIME+ COMMAND
12081 freshman  20   0  183584 180324   1600 R 12.5  0.5   2:11.20 sjeng_base.+
11560 freshman  20   0   42788   3996   3368 R  0.1  0.0   0:08.04 top

top - 18:25:53 up 11 days,  5:30,  6 users,  load average: 0.99, 1.00, 0.88
Tasks: 197 total,   2 running, 121 sleeping,   0 stopped,   0 zombie
%Cpu(s): 12.5 us,  0.0 sy,  0.0 ni, 87.5 id,  0.0 wa,  0.0 hi,  0.0 si,  0.0 st
KiB Mem : 32843380 total, 16946312 free,   494472 used, 15402596 buff/cache
--
  PID USER      PR  NI    VIRT    RES    SHR S %CPU %MEM     TIME+ COMMAND
12081 freshman  20   0  183584 180324   1600 R 12.5  0.5   2:12.21 sjeng_base.+

top - 18:25:54 up 11 days,  5:30,  6 users,  load average: 0.99, 1.00, 0.88
Tasks: 197 total,   2 running, 121 sleeping,   0 stopped,   0 zombie
%Cpu(s): 12.6 us,  0.0 sy,  0.0 ni, 87.4 id,  0.0 wa,  0.0 hi,  0.0 si,  0.0 st
KiB Mem : 32843380 total, 16946312 free,   494464 used, 15402604 buff/cache
--
  PID USER      PR  NI    VIRT    RES    SHR S %CPU %MEM     TIME+ COMMAND
12081 freshman  20   0  183584 180324   1600 R 12.6  0.5   2:13.22 sjeng_base.+

top - 18:25:55 up 11 days,  5:30,  6 users,  load average: 0.99, 1.00, 0.88
Tasks: 197 total,   2 running, 121 sleeping,   0 stopped,   0 zombie
%Cpu(s): 12.4 us,  0.1 sy,  0.0 ni, 87.4 id,  0.0 wa,  0.0 hi,  0.0 si,  0.0 st
KiB Mem : 32843380 total, 16946312 free,   494464 used, 15402604 buff/cache
--
  PID USER      PR  NI    VIRT    RES    SHR S %CPU %MEM     TIME+ COMMAND
12081 freshman  20   0  183632 180324   1600 R 12.4  0.5   2:14.22 sjeng_base.+
11560 freshman  20   0   42788   3996   3368 R  0.1  0.0   0:08.05 top

top - 18:25:56 up 11 days,  5:30,  6 users,  load average: 0.99, 1.00, 0.88
Tasks: 197 total,   2 running, 121 sleeping,   0 stopped,   0 zombie
%Cpu(s): 12.5 us,  0.0 sy,  0.0 ni, 87.5 id,  0.0 wa,  0.0 hi,  0.0 si,  0.0 st
KiB Mem : 32843380 total, 16946312 free,   494464 used, 15402604 buff/cache
--
  PID USER      PR  NI    VIRT    RES    SHR S %CPU %MEM     TIME+ COMMAND
12081 freshman  20   0  183632 180324   1600 R 12.5  0.5   2:15.22 sjeng_base.+

top - 18:25:57 up 11 days,  5:30,  6 users,  load average: 1.00, 1.00, 0.88
Tasks: 197 total,   2 running, 121 sleeping,   0 stopped,   0 zombie
%Cpu(s): 12.7 us,  0.0 sy,  0.0 ni, 87.3 id,  0.0 wa,  0.0 hi,  0.0 si,  0.0 st
KiB Mem : 32843380 total, 16946296 free,   494480 used, 15402604 buff/cache
--
  PID USER      PR  NI    VIRT    RES    SHR S %CPU %MEM     TIME+ COMMAND
12081 freshman  20   0  183632 180324   1600 R 12.5  0.5   2:16.23 sjeng_base.+
11560 freshman  20   0   42788   3996   3368 R  0.1  0.0   0:08.06 top
11573 freshman  20   0   91160  53176   4972 S  0.1  0.2   0:02.82 runspec
--
top - 18:25:58 up 11 days,  5:30,  6 users,  load average: 1.00, 1.00, 0.88
Tasks: 197 total,   2 running, 121 sleeping,   0 stopped,   0 zombie
%Cpu(s): 12.5 us,  0.1 sy,  0.0 ni, 87.4 id,  0.0 wa,  0.0 hi,  0.0 si,  0.0 st
KiB Mem : 32843380 total, 16946296 free,   494480 used, 15402604 buff/cache
--
  PID USER      PR  NI    VIRT    RES    SHR S %CPU %MEM     TIME+ COMMAND
12081 freshman  20   0  183632 180324   1600 R 12.5  0.5   2:17.24 sjeng_base.+
11560 freshman  20   0   42788   3996   3368 R  0.1  0.0   0:08.07 top

top - 18:25:59 up 11 days,  5:30,  6 users,  load average: 1.00, 1.00, 0.88
Tasks: 197 total,   2 running, 121 sleeping,   0 stopped,   0 zombie
%Cpu(s): 12.5 us,  0.0 sy,  0.0 ni, 87.5 id,  0.0 wa,  0.0 hi,  0.0 si,  0.0 st
KiB Mem : 32843380 total, 16946296 free,   494480 used, 15402604 buff/cache
--
  PID USER      PR  NI    VIRT    RES    SHR S %CPU %MEM     TIME+ COMMAND
12081 freshman  20   0  183632 180324   1600 R 12.5  0.5   2:18.24 sjeng_base.+

top - 18:26:00 up 11 days,  5:30,  6 users,  load average: 1.00, 1.00, 0.88
Tasks: 197 total,   2 running, 121 sleeping,   0 stopped,   0 zombie
%Cpu(s): 12.6 us,  0.0 sy,  0.0 ni, 87.4 id,  0.0 wa,  0.0 hi,  0.0 si,  0.0 st
KiB Mem : 32843380 total, 16946312 free,   494452 used, 15402616 buff/cache
--
  PID USER      PR  NI    VIRT    RES    SHR S %CPU %MEM     TIME+ COMMAND
12081 freshman  20   0  183632 180324   1600 R 12.4  0.5   2:19.24 sjeng_base.+

top - 18:26:01 up 11 days,  5:30,  6 users,  load average: 1.00, 1.00, 0.88
Tasks: 197 total,   2 running, 121 sleeping,   0 stopped,   0 zombie
%Cpu(s): 12.6 us,  0.0 sy,  0.0 ni, 87.4 id,  0.0 wa,  0.0 hi,  0.0 si,  0.0 st
KiB Mem : 32843380 total, 16946312 free,   494452 used, 15402616 buff/cache
--
  PID USER      PR  NI    VIRT    RES    SHR S %CPU %MEM     TIME+ COMMAND
12081 freshman  20   0  183632 180324   1600 R 12.6  0.5   2:20.25 sjeng_base.+

top - 18:26:02 up 11 days,  5:30,  6 users,  load average: 1.00, 1.00, 0.88
Tasks: 197 total,   2 running, 121 sleeping,   0 stopped,   0 zombie
%Cpu(s): 12.4 us,  0.1 sy,  0.0 ni, 87.4 id,  0.0 wa,  0.0 hi,  0.0 si,  0.0 st
KiB Mem : 32843380 total, 16946312 free,   494452 used, 15402616 buff/cache
--
  PID USER      PR  NI    VIRT    RES    SHR S %CPU %MEM     TIME+ COMMAND
12081 freshman  20   0  183632 180324   1600 R 12.5  0.5   2:21.26 sjeng_base.+
11560 freshman  20   0   42788   3996   3368 R  0.1  0.0   0:08.08 top

top - 18:26:03 up 11 days,  5:30,  6 users,  load average: 1.00, 1.00, 0.88
Tasks: 197 total,   2 running, 121 sleeping,   0 stopped,   0 zombie
%Cpu(s): 12.7 us,  0.0 sy,  0.0 ni, 87.3 id,  0.0 wa,  0.0 hi,  0.0 si,  0.0 st
KiB Mem : 32843380 total, 16946312 free,   494452 used, 15402616 buff/cache
--
  PID USER      PR  NI    VIRT    RES    SHR S %CPU %MEM     TIME+ COMMAND
12081 freshman  20   0  183632 180324   1600 R 12.5  0.5   2:22.26 sjeng_base.+

top - 18:26:04 up 11 days,  5:30,  6 users,  load average: 1.00, 1.00, 0.88
Tasks: 197 total,   2 running, 121 sleeping,   0 stopped,   0 zombie
%Cpu(s): 12.4 us,  0.1 sy,  0.0 ni, 87.5 id,  0.0 wa,  0.0 hi,  0.0 si,  0.0 st
KiB Mem : 32843380 total, 16946312 free,   494452 used, 15402616 buff/cache
--
  PID USER      PR  NI    VIRT    RES    SHR S %CPU %MEM     TIME+ COMMAND
12081 freshman  20   0  183632 180324   1600 R 12.5  0.5   2:23.27 sjeng_base.+
11560 freshman  20   0   42788   3996   3368 R  0.1  0.0   0:08.09 top

top - 18:26:05 up 11 days,  5:30,  6 users,  load average: 1.00, 1.00, 0.88
Tasks: 197 total,   2 running, 121 sleeping,   0 stopped,   0 zombie
%Cpu(s): 12.5 us,  0.0 sy,  0.0 ni, 87.5 id,  0.0 wa,  0.0 hi,  0.0 si,  0.0 st
KiB Mem : 32843380 total, 16946312 free,   494452 used, 15402616 buff/cache
--
  PID USER      PR  NI    VIRT    RES    SHR S %CPU %MEM     TIME+ COMMAND
12081 freshman  20   0  183632 180324   1600 R 12.5  0.5   2:24.27 sjeng_base.+
11560 freshman  20   0   42788   3996   3368 R  0.1  0.0   0:08.10 top

top - 18:26:06 up 11 days,  5:30,  6 users,  load average: 1.00, 1.00, 0.88
Tasks: 197 total,   2 running, 121 sleeping,   0 stopped,   0 zombie
%Cpu(s): 12.6 us,  0.0 sy,  0.0 ni, 87.4 id,  0.0 wa,  0.0 hi,  0.0 si,  0.0 st
KiB Mem : 32843380 total, 16946312 free,   494440 used, 15402628 buff/cache
--
  PID USER      PR  NI    VIRT    RES    SHR S %CPU %MEM     TIME+ COMMAND
12081 freshman  20   0  183632 180324   1600 R 12.5  0.5   2:25.28 sjeng_base.+

top - 18:26:07 up 11 days,  5:30,  6 users,  load average: 1.00, 1.00, 0.88
Tasks: 197 total,   2 running, 121 sleeping,   0 stopped,   0 zombie
%Cpu(s): 12.5 us,  0.1 sy,  0.0 ni, 87.3 id,  0.0 wa,  0.0 hi,  0.0 si,  0.0 st
KiB Mem : 32843380 total, 16946312 free,   494440 used, 15402628 buff/cache
--
  PID USER      PR  NI    VIRT    RES    SHR S %CPU %MEM     TIME+ COMMAND
12081 freshman  20   0  183632 180324   1600 R 12.5  0.5   2:26.28 sjeng_base.+

top - 18:26:08 up 11 days,  5:30,  6 users,  load average: 1.00, 1.00, 0.88
Tasks: 197 total,   2 running, 121 sleeping,   0 stopped,   0 zombie
%Cpu(s): 12.5 us,  0.0 sy,  0.0 ni, 87.5 id,  0.0 wa,  0.0 hi,  0.0 si,  0.0 st
KiB Mem : 32843380 total, 16946312 free,   494440 used, 15402628 buff/cache
--
  PID USER      PR  NI    VIRT    RES    SHR S %CPU %MEM     TIME+ COMMAND
12081 freshman  20   0  183632 180324   1600 R 12.5  0.5   2:27.29 sjeng_base.+
11560 freshman  20   0   42788   3996   3368 R  0.1  0.0   0:08.11 top

top - 18:26:09 up 11 days,  5:30,  6 users,  load average: 1.00, 1.00, 0.88
Tasks: 197 total,   2 running, 121 sleeping,   0 stopped,   0 zombie
%Cpu(s): 12.6 us,  0.0 sy,  0.0 ni, 87.4 id,  0.0 wa,  0.0 hi,  0.0 si,  0.0 st
KiB Mem : 32843380 total, 16946296 free,   494456 used, 15402628 buff/cache
--
  PID USER      PR  NI    VIRT    RES    SHR S %CPU %MEM     TIME+ COMMAND
12081 freshman  20   0  183632 180324   1600 R 12.5  0.5   2:28.29 sjeng_base.+

top - 18:26:10 up 11 days,  5:30,  6 users,  load average: 1.00, 1.00, 0.88
Tasks: 197 total,   2 running, 121 sleeping,   0 stopped,   0 zombie
%Cpu(s): 12.5 us,  0.1 sy,  0.0 ni, 87.2 id,  0.1 wa,  0.0 hi,  0.0 si,  0.0 st
KiB Mem : 32843380 total, 16946296 free,   494456 used, 15402628 buff/cache
--
  PID USER      PR  NI    VIRT    RES    SHR S %CPU %MEM     TIME+ COMMAND
12081 freshman  20   0  183632 180324   1600 R 12.5  0.5   2:29.30 sjeng_base.+

top - 18:26:11 up 11 days,  5:30,  6 users,  load average: 1.00, 1.00, 0.88
Tasks: 197 total,   2 running, 121 sleeping,   0 stopped,   0 zombie
%Cpu(s): 12.4 us,  0.0 sy,  0.0 ni, 87.6 id,  0.0 wa,  0.0 hi,  0.0 si,  0.0 st
KiB Mem : 32843380 total, 16946296 free,   494456 used, 15402628 buff/cache
--
  PID USER      PR  NI    VIRT    RES    SHR S %CPU %MEM     TIME+ COMMAND
12081 freshman  20   0  183632 180324   1600 R 12.5  0.5   2:30.30 sjeng_base.+
11560 freshman  20   0   42788   3996   3368 R  0.1  0.0   0:08.12 top

top - 18:26:12 up 11 days,  5:30,  6 users,  load average: 1.00, 1.00, 0.88
Tasks: 197 total,   2 running, 121 sleeping,   0 stopped,   0 zombie
%Cpu(s): 12.5 us,  0.0 sy,  0.0 ni, 87.5 id,  0.0 wa,  0.0 hi,  0.0 si,  0.0 st
KiB Mem : 32843380 total, 16946312 free,   494432 used, 15402636 buff/cache
--
  PID USER      PR  NI    VIRT    RES    SHR S %CPU %MEM     TIME+ COMMAND
12081 freshman  20   0  183632 180324   1600 R 12.5  0.5   2:31.31 sjeng_base.+

top - 18:26:13 up 11 days,  5:30,  6 users,  load average: 1.00, 1.00, 0.88
Tasks: 197 total,   2 running, 121 sleeping,   0 stopped,   0 zombie
%Cpu(s): 12.5 us,  0.1 sy,  0.0 ni, 87.3 id,  0.0 wa,  0.0 hi,  0.0 si,  0.0 st
KiB Mem : 32843380 total, 16946312 free,   494432 used, 15402636 buff/cache
--
  PID USER      PR  NI    VIRT    RES    SHR S %CPU %MEM     TIME+ COMMAND
12081 freshman  20   0  183632 180324   1600 R 12.5  0.5   2:32.31 sjeng_base.+
11560 freshman  20   0   42788   3996   3368 R  0.1  0.0   0:08.13 top

top - 18:26:14 up 11 days,  5:30,  6 users,  load average: 1.00, 1.00, 0.88
Tasks: 197 total,   2 running, 121 sleeping,   0 stopped,   0 zombie
%Cpu(s): 12.6 us,  0.0 sy,  0.0 ni, 87.4 id,  0.0 wa,  0.0 hi,  0.0 si,  0.0 st
KiB Mem : 32843380 total, 16946312 free,   494432 used, 15402636 buff/cache
--
  PID USER      PR  NI    VIRT    RES    SHR S %CPU %MEM     TIME+ COMMAND
12081 freshman  20   0  183632 180324   1600 R 12.5  0.5   2:33.32 sjeng_base.+

top - 18:26:15 up 11 days,  5:30,  6 users,  load average: 1.00, 1.00, 0.88
Tasks: 197 total,   2 running, 121 sleeping,   0 stopped,   0 zombie
%Cpu(s): 12.4 us,  0.1 sy,  0.0 ni, 87.4 id,  0.0 wa,  0.0 hi,  0.0 si,  0.0 st
KiB Mem : 32843380 total, 16946172 free,   494560 used, 15402648 buff/cache
--
  PID USER      PR  NI    VIRT    RES    SHR S %CPU %MEM     TIME+ COMMAND
12081 freshman  20   0  183632 180324   1600 R 12.5  0.5   2:34.32 sjeng_base.+

top - 18:26:16 up 11 days,  5:31,  6 users,  load average: 1.00, 1.00, 0.88
Tasks: 197 total,   2 running, 121 sleeping,   0 stopped,   0 zombie
%Cpu(s): 12.5 us,  0.0 sy,  0.0 ni, 87.5 id,  0.0 wa,  0.0 hi,  0.0 si,  0.0 st
KiB Mem : 32843380 total, 16946172 free,   494560 used, 15402648 buff/cache
--
  PID USER      PR  NI    VIRT    RES    SHR S %CPU %MEM     TIME+ COMMAND
12081 freshman  20   0  183632 180324   1600 R 12.5  0.5   2:35.33 sjeng_base.+
11560 freshman  20   0   42788   3996   3368 R  0.1  0.0   0:08.14 top

top - 18:26:17 up 11 days,  5:31,  6 users,  load average: 1.00, 1.00, 0.88
Tasks: 197 total,   2 running, 121 sleeping,   0 stopped,   0 zombie
%Cpu(s): 12.5 us,  0.0 sy,  0.0 ni, 87.5 id,  0.0 wa,  0.0 hi,  0.0 si,  0.0 st
KiB Mem : 32843380 total, 16946172 free,   494560 used, 15402648 buff/cache
--
  PID USER      PR  NI    VIRT    RES    SHR S %CPU %MEM     TIME+ COMMAND
12081 freshman  20   0  183632 180324   1600 R 12.6  0.5   2:36.34 sjeng_base.+

top - 18:26:18 up 11 days,  5:31,  6 users,  load average: 1.00, 1.00, 0.88
Tasks: 197 total,   2 running, 121 sleeping,   0 stopped,   0 zombie
%Cpu(s): 12.5 us,  0.1 sy,  0.0 ni, 87.3 id,  0.0 wa,  0.0 hi,  0.0 si,  0.0 st
KiB Mem : 32843380 total, 16946188 free,   494544 used, 15402648 buff/cache
--
  PID USER      PR  NI    VIRT    RES    SHR S %CPU %MEM     TIME+ COMMAND
12081 freshman  20   0  183632 180324   1600 R 12.4  0.5   2:37.34 sjeng_base.+
11560 freshman  20   0   42788   3996   3368 R  0.1  0.0   0:08.15 top

top - 18:26:19 up 11 days,  5:31,  6 users,  load average: 1.00, 1.00, 0.88
Tasks: 197 total,   2 running, 121 sleeping,   0 stopped,   0 zombie
%Cpu(s): 12.5 us,  0.0 sy,  0.0 ni, 87.5 id,  0.0 wa,  0.0 hi,  0.0 si,  0.0 st
KiB Mem : 32843380 total, 16946188 free,   494544 used, 15402648 buff/cache
--
  PID USER      PR  NI    VIRT    RES    SHR S %CPU %MEM     TIME+ COMMAND
12081 freshman  20   0  183632 180324   1600 R 12.4  0.5   2:38.34 sjeng_base.+

top - 18:26:20 up 11 days,  5:31,  6 users,  load average: 1.00, 1.00, 0.88
Tasks: 197 total,   2 running, 121 sleeping,   0 stopped,   0 zombie
%Cpu(s): 12.5 us,  0.1 sy,  0.0 ni, 87.3 id,  0.0 wa,  0.0 hi,  0.0 si,  0.0 st
KiB Mem : 32843380 total, 16946188 free,   494544 used, 15402648 buff/cache
--
  PID USER      PR  NI    VIRT    RES    SHR S %CPU %MEM     TIME+ COMMAND
12081 freshman  20   0  183632 180324   1600 R 12.6  0.5   2:39.35 sjeng_base.+

top - 18:26:21 up 11 days,  5:31,  6 users,  load average: 1.00, 1.00, 0.88
Tasks: 197 total,   2 running, 121 sleeping,   0 stopped,   0 zombie
%Cpu(s): 12.5 us,  0.0 sy,  0.0 ni, 87.5 id,  0.0 wa,  0.0 hi,  0.0 si,  0.0 st
KiB Mem : 32843380 total, 16946172 free,   494552 used, 15402656 buff/cache
--
  PID USER      PR  NI    VIRT    RES    SHR S %CPU %MEM     TIME+ COMMAND
12081 freshman  20   0  183632 180324   1600 R 12.4  0.5   2:40.35 sjeng_base.+
11560 freshman  20   0   42788   3996   3368 R  0.1  0.0   0:08.16 top

top - 18:26:22 up 11 days,  5:31,  6 users,  load average: 1.00, 1.00, 0.88
Tasks: 197 total,   2 running, 121 sleeping,   0 stopped,   0 zombie
%Cpu(s): 12.5 us,  0.0 sy,  0.0 ni, 87.5 id,  0.0 wa,  0.0 hi,  0.0 si,  0.0 st
KiB Mem : 32843380 total, 16946172 free,   494552 used, 15402656 buff/cache
--
  PID USER      PR  NI    VIRT    RES    SHR S %CPU %MEM     TIME+ COMMAND
12081 freshman  20   0  183632 180324   1600 R 12.6  0.5   2:41.36 sjeng_base.+

top - 18:26:23 up 11 days,  5:31,  6 users,  load average: 1.00, 1.00, 0.88
Tasks: 197 total,   2 running, 121 sleeping,   0 stopped,   0 zombie
%Cpu(s): 12.4 us,  0.1 sy,  0.0 ni, 87.4 id,  0.0 wa,  0.0 hi,  0.0 si,  0.0 st
KiB Mem : 32843380 total, 16946172 free,   494552 used, 15402656 buff/cache
--
  PID USER      PR  NI    VIRT    RES    SHR S %CPU %MEM     TIME+ COMMAND
12081 freshman  20   0  183632 180324   1600 R 12.5  0.5   2:42.37 sjeng_base.+
11560 freshman  20   0   42788   3996   3368 R  0.1  0.0   0:08.17 top

top - 18:26:24 up 11 days,  5:31,  6 users,  load average: 1.00, 1.00, 0.88
Tasks: 197 total,   2 running, 121 sleeping,   0 stopped,   0 zombie
%Cpu(s): 12.5 us,  0.1 sy,  0.0 ni, 87.3 id,  0.0 wa,  0.0 hi,  0.0 si,  0.0 st
KiB Mem : 32843380 total, 16946188 free,   494532 used, 15402660 buff/cache
--
  PID USER      PR  NI    VIRT    RES    SHR S %CPU %MEM     TIME+ COMMAND
12081 freshman  20   0  183632 180324   1600 R 12.5  0.5   2:43.37 sjeng_base.+

top - 18:26:25 up 11 days,  5:31,  6 users,  load average: 1.00, 1.00, 0.88
Tasks: 197 total,   2 running, 121 sleeping,   0 stopped,   0 zombie
%Cpu(s): 12.6 us,  0.0 sy,  0.0 ni, 87.4 id,  0.0 wa,  0.0 hi,  0.0 si,  0.0 st
KiB Mem : 32843380 total, 16946188 free,   494532 used, 15402660 buff/cache
--
  PID USER      PR  NI    VIRT    RES    SHR S %CPU %MEM     TIME+ COMMAND
12081 freshman  20   0  183632 180324   1600 R 12.4  0.5   2:44.37 sjeng_base.+

top - 18:26:26 up 11 days,  5:31,  6 users,  load average: 1.00, 1.00, 0.88
Tasks: 197 total,   2 running, 121 sleeping,   0 stopped,   0 zombie
%Cpu(s): 12.6 us,  0.0 sy,  0.0 ni, 87.4 id,  0.0 wa,  0.0 hi,  0.0 si,  0.0 st
KiB Mem : 32843380 total, 16946188 free,   494532 used, 15402660 buff/cache
--
  PID USER      PR  NI    VIRT    RES    SHR S %CPU %MEM     TIME+ COMMAND
12081 freshman  20   0  183632 180324   1600 R 12.6  0.5   2:45.38 sjeng_base.+
11560 freshman  20   0   42788   3996   3368 R  0.2  0.0   0:08.19 top

top - 18:26:27 up 11 days,  5:31,  6 users,  load average: 1.00, 1.00, 0.88
Tasks: 197 total,   2 running, 121 sleeping,   0 stopped,   0 zombie
%Cpu(s): 12.5 us,  0.0 sy,  0.0 ni, 87.5 id,  0.0 wa,  0.0 hi,  0.0 si,  0.0 st
KiB Mem : 32843380 total, 16946188 free,   494532 used, 15402660 buff/cache
--
  PID USER      PR  NI    VIRT    RES    SHR S %CPU %MEM     TIME+ COMMAND
12081 freshman  20   0  183632 180324   1600 R 12.5  0.5   2:46.39 sjeng_base.+

top - 18:26:28 up 11 days,  5:31,  6 users,  load average: 1.00, 1.00, 0.88
Tasks: 197 total,   2 running, 121 sleeping,   0 stopped,   0 zombie
%Cpu(s): 12.5 us,  0.1 sy,  0.0 ni, 87.3 id,  0.0 wa,  0.0 hi,  0.0 si,  0.0 st
KiB Mem : 32843380 total, 16946188 free,   494532 used, 15402660 buff/cache
--
  PID USER      PR  NI    VIRT    RES    SHR S %CPU %MEM     TIME+ COMMAND
12081 freshman  20   0  183632 180324   1600 R 12.5  0.5   2:47.39 sjeng_base.+
11560 freshman  20   0   42788   3996   3368 R  0.1  0.0   0:08.20 top

top - 18:26:29 up 11 days,  5:31,  6 users,  load average: 1.00, 1.00, 0.88
Tasks: 197 total,   2 running, 121 sleeping,   0 stopped,   0 zombie
%Cpu(s): 12.6 us,  0.0 sy,  0.0 ni, 87.4 id,  0.0 wa,  0.0 hi,  0.0 si,  0.0 st
KiB Mem : 32843380 total, 16946188 free,   494532 used, 15402660 buff/cache
--
  PID USER      PR  NI    VIRT    RES    SHR S %CPU %MEM     TIME+ COMMAND
12081 freshman  20   0  183632 180324   1600 R 12.5  0.5   2:48.40 sjeng_base.+

top - 18:26:30 up 11 days,  5:31,  6 users,  load average: 1.00, 1.00, 0.88
Tasks: 197 total,   2 running, 121 sleeping,   0 stopped,   0 zombie
%Cpu(s): 12.5 us,  0.0 sy,  0.0 ni, 87.5 id,  0.0 wa,  0.0 hi,  0.0 si,  0.0 st
KiB Mem : 32843380 total, 16946188 free,   494520 used, 15402672 buff/cache
--
  PID USER      PR  NI    VIRT    RES    SHR S %CPU %MEM     TIME+ COMMAND
12081 freshman  20   0  183632 180324   1600 R 12.5  0.5   2:49.40 sjeng_base.+

top - 18:26:31 up 11 days,  5:31,  6 users,  load average: 1.00, 1.00, 0.89
Tasks: 197 total,   2 running, 121 sleeping,   0 stopped,   0 zombie
%Cpu(s): 12.5 us,  0.0 sy,  0.0 ni, 87.5 id,  0.0 wa,  0.0 hi,  0.0 si,  0.0 st
KiB Mem : 32843380 total, 16946188 free,   494520 used, 15402672 buff/cache
--
  PID USER      PR  NI    VIRT    RES    SHR S %CPU %MEM     TIME+ COMMAND
12081 freshman  20   0  183632 180324   1600 R 12.5  0.5   2:50.41 sjeng_base.+

top - 18:26:32 up 11 days,  5:31,  6 users,  load average: 1.00, 1.00, 0.89
Tasks: 197 total,   2 running, 121 sleeping,   0 stopped,   0 zombie
%Cpu(s): 12.6 us,  0.0 sy,  0.0 ni, 87.4 id,  0.0 wa,  0.0 hi,  0.0 si,  0.0 st
KiB Mem : 32843380 total, 16946188 free,   494520 used, 15402672 buff/cache
--
  PID USER      PR  NI    VIRT    RES    SHR S %CPU %MEM     TIME+ COMMAND
12081 freshman  20   0  183632 180324   1600 R 12.5  0.5   2:51.41 sjeng_base.+
11560 freshman  20   0   42788   3996   3368 R  0.1  0.0   0:08.21 top
17961 root      20   0       0      0      0 I  0.1  0.0   0:15.01 kworker/5:2
--
top - 18:26:33 up 11 days,  5:31,  6 users,  load average: 1.00, 1.00, 0.89
Tasks: 197 total,   2 running, 121 sleeping,   0 stopped,   0 zombie
%Cpu(s): 12.5 us,  0.1 sy,  0.0 ni, 87.2 id,  0.1 wa,  0.0 hi,  0.0 si,  0.0 st
KiB Mem : 32843380 total, 16946172 free,   494536 used, 15402672 buff/cache
--
  PID USER      PR  NI    VIRT    RES    SHR S %CPU %MEM     TIME+ COMMAND
12081 freshman  20   0  183632 180324   1600 R 12.5  0.5   2:52.42 sjeng_base.+

top - 18:26:34 up 11 days,  5:31,  6 users,  load average: 1.00, 1.00, 0.89
Tasks: 197 total,   2 running, 121 sleeping,   0 stopped,   0 zombie
%Cpu(s): 12.5 us,  0.0 sy,  0.0 ni, 87.5 id,  0.0 wa,  0.0 hi,  0.0 si,  0.0 st
KiB Mem : 32843380 total, 16946172 free,   494536 used, 15402672 buff/cache
--
  PID USER      PR  NI    VIRT    RES    SHR S %CPU %MEM     TIME+ COMMAND
12081 freshman  20   0  183632 180324   1600 R 12.5  0.5   2:53.42 sjeng_base.+
11560 freshman  20   0   42788   3996   3368 R  0.1  0.0   0:08.22 top

top - 18:26:35 up 11 days,  5:31,  6 users,  load average: 1.00, 1.00, 0.89
Tasks: 197 total,   2 running, 121 sleeping,   0 stopped,   0 zombie
%Cpu(s): 12.6 us,  0.0 sy,  0.0 ni, 87.4 id,  0.0 wa,  0.0 hi,  0.0 si,  0.0 st
KiB Mem : 32843380 total, 16946172 free,   494536 used, 15402672 buff/cache
--
  PID USER      PR  NI    VIRT    RES    SHR S %CPU %MEM     TIME+ COMMAND
12081 freshman  20   0  183632 180324   1600 R 12.5  0.5   2:54.43 sjeng_base.+

top - 18:26:36 up 11 days,  5:31,  6 users,  load average: 1.00, 1.00, 0.89
Tasks: 197 total,   2 running, 121 sleeping,   0 stopped,   0 zombie
%Cpu(s): 12.6 us,  0.0 sy,  0.0 ni, 87.4 id,  0.0 wa,  0.0 hi,  0.0 si,  0.0 st
KiB Mem : 32843380 total, 16946188 free,   494508 used, 15402684 buff/cache
--
  PID USER      PR  NI    VIRT    RES    SHR S %CPU %MEM     TIME+ COMMAND
12081 freshman  20   0  183632 180324   1600 R 12.5  0.5   2:55.43 sjeng_base.+

top - 18:26:37 up 11 days,  5:31,  6 users,  load average: 1.00, 1.00, 0.89
Tasks: 197 total,   2 running, 121 sleeping,   0 stopped,   0 zombie
%Cpu(s): 12.4 us,  0.1 sy,  0.0 ni, 87.5 id,  0.0 wa,  0.0 hi,  0.0 si,  0.0 st
KiB Mem : 32843380 total, 16946188 free,   494508 used, 15402684 buff/cache
--
  PID USER      PR  NI    VIRT    RES    SHR S %CPU %MEM     TIME+ COMMAND
12081 freshman  20   0  183632 180324   1600 R 12.5  0.5   2:56.44 sjeng_base.+
11560 freshman  20   0   42788   3996   3368 R  0.1  0.0   0:08.23 top

top - 18:26:38 up 11 days,  5:31,  6 users,  load average: 1.00, 1.00, 0.89
Tasks: 197 total,   2 running, 121 sleeping,   0 stopped,   0 zombie
%Cpu(s): 12.6 us,  0.0 sy,  0.0 ni, 87.3 id,  0.1 wa,  0.0 hi,  0.0 si,  0.0 st
KiB Mem : 32843380 total, 16946188 free,   494508 used, 15402684 buff/cache
--
  PID USER      PR  NI    VIRT    RES    SHR S %CPU %MEM     TIME+ COMMAND
12081 freshman  20   0  183632 180324   1600 R 12.4  0.5   2:57.44 sjeng_base.+

top - 18:26:39 up 11 days,  5:31,  6 users,  load average: 1.00, 1.00, 0.89
Tasks: 197 total,   2 running, 121 sleeping,   0 stopped,   0 zombie
%Cpu(s): 12.5 us,  0.1 sy,  0.0 ni, 87.3 id,  0.0 wa,  0.0 hi,  0.0 si,  0.0 st
KiB Mem : 32843380 total, 16946188 free,   494508 used, 15402684 buff/cache
--
  PID USER      PR  NI    VIRT    RES    SHR S %CPU %MEM     TIME+ COMMAND
12081 freshman  20   0  183632 180324   1600 R 12.6  0.5   2:58.45 sjeng_base.+

top - 18:26:40 up 11 days,  5:31,  6 users,  load average: 1.00, 1.00, 0.89
Tasks: 197 total,   2 running, 121 sleeping,   0 stopped,   0 zombie
%Cpu(s): 12.5 us,  0.0 sy,  0.0 ni, 87.5 id,  0.0 wa,  0.0 hi,  0.0 si,  0.0 st
KiB Mem : 32843380 total, 16946188 free,   494508 used, 15402684 buff/cache
--
  PID USER      PR  NI    VIRT    RES    SHR S %CPU %MEM     TIME+ COMMAND
12081 freshman  20   0  183632 180324   1600 R 12.4  0.5   2:59.45 sjeng_base.+
11560 freshman  20   0   42788   3996   3368 R  0.2  0.0   0:08.25 top

top - 18:26:41 up 11 days,  5:31,  6 users,  load average: 1.00, 1.00, 0.89
Tasks: 197 total,   2 running, 121 sleeping,   0 stopped,   0 zombie
%Cpu(s): 12.5 us,  0.0 sy,  0.0 ni, 87.5 id,  0.0 wa,  0.0 hi,  0.0 si,  0.0 st
KiB Mem : 32843380 total, 16946188 free,   494508 used, 15402684 buff/cache
--
  PID USER      PR  NI    VIRT    RES    SHR S %CPU %MEM     TIME+ COMMAND
12081 freshman  20   0  183632 180324   1600 R 12.6  0.5   3:00.46 sjeng_base.+

top - 18:26:42 up 11 days,  5:31,  6 users,  load average: 1.00, 1.00, 0.89
Tasks: 197 total,   2 running, 121 sleeping,   0 stopped,   0 zombie
%Cpu(s): 12.5 us,  0.1 sy,  0.0 ni, 87.3 id,  0.0 wa,  0.0 hi,  0.0 si,  0.0 st
KiB Mem : 32843380 total, 16946188 free,   494496 used, 15402696 buff/cache
--
  PID USER      PR  NI    VIRT    RES    SHR S %CPU %MEM     TIME+ COMMAND
12081 freshman  20   0  183632 180324   1600 R 12.5  0.5   3:01.47 sjeng_base.+

top - 18:26:43 up 11 days,  5:31,  6 users,  load average: 1.00, 1.00, 0.89
Tasks: 197 total,   2 running, 121 sleeping,   0 stopped,   0 zombie
%Cpu(s): 12.5 us,  0.0 sy,  0.0 ni, 87.5 id,  0.0 wa,  0.0 hi,  0.0 si,  0.0 st
KiB Mem : 32843380 total, 16946188 free,   494496 used, 15402696 buff/cache
--
  PID USER      PR  NI    VIRT    RES    SHR S %CPU %MEM     TIME+ COMMAND
12081 freshman  20   0  183632 180324   1600 R 12.5  0.5   3:02.47 sjeng_base.+

top - 18:26:44 up 11 days,  5:31,  6 users,  load average: 1.00, 1.00, 0.89
Tasks: 197 total,   2 running, 121 sleeping,   0 stopped,   0 zombie
%Cpu(s): 12.6 us,  0.0 sy,  0.0 ni, 87.4 id,  0.0 wa,  0.0 hi,  0.0 si,  0.0 st
KiB Mem : 32843380 total, 16946188 free,   494496 used, 15402696 buff/cache
--
  PID USER      PR  NI    VIRT    RES    SHR S %CPU %MEM     TIME+ COMMAND
12081 freshman  20   0  183632 180324   1600 R 12.4  0.5   3:03.47 sjeng_base.+
11560 freshman  20   0   42788   3996   3368 R  0.1  0.0   0:08.26 top

top - 18:26:45 up 11 days,  5:31,  6 users,  load average: 1.00, 1.00, 0.89
Tasks: 197 total,   2 running, 121 sleeping,   0 stopped,   0 zombie
%Cpu(s): 12.6 us,  0.0 sy,  0.0 ni, 87.4 id,  0.0 wa,  0.0 hi,  0.0 si,  0.0 st
KiB Mem : 32843380 total, 16946172 free,   494504 used, 15402704 buff/cache
--
  PID USER      PR  NI    VIRT    RES    SHR S %CPU %MEM     TIME+ COMMAND
12081 freshman  20   0  183632 180324   1600 R 12.6  0.5   3:04.48 sjeng_base.+

top - 18:26:46 up 11 days,  5:31,  6 users,  load average: 1.00, 1.00, 0.89
Tasks: 197 total,   2 running, 121 sleeping,   0 stopped,   0 zombie
%Cpu(s): 12.6 us,  0.0 sy,  0.0 ni, 87.4 id,  0.0 wa,  0.0 hi,  0.0 si,  0.0 st
KiB Mem : 32843380 total, 16946172 free,   494504 used, 15402704 buff/cache
--
  PID USER      PR  NI    VIRT    RES    SHR S %CPU %MEM     TIME+ COMMAND
12081 freshman  20   0  183632 180324   1600 R 12.5  0.5   3:05.49 sjeng_base.+
11560 freshman  20   0   42788   3996   3368 R  0.1  0.0   0:08.27 top

top - 18:26:47 up 11 days,  5:31,  6 users,  load average: 1.00, 1.00, 0.89
Tasks: 197 total,   2 running, 121 sleeping,   0 stopped,   0 zombie
%Cpu(s): 12.4 us,  0.1 sy,  0.0 ni, 87.4 id,  0.0 wa,  0.0 hi,  0.0 si,  0.0 st
KiB Mem : 32843380 total, 16946172 free,   494504 used, 15402704 buff/cache
--
  PID USER      PR  NI    VIRT    RES    SHR S %CPU %MEM     TIME+ COMMAND
12081 freshman  20   0  183632 180324   1600 R 12.5  0.5   3:06.49 sjeng_base.+
11405 root      20   0       0      0      0 I  0.1  0.0   0:00.20 kworker/u16+

top - 18:26:48 up 11 days,  5:31,  6 users,  load average: 1.00, 1.00, 0.89
Tasks: 197 total,   2 running, 121 sleeping,   0 stopped,   0 zombie
%Cpu(s): 12.5 us,  0.0 sy,  0.0 ni, 87.5 id,  0.0 wa,  0.0 hi,  0.0 si,  0.0 st
KiB Mem : 32843380 total, 16946188 free,   494484 used, 15402708 buff/cache
--
  PID USER      PR  NI    VIRT    RES    SHR S %CPU %MEM     TIME+ COMMAND
12081 freshman  20   0  183632 180324   1600 R 12.5  0.5   3:07.50 sjeng_base.+
11560 freshman  20   0   42788   3996   3368 R  0.1  0.0   0:08.28 top

top - 18:26:49 up 11 days,  5:31,  6 users,  load average: 1.00, 1.00, 0.89
Tasks: 197 total,   2 running, 121 sleeping,   0 stopped,   0 zombie
%Cpu(s): 12.6 us,  0.0 sy,  0.0 ni, 87.4 id,  0.0 wa,  0.0 hi,  0.0 si,  0.0 st
KiB Mem : 32843380 total, 16946188 free,   494484 used, 15402708 buff/cache
--
  PID USER      PR  NI    VIRT    RES    SHR S %CPU %MEM     TIME+ COMMAND
12081 freshman  20   0  183632 180324   1600 R 12.5  0.5   3:08.50 sjeng_base.+

top - 18:26:50 up 11 days,  5:31,  6 users,  load average: 1.00, 1.00, 0.89
Tasks: 197 total,   2 running, 121 sleeping,   0 stopped,   0 zombie
%Cpu(s): 12.6 us,  0.0 sy,  0.0 ni, 87.4 id,  0.0 wa,  0.0 hi,  0.0 si,  0.0 st
KiB Mem : 32843380 total, 16946188 free,   494484 used, 15402708 buff/cache
--
  PID USER      PR  NI    VIRT    RES    SHR S %CPU %MEM     TIME+ COMMAND
12081 freshman  20   0  183632 180324   1600 R 12.5  0.5   3:09.51 sjeng_base.+
11560 freshman  20   0   42788   3996   3368 R  0.1  0.0   0:08.29 top

top - 18:26:51 up 11 days,  5:31,  6 users,  load average: 1.00, 1.00, 0.89
Tasks: 197 total,   2 running, 121 sleeping,   0 stopped,   0 zombie
%Cpu(s): 12.6 us,  0.0 sy,  0.0 ni, 87.4 id,  0.0 wa,  0.0 hi,  0.0 si,  0.0 st
KiB Mem : 32843380 total, 16946172 free,   494492 used, 15402716 buff/cache
--
  PID USER      PR  NI    VIRT    RES    SHR S %CPU %MEM     TIME+ COMMAND
12081 freshman  20   0  183632 180324   1600 R 12.5  0.5   3:10.51 sjeng_base.+

top - 18:26:52 up 11 days,  5:31,  6 users,  load average: 1.00, 1.00, 0.89
Tasks: 197 total,   2 running, 121 sleeping,   0 stopped,   0 zombie
%Cpu(s): 12.5 us,  0.0 sy,  0.0 ni, 87.5 id,  0.0 wa,  0.0 hi,  0.0 si,  0.0 st
KiB Mem : 32843380 total, 16946172 free,   494492 used, 15402716 buff/cache
--
  PID USER      PR  NI    VIRT    RES    SHR S %CPU %MEM     TIME+ COMMAND
12081 freshman  20   0  183632 180324   1600 R 12.5  0.5   3:11.52 sjeng_base.+

top - 18:26:53 up 11 days,  5:31,  6 users,  load average: 1.00, 1.00, 0.89
Tasks: 197 total,   2 running, 121 sleeping,   0 stopped,   0 zombie
%Cpu(s): 12.5 us,  0.1 sy,  0.0 ni, 87.3 id,  0.0 wa,  0.0 hi,  0.0 si,  0.0 st
KiB Mem : 32843380 total, 16946172 free,   494492 used, 15402716 buff/cache
--
  PID USER      PR  NI    VIRT    RES    SHR S %CPU %MEM     TIME+ COMMAND
12081 freshman  20   0  183632 180324   1600 R 12.5  0.5   3:12.52 sjeng_base.+
11560 freshman  20   0   42788   3996   3368 R  0.1  0.0   0:08.30 top

top - 18:26:54 up 11 days,  5:31,  6 users,  load average: 1.00, 1.00, 0.89
Tasks: 197 total,   2 running, 121 sleeping,   0 stopped,   0 zombie
%Cpu(s): 12.6 us,  0.0 sy,  0.0 ni, 87.4 id,  0.0 wa,  0.0 hi,  0.0 si,  0.0 st
KiB Mem : 32843380 total, 16946188 free,   494476 used, 15402716 buff/cache
--
  PID USER      PR  NI    VIRT    RES    SHR S %CPU %MEM     TIME+ COMMAND
12081 freshman  20   0  183632 180324   1600 R 12.5  0.5   3:13.53 sjeng_base.+

top - 18:26:55 up 11 days,  5:31,  6 users,  load average: 1.00, 1.00, 0.89
Tasks: 197 total,   2 running, 121 sleeping,   0 stopped,   0 zombie
%Cpu(s): 12.4 us,  0.0 sy,  0.0 ni, 87.6 id,  0.0 wa,  0.0 hi,  0.0 si,  0.0 st
KiB Mem : 32843380 total, 16946188 free,   494476 used, 15402716 buff/cache
--
  PID USER      PR  NI    VIRT    RES    SHR S %CPU %MEM     TIME+ COMMAND
12081 freshman  20   0  183632 180324   1600 R 12.5  0.5   3:14.53 sjeng_base.+

top - 18:26:56 up 11 days,  5:31,  6 users,  load average: 1.00, 1.00, 0.89
Tasks: 197 total,   2 running, 121 sleeping,   0 stopped,   0 zombie
%Cpu(s): 12.5 us,  0.1 sy,  0.0 ni, 87.3 id,  0.0 wa,  0.0 hi,  0.0 si,  0.0 st
KiB Mem : 32843380 total, 16946188 free,   494476 used, 15402716 buff/cache
--
  PID USER      PR  NI    VIRT    RES    SHR S %CPU %MEM     TIME+ COMMAND
12081 freshman  20   0  183632 180324   1600 R 12.5  0.5   3:15.54 sjeng_base.+

top - 18:26:57 up 11 days,  5:31,  6 users,  load average: 1.00, 1.00, 0.89
Tasks: 197 total,   2 running, 121 sleeping,   0 stopped,   0 zombie
%Cpu(s): 12.6 us,  0.0 sy,  0.0 ni, 87.4 id,  0.0 wa,  0.0 hi,  0.0 si,  0.0 st
KiB Mem : 32843380 total, 16946172 free,   494488 used, 15402720 buff/cache
--
  PID USER      PR  NI    VIRT    RES    SHR S %CPU %MEM     TIME+ COMMAND
12081 freshman  20   0  183632 180324   1600 R 12.4  0.5   3:16.54 sjeng_base.+
11560 freshman  20   0   42788   3996   3368 R  0.2  0.0   0:08.32 top

top - 18:26:58 up 11 days,  5:31,  6 users,  load average: 1.00, 1.00, 0.89
Tasks: 197 total,   2 running, 121 sleeping,   0 stopped,   0 zombie
%Cpu(s): 12.6 us,  0.0 sy,  0.0 ni, 87.4 id,  0.0 wa,  0.0 hi,  0.0 si,  0.0 st
KiB Mem : 32843380 total, 16946172 free,   494488 used, 15402720 buff/cache
--
  PID USER      PR  NI    VIRT    RES    SHR S %CPU %MEM     TIME+ COMMAND
12081 freshman  20   0  183632 180324   1600 R 12.6  0.5   3:17.55 sjeng_base.+

top - 18:26:59 up 11 days,  5:31,  6 users,  load average: 1.00, 1.00, 0.89
Tasks: 197 total,   2 running, 121 sleeping,   0 stopped,   0 zombie
%Cpu(s): 12.4 us,  0.0 sy,  0.0 ni, 87.4 id,  0.1 wa,  0.0 hi,  0.0 si,  0.0 st
KiB Mem : 32843380 total, 16946172 free,   494488 used, 15402720 buff/cache
--
  PID USER      PR  NI    VIRT    RES    SHR S %CPU %MEM     TIME+ COMMAND
12081 freshman  20   0  183632 180324   1600 R 12.4  0.5   3:18.55 sjeng_base.+

top - 18:27:00 up 11 days,  5:31,  6 users,  load average: 1.00, 1.00, 0.89
Tasks: 197 total,   2 running, 121 sleeping,   0 stopped,   0 zombie
%Cpu(s): 12.7 us,  0.0 sy,  0.0 ni, 87.3 id,  0.0 wa,  0.0 hi,  0.0 si,  0.0 st
KiB Mem : 32843380 total, 16946188 free,   494464 used, 15402728 buff/cache
--
  PID USER      PR  NI    VIRT    RES    SHR S %CPU %MEM     TIME+ COMMAND
12081 freshman  20   0  183632 180324   1600 R 12.6  0.5   3:19.56 sjeng_base.+
11560 freshman  20   0   42788   3996   3368 R  0.1  0.0   0:08.33 top

top - 18:27:01 up 11 days,  5:31,  6 users,  load average: 1.00, 1.00, 0.89
Tasks: 197 total,   2 running, 121 sleeping,   0 stopped,   0 zombie
%Cpu(s): 12.5 us,  0.0 sy,  0.0 ni, 87.5 id,  0.0 wa,  0.0 hi,  0.0 si,  0.0 st
KiB Mem : 32843380 total, 16946188 free,   494464 used, 15402728 buff/cache
--
  PID USER      PR  NI    VIRT    RES    SHR S %CPU %MEM     TIME+ COMMAND
12081 freshman  20   0  183632 180324   1600 R 12.5  0.5   3:20.57 sjeng_base.+
12043 root      20   0       0      0      0 I  0.1  0.0   0:00.02 kworker/u16+

top - 18:27:02 up 11 days,  5:31,  6 users,  load average: 1.00, 1.00, 0.89
Tasks: 197 total,   2 running, 121 sleeping,   0 stopped,   0 zombie
%Cpu(s): 12.6 us,  0.0 sy,  0.0 ni, 87.4 id,  0.0 wa,  0.0 hi,  0.0 si,  0.0 st
KiB Mem : 32843380 total, 16946188 free,   494464 used, 15402728 buff/cache
--
  PID USER      PR  NI    VIRT    RES    SHR S %CPU %MEM     TIME+ COMMAND
12081 freshman  20   0  183632 180324   1600 R 12.5  0.5   3:21.57 sjeng_base.+

top - 18:27:03 up 11 days,  5:31,  6 users,  load average: 1.00, 1.00, 0.89
Tasks: 197 total,   2 running, 121 sleeping,   0 stopped,   0 zombie
%Cpu(s): 12.4 us,  0.1 sy,  0.0 ni, 87.5 id,  0.0 wa,  0.0 hi,  0.0 si,  0.0 st
KiB Mem : 32843380 total, 16946188 free,   494464 used, 15402728 buff/cache
--
  PID USER      PR  NI    VIRT    RES    SHR S %CPU %MEM     TIME+ COMMAND
12081 freshman  20   0  183632 180324   1600 R 12.4  0.5   3:22.57 sjeng_base.+
11560 freshman  20   0   42788   3996   3368 R  0.1  0.0   0:08.34 top

top - 18:27:04 up 11 days,  5:31,  6 users,  load average: 1.00, 1.00, 0.89
Tasks: 197 total,   2 running, 121 sleeping,   0 stopped,   0 zombie
%Cpu(s): 12.6 us,  0.0 sy,  0.0 ni, 87.4 id,  0.0 wa,  0.0 hi,  0.0 si,  0.0 st
KiB Mem : 32843380 total, 16946188 free,   494464 used, 15402728 buff/cache
--
  PID USER      PR  NI    VIRT    RES    SHR S %CPU %MEM     TIME+ COMMAND
12081 freshman  20   0  183632 180324   1600 R 12.6  0.5   3:23.58 sjeng_base.+
11560 freshman  20   0   42788   3996   3368 R  0.1  0.0   0:08.35 top

top - 18:27:05 up 11 days,  5:31,  6 users,  load average: 1.00, 1.00, 0.89
Tasks: 197 total,   2 running, 121 sleeping,   0 stopped,   0 zombie
%Cpu(s): 12.6 us,  0.0 sy,  0.0 ni, 87.4 id,  0.0 wa,  0.0 hi,  0.0 si,  0.0 st
KiB Mem : 32843380 total, 16946188 free,   494464 used, 15402728 buff/cache
--
  PID USER      PR  NI    VIRT    RES    SHR S %CPU %MEM     TIME+ COMMAND
12081 freshman  20   0  183632 180324   1600 R 12.5  0.5   3:24.59 sjeng_base.+

top - 18:27:06 up 11 days,  5:31,  6 users,  load average: 1.00, 1.00, 0.89
Tasks: 197 total,   2 running, 121 sleeping,   0 stopped,   0 zombie
%Cpu(s): 12.6 us,  0.0 sy,  0.0 ni, 87.4 id,  0.0 wa,  0.0 hi,  0.0 si,  0.0 st
KiB Mem : 32843380 total, 16946188 free,   494460 used, 15402732 buff/cache
--
  PID USER      PR  NI    VIRT    RES    SHR S %CPU %MEM     TIME+ COMMAND
12081 freshman  20   0  183632 180324   1600 R 12.5  0.5   3:25.59 sjeng_base.+
11560 freshman  20   0   42788   3996   3368 R  0.1  0.0   0:08.36 top

top - 18:27:07 up 11 days,  5:31,  6 users,  load average: 1.00, 1.00, 0.89
Tasks: 197 total,   2 running, 121 sleeping,   0 stopped,   0 zombie
%Cpu(s): 12.6 us,  0.0 sy,  0.0 ni, 87.4 id,  0.0 wa,  0.0 hi,  0.0 si,  0.0 st
KiB Mem : 32843380 total, 16946188 free,   494460 used, 15402732 buff/cache
--
  PID USER      PR  NI    VIRT    RES    SHR S %CPU %MEM     TIME+ COMMAND
12081 freshman  20   0  183632 180324   1600 R 12.5  0.5   3:26.60 sjeng_base.+

top - 18:27:08 up 11 days,  5:31,  6 users,  load average: 1.00, 1.00, 0.89
Tasks: 197 total,   2 running, 121 sleeping,   0 stopped,   0 zombie
%Cpu(s): 12.5 us,  0.0 sy,  0.0 ni, 87.5 id,  0.0 wa,  0.0 hi,  0.0 si,  0.0 st
KiB Mem : 32843380 total, 16946188 free,   494460 used, 15402732 buff/cache
--
  PID USER      PR  NI    VIRT    RES    SHR S %CPU %MEM     TIME+ COMMAND
12081 freshman  20   0  183632 180324   1600 R 12.5  0.5   3:27.60 sjeng_base.+

top - 18:27:09 up 11 days,  5:31,  6 users,  load average: 1.00, 1.00, 0.89
Tasks: 197 total,   2 running, 121 sleeping,   0 stopped,   0 zombie
%Cpu(s): 12.5 us,  0.1 sy,  0.0 ni, 87.4 id,  0.0 wa,  0.0 hi,  0.0 si,  0.0 st
KiB Mem : 32843380 total, 16946172 free,   494476 used, 15402732 buff/cache
--
  PID USER      PR  NI    VIRT    RES    SHR S %CPU %MEM     TIME+ COMMAND
12081 freshman  20   0  183632 180324   1600 R 12.5  0.5   3:28.61 sjeng_base.+

top - 18:27:10 up 11 days,  5:31,  6 users,  load average: 1.00, 1.00, 0.89
Tasks: 197 total,   2 running, 121 sleeping,   0 stopped,   0 zombie
%Cpu(s): 12.6 us,  0.0 sy,  0.0 ni, 87.4 id,  0.0 wa,  0.0 hi,  0.0 si,  0.0 st
KiB Mem : 32843380 total, 16946172 free,   494476 used, 15402732 buff/cache
--
  PID USER      PR  NI    VIRT    RES    SHR S %CPU %MEM     TIME+ COMMAND
12081 freshman  20   0  183632 180324   1600 R 12.5  0.5   3:29.61 sjeng_base.+
11560 freshman  20   0   42788   3996   3368 R  0.1  0.0   0:08.37 top

top - 18:27:11 up 11 days,  5:31,  6 users,  load average: 1.00, 1.00, 0.89
Tasks: 197 total,   2 running, 121 sleeping,   0 stopped,   0 zombie
%Cpu(s): 12.6 us,  0.0 sy,  0.0 ni, 87.4 id,  0.0 wa,  0.0 hi,  0.0 si,  0.0 st
KiB Mem : 32843380 total, 16946172 free,   494476 used, 15402732 buff/cache
--
  PID USER      PR  NI    VIRT    RES    SHR S %CPU %MEM     TIME+ COMMAND
12081 freshman  20   0  183632 180324   1600 R 12.5  0.5   3:30.62 sjeng_base.+
11560 freshman  20   0   42788   3996   3368 R  0.1  0.0   0:08.38 top

top - 18:27:12 up 11 days,  5:31,  6 users,  load average: 1.00, 1.00, 0.89
Tasks: 197 total,   2 running, 121 sleeping,   0 stopped,   0 zombie
%Cpu(s): 12.4 us,  0.0 sy,  0.0 ni, 87.6 id,  0.0 wa,  0.0 hi,  0.0 si,  0.0 st
KiB Mem : 32843380 total, 16946188 free,   494448 used, 15402744 buff/cache
--
  PID USER      PR  NI    VIRT    RES    SHR S %CPU %MEM     TIME+ COMMAND
12081 freshman  20   0  183632 180324   1600 R 12.5  0.5   3:31.62 sjeng_base.+
11561 freshman  20   0   13136   1004    908 S  0.1  0.0   0:00.09 grep

top - 18:27:13 up 11 days,  5:31,  6 users,  load average: 1.00, 1.00, 0.89
Tasks: 197 total,   2 running, 121 sleeping,   0 stopped,   0 zombie
%Cpu(s): 12.5 us,  0.1 sy,  0.0 ni, 87.3 id,  0.0 wa,  0.0 hi,  0.0 si,  0.0 st
KiB Mem : 32843380 total, 16946188 free,   494448 used, 15402744 buff/cache
--
  PID USER      PR  NI    VIRT    RES    SHR S %CPU %MEM     TIME+ COMMAND
12081 freshman  20   0  183632 180324   1600 R 12.5  0.5   3:32.63 sjeng_base.+
 1027 root      20   0  110520   3512   3184 S  0.1  0.0   1:21.22 irqbalance

top - 18:27:14 up 11 days,  5:31,  6 users,  load average: 1.00, 1.00, 0.89
Tasks: 197 total,   2 running, 121 sleeping,   0 stopped,   0 zombie
%Cpu(s): 12.5 us,  0.0 sy,  0.0 ni, 87.3 id,  0.1 wa,  0.0 hi,  0.0 si,  0.0 st
KiB Mem : 32843380 total, 16946188 free,   494448 used, 15402744 buff/cache
--
  PID USER      PR  NI    VIRT    RES    SHR S %CPU %MEM     TIME+ COMMAND
12081 freshman  20   0  183632 180324   1600 R 12.5  0.5   3:33.63 sjeng_base.+
11560 freshman  20   0   42788   3996   3368 R  0.1  0.0   0:08.39 top

top - 18:27:15 up 11 days,  5:31,  6 users,  load average: 1.00, 1.00, 0.89
Tasks: 197 total,   2 running, 121 sleeping,   0 stopped,   0 zombie
%Cpu(s): 12.5 us,  0.0 sy,  0.0 ni, 87.5 id,  0.0 wa,  0.0 hi,  0.0 si,  0.0 st
KiB Mem : 32843380 total, 16946188 free,   494448 used, 15402744 buff/cache
--
  PID USER      PR  NI    VIRT    RES    SHR S %CPU %MEM     TIME+ COMMAND
12081 freshman  20   0  183632 180324   1600 R 12.5  0.5   3:34.64 sjeng_base.+

top - 18:27:16 up 11 days,  5:32,  6 users,  load average: 1.00, 1.00, 0.89
Tasks: 197 total,   2 running, 121 sleeping,   0 stopped,   0 zombie
%Cpu(s): 12.5 us,  0.1 sy,  0.0 ni, 87.3 id,  0.0 wa,  0.0 hi,  0.0 si,  0.0 st
KiB Mem : 32843380 total, 16946188 free,   494448 used, 15402744 buff/cache
--
  PID USER      PR  NI    VIRT    RES    SHR S %CPU %MEM     TIME+ COMMAND
12081 freshman  20   0  183632 180324   1600 R 12.4  0.5   3:35.64 sjeng_base.+

top - 18:27:17 up 11 days,  5:32,  6 users,  load average: 1.00, 1.00, 0.89
Tasks: 197 total,   2 running, 121 sleeping,   0 stopped,   0 zombie
%Cpu(s): 12.6 us,  0.0 sy,  0.0 ni, 87.4 id,  0.0 wa,  0.0 hi,  0.0 si,  0.0 st
KiB Mem : 32843380 total, 16946188 free,   494448 used, 15402744 buff/cache
--
  PID USER      PR  NI    VIRT    RES    SHR S %CPU %MEM     TIME+ COMMAND
12081 freshman  20   0  183632 180324   1600 R 12.6  0.5   3:36.65 sjeng_base.+
11560 freshman  20   0   42788   3996   3368 R  0.1  0.0   0:08.40 top

top - 18:27:18 up 11 days,  5:32,  6 users,  load average: 1.00, 1.00, 0.89
Tasks: 197 total,   2 running, 121 sleeping,   0 stopped,   0 zombie
%Cpu(s): 12.4 us,  0.0 sy,  0.0 ni, 87.6 id,  0.0 wa,  0.0 hi,  0.0 si,  0.0 st
KiB Mem : 32843380 total, 16946188 free,   494440 used, 15402752 buff/cache
--
  PID USER      PR  NI    VIRT    RES    SHR S %CPU %MEM     TIME+ COMMAND
12081 freshman  20   0  183632 180324   1600 R 12.4  0.5   3:37.65 sjeng_base.+
11560 freshman  20   0   42788   3996   3368 R  0.1  0.0   0:08.41 top

top - 18:27:19 up 11 days,  5:32,  6 users,  load average: 1.00, 1.00, 0.89
Tasks: 197 total,   2 running, 121 sleeping,   0 stopped,   0 zombie
%Cpu(s): 12.7 us,  0.0 sy,  0.0 ni, 87.3 id,  0.0 wa,  0.0 hi,  0.0 si,  0.0 st
KiB Mem : 32843380 total, 16946188 free,   494440 used, 15402752 buff/cache
--
  PID USER      PR  NI    VIRT    RES    SHR S %CPU %MEM     TIME+ COMMAND
12081 freshman  20   0  183632 180324   1600 R 12.6  0.5   3:38.66 sjeng_base.+

top - 18:27:20 up 11 days,  5:32,  6 users,  load average: 1.00, 1.00, 0.89
Tasks: 197 total,   2 running, 121 sleeping,   0 stopped,   0 zombie
%Cpu(s): 12.5 us,  0.0 sy,  0.0 ni, 87.5 id,  0.0 wa,  0.0 hi,  0.0 si,  0.0 st
KiB Mem : 32843380 total, 16946188 free,   494440 used, 15402752 buff/cache
--
  PID USER      PR  NI    VIRT    RES    SHR S %CPU %MEM     TIME+ COMMAND
12081 freshman  20   0  183632 180324   1600 R 12.5  0.5   3:39.67 sjeng_base.+

top - 18:27:21 up 11 days,  5:32,  6 users,  load average: 1.00, 1.00, 0.90
Tasks: 197 total,   2 running, 121 sleeping,   0 stopped,   0 zombie
%Cpu(s): 12.6 us,  0.0 sy,  0.0 ni, 87.4 id,  0.0 wa,  0.0 hi,  0.0 si,  0.0 st
KiB Mem : 32843380 total, 16946172 free,   494452 used, 15402756 buff/cache
--
  PID USER      PR  NI    VIRT    RES    SHR S %CPU %MEM     TIME+ COMMAND
12081 freshman  20   0  183632 180324   1600 R 12.5  0.5   3:40.67 sjeng_base.+
11560 freshman  20   0   42788   3996   3368 R  0.1  0.0   0:08.42 top

top - 18:27:22 up 11 days,  5:32,  6 users,  load average: 1.00, 1.00, 0.90
Tasks: 197 total,   2 running, 121 sleeping,   0 stopped,   0 zombie
%Cpu(s): 12.5 us,  0.1 sy,  0.0 ni, 87.3 id,  0.0 wa,  0.0 hi,  0.0 si,  0.0 st
KiB Mem : 32843380 total, 16946172 free,   494452 used, 15402756 buff/cache
--
  PID USER      PR  NI    VIRT    RES    SHR S %CPU %MEM     TIME+ COMMAND
12081 freshman  20   0  183632 180324   1600 R 12.4  0.5   3:41.67 sjeng_base.+

top - 18:27:23 up 11 days,  5:32,  6 users,  load average: 1.00, 1.00, 0.90
Tasks: 197 total,   2 running, 121 sleeping,   0 stopped,   0 zombie
%Cpu(s): 12.5 us,  0.0 sy,  0.0 ni, 87.5 id,  0.0 wa,  0.0 hi,  0.0 si,  0.0 st
KiB Mem : 32843380 total, 16946172 free,   494452 used, 15402756 buff/cache
--
  PID USER      PR  NI    VIRT    RES    SHR S %CPU %MEM     TIME+ COMMAND
12081 freshman  20   0  183632 180324   1600 R 12.6  0.5   3:42.68 sjeng_base.+
11560 freshman  20   0   42788   3996   3368 R  0.1  0.0   0:08.43 top

top - 18:27:24 up 11 days,  5:32,  6 users,  load average: 1.00, 1.00, 0.90
Tasks: 197 total,   2 running, 121 sleeping,   0 stopped,   0 zombie
%Cpu(s): 12.5 us,  0.1 sy,  0.0 ni, 87.3 id,  0.0 wa,  0.0 hi,  0.0 si,  0.0 st
KiB Mem : 32843380 total, 16946064 free,   494552 used, 15402764 buff/cache
--
  PID USER      PR  NI    VIRT    RES    SHR S %CPU %MEM     TIME+ COMMAND
12081 freshman  20   0  183632 180324   1600 R 12.5  0.5   3:43.69 sjeng_base.+

top - 18:27:25 up 11 days,  5:32,  6 users,  load average: 1.00, 1.00, 0.90
Tasks: 197 total,   2 running, 121 sleeping,   0 stopped,   0 zombie
%Cpu(s): 12.4 us,  0.0 sy,  0.0 ni, 87.6 id,  0.0 wa,  0.0 hi,  0.0 si,  0.0 st
KiB Mem : 32843380 total, 16946064 free,   494552 used, 15402764 buff/cache
--
  PID USER      PR  NI    VIRT    RES    SHR S %CPU %MEM     TIME+ COMMAND
12081 freshman  20   0  183632 180324   1600 R 12.5  0.5   3:44.69 sjeng_base.+

top - 18:27:26 up 11 days,  5:32,  6 users,  load average: 1.00, 1.00, 0.90
Tasks: 197 total,   2 running, 121 sleeping,   0 stopped,   0 zombie
%Cpu(s): 12.6 us,  0.0 sy,  0.0 ni, 87.4 id,  0.0 wa,  0.0 hi,  0.0 si,  0.0 st
KiB Mem : 32843380 total, 16946064 free,   494552 used, 15402764 buff/cache
--
  PID USER      PR  NI    VIRT    RES    SHR S %CPU %MEM     TIME+ COMMAND
12081 freshman  20   0  183632 180324   1600 R 12.5  0.5   3:45.70 sjeng_base.+
11560 freshman  20   0   42788   3996   3368 R  0.1  0.0   0:08.44 top

top - 18:27:27 up 11 days,  5:32,  6 users,  load average: 1.00, 1.00, 0.90
Tasks: 197 total,   2 running, 121 sleeping,   0 stopped,   0 zombie
%Cpu(s): 12.6 us,  0.0 sy,  0.0 ni, 87.4 id,  0.0 wa,  0.0 hi,  0.0 si,  0.0 st
KiB Mem : 32843380 total, 16946048 free,   494568 used, 15402764 buff/cache
--
  PID USER      PR  NI    VIRT    RES    SHR S %CPU %MEM     TIME+ COMMAND
12081 freshman  20   0  183632 180324   1600 R 12.5  0.5   3:46.70 sjeng_base.+

top - 18:27:28 up 11 days,  5:32,  6 users,  load average: 1.00, 1.00, 0.90
Tasks: 197 total,   2 running, 121 sleeping,   0 stopped,   0 zombie
%Cpu(s): 12.6 us,  0.0 sy,  0.0 ni, 87.4 id,  0.0 wa,  0.0 hi,  0.0 si,  0.0 st
KiB Mem : 32843380 total, 16946048 free,   494568 used, 15402764 buff/cache
--
  PID USER      PR  NI    VIRT    RES    SHR S %CPU %MEM     TIME+ COMMAND
12081 freshman  20   0  183632 180324   1600 R 12.5  0.5   3:47.71 sjeng_base.+
11560 freshman  20   0   42788   3996   3368 R  0.1  0.0   0:08.45 top

top - 18:27:29 up 11 days,  5:32,  6 users,  load average: 1.00, 1.00, 0.90
Tasks: 197 total,   2 running, 121 sleeping,   0 stopped,   0 zombie
%Cpu(s): 12.4 us,  0.1 sy,  0.0 ni, 87.4 id,  0.0 wa,  0.0 hi,  0.0 si,  0.0 st
KiB Mem : 32843380 total, 16946048 free,   494568 used, 15402764 buff/cache
--
  PID USER      PR  NI    VIRT    RES    SHR S %CPU %MEM     TIME+ COMMAND
12081 freshman  20   0  183632 180324   1600 R 12.5  0.5   3:48.71 sjeng_base.+

top - 18:27:30 up 11 days,  5:32,  6 users,  load average: 1.00, 1.00, 0.90
Tasks: 197 total,   2 running, 121 sleeping,   0 stopped,   0 zombie
%Cpu(s): 12.5 us,  0.0 sy,  0.0 ni, 87.5 id,  0.0 wa,  0.0 hi,  0.0 si,  0.0 st
KiB Mem : 32843380 total, 16946064 free,   494548 used, 15402768 buff/cache
--
  PID USER      PR  NI    VIRT    RES    SHR S %CPU %MEM     TIME+ COMMAND
12081 freshman  20   0  183632 180324   1600 R 12.5  0.5   3:49.72 sjeng_base.+

top - 18:27:31 up 11 days,  5:32,  6 users,  load average: 1.00, 1.00, 0.90
Tasks: 197 total,   2 running, 121 sleeping,   0 stopped,   0 zombie
%Cpu(s): 12.6 us,  0.0 sy,  0.0 ni, 87.4 id,  0.0 wa,  0.0 hi,  0.0 si,  0.0 st
KiB Mem : 32843380 total, 16946064 free,   494548 used, 15402768 buff/cache
--
  PID USER      PR  NI    VIRT    RES    SHR S %CPU %MEM     TIME+ COMMAND
12081 freshman  20   0  183632 180324   1600 R 12.5  0.5   3:50.72 sjeng_base.+

top - 18:27:32 up 11 days,  5:32,  6 users,  load average: 1.00, 1.00, 0.90
Tasks: 197 total,   2 running, 121 sleeping,   0 stopped,   0 zombie
%Cpu(s): 12.6 us,  0.0 sy,  0.0 ni, 87.4 id,  0.0 wa,  0.0 hi,  0.0 si,  0.0 st
KiB Mem : 32843380 total, 16946064 free,   494548 used, 15402768 buff/cache
--
  PID USER      PR  NI    VIRT    RES    SHR S %CPU %MEM     TIME+ COMMAND
12081 freshman  20   0  183632 180324   1600 R 12.5  0.5   3:51.73 sjeng_base.+
11560 freshman  20   0   42788   3996   3368 R  0.2  0.0   0:08.47 top

top - 18:27:33 up 11 days,  5:32,  6 users,  load average: 1.00, 1.00, 0.90
Tasks: 197 total,   2 running, 121 sleeping,   0 stopped,   0 zombie
%Cpu(s): 12.6 us,  0.0 sy,  0.0 ni, 87.4 id,  0.0 wa,  0.0 hi,  0.0 si,  0.0 st
KiB Mem : 32843380 total, 16946048 free,   494564 used, 15402768 buff/cache
--
  PID USER      PR  NI    VIRT    RES    SHR S %CPU %MEM     TIME+ COMMAND
12081 freshman  20   0  183632 180324   1600 R 12.5  0.5   3:52.73 sjeng_base.+

top - 18:27:34 up 11 days,  5:32,  6 users,  load average: 1.00, 1.00, 0.90
Tasks: 197 total,   2 running, 121 sleeping,   0 stopped,   0 zombie
%Cpu(s): 12.6 us,  0.0 sy,  0.0 ni, 87.4 id,  0.0 wa,  0.0 hi,  0.0 si,  0.0 st
KiB Mem : 32843380 total, 16946048 free,   494564 used, 15402768 buff/cache
--
  PID USER      PR  NI    VIRT    RES    SHR S %CPU %MEM     TIME+ COMMAND
12081 freshman  20   0  183632 180324   1600 R 12.5  0.5   3:53.74 sjeng_base.+

top - 18:27:35 up 11 days,  5:32,  6 users,  load average: 1.00, 1.00, 0.90
Tasks: 197 total,   2 running, 121 sleeping,   0 stopped,   0 zombie
%Cpu(s): 12.5 us,  0.0 sy,  0.0 ni, 87.5 id,  0.0 wa,  0.0 hi,  0.0 si,  0.0 st
KiB Mem : 32843380 total, 16946048 free,   494564 used, 15402768 buff/cache
--
  PID USER      PR  NI    VIRT    RES    SHR S %CPU %MEM     TIME+ COMMAND
12081 freshman  20   0  183632 180324   1600 R 12.5  0.5   3:54.74 sjeng_base.+
11560 freshman  20   0   42788   3996   3368 R  0.1  0.0   0:08.48 top

top - 18:27:36 up 11 days,  5:32,  6 users,  load average: 1.00, 1.00, 0.90
Tasks: 197 total,   2 running, 121 sleeping,   0 stopped,   0 zombie
%Cpu(s): 12.5 us,  0.1 sy,  0.0 ni, 87.3 id,  0.0 wa,  0.0 hi,  0.0 si,  0.0 st
KiB Mem : 32843380 total, 16946064 free,   494540 used, 15402776 buff/cache
--
  PID USER      PR  NI    VIRT    RES    SHR S %CPU %MEM     TIME+ COMMAND
12081 freshman  20   0  183632 180324   1600 R 12.5  0.5   3:55.75 sjeng_base.+

top - 18:27:37 up 11 days,  5:32,  6 users,  load average: 1.00, 1.00, 0.90
Tasks: 197 total,   2 running, 121 sleeping,   0 stopped,   0 zombie
%Cpu(s): 12.4 us,  0.1 sy,  0.0 ni, 87.4 id,  0.0 wa,  0.0 hi,  0.0 si,  0.0 st
KiB Mem : 32843380 total, 16946064 free,   494540 used, 15402776 buff/cache
--
  PID USER      PR  NI    VIRT    RES    SHR S %CPU %MEM     TIME+ COMMAND
12081 freshman  20   0  183632 180324   1600 R 12.5  0.5   3:56.76 sjeng_base.+
11560 freshman  20   0   42788   3996   3368 R  0.1  0.0   0:08.49 top
11562 freshman  20   0   13136   1092    996 S  0.1  0.0   0:00.09 grep
--
top - 18:27:38 up 11 days,  5:32,  6 users,  load average: 1.00, 1.00, 0.90
Tasks: 197 total,   2 running, 121 sleeping,   0 stopped,   0 zombie
%Cpu(s): 12.4 us,  0.1 sy,  0.0 ni, 87.5 id,  0.0 wa,  0.0 hi,  0.0 si,  0.0 st
KiB Mem : 32843380 total, 16946064 free,   494540 used, 15402776 buff/cache
--
  PID USER      PR  NI    VIRT    RES    SHR S %CPU %MEM     TIME+ COMMAND
12081 freshman  20   0  183632 180324   1600 R 12.5  0.5   3:57.76 sjeng_base.+

top - 18:27:39 up 11 days,  5:32,  6 users,  load average: 1.00, 1.00, 0.90
Tasks: 197 total,   2 running, 121 sleeping,   0 stopped,   0 zombie
%Cpu(s): 12.6 us,  0.0 sy,  0.0 ni, 87.4 id,  0.0 wa,  0.0 hi,  0.0 si,  0.0 st
KiB Mem : 32843380 total, 16946048 free,   494552 used, 15402780 buff/cache
--
  PID USER      PR  NI    VIRT    RES    SHR S %CPU %MEM     TIME+ COMMAND
12081 freshman  20   0  183632 180324   1600 R 12.5  0.5   3:58.77 sjeng_base.+

top - 18:27:40 up 11 days,  5:32,  6 users,  load average: 1.00, 1.00, 0.90
Tasks: 197 total,   2 running, 121 sleeping,   0 stopped,   0 zombie
%Cpu(s): 12.6 us,  0.0 sy,  0.0 ni, 87.4 id,  0.0 wa,  0.0 hi,  0.0 si,  0.0 st
KiB Mem : 32843380 total, 16946048 free,   494552 used, 15402780 buff/cache
--
  PID USER      PR  NI    VIRT    RES    SHR S %CPU %MEM     TIME+ COMMAND
12081 freshman  20   0  183632 180324   1600 R 12.6  0.5   3:59.78 sjeng_base.+
11560 freshman  20   0   42788   3996   3368 R  0.1  0.0   0:08.50 top

top - 18:27:41 up 11 days,  5:32,  6 users,  load average: 1.00, 1.00, 0.90
Tasks: 197 total,   2 running, 121 sleeping,   0 stopped,   0 zombie
%Cpu(s): 12.5 us,  0.0 sy,  0.0 ni, 87.5 id,  0.0 wa,  0.0 hi,  0.0 si,  0.0 st
KiB Mem : 32843380 total, 16946048 free,   494552 used, 15402780 buff/cache
--
  PID USER      PR  NI    VIRT    RES    SHR S %CPU %MEM     TIME+ COMMAND
12081 freshman  20   0  183632 180324   1600 R 12.4  0.5   4:00.78 sjeng_base.+

top - 18:27:42 up 11 days,  5:32,  6 users,  load average: 1.00, 1.00, 0.90
Tasks: 197 total,   2 running, 121 sleeping,   0 stopped,   0 zombie
%Cpu(s): 12.7 us,  0.0 sy,  0.0 ni, 87.3 id,  0.0 wa,  0.0 hi,  0.0 si,  0.0 st
KiB Mem : 32843380 total, 16946064 free,   494536 used, 15402780 buff/cache
--
  PID USER      PR  NI    VIRT    RES    SHR S %CPU %MEM     TIME+ COMMAND
12081 freshman  20   0  183632 180324   1600 R 12.5  0.5   4:01.78 sjeng_base.+

top - 18:27:43 up 11 days,  5:32,  6 users,  load average: 1.00, 1.00, 0.90
Tasks: 197 total,   2 running, 121 sleeping,   0 stopped,   0 zombie
%Cpu(s): 12.4 us,  0.1 sy,  0.0 ni, 87.4 id,  0.0 wa,  0.0 hi,  0.0 si,  0.0 st
KiB Mem : 32843380 total, 16946064 free,   494536 used, 15402780 buff/cache
--
  PID USER      PR  NI    VIRT    RES    SHR S %CPU %MEM     TIME+ COMMAND
12081 freshman  20   0  183632 180324   1600 R 12.5  0.5   4:02.79 sjeng_base.+

top - 18:27:44 up 11 days,  5:32,  6 users,  load average: 1.00, 1.00, 0.90
Tasks: 197 total,   2 running, 121 sleeping,   0 stopped,   0 zombie
%Cpu(s): 12.4 us,  0.0 sy,  0.0 ni, 87.6 id,  0.0 wa,  0.0 hi,  0.0 si,  0.0 st
KiB Mem : 32843380 total, 16946064 free,   494536 used, 15402780 buff/cache
--
  PID USER      PR  NI    VIRT    RES    SHR S %CPU %MEM     TIME+ COMMAND
12081 freshman  20   0  183632 180324   1600 R 12.6  0.5   4:03.80 sjeng_base.+
11560 freshman  20   0   42788   3996   3368 R  0.1  0.0   0:08.51 top

top - 18:27:45 up 11 days,  5:32,  6 users,  load average: 1.00, 1.00, 0.90
Tasks: 197 total,   2 running, 121 sleeping,   0 stopped,   0 zombie
%Cpu(s): 12.5 us,  0.1 sy,  0.0 ni, 87.3 id,  0.0 wa,  0.0 hi,  0.0 si,  0.0 st
KiB Mem : 32843380 total, 16946048 free,   494540 used, 15402792 buff/cache
--
  PID USER      PR  NI    VIRT    RES    SHR S %CPU %MEM     TIME+ COMMAND
12081 freshman  20   0  183632 180324   1600 R 12.4  0.5   4:04.80 sjeng_base.+
11560 freshman  20   0   42788   3996   3368 R  0.1  0.0   0:08.52 top

top - 18:27:46 up 11 days,  5:32,  6 users,  load average: 1.00, 1.00, 0.90
Tasks: 197 total,   2 running, 121 sleeping,   0 stopped,   0 zombie
%Cpu(s): 12.6 us,  0.0 sy,  0.0 ni, 87.4 id,  0.0 wa,  0.0 hi,  0.0 si,  0.0 st
KiB Mem : 32843380 total, 16946048 free,   494540 used, 15402792 buff/cache
--
  PID USER      PR  NI    VIRT    RES    SHR S %CPU %MEM     TIME+ COMMAND
12081 freshman  20   0  183632 180324   1600 R 12.6  0.5   4:05.81 sjeng_base.+

top - 18:27:47 up 11 days,  5:32,  6 users,  load average: 1.00, 1.00, 0.90
Tasks: 197 total,   2 running, 121 sleeping,   0 stopped,   0 zombie
%Cpu(s): 12.5 us,  0.0 sy,  0.0 ni, 87.5 id,  0.0 wa,  0.0 hi,  0.0 si,  0.0 st
KiB Mem : 32843380 total, 16946048 free,   494540 used, 15402792 buff/cache
--
  PID USER      PR  NI    VIRT    RES    SHR S %CPU %MEM     TIME+ COMMAND
12081 freshman  20   0  183632 180324   1600 R 12.4  0.5   4:06.81 sjeng_base.+
11560 freshman  20   0   42788   3996   3368 R  0.1  0.0   0:08.53 top

top - 18:27:48 up 11 days,  5:32,  6 users,  load average: 1.00, 1.00, 0.90
Tasks: 197 total,   2 running, 121 sleeping,   0 stopped,   0 zombie
%Cpu(s): 12.6 us,  0.0 sy,  0.0 ni, 87.4 id,  0.0 wa,  0.0 hi,  0.0 si,  0.0 st
KiB Mem : 32843380 total, 16946064 free,   494524 used, 15402792 buff/cache
--
  PID USER      PR  NI    VIRT    RES    SHR S %CPU %MEM     TIME+ COMMAND
12081 freshman  20   0  183632 180324   1600 R 12.5  0.5   4:07.81 sjeng_base.+

top - 18:27:49 up 11 days,  5:32,  6 users,  load average: 1.00, 1.00, 0.90
Tasks: 197 total,   2 running, 121 sleeping,   0 stopped,   0 zombie
%Cpu(s): 12.5 us,  0.1 sy,  0.0 ni, 87.3 id,  0.0 wa,  0.0 hi,  0.0 si,  0.0 st
KiB Mem : 32843380 total, 16946064 free,   494524 used, 15402792 buff/cache
--
  PID USER      PR  NI    VIRT    RES    SHR S %CPU %MEM     TIME+ COMMAND
12081 freshman  20   0  183632 180324   1600 R 12.5  0.5   4:08.82 sjeng_base.+

top - 18:27:50 up 11 days,  5:32,  6 users,  load average: 1.00, 1.00, 0.90
Tasks: 197 total,   2 running, 121 sleeping,   0 stopped,   0 zombie
%Cpu(s): 12.5 us,  0.0 sy,  0.0 ni, 87.4 id,  0.1 wa,  0.0 hi,  0.0 si,  0.0 st
KiB Mem : 32843380 total, 16946064 free,   494524 used, 15402792 buff/cache
--
  PID USER      PR  NI    VIRT    RES    SHR S %CPU %MEM     TIME+ COMMAND
12081 freshman  20   0  183632 180324   1600 R 12.6  0.5   4:09.83 sjeng_base.+

top - 18:27:51 up 11 days,  5:32,  6 users,  load average: 1.00, 1.00, 0.90
Tasks: 197 total,   2 running, 121 sleeping,   0 stopped,   0 zombie
%Cpu(s): 12.5 us,  0.0 sy,  0.0 ni, 87.5 id,  0.0 wa,  0.0 hi,  0.0 si,  0.0 st
KiB Mem : 32843380 total, 16946048 free,   494540 used, 15402792 buff/cache
--
  PID USER      PR  NI    VIRT    RES    SHR S %CPU %MEM     TIME+ COMMAND
12081 freshman  20   0  183632 180324   1600 R 12.4  0.5   4:10.83 sjeng_base.+
11560 freshman  20   0   42788   3996   3368 R  0.1  0.0   0:08.54 top

top - 18:27:52 up 11 days,  5:32,  6 users,  load average: 1.00, 1.00, 0.90
Tasks: 197 total,   2 running, 121 sleeping,   0 stopped,   0 zombie
%Cpu(s): 12.6 us,  0.0 sy,  0.0 ni, 87.4 id,  0.0 wa,  0.0 hi,  0.0 si,  0.0 st
KiB Mem : 32843380 total, 16946048 free,   494540 used, 15402792 buff/cache
--
  PID USER      PR  NI    VIRT    RES    SHR S %CPU %MEM     TIME+ COMMAND
12081 freshman  20   0  183632 180324   1600 R 12.6  0.5   4:11.84 sjeng_base.+
11560 freshman  20   0   42788   3996   3368 R  0.1  0.0   0:08.55 top

top - 18:27:53 up 11 days,  5:32,  6 users,  load average: 1.00, 1.00, 0.90
Tasks: 197 total,   2 running, 121 sleeping,   0 stopped,   0 zombie
%Cpu(s): 12.6 us,  0.0 sy,  0.0 ni, 87.4 id,  0.0 wa,  0.0 hi,  0.0 si,  0.0 st
KiB Mem : 32843380 total, 16946048 free,   494540 used, 15402792 buff/cache
--
  PID USER      PR  NI    VIRT    RES    SHR S %CPU %MEM     TIME+ COMMAND
12081 freshman  20   0  183632 180324   1600 R 12.4  0.5   4:12.84 sjeng_base.+

top - 18:27:54 up 11 days,  5:32,  6 users,  load average: 1.00, 1.00, 0.90
Tasks: 197 total,   2 running, 121 sleeping,   0 stopped,   0 zombie
%Cpu(s): 12.5 us,  0.1 sy,  0.0 ni, 87.3 id,  0.0 wa,  0.0 hi,  0.0 si,  0.0 st
KiB Mem : 32843380 total, 16946064 free,   494512 used, 15402804 buff/cache
--
  PID USER      PR  NI    VIRT    RES    SHR S %CPU %MEM     TIME+ COMMAND
12081 freshman  20   0  183632 180324   1600 R 12.6  0.5   4:13.85 sjeng_base.+

top - 18:27:55 up 11 days,  5:32,  6 users,  load average: 1.00, 1.00, 0.90
Tasks: 197 total,   2 running, 121 sleeping,   0 stopped,   0 zombie
%Cpu(s): 12.5 us,  0.0 sy,  0.0 ni, 87.5 id,  0.0 wa,  0.0 hi,  0.0 si,  0.0 st
KiB Mem : 32843380 total, 16946064 free,   494512 used, 15402804 buff/cache
--
  PID USER      PR  NI    VIRT    RES    SHR S %CPU %MEM     TIME+ COMMAND
12081 freshman  20   0  183632 180324   1600 R 12.4  0.5   4:14.85 sjeng_base.+

top - 18:27:56 up 11 days,  5:32,  6 users,  load average: 1.00, 1.00, 0.90
Tasks: 197 total,   2 running, 121 sleeping,   0 stopped,   0 zombie
%Cpu(s): 12.5 us,  0.0 sy,  0.0 ni, 87.5 id,  0.0 wa,  0.0 hi,  0.0 si,  0.0 st
KiB Mem : 32843380 total, 16946064 free,   494512 used, 15402804 buff/cache
--
  PID USER      PR  NI    VIRT    RES    SHR S %CPU %MEM     TIME+ COMMAND
12081 freshman  20   0  183632 180324   1600 R 12.5  0.5   4:15.86 sjeng_base.+
11560 freshman  20   0   42788   3996   3368 R  0.1  0.0   0:08.56 top

top - 18:27:57 up 11 days,  5:32,  6 users,  load average: 1.00, 1.00, 0.90
Tasks: 197 total,   2 running, 121 sleeping,   0 stopped,   0 zombie
%Cpu(s): 12.6 us,  0.0 sy,  0.0 ni, 87.4 id,  0.0 wa,  0.0 hi,  0.0 si,  0.0 st
KiB Mem : 32843380 total, 16946048 free,   494528 used, 15402804 buff/cache
--
  PID USER      PR  NI    VIRT    RES    SHR S %CPU %MEM     TIME+ COMMAND
12081 freshman  20   0  183632 180324   1600 R 12.5  0.5   4:16.86 sjeng_base.+
11560 freshman  20   0   42788   3996   3368 R  0.1  0.0   0:08.57 top

top - 18:27:58 up 11 days,  5:32,  6 users,  load average: 1.00, 1.00, 0.90
Tasks: 197 total,   2 running, 121 sleeping,   0 stopped,   0 zombie
%Cpu(s): 12.6 us,  0.0 sy,  0.0 ni, 87.4 id,  0.0 wa,  0.0 hi,  0.0 si,  0.0 st
KiB Mem : 32843380 total, 16946048 free,   494528 used, 15402804 buff/cache
--
  PID USER      PR  NI    VIRT    RES    SHR S %CPU %MEM     TIME+ COMMAND
12081 freshman  20   0  183632 180324   1600 R 12.5  0.5   4:17.87 sjeng_base.+

top - 18:27:59 up 11 days,  5:32,  6 users,  load average: 1.00, 1.00, 0.90
Tasks: 197 total,   2 running, 121 sleeping,   0 stopped,   0 zombie
%Cpu(s): 12.4 us,  0.1 sy,  0.0 ni, 87.4 id,  0.0 wa,  0.0 hi,  0.0 si,  0.0 st
KiB Mem : 32843380 total, 16946048 free,   494528 used, 15402804 buff/cache
--
  PID USER      PR  NI    VIRT    RES    SHR S %CPU %MEM     TIME+ COMMAND
12081 freshman  20   0  183632 180324   1600 R 12.5  0.5   4:18.87 sjeng_base.+

top - 18:28:00 up 11 days,  5:32,  6 users,  load average: 1.00, 1.00, 0.90
Tasks: 197 total,   2 running, 121 sleeping,   0 stopped,   0 zombie
%Cpu(s): 12.6 us,  0.0 sy,  0.0 ni, 87.4 id,  0.0 wa,  0.0 hi,  0.0 si,  0.0 st
KiB Mem : 32843380 total, 16946064 free,   494504 used, 15402812 buff/cache
--
  PID USER      PR  NI    VIRT    RES    SHR S %CPU %MEM     TIME+ COMMAND
12081 freshman  20   0  183632 180324   1600 R 12.5  0.5   4:19.88 sjeng_base.+
11560 freshman  20   0   42788   3996   3368 R  0.1  0.0   0:08.58 top

top - 18:28:01 up 11 days,  5:32,  6 users,  load average: 1.00, 1.00, 0.90
Tasks: 197 total,   2 running, 121 sleeping,   0 stopped,   0 zombie
%Cpu(s): 12.4 us,  0.1 sy,  0.0 ni, 87.4 id,  0.0 wa,  0.0 hi,  0.0 si,  0.0 st
KiB Mem : 32843380 total, 16946064 free,   494504 used, 15402812 buff/cache
--
  PID USER      PR  NI    VIRT    RES    SHR S %CPU %MEM     TIME+ COMMAND
12081 freshman  20   0  183632 180324   1600 R 12.6  0.5   4:20.89 sjeng_base.+

top - 18:28:02 up 11 days,  5:32,  6 users,  load average: 1.00, 1.00, 0.90
Tasks: 197 total,   2 running, 121 sleeping,   0 stopped,   0 zombie
%Cpu(s): 12.5 us,  0.0 sy,  0.0 ni, 87.5 id,  0.0 wa,  0.0 hi,  0.0 si,  0.0 st
KiB Mem : 32843380 total, 16946064 free,   494504 used, 15402812 buff/cache
--
  PID USER      PR  NI    VIRT    RES    SHR S %CPU %MEM     TIME+ COMMAND
12081 freshman  20   0  183632 180324   1600 R 12.4  0.5   4:21.89 sjeng_base.+
11560 freshman  20   0   42788   3996   3368 R  0.1  0.0   0:08.59 top

top - 18:28:03 up 11 days,  5:32,  6 users,  load average: 1.00, 1.00, 0.90
Tasks: 197 total,   2 running, 121 sleeping,   0 stopped,   0 zombie
%Cpu(s): 12.6 us,  0.0 sy,  0.0 ni, 87.4 id,  0.0 wa,  0.0 hi,  0.0 si,  0.0 st
KiB Mem : 32843380 total, 16946064 free,   494500 used, 15402816 buff/cache
--
  PID USER      PR  NI    VIRT    RES    SHR S %CPU %MEM     TIME+ COMMAND
12081 freshman  20   0  183632 180324   1600 R 12.5  0.5   4:22.89 sjeng_base.+
11560 freshman  20   0   42788   3996   3368 R  0.1  0.0   0:08.60 top

top - 18:28:04 up 11 days,  5:32,  6 users,  load average: 1.00, 1.00, 0.90
Tasks: 197 total,   2 running, 121 sleeping,   0 stopped,   0 zombie
%Cpu(s): 12.5 us,  0.0 sy,  0.0 ni, 87.5 id,  0.0 wa,  0.0 hi,  0.0 si,  0.0 st
KiB Mem : 32843380 total, 16946064 free,   494500 used, 15402816 buff/cache
--
  PID USER      PR  NI    VIRT    RES    SHR S %CPU %MEM     TIME+ COMMAND
12081 freshman  20   0  183632 180324   1600 R 12.5  0.5   4:23.90 sjeng_base.+

top - 18:28:05 up 11 days,  5:32,  6 users,  load average: 1.00, 1.00, 0.90
Tasks: 197 total,   2 running, 121 sleeping,   0 stopped,   0 zombie
%Cpu(s): 12.5 us,  0.1 sy,  0.0 ni, 87.3 id,  0.0 wa,  0.0 hi,  0.0 si,  0.0 st
KiB Mem : 32843380 total, 16946064 free,   494500 used, 15402816 buff/cache
--
  PID USER      PR  NI    VIRT    RES    SHR S %CPU %MEM     TIME+ COMMAND
12081 freshman  20   0  183632 180324   1600 R 12.6  0.5   4:24.91 sjeng_base.+

top - 18:28:06 up 11 days,  5:32,  6 users,  load average: 1.00, 1.00, 0.90
Tasks: 197 total,   2 running, 121 sleeping,   0 stopped,   0 zombie
%Cpu(s): 12.5 us,  0.0 sy,  0.0 ni, 87.5 id,  0.0 wa,  0.0 hi,  0.0 si,  0.0 st
KiB Mem : 32843380 total, 16946064 free,   494500 used, 15402816 buff/cache
--
  PID USER      PR  NI    VIRT    RES    SHR S %CPU %MEM     TIME+ COMMAND
12081 freshman  20   0  183632 180324   1600 R 12.4  0.5   4:25.91 sjeng_base.+
11560 freshman  20   0   42788   3996   3368 R  0.1  0.0   0:08.61 top

top - 18:28:07 up 11 days,  5:32,  6 users,  load average: 1.00, 1.00, 0.90
Tasks: 197 total,   2 running, 121 sleeping,   0 stopped,   0 zombie
%Cpu(s): 12.5 us,  0.1 sy,  0.0 ni, 87.3 id,  0.0 wa,  0.0 hi,  0.0 si,  0.0 st
KiB Mem : 32843380 total, 16946064 free,   494500 used, 15402816 buff/cache
--
  PID USER      PR  NI    VIRT    RES    SHR S %CPU %MEM     TIME+ COMMAND
12081 freshman  20   0  183632 180324   1600 R 12.5  0.5   4:26.91 sjeng_base.+

top - 18:28:08 up 11 days,  5:32,  6 users,  load average: 1.00, 1.00, 0.90
Tasks: 197 total,   2 running, 121 sleeping,   0 stopped,   0 zombie
%Cpu(s): 12.5 us,  0.0 sy,  0.0 ni, 87.5 id,  0.0 wa,  0.0 hi,  0.0 si,  0.0 st
KiB Mem : 32843380 total, 16946064 free,   494500 used, 15402816 buff/cache
--
  PID USER      PR  NI    VIRT    RES    SHR S %CPU %MEM     TIME+ COMMAND
12081 freshman  20   0  183632 180324   1600 R 12.5  0.5   4:27.92 sjeng_base.+
11560 freshman  20   0   42788   3996   3368 R  0.1  0.0   0:08.62 top

top - 18:28:09 up 11 days,  5:32,  6 users,  load average: 1.00, 1.00, 0.90
Tasks: 197 total,   2 running, 121 sleeping,   0 stopped,   0 zombie
%Cpu(s): 12.5 us,  0.0 sy,  0.0 ni, 87.5 id,  0.0 wa,  0.0 hi,  0.0 si,  0.0 st
KiB Mem : 32843380 total, 16946048 free,   494508 used, 15402824 buff/cache
--
  PID USER      PR  NI    VIRT    RES    SHR S %CPU %MEM     TIME+ COMMAND
12081 freshman  20   0  183632 180324   1600 R 12.6  0.5   4:28.93 sjeng_base.+

top - 18:28:10 up 11 days,  5:32,  6 users,  load average: 1.00, 1.00, 0.90
Tasks: 197 total,   2 running, 121 sleeping,   0 stopped,   0 zombie
%Cpu(s): 12.4 us,  0.1 sy,  0.0 ni, 87.4 id,  0.0 wa,  0.0 hi,  0.0 si,  0.0 st
KiB Mem : 32843380 total, 16946048 free,   494508 used, 15402824 buff/cache
--
  PID USER      PR  NI    VIRT    RES    SHR S %CPU %MEM     TIME+ COMMAND
12081 freshman  20   0  183632 180324   1600 R 12.4  0.5   4:29.93 sjeng_base.+

top - 18:28:11 up 11 days,  5:32,  6 users,  load average: 1.00, 1.00, 0.91
Tasks: 197 total,   2 running, 121 sleeping,   0 stopped,   0 zombie
%Cpu(s): 12.6 us,  0.0 sy,  0.0 ni, 87.4 id,  0.0 wa,  0.0 hi,  0.0 si,  0.0 st
KiB Mem : 32843380 total, 16946048 free,   494508 used, 15402824 buff/cache
--
  PID USER      PR  NI    VIRT    RES    SHR S %CPU %MEM     TIME+ COMMAND
12081 freshman  20   0  183632 180324   1600 R 12.6  0.5   4:30.94 sjeng_base.+
11560 freshman  20   0   42788   3996   3368 R  0.1  0.0   0:08.63 top

top - 18:28:12 up 11 days,  5:32,  6 users,  load average: 1.00, 1.00, 0.91
Tasks: 197 total,   2 running, 121 sleeping,   0 stopped,   0 zombie
%Cpu(s): 12.5 us,  0.1 sy,  0.0 ni, 87.3 id,  0.0 wa,  0.0 hi,  0.0 si,  0.0 st
KiB Mem : 32843380 total, 16946064 free,   494488 used, 15402828 buff/cache
--
  PID USER      PR  NI    VIRT    RES    SHR S %CPU %MEM     TIME+ COMMAND
12081 freshman  20   0  183632 180324   1600 R 12.4  0.5   4:31.94 sjeng_base.+

top - 18:28:13 up 11 days,  5:32,  6 users,  load average: 1.00, 1.00, 0.91
Tasks: 197 total,   2 running, 121 sleeping,   0 stopped,   0 zombie
%Cpu(s): 12.5 us,  0.0 sy,  0.0 ni, 87.5 id,  0.0 wa,  0.0 hi,  0.0 si,  0.0 st
KiB Mem : 32843380 total, 16946064 free,   494488 used, 15402828 buff/cache
--
  PID USER      PR  NI    VIRT    RES    SHR S %CPU %MEM     TIME+ COMMAND
12081 freshman  20   0  183632 180324   1600 R 12.6  0.5   4:32.95 sjeng_base.+

top - 18:28:14 up 11 days,  5:32,  6 users,  load average: 1.00, 1.00, 0.91
Tasks: 197 total,   2 running, 121 sleeping,   0 stopped,   0 zombie
%Cpu(s): 12.5 us,  0.0 sy,  0.0 ni, 87.5 id,  0.0 wa,  0.0 hi,  0.0 si,  0.0 st
KiB Mem : 32843380 total, 16946064 free,   494488 used, 15402828 buff/cache
--
  PID USER      PR  NI    VIRT    RES    SHR S %CPU %MEM     TIME+ COMMAND
12081 freshman  20   0  183632 180324   1600 R 12.4  0.5   4:33.95 sjeng_base.+
11560 freshman  20   0   42788   3996   3368 R  0.1  0.0   0:08.64 top

top - 18:28:15 up 11 days,  5:33,  6 users,  load average: 1.00, 1.00, 0.91
Tasks: 197 total,   2 running, 121 sleeping,   0 stopped,   0 zombie
%Cpu(s): 12.6 us,  0.0 sy,  0.0 ni, 87.3 id,  0.1 wa,  0.0 hi,  0.0 si,  0.0 st
KiB Mem : 32843380 total, 16946064 free,   494488 used, 15402828 buff/cache
--
  PID USER      PR  NI    VIRT    RES    SHR S %CPU %MEM     TIME+ COMMAND
12081 freshman  20   0  183632 180324   1600 R 12.5  0.5   4:34.96 sjeng_base.+

top - 18:28:16 up 11 days,  5:33,  6 users,  load average: 1.00, 1.00, 0.91
Tasks: 197 total,   2 running, 121 sleeping,   0 stopped,   0 zombie
%Cpu(s): 12.4 us,  0.1 sy,  0.0 ni, 87.4 id,  0.0 wa,  0.0 hi,  0.0 si,  0.0 st
KiB Mem : 32843380 total, 16946064 free,   494488 used, 15402828 buff/cache
--
  PID USER      PR  NI    VIRT    RES    SHR S %CPU %MEM     TIME+ COMMAND
12081 freshman  20   0  183632 180324   1600 R 12.5  0.5   4:35.96 sjeng_base.+

top - 18:28:17 up 11 days,  5:33,  6 users,  load average: 1.00, 1.00, 0.91
Tasks: 197 total,   2 running, 121 sleeping,   0 stopped,   0 zombie
%Cpu(s): 12.5 us,  0.1 sy,  0.0 ni, 87.3 id,  0.0 wa,  0.0 hi,  0.0 si,  0.0 st
KiB Mem : 32843380 total, 16946064 free,   494488 used, 15402828 buff/cache
--
  PID USER      PR  NI    VIRT    RES    SHR S %CPU %MEM     TIME+ COMMAND
12081 freshman  20   0  183632 180324   1600 R 12.5  0.5   4:36.97 sjeng_base.+
11560 freshman  20   0   42788   3996   3368 R  0.2  0.0   0:08.66 top

top - 18:28:18 up 11 days,  5:33,  6 users,  load average: 1.00, 1.00, 0.91
Tasks: 197 total,   2 running, 121 sleeping,   0 stopped,   0 zombie
%Cpu(s): 12.6 us,  0.0 sy,  0.0 ni, 87.4 id,  0.0 wa,  0.0 hi,  0.0 si,  0.0 st
KiB Mem : 32843380 total, 16946064 free,   494480 used, 15402836 buff/cache
--
  PID USER      PR  NI    VIRT    RES    SHR S %CPU %MEM     TIME+ COMMAND
12081 freshman  20   0  183632 180324   1600 R 12.5  0.5   4:37.97 sjeng_base.+

top - 18:28:19 up 11 days,  5:33,  6 users,  load average: 1.00, 1.00, 0.91
Tasks: 197 total,   2 running, 121 sleeping,   0 stopped,   0 zombie
%Cpu(s): 12.5 us,  0.0 sy,  0.0 ni, 87.5 id,  0.0 wa,  0.0 hi,  0.0 si,  0.0 st
KiB Mem : 32843380 total, 16946064 free,   494480 used, 15402836 buff/cache
--
  PID USER      PR  NI    VIRT    RES    SHR S %CPU %MEM     TIME+ COMMAND
12081 freshman  20   0  183632 180324   1600 R 12.5  0.5   4:38.98 sjeng_base.+

top - 18:28:20 up 11 days,  5:33,  6 users,  load average: 1.00, 1.00, 0.91
Tasks: 197 total,   2 running, 121 sleeping,   0 stopped,   0 zombie
%Cpu(s): 12.6 us,  0.0 sy,  0.0 ni, 87.4 id,  0.0 wa,  0.0 hi,  0.0 si,  0.0 st
KiB Mem : 32843380 total, 16946064 free,   494480 used, 15402836 buff/cache
--
  PID USER      PR  NI    VIRT    RES    SHR S %CPU %MEM     TIME+ COMMAND
12081 freshman  20   0  183632 180324   1600 R 12.5  0.5   4:39.98 sjeng_base.+

top - 18:28:21 up 11 days,  5:33,  6 users,  load average: 1.00, 1.00, 0.91
Tasks: 197 total,   2 running, 121 sleeping,   0 stopped,   0 zombie
%Cpu(s): 12.4 us,  0.1 sy,  0.0 ni, 87.4 id,  0.0 wa,  0.0 hi,  0.0 si,  0.0 st
KiB Mem : 32843380 total, 16946048 free,   494492 used, 15402840 buff/cache
--
  PID USER      PR  NI    VIRT    RES    SHR S %CPU %MEM     TIME+ COMMAND
12081 freshman  20   0  183632 180324   1600 R 12.5  0.5   4:40.99 sjeng_base.+
11560 freshman  20   0   42788   3996   3368 R  0.1  0.0   0:08.67 top

top - 18:28:22 up 11 days,  5:33,  6 users,  load average: 1.00, 1.00, 0.91
Tasks: 197 total,   2 running, 121 sleeping,   0 stopped,   0 zombie
%Cpu(s): 12.6 us,  0.0 sy,  0.0 ni, 87.4 id,  0.0 wa,  0.0 hi,  0.0 si,  0.0 st
KiB Mem : 32843380 total, 16946048 free,   494492 used, 15402840 buff/cache
--
  PID USER      PR  NI    VIRT    RES    SHR S %CPU %MEM     TIME+ COMMAND
12081 freshman  20   0  183632 180324   1600 R 12.5  0.5   4:41.99 sjeng_base.+

top - 18:28:23 up 11 days,  5:33,  6 users,  load average: 1.00, 1.00, 0.91
Tasks: 197 total,   2 running, 121 sleeping,   0 stopped,   0 zombie
%Cpu(s): 12.6 us,  0.0 sy,  0.0 ni, 87.4 id,  0.0 wa,  0.0 hi,  0.0 si,  0.0 st
KiB Mem : 32843380 total, 16946048 free,   494492 used, 15402840 buff/cache
--
  PID USER      PR  NI    VIRT    RES    SHR S %CPU %MEM     TIME+ COMMAND
12081 freshman  20   0  183632 180324   1600 R 12.5  0.5   4:43.00 sjeng_base.+
11560 freshman  20   0   42788   3996   3368 R  0.1  0.0   0:08.68 top

top - 18:28:24 up 11 days,  5:33,  6 users,  load average: 1.00, 1.00, 0.91
Tasks: 197 total,   2 running, 121 sleeping,   0 stopped,   0 zombie
%Cpu(s): 12.4 us,  0.1 sy,  0.0 ni, 87.5 id,  0.0 wa,  0.0 hi,  0.0 si,  0.0 st
KiB Mem : 32843380 total, 16946064 free,   494468 used, 15402848 buff/cache
--
  PID USER      PR  NI    VIRT    RES    SHR S %CPU %MEM     TIME+ COMMAND
12081 freshman  20   0  183632 180324   1600 R 12.6  0.5   4:44.01 sjeng_base.+

top - 18:28:25 up 11 days,  5:33,  6 users,  load average: 1.00, 1.00, 0.91
Tasks: 197 total,   2 running, 121 sleeping,   0 stopped,   0 zombie
%Cpu(s): 12.6 us,  0.0 sy,  0.0 ni, 87.4 id,  0.0 wa,  0.0 hi,  0.0 si,  0.0 st
KiB Mem : 32843380 total, 16946064 free,   494468 used, 15402848 buff/cache
--
  PID USER      PR  NI    VIRT    RES    SHR S %CPU %MEM     TIME+ COMMAND
12081 freshman  20   0  183632 180324   1600 R 12.4  0.5   4:45.01 sjeng_base.+
11560 freshman  20   0   42788   3996   3368 R  0.1  0.0   0:08.69 top

top - 18:28:26 up 11 days,  5:33,  6 users,  load average: 1.00, 1.00, 0.91
Tasks: 197 total,   2 running, 121 sleeping,   0 stopped,   0 zombie
%Cpu(s): 12.5 us,  0.0 sy,  0.0 ni, 87.5 id,  0.0 wa,  0.0 hi,  0.0 si,  0.0 st
KiB Mem : 32843380 total, 16946064 free,   494468 used, 15402848 buff/cache
--
  PID USER      PR  NI    VIRT    RES    SHR S %CPU %MEM     TIME+ COMMAND
12081 freshman  20   0  183632 180324   1600 R 12.5  0.5   4:46.01 sjeng_base.+

top - 18:28:27 up 11 days,  5:33,  6 users,  load average: 1.00, 1.00, 0.91
Tasks: 197 total,   2 running, 121 sleeping,   0 stopped,   0 zombie
%Cpu(s): 12.5 us,  0.0 sy,  0.0 ni, 87.5 id,  0.0 wa,  0.0 hi,  0.0 si,  0.0 st
KiB Mem : 32843380 total, 16946064 free,   494460 used, 15402856 buff/cache
--
  PID USER      PR  NI    VIRT    RES    SHR S %CPU %MEM     TIME+ COMMAND
12081 freshman  20   0  183632 180324   1600 R 12.5  0.5   4:47.02 sjeng_base.+
11560 freshman  20   0   42788   3996   3368 R  0.1  0.0   0:08.70 top

top - 18:28:28 up 11 days,  5:33,  6 users,  load average: 1.00, 1.00, 0.91
Tasks: 197 total,   2 running, 121 sleeping,   0 stopped,   0 zombie
%Cpu(s): 12.5 us,  0.1 sy,  0.0 ni, 87.3 id,  0.0 wa,  0.0 hi,  0.0 si,  0.0 st
KiB Mem : 32843380 total, 16946064 free,   494460 used, 15402856 buff/cache
--
  PID USER      PR  NI    VIRT    RES    SHR S %CPU %MEM     TIME+ COMMAND
12081 freshman  20   0  183632 180324   1600 R 12.6  0.5   4:48.03 sjeng_base.+

top - 18:28:29 up 11 days,  5:33,  6 users,  load average: 1.00, 1.00, 0.91
Tasks: 197 total,   2 running, 121 sleeping,   0 stopped,   0 zombie
%Cpu(s): 12.5 us,  0.0 sy,  0.0 ni, 87.5 id,  0.0 wa,  0.0 hi,  0.0 si,  0.0 st
KiB Mem : 32843380 total, 16946064 free,   494460 used, 15402856 buff/cache
--
  PID USER      PR  NI    VIRT    RES    SHR S %CPU %MEM     TIME+ COMMAND
12081 freshman  20   0  183632 180324   1600 R 12.4  0.5   4:49.03 sjeng_base.+

top - 18:28:30 up 11 days,  5:33,  6 users,  load average: 1.00, 1.00, 0.91
Tasks: 197 total,   2 running, 121 sleeping,   0 stopped,   0 zombie
%Cpu(s): 12.5 us,  0.1 sy,  0.0 ni, 87.3 id,  0.0 wa,  0.0 hi,  0.0 si,  0.0 st
KiB Mem : 32843380 total, 16946064 free,   494456 used, 15402860 buff/cache
--
  PID USER      PR  NI    VIRT    RES    SHR S %CPU %MEM     TIME+ COMMAND
12081 freshman  20   0  183632 180324   1600 R 12.6  0.5   4:50.04 sjeng_base.+
11560 freshman  20   0   42788   3996   3368 R  0.1  0.0   0:08.71 top

top - 18:28:31 up 11 days,  5:33,  6 users,  load average: 1.00, 1.00, 0.91
Tasks: 197 total,   2 running, 121 sleeping,   0 stopped,   0 zombie
%Cpu(s): 12.5 us,  0.0 sy,  0.0 ni, 87.3 id,  0.1 wa,  0.0 hi,  0.0 si,  0.0 st
KiB Mem : 32843380 total, 16946064 free,   494456 used, 15402860 buff/cache
--
  PID USER      PR  NI    VIRT    RES    SHR S %CPU %MEM     TIME+ COMMAND
12081 freshman  20   0  183632 180324   1600 R 12.4  0.5   4:51.04 sjeng_base.+
11560 freshman  20   0   42788   3996   3368 R  0.1  0.0   0:08.72 top

top - 18:28:32 up 11 days,  5:33,  6 users,  load average: 1.00, 1.00, 0.91
Tasks: 197 total,   2 running, 121 sleeping,   0 stopped,   0 zombie
%Cpu(s): 12.6 us,  0.0 sy,  0.0 ni, 87.4 id,  0.0 wa,  0.0 hi,  0.0 si,  0.0 st
KiB Mem : 32843380 total, 16946064 free,   494456 used, 15402860 buff/cache
--
  PID USER      PR  NI    VIRT    RES    SHR S %CPU %MEM     TIME+ COMMAND
12081 freshman  20   0  183632 180324   1600 R 12.6  0.5   4:52.05 sjeng_base.+

top - 18:28:33 up 11 days,  5:33,  6 users,  load average: 1.00, 1.00, 0.91
Tasks: 197 total,   2 running, 121 sleeping,   0 stopped,   0 zombie
%Cpu(s): 12.5 us,  0.0 sy,  0.0 ni, 87.5 id,  0.0 wa,  0.0 hi,  0.0 si,  0.0 st
KiB Mem : 32843380 total, 16946048 free,   494464 used, 15402868 buff/cache
--
  PID USER      PR  NI    VIRT    RES    SHR S %CPU %MEM     TIME+ COMMAND
12081 freshman  20   0  183632 180324   1600 R 12.4  0.5   4:53.05 sjeng_base.+

top - 18:28:34 up 11 days,  5:33,  6 users,  load average: 1.00, 1.00, 0.91
Tasks: 197 total,   2 running, 121 sleeping,   0 stopped,   0 zombie
%Cpu(s): 12.6 us,  0.0 sy,  0.0 ni, 87.4 id,  0.0 wa,  0.0 hi,  0.0 si,  0.0 st
KiB Mem : 32843380 total, 16946048 free,   494464 used, 15402868 buff/cache
--
  PID USER      PR  NI    VIRT    RES    SHR S %CPU %MEM     TIME+ COMMAND
12081 freshman  20   0  183632 180324   1600 R 12.5  0.5   4:54.06 sjeng_base.+
11560 freshman  20   0   42788   3996   3368 R  0.1  0.0   0:08.73 top

top - 18:28:35 up 11 days,  5:33,  6 users,  load average: 1.00, 1.00, 0.91
Tasks: 197 total,   2 running, 121 sleeping,   0 stopped,   0 zombie
%Cpu(s): 12.6 us,  0.0 sy,  0.0 ni, 87.4 id,  0.0 wa,  0.0 hi,  0.0 si,  0.0 st
KiB Mem : 32843380 total, 16946048 free,   494464 used, 15402868 buff/cache
--
  PID USER      PR  NI    VIRT    RES    SHR S %CPU %MEM     TIME+ COMMAND
12081 freshman  20   0  183632 180324   1600 R 12.5  0.5   4:55.06 sjeng_base.+

top - 18:28:36 up 11 days,  5:33,  6 users,  load average: 1.00, 1.00, 0.91
Tasks: 197 total,   2 running, 121 sleeping,   0 stopped,   0 zombie
%Cpu(s): 12.6 us,  0.0 sy,  0.0 ni, 87.4 id,  0.0 wa,  0.0 hi,  0.0 si,  0.0 st
KiB Mem : 32843380 total, 16946064 free,   494444 used, 15402872 buff/cache
--
  PID USER      PR  NI    VIRT    RES    SHR S %CPU %MEM     TIME+ COMMAND
12081 freshman  20   0  183632 180324   1600 R 12.5  0.5   4:56.07 sjeng_base.+

top - 18:28:37 up 11 days,  5:33,  6 users,  load average: 1.00, 1.00, 0.91
Tasks: 197 total,   2 running, 121 sleeping,   0 stopped,   0 zombie
%Cpu(s): 12.4 us,  0.0 sy,  0.0 ni, 87.6 id,  0.0 wa,  0.0 hi,  0.0 si,  0.0 st
KiB Mem : 32843380 total, 16946064 free,   494444 used, 15402872 buff/cache
--
  PID USER      PR  NI    VIRT    RES    SHR S %CPU %MEM     TIME+ COMMAND
12081 freshman  20   0  183632 180324   1600 R 12.5  0.5   4:57.07 sjeng_base.+

top - 18:28:38 up 11 days,  5:33,  6 users,  load average: 1.00, 1.00, 0.91
Tasks: 197 total,   2 running, 121 sleeping,   0 stopped,   0 zombie
%Cpu(s): 12.4 us,  0.1 sy,  0.0 ni, 87.4 id,  0.0 wa,  0.0 hi,  0.0 si,  0.0 st
KiB Mem : 32843380 total, 16946064 free,   494444 used, 15402872 buff/cache
--
  PID USER      PR  NI    VIRT    RES    SHR S %CPU %MEM     TIME+ COMMAND
12081 freshman  20   0  183632 180324   1600 R 12.5  0.5   4:58.08 sjeng_base.+
11560 freshman  20   0   42788   3996   3368 R  0.1  0.0   0:08.74 top

top - 18:28:39 up 11 days,  5:33,  6 users,  load average: 1.00, 1.00, 0.91
Tasks: 197 total,   2 running, 121 sleeping,   0 stopped,   0 zombie
%Cpu(s): 12.7 us,  0.0 sy,  0.0 ni, 87.3 id,  0.0 wa,  0.0 hi,  0.0 si,  0.0 st
KiB Mem : 32843380 total, 16946048 free,   494460 used, 15402872 buff/cache
--
  PID USER      PR  NI    VIRT    RES    SHR S %CPU %MEM     TIME+ COMMAND
12081 freshman  20   0  183632 180324   1600 R 12.6  0.5   4:59.09 sjeng_base.+

top - 18:28:40 up 11 days,  5:33,  6 users,  load average: 1.00, 1.00, 0.91
Tasks: 197 total,   2 running, 121 sleeping,   0 stopped,   0 zombie
%Cpu(s): 12.5 us,  0.0 sy,  0.0 ni, 87.4 id,  0.1 wa,  0.0 hi,  0.0 si,  0.0 st
KiB Mem : 32843380 total, 16946048 free,   494460 used, 15402872 buff/cache
--
  PID USER      PR  NI    VIRT    RES    SHR S %CPU %MEM     TIME+ COMMAND
12081 freshman  20   0  183632 180324   1600 R 12.4  0.5   5:00.09 sjeng_base.+
11560 freshman  20   0   42788   3996   3368 R  0.1  0.0   0:08.75 top

top - 18:28:41 up 11 days,  5:33,  6 users,  load average: 1.00, 1.00, 0.91
Tasks: 197 total,   2 running, 121 sleeping,   0 stopped,   0 zombie
%Cpu(s): 12.4 us,  0.1 sy,  0.0 ni, 87.5 id,  0.0 wa,  0.0 hi,  0.0 si,  0.0 st
KiB Mem : 32843380 total, 16946048 free,   494460 used, 15402872 buff/cache
--
  PID USER      PR  NI    VIRT    RES    SHR S %CPU %MEM     TIME+ COMMAND
12081 freshman  20   0  183632 180324   1600 R 12.5  0.5   5:01.09 sjeng_base.+
11560 freshman  20   0   42788   3996   3368 R  0.1  0.0   0:08.76 top

top - 18:28:42 up 11 days,  5:33,  6 users,  load average: 1.00, 1.00, 0.91
Tasks: 197 total,   2 running, 121 sleeping,   0 stopped,   0 zombie
%Cpu(s): 12.7 us,  0.0 sy,  0.0 ni, 87.3 id,  0.0 wa,  0.0 hi,  0.0 si,  0.0 st
KiB Mem : 32843380 total, 16946048 free,   494448 used, 15402884 buff/cache
--
  PID USER      PR  NI    VIRT    RES    SHR S %CPU %MEM     TIME+ COMMAND
12081 freshman  20   0  183632 180324   1600 R 12.5  0.5   5:02.10 sjeng_base.+
    8 root      20   0       0      0      0 I  0.1  0.0   0:20.01 rcu_sched

top - 18:28:43 up 11 days,  5:33,  6 users,  load average: 1.00, 1.00, 0.91
Tasks: 197 total,   2 running, 121 sleeping,   0 stopped,   0 zombie
%Cpu(s): 12.5 us,  0.0 sy,  0.0 ni, 87.5 id,  0.0 wa,  0.0 hi,  0.0 si,  0.0 st
KiB Mem : 32843380 total, 16946048 free,   494448 used, 15402884 buff/cache
--
  PID USER      PR  NI    VIRT    RES    SHR S %CPU %MEM     TIME+ COMMAND
12081 freshman  20   0  183632 180324   1600 R 12.6  0.5   5:03.11 sjeng_base.+

top - 18:28:44 up 11 days,  5:33,  6 users,  load average: 1.00, 1.00, 0.91
Tasks: 197 total,   2 running, 121 sleeping,   0 stopped,   0 zombie
%Cpu(s): 12.5 us,  0.0 sy,  0.0 ni, 87.5 id,  0.0 wa,  0.0 hi,  0.0 si,  0.0 st
KiB Mem : 32843380 total, 16946048 free,   494448 used, 15402884 buff/cache
--
  PID USER      PR  NI    VIRT    RES    SHR S %CPU %MEM     TIME+ COMMAND
12081 freshman  20   0  183632 180324   1600 R 12.4  0.5   5:04.11 sjeng_base.+
11560 freshman  20   0   42788   3996   3368 R  0.1  0.0   0:08.77 top

top - 18:28:45 up 11 days,  5:33,  6 users,  load average: 1.00, 1.00, 0.91
Tasks: 197 total,   2 running, 121 sleeping,   0 stopped,   0 zombie
%Cpu(s): 12.7 us,  0.0 sy,  0.0 ni, 87.3 id,  0.0 wa,  0.0 hi,  0.0 si,  0.0 st
KiB Mem : 32843380 total, 16946048 free,   494444 used, 15402888 buff/cache
--
  PID USER      PR  NI    VIRT    RES    SHR S %CPU %MEM     TIME+ COMMAND
12081 freshman  20   0  183632 180324   1600 R 12.5  0.5   5:05.11 sjeng_base.+

top - 18:28:46 up 11 days,  5:33,  6 users,  load average: 1.00, 1.00, 0.91
Tasks: 197 total,   2 running, 121 sleeping,   0 stopped,   0 zombie
%Cpu(s): 12.4 us,  0.1 sy,  0.0 ni, 87.4 id,  0.0 wa,  0.0 hi,  0.0 si,  0.0 st
KiB Mem : 32843380 total, 16946048 free,   494444 used, 15402888 buff/cache
--
  PID USER      PR  NI    VIRT    RES    SHR S %CPU %MEM     TIME+ COMMAND
12081 freshman  20   0  183632 180324   1600 R 12.5  0.5   5:06.12 sjeng_base.+

top - 18:28:47 up 11 days,  5:33,  6 users,  load average: 1.00, 1.00, 0.91
Tasks: 197 total,   2 running, 121 sleeping,   0 stopped,   0 zombie
%Cpu(s): 12.5 us,  0.0 sy,  0.0 ni, 87.5 id,  0.0 wa,  0.0 hi,  0.0 si,  0.0 st
KiB Mem : 32843380 total, 16946048 free,   494444 used, 15402888 buff/cache
--
  PID USER      PR  NI    VIRT    RES    SHR S %CPU %MEM     TIME+ COMMAND
12081 freshman  20   0  183632 180324   1600 R 12.6  0.5   5:07.13 sjeng_base.+

top - 18:28:48 up 11 days,  5:33,  6 users,  load average: 1.00, 1.00, 0.91
Tasks: 197 total,   2 running, 121 sleeping,   0 stopped,   0 zombie
%Cpu(s): 12.5 us,  0.1 sy,  0.0 ni, 87.3 id,  0.0 wa,  0.0 hi,  0.0 si,  0.0 st
KiB Mem : 32843380 total, 16946064 free,   494420 used, 15402896 buff/cache
--
  PID USER      PR  NI    VIRT    RES    SHR S %CPU %MEM     TIME+ COMMAND
12081 freshman  20   0  183632 180324   1600 R 12.4  0.5   5:08.13 sjeng_base.+
11560 freshman  20   0   42788   3996   3368 R  0.1  0.0   0:08.78 top

top - 18:28:49 up 11 days,  5:33,  6 users,  load average: 1.00, 1.00, 0.91
Tasks: 197 total,   2 running, 121 sleeping,   0 stopped,   0 zombie
%Cpu(s): 12.5 us,  0.0 sy,  0.0 ni, 87.5 id,  0.0 wa,  0.0 hi,  0.0 si,  0.0 st
KiB Mem : 32843380 total, 16946064 free,   494420 used, 15402896 buff/cache
--
  PID USER      PR  NI    VIRT    RES    SHR S %CPU %MEM     TIME+ COMMAND
12081 freshman  20   0  183632 180324   1600 R 12.6  0.5   5:09.14 sjeng_base.+
11560 freshman  20   0   42788   3996   3368 R  0.1  0.0   0:08.79 top

top - 18:28:50 up 11 days,  5:33,  6 users,  load average: 1.00, 1.00, 0.91
Tasks: 197 total,   2 running, 121 sleeping,   0 stopped,   0 zombie
%Cpu(s): 12.6 us,  0.0 sy,  0.0 ni, 87.4 id,  0.0 wa,  0.0 hi,  0.0 si,  0.0 st
KiB Mem : 32843380 total, 16946064 free,   494420 used, 15402896 buff/cache
--
  PID USER      PR  NI    VIRT    RES    SHR S %CPU %MEM     TIME+ COMMAND
12081 freshman  20   0  183632 180324   1600 R 12.4  0.5   5:10.14 sjeng_base.+

top - 18:28:51 up 11 days,  5:33,  6 users,  load average: 1.00, 1.00, 0.91
Tasks: 197 total,   2 running, 121 sleeping,   0 stopped,   0 zombie
%Cpu(s): 12.6 us,  0.0 sy,  0.0 ni, 87.4 id,  0.0 wa,  0.0 hi,  0.0 si,  0.0 st
KiB Mem : 32843380 total, 16946048 free,   494436 used, 15402896 buff/cache
--
  PID USER      PR  NI    VIRT    RES    SHR S %CPU %MEM     TIME+ COMMAND
12081 freshman  20   0  183632 180324   1600 R 12.6  0.5   5:11.15 sjeng_base.+
11560 freshman  20   0   42788   3996   3368 R  0.1  0.0   0:08.80 top

top - 18:28:52 up 11 days,  5:33,  6 users,  load average: 1.00, 1.00, 0.91
Tasks: 197 total,   2 running, 121 sleeping,   0 stopped,   0 zombie
%Cpu(s): 12.6 us,  0.0 sy,  0.0 ni, 87.4 id,  0.0 wa,  0.0 hi,  0.0 si,  0.0 st
KiB Mem : 32843380 total, 16946048 free,   494436 used, 15402896 buff/cache
--
  PID USER      PR  NI    VIRT    RES    SHR S %CPU %MEM     TIME+ COMMAND
12081 freshman  20   0  183632 180324   1600 R 12.4  0.5   5:12.15 sjeng_base.+

top - 18:28:53 up 11 days,  5:33,  6 users,  load average: 1.00, 1.00, 0.91
Tasks: 197 total,   2 running, 121 sleeping,   0 stopped,   0 zombie
%Cpu(s): 12.6 us,  0.0 sy,  0.0 ni, 87.4 id,  0.0 wa,  0.0 hi,  0.0 si,  0.0 st
KiB Mem : 32843380 total, 16946048 free,   494436 used, 15402896 buff/cache
--
  PID USER      PR  NI    VIRT    RES    SHR S %CPU %MEM     TIME+ COMMAND
12081 freshman  20   0  183632 180324   1600 R 12.5  0.5   5:13.16 sjeng_base.+

top - 18:28:54 up 11 days,  5:33,  6 users,  load average: 1.00, 1.00, 0.91
Tasks: 197 total,   2 running, 121 sleeping,   0 stopped,   0 zombie
%Cpu(s): 12.5 us,  0.0 sy,  0.0 ni, 87.5 id,  0.0 wa,  0.0 hi,  0.0 si,  0.0 st
KiB Mem : 32843380 total, 16945924 free,   494556 used, 15402900 buff/cache
--
  PID USER      PR  NI    VIRT    RES    SHR S %CPU %MEM     TIME+ COMMAND
12081 freshman  20   0  183632 180324   1600 R 12.5  0.5   5:14.16 sjeng_base.+
11560 freshman  20   0   42788   3996   3368 R  0.1  0.0   0:08.81 top

top - 18:28:56 up 11 days,  5:33,  6 users,  load average: 1.00, 1.00, 0.91
Tasks: 197 total,   2 running, 121 sleeping,   0 stopped,   0 zombie
%Cpu(s): 12.7 us,  0.0 sy,  0.0 ni, 87.3 id,  0.0 wa,  0.0 hi,  0.0 si,  0.0 st
KiB Mem : 32843380 total, 16945924 free,   494556 used, 15402900 buff/cache
--
  PID USER      PR  NI    VIRT    RES    SHR S %CPU %MEM     TIME+ COMMAND
12081 freshman  20   0  183632 180324   1600 R 12.5  0.5   5:15.17 sjeng_base.+

top - 18:28:57 up 11 days,  5:33,  6 users,  load average: 1.00, 1.00, 0.91
Tasks: 197 total,   2 running, 121 sleeping,   0 stopped,   0 zombie
%Cpu(s): 12.5 us,  0.0 sy,  0.0 ni, 87.4 id,  0.1 wa,  0.0 hi,  0.0 si,  0.0 st
KiB Mem : 32843380 total, 16945940 free,   494540 used, 15402900 buff/cache
--
  PID USER      PR  NI    VIRT    RES    SHR S %CPU %MEM     TIME+ COMMAND
12081 freshman  20   0  183632 180324   1600 R 12.5  0.5   5:16.17 sjeng_base.+

top - 18:28:58 up 11 days,  5:33,  6 users,  load average: 1.00, 1.00, 0.91
Tasks: 197 total,   2 running, 121 sleeping,   0 stopped,   0 zombie
%Cpu(s): 12.6 us,  0.0 sy,  0.0 ni, 87.4 id,  0.0 wa,  0.0 hi,  0.0 si,  0.0 st
KiB Mem : 32843380 total, 16945940 free,   494540 used, 15402900 buff/cache
--
  PID USER      PR  NI    VIRT    RES    SHR S %CPU %MEM     TIME+ COMMAND
12081 freshman  20   0  183632 180324   1600 R 12.5  0.5   5:17.18 sjeng_base.+
11560 freshman  20   0   42788   3996   3368 R  0.1  0.0   0:08.82 top

top - 18:28:59 up 11 days,  5:33,  6 users,  load average: 1.00, 1.00, 0.91
Tasks: 197 total,   2 running, 121 sleeping,   0 stopped,   0 zombie
%Cpu(s): 12.5 us,  0.1 sy,  0.0 ni, 87.3 id,  0.0 wa,  0.0 hi,  0.0 si,  0.0 st
KiB Mem : 32843380 total, 16945940 free,   494540 used, 15402900 buff/cache
--
  PID USER      PR  NI    VIRT    RES    SHR S %CPU %MEM     TIME+ COMMAND
12081 freshman  20   0  183632 180324   1600 R 12.5  0.5   5:18.18 sjeng_base.+
11560 freshman  20   0   42788   3996   3368 R  0.1  0.0   0:08.83 top

top - 18:29:00 up 11 days,  5:33,  6 users,  load average: 1.00, 1.00, 0.91
Tasks: 197 total,   2 running, 121 sleeping,   0 stopped,   0 zombie
%Cpu(s): 12.5 us,  0.0 sy,  0.0 ni, 87.5 id,  0.0 wa,  0.0 hi,  0.0 si,  0.0 st
KiB Mem : 32843380 total, 16945924 free,   494544 used, 15402912 buff/cache
--
  PID USER      PR  NI    VIRT    RES    SHR S %CPU %MEM     TIME+ COMMAND
12081 freshman  20   0  183632 180324   1600 R 12.5  0.5   5:19.19 sjeng_base.+

top - 18:29:01 up 11 days,  5:33,  6 users,  load average: 1.00, 1.00, 0.91
Tasks: 197 total,   2 running, 121 sleeping,   0 stopped,   0 zombie
%Cpu(s): 12.5 us,  0.0 sy,  0.0 ni, 87.5 id,  0.0 wa,  0.0 hi,  0.0 si,  0.0 st
KiB Mem : 32843380 total, 16945924 free,   494544 used, 15402912 buff/cache
--
  PID USER      PR  NI    VIRT    RES    SHR S %CPU %MEM     TIME+ COMMAND
12081 freshman  20   0  183632 180324   1600 R 12.5  0.5   5:20.19 sjeng_base.+

top - 18:29:02 up 11 days,  5:33,  6 users,  load average: 1.00, 1.00, 0.91
Tasks: 197 total,   2 running, 121 sleeping,   0 stopped,   0 zombie
%Cpu(s): 12.5 us,  0.1 sy,  0.0 ni, 87.3 id,  0.0 wa,  0.0 hi,  0.0 si,  0.0 st
KiB Mem : 32843380 total, 16945924 free,   494544 used, 15402912 buff/cache
--
  PID USER      PR  NI    VIRT    RES    SHR S %CPU %MEM     TIME+ COMMAND
12081 freshman  20   0  183632 180324   1600 R 12.5  0.5   5:21.20 sjeng_base.+
11560 freshman  20   0   42788   3996   3368 R  0.1  0.0   0:08.84 top

top - 18:29:03 up 11 days,  5:33,  6 users,  load average: 1.00, 1.00, 0.91
Tasks: 197 total,   2 running, 121 sleeping,   0 stopped,   0 zombie
%Cpu(s): 12.5 us,  0.0 sy,  0.0 ni, 87.5 id,  0.0 wa,  0.0 hi,  0.0 si,  0.0 st
KiB Mem : 32843380 total, 16945924 free,   494540 used, 15402916 buff/cache
--
  PID USER      PR  NI    VIRT    RES    SHR S %CPU %MEM     TIME+ COMMAND
12081 freshman  20   0  183632 180324   1600 R 12.6  0.5   5:22.21 sjeng_base.+

top - 18:29:04 up 11 days,  5:33,  6 users,  load average: 1.00, 1.00, 0.91
Tasks: 197 total,   2 running, 121 sleeping,   0 stopped,   0 zombie
%Cpu(s): 12.6 us,  0.0 sy,  0.0 ni, 87.4 id,  0.0 wa,  0.0 hi,  0.0 si,  0.0 st
KiB Mem : 32843380 total, 16945924 free,   494540 used, 15402916 buff/cache
--
  PID USER      PR  NI    VIRT    RES    SHR S %CPU %MEM     TIME+ COMMAND
12081 freshman  20   0  183632 180324   1600 R 12.4  0.5   5:23.21 sjeng_base.+

top - 18:29:05 up 11 days,  5:33,  6 users,  load average: 1.00, 1.00, 0.91
Tasks: 197 total,   2 running, 121 sleeping,   0 stopped,   0 zombie
%Cpu(s): 12.4 us,  0.1 sy,  0.0 ni, 87.4 id,  0.0 wa,  0.0 hi,  0.0 si,  0.0 st
KiB Mem : 32843380 total, 16945924 free,   494540 used, 15402916 buff/cache
--
  PID USER      PR  NI    VIRT    RES    SHR S %CPU %MEM     TIME+ COMMAND
12081 freshman  20   0  183632 180324   1600 R 12.5  0.5   5:24.21 sjeng_base.+
11560 freshman  20   0   42788   3996   3368 R  0.1  0.0   0:08.85 top

top - 18:29:06 up 11 days,  5:33,  6 users,  load average: 1.00, 1.00, 0.91
Tasks: 197 total,   2 running, 121 sleeping,   0 stopped,   0 zombie
%Cpu(s): 12.6 us,  0.0 sy,  0.0 ni, 87.4 id,  0.0 wa,  0.0 hi,  0.0 si,  0.0 st
KiB Mem : 32843380 total, 16945924 free,   494532 used, 15402924 buff/cache
--
  PID USER      PR  NI    VIRT    RES    SHR S %CPU %MEM     TIME+ COMMAND
12081 freshman  20   0  183632 180324   1600 R 12.5  0.5   5:25.22 sjeng_base.+

top - 18:29:07 up 11 days,  5:33,  6 users,  load average: 1.00, 1.00, 0.91
Tasks: 197 total,   2 running, 121 sleeping,   0 stopped,   0 zombie
%Cpu(s): 12.4 us,  0.1 sy,  0.0 ni, 87.4 id,  0.0 wa,  0.0 hi,  0.0 si,  0.0 st
KiB Mem : 32843380 total, 16945924 free,   494532 used, 15402924 buff/cache
--
  PID USER      PR  NI    VIRT    RES    SHR S %CPU %MEM     TIME+ COMMAND
12081 freshman  20   0  183632 180324   1600 R 12.6  0.5   5:26.23 sjeng_base.+

top - 18:29:08 up 11 days,  5:33,  6 users,  load average: 1.00, 1.00, 0.91
Tasks: 197 total,   2 running, 121 sleeping,   0 stopped,   0 zombie
%Cpu(s): 12.6 us,  0.0 sy,  0.0 ni, 87.4 id,  0.0 wa,  0.0 hi,  0.0 si,  0.0 st
KiB Mem : 32843380 total, 16945924 free,   494532 used, 15402924 buff/cache
--
  PID USER      PR  NI    VIRT    RES    SHR S %CPU %MEM     TIME+ COMMAND
12081 freshman  20   0  183632 180324   1600 R 12.4  0.5   5:27.23 sjeng_base.+
11560 freshman  20   0   42788   3996   3368 R  0.2  0.0   0:08.87 top

top - 18:29:09 up 11 days,  5:33,  6 users,  load average: 1.00, 1.00, 0.91
Tasks: 197 total,   2 running, 121 sleeping,   0 stopped,   0 zombie
%Cpu(s): 12.5 us,  0.0 sy,  0.0 ni, 87.5 id,  0.0 wa,  0.0 hi,  0.0 si,  0.0 st
KiB Mem : 32843380 total, 16945940 free,   494516 used, 15402924 buff/cache
--
  PID USER      PR  NI    VIRT    RES    SHR S %CPU %MEM     TIME+ COMMAND
12081 freshman  20   0  183632 180324   1600 R 12.6  0.5   5:28.24 sjeng_base.+

top - 18:29:10 up 11 days,  5:33,  6 users,  load average: 1.00, 1.00, 0.91
Tasks: 197 total,   2 running, 121 sleeping,   0 stopped,   0 zombie
%Cpu(s): 12.6 us,  0.0 sy,  0.0 ni, 87.4 id,  0.0 wa,  0.0 hi,  0.0 si,  0.0 st
KiB Mem : 32843380 total, 16945940 free,   494516 used, 15402924 buff/cache
--
  PID USER      PR  NI    VIRT    RES    SHR S %CPU %MEM     TIME+ COMMAND
12081 freshman  20   0  183632 180324   1600 R 12.4  0.5   5:29.24 sjeng_base.+

top - 18:29:11 up 11 days,  5:33,  6 users,  load average: 1.00, 1.00, 0.91
Tasks: 197 total,   2 running, 121 sleeping,   0 stopped,   0 zombie
%Cpu(s): 12.4 us,  0.0 sy,  0.0 ni, 87.4 id,  0.1 wa,  0.0 hi,  0.0 si,  0.0 st
KiB Mem : 32843380 total, 16945940 free,   494516 used, 15402924 buff/cache
--
  PID USER      PR  NI    VIRT    RES    SHR S %CPU %MEM     TIME+ COMMAND
12081 freshman  20   0  183632 180324   1600 R 12.6  0.5   5:30.25 sjeng_base.+

top - 18:29:12 up 11 days,  5:33,  6 users,  load average: 1.00, 1.00, 0.91
Tasks: 197 total,   2 running, 121 sleeping,   0 stopped,   0 zombie
%Cpu(s): 12.5 us,  0.1 sy,  0.0 ni, 87.3 id,  0.0 wa,  0.0 hi,  0.0 si,  0.0 st
KiB Mem : 32843380 total, 16945924 free,   494528 used, 15402928 buff/cache
--
  PID USER      PR  NI    VIRT    RES    SHR S %CPU %MEM     TIME+ COMMAND
12081 freshman  20   0  183632 180324   1600 R 12.4  0.5   5:31.25 sjeng_base.+
11560 freshman  20   0   42788   3996   3368 R  0.1  0.0   0:08.88 top

top - 18:29:13 up 11 days,  5:33,  6 users,  load average: 1.00, 1.00, 0.91
Tasks: 197 total,   2 running, 121 sleeping,   0 stopped,   0 zombie
%Cpu(s): 12.5 us,  0.0 sy,  0.0 ni, 87.5 id,  0.0 wa,  0.0 hi,  0.0 si,  0.0 st
KiB Mem : 32843380 total, 16945924 free,   494528 used, 15402928 buff/cache
--
  PID USER      PR  NI    VIRT    RES    SHR S %CPU %MEM     TIME+ COMMAND
12081 freshman  20   0  183632 180324   1600 R 12.6  0.5   5:32.26 sjeng_base.+

top - 18:29:14 up 11 days,  5:33,  6 users,  load average: 1.00, 1.00, 0.91
Tasks: 197 total,   2 running, 121 sleeping,   0 stopped,   0 zombie
%Cpu(s): 12.6 us,  0.0 sy,  0.0 ni, 87.4 id,  0.0 wa,  0.0 hi,  0.0 si,  0.0 st
KiB Mem : 32843380 total, 16945924 free,   494528 used, 15402928 buff/cache
--
  PID USER      PR  NI    VIRT    RES    SHR S %CPU %MEM     TIME+ COMMAND
12081 freshman  20   0  183632 180324   1600 R 12.4  0.5   5:33.26 sjeng_base.+
11560 freshman  20   0   42788   3996   3368 R  0.1  0.0   0:08.89 top

top - 18:29:15 up 11 days,  5:33,  6 users,  load average: 1.00, 1.00, 0.91
Tasks: 197 total,   2 running, 121 sleeping,   0 stopped,   0 zombie
%Cpu(s): 12.5 us,  0.1 sy,  0.0 ni, 87.3 id,  0.0 wa,  0.0 hi,  0.0 si,  0.0 st
KiB Mem : 32843380 total, 16945924 free,   494520 used, 15402936 buff/cache
--
  PID USER      PR  NI    VIRT    RES    SHR S %CPU %MEM     TIME+ COMMAND
12081 freshman  20   0  183632 180324   1600 R 12.4  0.5   5:34.26 sjeng_base.+
11560 freshman  20   0   42788   3996   3368 R  0.1  0.0   0:08.90 top

top - 18:29:16 up 11 days,  5:34,  6 users,  load average: 1.00, 1.00, 0.91
Tasks: 197 total,   2 running, 121 sleeping,   0 stopped,   0 zombie
%Cpu(s): 12.5 us,  0.0 sy,  0.0 ni, 87.5 id,  0.0 wa,  0.0 hi,  0.0 si,  0.0 st
KiB Mem : 32843380 total, 16945924 free,   494520 used, 15402936 buff/cache
--
  PID USER      PR  NI    VIRT    RES    SHR S %CPU %MEM     TIME+ COMMAND
12081 freshman  20   0  183632 180324   1600 R 12.6  0.5   5:35.27 sjeng_base.+

top - 18:29:17 up 11 days,  5:34,  6 users,  load average: 1.00, 1.00, 0.91
Tasks: 197 total,   2 running, 121 sleeping,   0 stopped,   0 zombie
%Cpu(s): 12.5 us,  0.0 sy,  0.0 ni, 87.5 id,  0.0 wa,  0.0 hi,  0.0 si,  0.0 st
KiB Mem : 32843380 total, 16945924 free,   494520 used, 15402936 buff/cache
--
  PID USER      PR  NI    VIRT    RES    SHR S %CPU %MEM     TIME+ COMMAND
12081 freshman  20   0  183632 180324   1600 R 12.5  0.5   5:36.28 sjeng_base.+

top - 18:29:18 up 11 days,  5:34,  6 users,  load average: 1.00, 1.00, 0.91
Tasks: 197 total,   2 running, 121 sleeping,   0 stopped,   0 zombie
%Cpu(s): 12.5 us,  0.1 sy,  0.0 ni, 87.4 id,  0.0 wa,  0.0 hi,  0.0 si,  0.0 st
KiB Mem : 32843380 total, 16945924 free,   494508 used, 15402948 buff/cache
--
  PID USER      PR  NI    VIRT    RES    SHR S %CPU %MEM     TIME+ COMMAND
12081 freshman  20   0  183632 180324   1600 R 12.5  0.5   5:37.28 sjeng_base.+
11560 freshman  20   0   42788   3996   3368 R  0.1  0.0   0:08.91 top

top - 18:29:19 up 11 days,  5:34,  6 users,  load average: 1.00, 1.00, 0.91
Tasks: 197 total,   2 running, 121 sleeping,   0 stopped,   0 zombie
%Cpu(s): 12.5 us,  0.1 sy,  0.0 ni, 87.3 id,  0.0 wa,  0.0 hi,  0.0 si,  0.0 st
KiB Mem : 32843380 total, 16945924 free,   494508 used, 15402948 buff/cache
--
  PID USER      PR  NI    VIRT    RES    SHR S %CPU %MEM     TIME+ COMMAND
12081 freshman  20   0  183632 180324   1600 R 12.5  0.5   5:38.29 sjeng_base.+

top - 18:29:20 up 11 days,  5:34,  6 users,  load average: 1.00, 1.00, 0.91
Tasks: 197 total,   2 running, 121 sleeping,   0 stopped,   0 zombie
%Cpu(s): 12.5 us,  0.0 sy,  0.0 ni, 87.5 id,  0.0 wa,  0.0 hi,  0.0 si,  0.0 st
KiB Mem : 32843380 total, 16945924 free,   494508 used, 15402948 buff/cache
--
  PID USER      PR  NI    VIRT    RES    SHR S %CPU %MEM     TIME+ COMMAND
12081 freshman  20   0  183632 180324   1600 R 12.5  0.5   5:39.29 sjeng_base.+
11560 freshman  20   0   42788   3996   3368 R  0.1  0.0   0:08.92 top

top - 18:29:21 up 11 days,  5:34,  6 users,  load average: 1.00, 1.00, 0.91
Tasks: 197 total,   2 running, 121 sleeping,   0 stopped,   0 zombie
%Cpu(s): 12.6 us,  0.0 sy,  0.0 ni, 87.4 id,  0.0 wa,  0.0 hi,  0.0 si,  0.0 st
KiB Mem : 32843380 total, 16945940 free,   494492 used, 15402948 buff/cache
--
  PID USER      PR  NI    VIRT    RES    SHR S %CPU %MEM     TIME+ COMMAND
12081 freshman  20   0  183632 180324   1600 R 12.5  0.5   5:40.30 sjeng_base.+

top - 18:29:22 up 11 days,  5:34,  6 users,  load average: 1.00, 1.00, 0.91
Tasks: 197 total,   2 running, 121 sleeping,   0 stopped,   0 zombie
%Cpu(s): 12.6 us,  0.0 sy,  0.0 ni, 87.4 id,  0.0 wa,  0.0 hi,  0.0 si,  0.0 st
KiB Mem : 32843380 total, 16945940 free,   494492 used, 15402948 buff/cache
--
  PID USER      PR  NI    VIRT    RES    SHR S %CPU %MEM     TIME+ COMMAND
12081 freshman  20   0  183632 180324   1600 R 12.5  0.5   5:41.30 sjeng_base.+

top - 18:29:23 up 11 days,  5:34,  6 users,  load average: 1.00, 1.00, 0.91
Tasks: 197 total,   2 running, 121 sleeping,   0 stopped,   0 zombie
%Cpu(s): 12.4 us,  0.1 sy,  0.0 ni, 87.3 id,  0.1 wa,  0.0 hi,  0.0 si,  0.0 st
KiB Mem : 32843380 total, 16945940 free,   494492 used, 15402948 buff/cache
--
  PID USER      PR  NI    VIRT    RES    SHR S %CPU %MEM     TIME+ COMMAND
12081 freshman  20   0  183632 180324   1600 R 12.5  0.5   5:42.31 sjeng_base.+

top - 18:29:24 up 11 days,  5:34,  6 users,  load average: 1.00, 1.00, 0.91
Tasks: 197 total,   2 running, 121 sleeping,   0 stopped,   0 zombie
%Cpu(s): 12.6 us,  0.0 sy,  0.0 ni, 87.4 id,  0.0 wa,  0.0 hi,  0.0 si,  0.0 st
KiB Mem : 32843380 total, 16945924 free,   494508 used, 15402948 buff/cache
--
  PID USER      PR  NI    VIRT    RES    SHR S %CPU %MEM     TIME+ COMMAND
12081 freshman  20   0  183632 180324   1600 R 12.5  0.5   5:43.31 sjeng_base.+
11560 freshman  20   0   42788   3996   3368 R  0.1  0.0   0:08.93 top

top - 18:29:25 up 11 days,  5:34,  6 users,  load average: 1.00, 1.00, 0.91
Tasks: 197 total,   2 running, 121 sleeping,   0 stopped,   0 zombie
%Cpu(s): 12.5 us,  0.1 sy,  0.0 ni, 87.3 id,  0.0 wa,  0.0 hi,  0.0 si,  0.0 st
KiB Mem : 32843380 total, 16945924 free,   494508 used, 15402948 buff/cache
--
  PID USER      PR  NI    VIRT    RES    SHR S %CPU %MEM     TIME+ COMMAND
12081 freshman  20   0  183632 180324   1600 R 12.5  0.5   5:44.32 sjeng_base.+

top - 18:29:26 up 11 days,  5:34,  6 users,  load average: 1.00, 1.00, 0.91
Tasks: 197 total,   2 running, 121 sleeping,   0 stopped,   0 zombie
%Cpu(s): 12.4 us,  0.0 sy,  0.0 ni, 87.6 id,  0.0 wa,  0.0 hi,  0.0 si,  0.0 st
KiB Mem : 32843380 total, 16945924 free,   494508 used, 15402948 buff/cache
--
  PID USER      PR  NI    VIRT    RES    SHR S %CPU %MEM     TIME+ COMMAND
12081 freshman  20   0  183632 180324   1600 R 12.5  0.5   5:45.32 sjeng_base.+
11560 freshman  20   0   42788   3996   3368 R  0.1  0.0   0:08.94 top

top - 18:29:27 up 11 days,  5:34,  6 users,  load average: 1.00, 1.00, 0.91
Tasks: 197 total,   2 running, 121 sleeping,   0 stopped,   0 zombie
%Cpu(s): 12.5 us,  0.0 sy,  0.0 ni, 87.5 id,  0.0 wa,  0.0 hi,  0.0 si,  0.0 st
KiB Mem : 32843380 total, 16945924 free,   494496 used, 15402960 buff/cache
--
  PID USER      PR  NI    VIRT    RES    SHR S %CPU %MEM     TIME+ COMMAND
12081 freshman  20   0  183632 180324   1600 R 12.5  0.5   5:46.33 sjeng_base.+

top - 18:29:28 up 11 days,  5:34,  6 users,  load average: 1.00, 1.00, 0.91
Tasks: 197 total,   2 running, 121 sleeping,   0 stopped,   0 zombie
%Cpu(s): 12.5 us,  0.1 sy,  0.0 ni, 87.3 id,  0.0 wa,  0.0 hi,  0.0 si,  0.0 st
KiB Mem : 32843380 total, 16945924 free,   494496 used, 15402960 buff/cache
--
  PID USER      PR  NI    VIRT    RES    SHR S %CPU %MEM     TIME+ COMMAND
12081 freshman  20   0  183632 180324   1600 R 12.5  0.5   5:47.33 sjeng_base.+
11560 freshman  20   0   42788   3996   3368 R  0.1  0.0   0:08.95 top

top - 18:29:29 up 11 days,  5:34,  6 users,  load average: 1.00, 1.00, 0.91
Tasks: 197 total,   2 running, 121 sleeping,   0 stopped,   0 zombie
%Cpu(s): 12.6 us,  0.0 sy,  0.0 ni, 87.4 id,  0.0 wa,  0.0 hi,  0.0 si,  0.0 st
KiB Mem : 32843380 total, 16945924 free,   494496 used, 15402960 buff/cache
--
  PID USER      PR  NI    VIRT    RES    SHR S %CPU %MEM     TIME+ COMMAND
12081 freshman  20   0  183632 180324   1600 R 12.5  0.5   5:48.34 sjeng_base.+

top - 18:29:30 up 11 days,  5:34,  6 users,  load average: 1.00, 1.00, 0.91
Tasks: 197 total,   2 running, 121 sleeping,   0 stopped,   0 zombie
%Cpu(s): 12.4 us,  0.1 sy,  0.0 ni, 87.4 id,  0.0 wa,  0.0 hi,  0.0 si,  0.0 st
KiB Mem : 32843380 total, 16945924 free,   494488 used, 15402968 buff/cache
--
  PID USER      PR  NI    VIRT    RES    SHR S %CPU %MEM     TIME+ COMMAND
12081 freshman  20   0  183632 180324   1600 R 12.5  0.5   5:49.34 sjeng_base.+

top - 18:29:31 up 11 days,  5:34,  6 users,  load average: 1.00, 1.00, 0.91
Tasks: 197 total,   2 running, 121 sleeping,   0 stopped,   0 zombie
%Cpu(s): 12.6 us,  0.0 sy,  0.0 ni, 87.4 id,  0.0 wa,  0.0 hi,  0.0 si,  0.0 st
KiB Mem : 32843380 total, 16945924 free,   494488 used, 15402968 buff/cache
--
  PID USER      PR  NI    VIRT    RES    SHR S %CPU %MEM     TIME+ COMMAND
12081 freshman  20   0  183632 180324   1600 R 12.5  0.5   5:50.35 sjeng_base.+

top - 18:29:32 up 11 days,  5:34,  6 users,  load average: 1.00, 1.00, 0.91
Tasks: 197 total,   2 running, 121 sleeping,   0 stopped,   0 zombie
%Cpu(s): 12.6 us,  0.0 sy,  0.0 ni, 87.4 id,  0.0 wa,  0.0 hi,  0.0 si,  0.0 st
KiB Mem : 32843380 total, 16945924 free,   494488 used, 15402968 buff/cache
--
  PID USER      PR  NI    VIRT    RES    SHR S %CPU %MEM     TIME+ COMMAND
12081 freshman  20   0  183632 180324   1600 R 12.6  0.5   5:51.36 sjeng_base.+
11560 freshman  20   0   42788   3996   3368 R  0.2  0.0   0:08.97 top

top - 18:29:33 up 11 days,  5:34,  6 users,  load average: 1.00, 1.00, 0.91
Tasks: 197 total,   2 running, 121 sleeping,   0 stopped,   0 zombie
%Cpu(s): 12.6 us,  0.0 sy,  0.0 ni, 87.4 id,  0.0 wa,  0.0 hi,  0.0 si,  0.0 st
KiB Mem : 32843380 total, 16945940 free,   494472 used, 15402968 buff/cache
--
  PID USER      PR  NI    VIRT    RES    SHR S %CPU %MEM     TIME+ COMMAND
12081 freshman  20   0  183632 180324   1600 R 12.4  0.5   5:52.36 sjeng_base.+

top - 18:29:34 up 11 days,  5:34,  6 users,  load average: 1.00, 1.00, 0.91
Tasks: 197 total,   2 running, 121 sleeping,   0 stopped,   0 zombie
%Cpu(s): 12.4 us,  0.0 sy,  0.0 ni, 87.6 id,  0.0 wa,  0.0 hi,  0.0 si,  0.0 st
KiB Mem : 32843380 total, 16945940 free,   494472 used, 15402968 buff/cache
--
  PID USER      PR  NI    VIRT    RES    SHR S %CPU %MEM     TIME+ COMMAND
12081 freshman  20   0  183632 180324   1600 R 12.5  0.5   5:53.36 sjeng_base.+

top - 18:29:35 up 11 days,  5:34,  6 users,  load average: 1.00, 1.00, 0.91
Tasks: 197 total,   2 running, 121 sleeping,   0 stopped,   0 zombie
%Cpu(s): 12.6 us,  0.0 sy,  0.0 ni, 87.4 id,  0.0 wa,  0.0 hi,  0.0 si,  0.0 st
KiB Mem : 32843380 total, 16945940 free,   494472 used, 15402968 buff/cache
--
  PID USER      PR  NI    VIRT    RES    SHR S %CPU %MEM     TIME+ COMMAND
12081 freshman  20   0  183632 180324   1600 R 12.5  0.5   5:54.37 sjeng_base.+
11560 freshman  20   0   42788   3996   3368 R  0.1  0.0   0:08.98 top

top - 18:29:36 up 11 days,  5:34,  6 users,  load average: 1.00, 1.00, 0.91
Tasks: 197 total,   2 running, 121 sleeping,   0 stopped,   0 zombie
%Cpu(s): 12.6 us,  0.0 sy,  0.0 ni, 87.4 id,  0.0 wa,  0.0 hi,  0.0 si,  0.0 st
KiB Mem : 32843380 total, 16945924 free,   494488 used, 15402968 buff/cache
--
  PID USER      PR  NI    VIRT    RES    SHR S %CPU %MEM     TIME+ COMMAND
12081 freshman  20   0  183632 180324   1600 R 12.5  0.5   5:55.38 sjeng_base.+

top - 18:29:37 up 11 days,  5:34,  6 users,  load average: 1.00, 1.00, 0.92
Tasks: 197 total,   2 running, 121 sleeping,   0 stopped,   0 zombie
%Cpu(s): 12.5 us,  0.1 sy,  0.0 ni, 87.3 id,  0.0 wa,  0.0 hi,  0.0 si,  0.0 st
KiB Mem : 32843380 total, 16945924 free,   494488 used, 15402968 buff/cache
--
  PID USER      PR  NI    VIRT    RES    SHR S %CPU %MEM     TIME+ COMMAND
12081 freshman  20   0  183632 180324   1600 R 12.5  0.5   5:56.38 sjeng_base.+
11560 freshman  20   0   42788   3996   3368 R  0.1  0.0   0:08.99 top

top - 18:29:38 up 11 days,  5:34,  6 users,  load average: 1.00, 1.00, 0.92
Tasks: 197 total,   2 running, 121 sleeping,   0 stopped,   0 zombie
%Cpu(s): 12.5 us,  0.0 sy,  0.0 ni, 87.5 id,  0.0 wa,  0.0 hi,  0.0 si,  0.0 st
KiB Mem : 32843380 total, 16945924 free,   494488 used, 15402968 buff/cache
--
  PID USER      PR  NI    VIRT    RES    SHR S %CPU %MEM     TIME+ COMMAND
12081 freshman  20   0  183632 180324   1600 R 12.5  0.5   5:57.39 sjeng_base.+

top - 18:29:39 up 11 days,  5:34,  6 users,  load average: 1.00, 1.00, 0.92
Tasks: 197 total,   2 running, 121 sleeping,   0 stopped,   0 zombie
%Cpu(s): 12.5 us,  0.0 sy,  0.0 ni, 87.5 id,  0.0 wa,  0.0 hi,  0.0 si,  0.0 st
KiB Mem : 32843380 total, 16945800 free,   494604 used, 15402976 buff/cache
--
  PID USER      PR  NI    VIRT    RES    SHR S %CPU %MEM     TIME+ COMMAND
12081 freshman  20   0  183632 180324   1600 R 12.5  0.5   5:58.39 sjeng_base.+

top - 18:29:40 up 11 days,  5:34,  6 users,  load average: 1.00, 1.00, 0.92
Tasks: 197 total,   2 running, 121 sleeping,   0 stopped,   0 zombie
%Cpu(s): 12.5 us,  0.1 sy,  0.0 ni, 87.3 id,  0.0 wa,  0.0 hi,  0.0 si,  0.0 st
KiB Mem : 32843380 total, 16945800 free,   494604 used, 15402976 buff/cache
--
  PID USER      PR  NI    VIRT    RES    SHR S %CPU %MEM     TIME+ COMMAND
12081 freshman  20   0  183632 180324   1600 R 12.5  0.5   5:59.40 sjeng_base.+

top - 18:29:41 up 11 days,  5:34,  6 users,  load average: 1.00, 1.00, 0.92
Tasks: 197 total,   2 running, 121 sleeping,   0 stopped,   0 zombie
%Cpu(s): 12.5 us,  0.0 sy,  0.0 ni, 87.5 id,  0.0 wa,  0.0 hi,  0.0 si,  0.0 st
KiB Mem : 32843380 total, 16945800 free,   494604 used, 15402976 buff/cache
--
  PID USER      PR  NI    VIRT    RES    SHR S %CPU %MEM     TIME+ COMMAND
12081 freshman  20   0  183632 180324   1600 R 12.5  0.5   6:00.40 sjeng_base.+
11560 freshman  20   0   42788   3996   3368 R  0.2  0.0   0:09.01 top

top - 18:29:42 up 11 days,  5:34,  6 users,  load average: 1.00, 1.00, 0.92
Tasks: 197 total,   2 running, 121 sleeping,   0 stopped,   0 zombie
%Cpu(s): 12.6 us,  0.0 sy,  0.0 ni, 87.4 id,  0.0 wa,  0.0 hi,  0.0 si,  0.0 st
KiB Mem : 32843380 total, 16945800 free,   494596 used, 15402984 buff/cache
--
  PID USER      PR  NI    VIRT    RES    SHR S %CPU %MEM     TIME+ COMMAND
12081 freshman  20   0  183632 180324   1600 R 12.5  0.5   6:01.41 sjeng_base.+

top - 18:29:43 up 11 days,  5:34,  6 users,  load average: 1.00, 1.00, 0.92
Tasks: 197 total,   2 running, 121 sleeping,   0 stopped,   0 zombie
%Cpu(s): 12.4 us,  0.1 sy,  0.0 ni, 87.4 id,  0.0 wa,  0.0 hi,  0.0 si,  0.0 st
KiB Mem : 32843380 total, 16945800 free,   494596 used, 15402984 buff/cache
--
  PID USER      PR  NI    VIRT    RES    SHR S %CPU %MEM     TIME+ COMMAND
12081 freshman  20   0  183632 180324   1600 R 12.5  0.5   6:02.41 sjeng_base.+

top - 18:29:44 up 11 days,  5:34,  6 users,  load average: 1.00, 1.00, 0.92
Tasks: 197 total,   2 running, 121 sleeping,   0 stopped,   0 zombie
%Cpu(s): 12.6 us,  0.0 sy,  0.0 ni, 87.4 id,  0.0 wa,  0.0 hi,  0.0 si,  0.0 st
KiB Mem : 32843380 total, 16945800 free,   494596 used, 15402984 buff/cache
--
  PID USER      PR  NI    VIRT    RES    SHR S %CPU %MEM     TIME+ COMMAND
12081 freshman  20   0  183632 180324   1600 R 12.5  0.5   6:03.42 sjeng_base.+
11560 freshman  20   0   42788   3996   3368 R  0.1  0.0   0:09.02 top

top - 18:29:45 up 11 days,  5:34,  6 users,  load average: 1.00, 1.00, 0.92
Tasks: 197 total,   2 running, 121 sleeping,   0 stopped,   0 zombie
%Cpu(s): 12.4 us,  0.1 sy,  0.0 ni, 87.5 id,  0.0 wa,  0.0 hi,  0.0 si,  0.0 st
KiB Mem : 32843380 total, 16945816 free,   494576 used, 15402988 buff/cache
--
  PID USER      PR  NI    VIRT    RES    SHR S %CPU %MEM     TIME+ COMMAND
12081 freshman  20   0  183632 180324   1600 R 12.5  0.5   6:04.42 sjeng_base.+

top - 18:29:46 up 11 days,  5:34,  6 users,  load average: 1.00, 1.00, 0.92
Tasks: 197 total,   2 running, 121 sleeping,   0 stopped,   0 zombie
%Cpu(s): 12.6 us,  0.0 sy,  0.0 ni, 87.3 id,  0.1 wa,  0.0 hi,  0.0 si,  0.0 st
KiB Mem : 32843380 total, 16945816 free,   494576 used, 15402988 buff/cache
--
  PID USER      PR  NI    VIRT    RES    SHR S %CPU %MEM     TIME+ COMMAND
12081 freshman  20   0  183632 180324   1600 R 12.5  0.5   6:05.43 sjeng_base.+
11560 freshman  20   0   42788   3996   3368 R  0.1  0.0   0:09.03 top

top - 18:29:47 up 11 days,  5:34,  6 users,  load average: 1.00, 1.00, 0.92
Tasks: 197 total,   2 running, 121 sleeping,   0 stopped,   0 zombie
%Cpu(s): 12.6 us,  0.0 sy,  0.0 ni, 87.4 id,  0.0 wa,  0.0 hi,  0.0 si,  0.0 st
KiB Mem : 32843380 total, 16945816 free,   494576 used, 15402988 buff/cache
--
  PID USER      PR  NI    VIRT    RES    SHR S %CPU %MEM     TIME+ COMMAND
12081 freshman  20   0  183632 180324   1600 R 12.5  0.5   6:06.43 sjeng_base.+

top - 18:29:48 up 11 days,  5:34,  6 users,  load average: 1.00, 1.00, 0.92
Tasks: 197 total,   2 running, 121 sleeping,   0 stopped,   0 zombie
%Cpu(s): 12.4 us,  0.1 sy,  0.0 ni, 87.4 id,  0.0 wa,  0.0 hi,  0.0 si,  0.0 st
KiB Mem : 32843380 total, 16945800 free,   494584 used, 15402996 buff/cache
--
  PID USER      PR  NI    VIRT    RES    SHR S %CPU %MEM     TIME+ COMMAND
12081 freshman  20   0  183632 180324   1600 R 12.5  0.5   6:07.44 sjeng_base.+
11560 freshman  20   0   42788   3996   3368 R  0.1  0.0   0:09.04 top

top - 18:29:49 up 11 days,  5:34,  6 users,  load average: 1.00, 1.00, 0.92
Tasks: 197 total,   2 running, 121 sleeping,   0 stopped,   0 zombie
%Cpu(s): 12.5 us,  0.0 sy,  0.0 ni, 87.5 id,  0.0 wa,  0.0 hi,  0.0 si,  0.0 st
KiB Mem : 32843380 total, 16945800 free,   494584 used, 15402996 buff/cache
--
  PID USER      PR  NI    VIRT    RES    SHR S %CPU %MEM     TIME+ COMMAND
12081 freshman  20   0  183632 180324   1600 R 12.5  0.5   6:08.44 sjeng_base.+

top - 18:29:50 up 11 days,  5:34,  6 users,  load average: 1.00, 1.00, 0.92
Tasks: 197 total,   2 running, 121 sleeping,   0 stopped,   0 zombie
%Cpu(s): 12.5 us,  0.1 sy,  0.0 ni, 87.3 id,  0.0 wa,  0.0 hi,  0.0 si,  0.0 st
KiB Mem : 32843380 total, 16945800 free,   494584 used, 15402996 buff/cache
--
  PID USER      PR  NI    VIRT    RES    SHR S %CPU %MEM     TIME+ COMMAND
12081 freshman  20   0  183632 180324   1600 R 12.5  0.5   6:09.45 sjeng_base.+

top - 18:29:51 up 11 days,  5:34,  6 users,  load average: 1.00, 1.00, 0.92
Tasks: 197 total,   2 running, 121 sleeping,   0 stopped,   0 zombie
%Cpu(s): 12.5 us,  0.0 sy,  0.0 ni, 87.5 id,  0.0 wa,  0.0 hi,  0.0 si,  0.0 st
KiB Mem : 32843380 total, 16945800 free,   494584 used, 15402996 buff/cache
--
  PID USER      PR  NI    VIRT    RES    SHR S %CPU %MEM     TIME+ COMMAND
12081 freshman  20   0  183632 180324   1600 R 12.6  0.5   6:10.46 sjeng_base.+
11560 freshman  20   0   42788   3996   3368 R  0.1  0.0   0:09.05 top

top - 18:29:52 up 11 days,  5:34,  6 users,  load average: 1.08, 1.02, 0.92
Tasks: 197 total,   2 running, 121 sleeping,   0 stopped,   0 zombie
%Cpu(s): 12.4 us,  0.1 sy,  0.0 ni, 87.3 id,  0.1 wa,  0.0 hi,  0.0 si,  0.0 st
KiB Mem : 32843380 total, 16945800 free,   494584 used, 15402996 buff/cache
--
  PID USER      PR  NI    VIRT    RES    SHR S %CPU %MEM     TIME+ COMMAND
12081 freshman  20   0  183632 180324   1600 R 12.4  0.5   6:11.46 sjeng_base.+

top - 18:29:53 up 11 days,  5:34,  6 users,  load average: 1.08, 1.02, 0.92
Tasks: 197 total,   2 running, 121 sleeping,   0 stopped,   0 zombie
%Cpu(s): 12.4 us,  0.0 sy,  0.0 ni, 87.6 id,  0.0 wa,  0.0 hi,  0.0 si,  0.0 st
KiB Mem : 32843380 total, 16945800 free,   494584 used, 15402996 buff/cache
--
  PID USER      PR  NI    VIRT    RES    SHR S %CPU %MEM     TIME+ COMMAND
12081 freshman  20   0  183632 180324   1600 R 12.5  0.5   6:12.46 sjeng_base.+
11560 freshman  20   0   42788   3996   3368 R  0.1  0.0   0:09.06 top

top - 18:29:54 up 11 days,  5:34,  6 users,  load average: 1.08, 1.02, 0.92
Tasks: 197 total,   2 running, 121 sleeping,   0 stopped,   0 zombie
%Cpu(s): 12.5 us,  0.1 sy,  0.0 ni, 87.3 id,  0.0 wa,  0.0 hi,  0.0 si,  0.0 st
KiB Mem : 32843380 total, 16945676 free,   494696 used, 15403008 buff/cache
--
  PID USER      PR  NI    VIRT    RES    SHR S %CPU %MEM     TIME+ COMMAND
12081 freshman  20   0  183632 180324   1600 R 12.5  0.5   6:13.47 sjeng_base.+

top - 18:29:55 up 11 days,  5:34,  6 users,  load average: 1.08, 1.02, 0.92
Tasks: 194 total,   1 running, 119 sleeping,   0 stopped,   0 zombie
%Cpu(s):  1.5 us,  0.1 sy,  0.0 ni, 98.4 id,  0.0 wa,  0.0 hi,  0.0 si,  0.0 st
KiB Mem : 32843380 total, 16945676 free,   494696 used, 15403008 buff/cache
--
  PID USER      PR  NI    VIRT    RES    SHR S %CPU %MEM     TIME+ COMMAND

top - 18:29:56 up 11 days,  5:34,  6 users,  load average: 1.08, 1.02, 0.92
Tasks: 194 total,   1 running, 119 sleeping,   0 stopped,   0 zombie
%Cpu(s):  0.0 us,  0.0 sy,  0.0 ni,100.0 id,  0.0 wa,  0.0 hi,  0.0 si,  0.0 st
KiB Mem : 32843380 total, 16945676 free,   494696 used, 15403008 buff/cache
--
  PID USER      PR  NI    VIRT    RES    SHR S %CPU %MEM     TIME+ COMMAND
11560 freshman  20   0   42788   3996   3368 R  0.1  0.0   0:09.07 top

top - 18:29:57 up 11 days,  5:34,  6 users,  load average: 0.99, 1.00, 0.92
Tasks: 194 total,   1 running, 119 sleeping,   0 stopped,   0 zombie
%Cpu(s):  0.1 us,  0.1 sy,  0.0 ni, 99.8 id,  0.0 wa,  0.0 hi,  0.0 si,  0.0 st
KiB Mem : 32843380 total, 17124772 free,   315592 used, 15403016 buff/cache
--
  PID USER      PR  NI    VIRT    RES    SHR S %CPU %MEM     TIME+ COMMAND
11560 freshman  20   0   42788   3996   3368 R  0.1  0.0   0:09.08 top

top - 18:29:58 up 11 days,  5:34,  6 users,  load average: 0.99, 1.00, 0.92
Tasks: 194 total,   1 running, 119 sleeping,   0 stopped,   0 zombie
%Cpu(s):  0.0 us,  0.0 sy,  0.0 ni,100.0 id,  0.0 wa,  0.0 hi,  0.0 si,  0.0 st
KiB Mem : 32843380 total, 17124772 free,   315592 used, 15403016 buff/cache
--
  PID USER      PR  NI    VIRT    RES    SHR S %CPU %MEM     TIME+ COMMAND
11560 freshman  20   0   42788   3996   3368 R  0.1  0.0   0:09.09 top

top - 18:29:59 up 11 days,  5:34,  6 users,  load average: 0.99, 1.00, 0.92
Tasks: 194 total,   1 running, 119 sleeping,   0 stopped,   0 zombie
%Cpu(s):  0.0 us,  0.1 sy,  0.0 ni, 99.9 id,  0.0 wa,  0.0 hi,  0.0 si,  0.0 st
KiB Mem : 32843380 total, 17124772 free,   315592 used, 15403016 buff/cache
--
  PID USER      PR  NI    VIRT    RES    SHR S %CPU %MEM     TIME+ COMMAND

top - 18:30:00 up 11 days,  5:34,  6 users,  load average: 0.99, 1.00, 0.92
Tasks: 194 total,   1 running, 119 sleeping,   0 stopped,   0 zombie
%Cpu(s):  0.0 us,  0.1 sy,  0.0 ni, 99.9 id,  0.0 wa,  0.0 hi,  0.0 si,  0.0 st
KiB Mem : 32843380 total, 17124756 free,   315600 used, 15403024 buff/cache
--
  PID USER      PR  NI    VIRT    RES    SHR S %CPU %MEM     TIME+ COMMAND
11560 freshman  20   0   42788   3996   3368 R  0.1  0.0   0:09.10 top

top - 18:30:01 up 11 days,  5:34,  6 users,  load average: 0.91, 0.98, 0.91
Tasks: 194 total,   1 running, 119 sleeping,   0 stopped,   0 zombie
%Cpu(s):  0.1 us,  0.0 sy,  0.0 ni, 99.9 id,  0.0 wa,  0.0 hi,  0.0 si,  0.0 st
KiB Mem : 32843380 total, 17124756 free,   315600 used, 15403024 buff/cache
--
  PID USER      PR  NI    VIRT    RES    SHR S %CPU %MEM     TIME+ COMMAND
11560 freshman  20   0   42788   3996   3368 R  0.1  0.0   0:09.11 top

top - 18:30:02 up 11 days,  5:34,  6 users,  load average: 0.91, 0.98, 0.91
Tasks: 194 total,   1 running, 119 sleeping,   0 stopped,   0 zombie
%Cpu(s):  0.1 us,  0.0 sy,  0.0 ni, 99.9 id,  0.0 wa,  0.0 hi,  0.0 si,  0.0 st
KiB Mem : 32843380 total, 17124756 free,   315600 used, 15403024 buff/cache
--
  PID USER      PR  NI    VIRT    RES    SHR S %CPU %MEM     TIME+ COMMAND
11560 freshman  20   0   42788   3996   3368 R  0.1  0.0   0:09.12 top

top - 18:30:03 up 11 days,  5:34,  6 users,  load average: 0.91, 0.98, 0.91
Tasks: 197 total,   2 running, 121 sleeping,   0 stopped,   0 zombie
%Cpu(s):  8.6 us,  0.4 sy,  0.0 ni, 91.1 id,  0.0 wa,  0.0 hi,  0.0 si,  0.0 st
KiB Mem : 32843380 total, 17058172 free,   382160 used, 15403048 buff/cache
--
  PID USER      PR  NI    VIRT    RES    SHR S %CPU %MEM     TIME+ COMMAND
12089 freshman  20   0   73804  67572   1856 R  7.2  0.2   0:00.58 libquantum_+
11573 freshman  20   0   91160  53176   4972 S  0.5  0.2   0:02.86 runspec
11560 freshman  20   0   42788   3996   3368 R  0.1  0.0   0:09.13 top
--
top - 18:30:04 up 11 days,  5:34,  6 users,  load average: 0.91, 0.98, 0.91
Tasks: 197 total,   2 running, 121 sleeping,   0 stopped,   0 zombie
%Cpu(s): 12.5 us,  0.1 sy,  0.0 ni, 87.3 id,  0.0 wa,  0.0 hi,  0.0 si,  0.0 st
KiB Mem : 32843380 total, 17058172 free,   382160 used, 15403048 buff/cache
--
  PID USER      PR  NI    VIRT    RES    SHR S %CPU %MEM     TIME+ COMMAND
12089 freshman  20   0   73804  67572   1856 R 12.5  0.2   0:01.59 libquantum_+
11560 freshman  20   0   42788   3996   3368 R  0.1  0.0   0:09.14 top

top - 18:30:05 up 11 days,  5:34,  6 users,  load average: 0.91, 0.98, 0.91
Tasks: 197 total,   2 running, 121 sleeping,   0 stopped,   0 zombie
%Cpu(s): 12.5 us,  0.0 sy,  0.0 ni, 87.5 id,  0.0 wa,  0.0 hi,  0.0 si,  0.0 st
KiB Mem : 32843380 total, 17058172 free,   382160 used, 15403048 buff/cache
--
  PID USER      PR  NI    VIRT    RES    SHR S %CPU %MEM     TIME+ COMMAND
12089 freshman  20   0   73804  67572   1856 R 12.5  0.2   0:02.59 libquantum_+

top - 18:30:06 up 11 days,  5:34,  6 users,  load average: 0.92, 0.98, 0.91
Tasks: 197 total,   2 running, 121 sleeping,   0 stopped,   0 zombie
%Cpu(s): 12.6 us,  0.0 sy,  0.0 ni, 87.4 id,  0.0 wa,  0.0 hi,  0.0 si,  0.0 st
KiB Mem : 32843380 total, 17058328 free,   381984 used, 15403068 buff/cache
--
  PID USER      PR  NI    VIRT    RES    SHR S %CPU %MEM     TIME+ COMMAND
12089 freshman  20   0   73804  67572   1856 R 12.5  0.2   0:03.60 libquantum_+
11560 freshman  20   0   42788   3996   3368 R  0.1  0.0   0:09.15 top

top - 18:30:07 up 11 days,  5:34,  6 users,  load average: 0.92, 0.98, 0.91
Tasks: 197 total,   2 running, 121 sleeping,   0 stopped,   0 zombie
%Cpu(s): 12.5 us,  0.1 sy,  0.0 ni, 87.3 id,  0.0 wa,  0.0 hi,  0.0 si,  0.0 st
KiB Mem : 32843380 total, 17058328 free,   381984 used, 15403068 buff/cache
--
  PID USER      PR  NI    VIRT    RES    SHR S %CPU %MEM     TIME+ COMMAND
12089 freshman  20   0   73804  67572   1856 R 12.4  0.2   0:04.60 libquantum_+

top - 18:30:08 up 11 days,  5:34,  6 users,  load average: 0.92, 0.98, 0.91
Tasks: 197 total,   2 running, 121 sleeping,   0 stopped,   0 zombie
%Cpu(s): 12.5 us,  0.0 sy,  0.0 ni, 87.5 id,  0.0 wa,  0.0 hi,  0.0 si,  0.0 st
KiB Mem : 32843380 total, 17058328 free,   381984 used, 15403068 buff/cache
--
  PID USER      PR  NI    VIRT    RES    SHR S %CPU %MEM     TIME+ COMMAND
12089 freshman  20   0   73804  67572   1856 R 12.6  0.2   0:05.61 libquantum_+

top - 18:30:09 up 11 days,  5:34,  6 users,  load average: 0.92, 0.98, 0.91
Tasks: 197 total,   2 running, 121 sleeping,   0 stopped,   0 zombie
%Cpu(s): 12.5 us,  0.1 sy,  0.0 ni, 87.3 id,  0.0 wa,  0.0 hi,  0.0 si,  0.0 st
KiB Mem : 32843380 total, 17058344 free,   381960 used, 15403076 buff/cache
--
  PID USER      PR  NI    VIRT    RES    SHR S %CPU %MEM     TIME+ COMMAND
12089 freshman  20   0   73804  67572   1856 R 12.4  0.2   0:06.61 libquantum_+
11560 freshman  20   0   42788   3996   3368 R  0.1  0.0   0:09.16 top

top - 18:30:10 up 11 days,  5:34,  6 users,  load average: 0.92, 0.98, 0.91
Tasks: 197 total,   2 running, 121 sleeping,   0 stopped,   0 zombie
%Cpu(s): 12.4 us,  0.0 sy,  0.0 ni, 87.6 id,  0.0 wa,  0.0 hi,  0.0 si,  0.0 st
KiB Mem : 32843380 total, 17058344 free,   381960 used, 15403076 buff/cache
--
  PID USER      PR  NI    VIRT    RES    SHR S %CPU %MEM     TIME+ COMMAND
12089 freshman  20   0   73804  67572   1856 R 12.6  0.2   0:07.62 libquantum_+

top - 18:30:11 up 11 days,  5:34,  6 users,  load average: 0.93, 0.98, 0.91
Tasks: 197 total,   2 running, 121 sleeping,   0 stopped,   0 zombie
%Cpu(s): 12.7 us,  0.1 sy,  0.0 ni, 87.2 id,  0.0 wa,  0.0 hi,  0.0 si,  0.0 st
KiB Mem : 32843380 total, 17058344 free,   381960 used, 15403076 buff/cache
--
  PID USER      PR  NI    VIRT    RES    SHR S %CPU %MEM     TIME+ COMMAND
12089 freshman  20   0   73804  67572   1856 R 12.5  0.2   0:08.63 libquantum_+
11560 freshman  20   0   42788   3996   3368 R  0.1  0.0   0:09.17 top

top - 18:30:12 up 11 days,  5:34,  6 users,  load average: 0.93, 0.98, 0.91
Tasks: 197 total,   2 running, 121 sleeping,   0 stopped,   0 zombie
%Cpu(s): 12.4 us,  0.0 sy,  0.0 ni, 87.6 id,  0.0 wa,  0.0 hi,  0.0 si,  0.0 st
KiB Mem : 32843380 total, 17058328 free,   381976 used, 15403076 buff/cache
--
  PID USER      PR  NI    VIRT    RES    SHR S %CPU %MEM     TIME+ COMMAND
12089 freshman  20   0   73804  67572   1856 R 12.4  0.2   0:09.63 libquantum_+
11560 freshman  20   0   42788   3996   3368 R  0.1  0.0   0:09.18 top

top - 18:30:13 up 11 days,  5:34,  6 users,  load average: 0.93, 0.98, 0.91
Tasks: 197 total,   2 running, 121 sleeping,   0 stopped,   0 zombie
%Cpu(s): 12.5 us,  0.1 sy,  0.0 ni, 87.3 id,  0.0 wa,  0.0 hi,  0.0 si,  0.0 st
KiB Mem : 32843380 total, 17058328 free,   381976 used, 15403076 buff/cache
--
  PID USER      PR  NI    VIRT    RES    SHR S %CPU %MEM     TIME+ COMMAND
12089 freshman  20   0   73804  67572   1856 R 12.6  0.2   0:10.64 libquantum_+

top - 18:30:14 up 11 days,  5:34,  6 users,  load average: 0.93, 0.98, 0.91
Tasks: 197 total,   2 running, 121 sleeping,   0 stopped,   0 zombie
%Cpu(s): 12.5 us,  0.0 sy,  0.0 ni, 87.3 id,  0.1 wa,  0.0 hi,  0.0 si,  0.0 st
KiB Mem : 32843380 total, 17058328 free,   381976 used, 15403076 buff/cache
--
  PID USER      PR  NI    VIRT    RES    SHR S %CPU %MEM     TIME+ COMMAND
12089 freshman  20   0   73804  67572   1856 R 12.5  0.2   0:11.65 libquantum_+

top - 18:30:15 up 11 days,  5:34,  6 users,  load average: 0.93, 0.98, 0.91
Tasks: 197 total,   2 running, 121 sleeping,   0 stopped,   0 zombie
%Cpu(s): 12.4 us,  0.1 sy,  0.0 ni, 87.5 id,  0.0 wa,  0.0 hi,  0.0 si,  0.0 st
KiB Mem : 32843380 total, 17058344 free,   381956 used, 15403080 buff/cache
--
  PID USER      PR  NI    VIRT    RES    SHR S %CPU %MEM     TIME+ COMMAND
12089 freshman  20   0   73804  67572   1856 R 12.5  0.2   0:12.65 libquantum_+
11560 freshman  20   0   42788   3996   3368 R  0.1  0.0   0:09.19 top

top - 18:30:16 up 11 days,  5:35,  6 users,  load average: 0.93, 0.98, 0.91
Tasks: 197 total,   2 running, 121 sleeping,   0 stopped,   0 zombie
%Cpu(s): 12.6 us,  0.0 sy,  0.0 ni, 87.4 id,  0.0 wa,  0.0 hi,  0.0 si,  0.0 st
KiB Mem : 32843380 total, 17058344 free,   381956 used, 15403080 buff/cache
--
  PID USER      PR  NI    VIRT    RES    SHR S %CPU %MEM     TIME+ COMMAND
12089 freshman  20   0   73804  67572   1856 R 12.5  0.2   0:13.66 libquantum_+

top - 18:30:17 up 11 days,  5:35,  6 users,  load average: 0.93, 0.98, 0.91
Tasks: 197 total,   2 running, 121 sleeping,   0 stopped,   0 zombie
%Cpu(s): 12.7 us,  0.0 sy,  0.0 ni, 87.3 id,  0.0 wa,  0.0 hi,  0.0 si,  0.0 st
KiB Mem : 32843380 total, 17058344 free,   381956 used, 15403080 buff/cache
--
  PID USER      PR  NI    VIRT    RES    SHR S %CPU %MEM     TIME+ COMMAND
12089 freshman  20   0   73804  67572   1856 R 12.4  0.2   0:14.66 libquantum_+
11560 freshman  20   0   42788   3996   3368 R  0.1  0.0   0:09.20 top

top - 18:30:18 up 11 days,  5:35,  6 users,  load average: 0.93, 0.98, 0.91
Tasks: 197 total,   2 running, 121 sleeping,   0 stopped,   0 zombie
%Cpu(s): 12.4 us,  0.0 sy,  0.0 ni, 87.6 id,  0.0 wa,  0.0 hi,  0.0 si,  0.0 st
KiB Mem : 32843380 total, 17058328 free,   381964 used, 15403088 buff/cache
--
  PID USER      PR  NI    VIRT    RES    SHR S %CPU %MEM     TIME+ COMMAND
12089 freshman  20   0   73804  67572   1856 R 12.6  0.2   0:15.67 libquantum_+

top - 18:30:19 up 11 days,  5:35,  6 users,  load average: 0.93, 0.98, 0.91
Tasks: 197 total,   2 running, 121 sleeping,   0 stopped,   0 zombie
%Cpu(s): 12.5 us,  0.1 sy,  0.0 ni, 87.3 id,  0.0 wa,  0.0 hi,  0.0 si,  0.0 st
KiB Mem : 32843380 total, 17058328 free,   381964 used, 15403088 buff/cache
--
  PID USER      PR  NI    VIRT    RES    SHR S %CPU %MEM     TIME+ COMMAND
12089 freshman  20   0   73804  67572   1856 R 12.4  0.2   0:16.67 libquantum_+
11560 freshman  20   0   42788   3996   3368 R  0.1  0.0   0:09.21 top

top - 18:30:20 up 11 days,  5:35,  6 users,  load average: 0.93, 0.98, 0.91
Tasks: 197 total,   2 running, 121 sleeping,   0 stopped,   0 zombie
%Cpu(s): 12.4 us,  0.0 sy,  0.0 ni, 87.6 id,  0.0 wa,  0.0 hi,  0.0 si,  0.0 st
KiB Mem : 32843380 total, 17058328 free,   381964 used, 15403088 buff/cache
--
  PID USER      PR  NI    VIRT    RES    SHR S %CPU %MEM     TIME+ COMMAND
12089 freshman  20   0   73804  67572   1856 R 12.6  0.2   0:17.68 libquantum_+

top - 18:30:21 up 11 days,  5:35,  6 users,  load average: 0.94, 0.98, 0.91
Tasks: 197 total,   2 running, 121 sleeping,   0 stopped,   0 zombie
%Cpu(s): 12.7 us,  0.1 sy,  0.0 ni, 87.2 id,  0.0 wa,  0.0 hi,  0.0 si,  0.0 st
KiB Mem : 32843380 total, 17058344 free,   381948 used, 15403088 buff/cache
--
  PID USER      PR  NI    VIRT    RES    SHR S %CPU %MEM     TIME+ COMMAND
12089 freshman  20   0   73804  67572   1856 R 12.5  0.2   0:18.69 libquantum_+
11560 freshman  20   0   42788   3996   3368 R  0.1  0.0   0:09.22 top

top - 18:30:22 up 11 days,  5:35,  6 users,  load average: 0.94, 0.98, 0.91
Tasks: 197 total,   2 running, 121 sleeping,   0 stopped,   0 zombie
%Cpu(s): 12.4 us,  0.0 sy,  0.0 ni, 87.6 id,  0.0 wa,  0.0 hi,  0.0 si,  0.0 st
KiB Mem : 32843380 total, 17058344 free,   381948 used, 15403088 buff/cache
--
  PID USER      PR  NI    VIRT    RES    SHR S %CPU %MEM     TIME+ COMMAND
12089 freshman  20   0   73804  67572   1856 R 12.4  0.2   0:19.69 libquantum_+

top - 18:30:23 up 11 days,  5:35,  6 users,  load average: 0.94, 0.98, 0.91
Tasks: 197 total,   2 running, 121 sleeping,   0 stopped,   0 zombie
%Cpu(s): 12.5 us,  0.1 sy,  0.0 ni, 87.3 id,  0.0 wa,  0.0 hi,  0.0 si,  0.0 st
KiB Mem : 32843380 total, 17058344 free,   381948 used, 15403088 buff/cache
--
  PID USER      PR  NI    VIRT    RES    SHR S %CPU %MEM     TIME+ COMMAND
12089 freshman  20   0   73804  67572   1856 R 12.6  0.2   0:20.70 libquantum_+
11560 freshman  20   0   42788   3996   3368 R  0.1  0.0   0:09.23 top

top - 18:30:24 up 11 days,  5:35,  6 users,  load average: 0.94, 0.98, 0.91
Tasks: 197 total,   2 running, 121 sleeping,   0 stopped,   0 zombie
%Cpu(s): 12.5 us,  0.0 sy,  0.0 ni, 87.5 id,  0.0 wa,  0.0 hi,  0.0 si,  0.0 st
KiB Mem : 32843380 total, 17058328 free,   381956 used, 15403096 buff/cache
--
  PID USER      PR  NI    VIRT    RES    SHR S %CPU %MEM     TIME+ COMMAND
12089 freshman  20   0   73804  67572   1856 R 12.5  0.2   0:21.71 libquantum_+

top - 18:30:25 up 11 days,  5:35,  6 users,  load average: 0.94, 0.98, 0.91
Tasks: 197 total,   2 running, 121 sleeping,   0 stopped,   0 zombie
%Cpu(s): 12.5 us,  0.1 sy,  0.0 ni, 87.3 id,  0.0 wa,  0.0 hi,  0.0 si,  0.0 st
KiB Mem : 32843380 total, 17058328 free,   381956 used, 15403096 buff/cache
--
  PID USER      PR  NI    VIRT    RES    SHR S %CPU %MEM     TIME+ COMMAND
12089 freshman  20   0   73804  67572   1856 R 12.5  0.2   0:22.71 libquantum_+
11560 freshman  20   0   42788   3996   3368 R  0.1  0.0   0:09.24 top

top - 18:30:26 up 11 days,  5:35,  6 users,  load average: 0.94, 0.99, 0.91
Tasks: 197 total,   2 running, 121 sleeping,   0 stopped,   0 zombie
%Cpu(s): 12.6 us,  0.0 sy,  0.0 ni, 87.4 id,  0.0 wa,  0.0 hi,  0.0 si,  0.0 st
KiB Mem : 32843380 total, 17058328 free,   381956 used, 15403096 buff/cache
--
  PID USER      PR  NI    VIRT    RES    SHR S %CPU %MEM     TIME+ COMMAND
12089 freshman  20   0   73804  67572   1856 R 12.5  0.2   0:23.72 libquantum_+
11560 freshman  20   0   42788   3996   3368 R  0.1  0.0   0:09.25 top

top - 18:30:27 up 11 days,  5:35,  6 users,  load average: 0.94, 0.99, 0.91
Tasks: 197 total,   2 running, 121 sleeping,   0 stopped,   0 zombie
%Cpu(s): 12.5 us,  0.1 sy,  0.0 ni, 87.3 id,  0.0 wa,  0.0 hi,  0.0 si,  0.0 st
KiB Mem : 32843380 total, 17058344 free,   381936 used, 15403100 buff/cache
--
  PID USER      PR  NI    VIRT    RES    SHR S %CPU %MEM     TIME+ COMMAND
12089 freshman  20   0   73804  67572   1856 R 12.4  0.2   0:24.72 libquantum_+

top - 18:30:28 up 11 days,  5:35,  6 users,  load average: 0.94, 0.99, 0.91
Tasks: 197 total,   2 running, 121 sleeping,   0 stopped,   0 zombie
%Cpu(s): 12.5 us,  0.0 sy,  0.0 ni, 87.5 id,  0.0 wa,  0.0 hi,  0.0 si,  0.0 st
KiB Mem : 32843380 total, 17058344 free,   381936 used, 15403100 buff/cache
--
  PID USER      PR  NI    VIRT    RES    SHR S %CPU %MEM     TIME+ COMMAND
12089 freshman  20   0   73804  67572   1856 R 12.6  0.2   0:25.73 libquantum_+
11560 freshman  20   0   42788   3996   3368 R  0.1  0.0   0:09.26 top

top - 18:30:29 up 11 days,  5:35,  6 users,  load average: 0.94, 0.99, 0.91
Tasks: 197 total,   2 running, 121 sleeping,   0 stopped,   0 zombie
%Cpu(s): 12.7 us,  0.0 sy,  0.0 ni, 87.3 id,  0.0 wa,  0.0 hi,  0.0 si,  0.0 st
KiB Mem : 32843380 total, 17058344 free,   381936 used, 15403100 buff/cache
--
  PID USER      PR  NI    VIRT    RES    SHR S %CPU %MEM     TIME+ COMMAND
12089 freshman  20   0   73804  67572   1856 R 12.4  0.2   0:26.73 libquantum_+

top - 18:30:30 up 11 days,  5:35,  6 users,  load average: 0.94, 0.99, 0.91
Tasks: 197 total,   2 running, 121 sleeping,   0 stopped,   0 zombie
%Cpu(s): 12.4 us,  0.1 sy,  0.0 ni, 87.4 id,  0.0 wa,  0.0 hi,  0.0 si,  0.0 st
KiB Mem : 32843380 total, 17058328 free,   381952 used, 15403100 buff/cache
--
  PID USER      PR  NI    VIRT    RES    SHR S %CPU %MEM     TIME+ COMMAND
12089 freshman  20   0   73804  67572   1856 R 12.6  0.2   0:27.74 libquantum_+

top - 18:30:31 up 11 days,  5:35,  6 users,  load average: 0.95, 0.99, 0.91
Tasks: 197 total,   2 running, 121 sleeping,   0 stopped,   0 zombie
%Cpu(s): 12.4 us,  0.0 sy,  0.0 ni, 87.5 id,  0.1 wa,  0.0 hi,  0.0 si,  0.0 st
KiB Mem : 32843380 total, 17058328 free,   381952 used, 15403100 buff/cache
--
  PID USER      PR  NI    VIRT    RES    SHR S %CPU %MEM     TIME+ COMMAND
12089 freshman  20   0   73804  67572   1856 R 12.5  0.2   0:28.75 libquantum_+
11560 freshman  20   0   42788   3996   3368 R  0.1  0.0   0:09.27 top

top - 18:30:32 up 11 days,  5:35,  6 users,  load average: 0.95, 0.99, 0.91
Tasks: 197 total,   2 running, 121 sleeping,   0 stopped,   0 zombie
%Cpu(s): 12.5 us,  0.1 sy,  0.0 ni, 87.3 id,  0.0 wa,  0.0 hi,  0.0 si,  0.0 st
KiB Mem : 32843380 total, 17058328 free,   381952 used, 15403100 buff/cache
--
  PID USER      PR  NI    VIRT    RES    SHR S %CPU %MEM     TIME+ COMMAND
12089 freshman  20   0   73804  67572   1856 R 12.4  0.2   0:29.75 libquantum_+

top - 18:30:33 up 11 days,  5:35,  6 users,  load average: 0.95, 0.99, 0.91
Tasks: 197 total,   2 running, 121 sleeping,   0 stopped,   0 zombie
%Cpu(s): 12.5 us,  0.0 sy,  0.0 ni, 87.5 id,  0.0 wa,  0.0 hi,  0.0 si,  0.0 st
KiB Mem : 32843380 total, 17058344 free,   381928 used, 15403108 buff/cache
--
  PID USER      PR  NI    VIRT    RES    SHR S %CPU %MEM     TIME+ COMMAND
12089 freshman  20   0   73804  67572   1856 R 12.6  0.2   0:30.76 libquantum_+
11560 freshman  20   0   42788   3996   3368 R  0.1  0.0   0:09.28 top

top - 18:30:34 up 11 days,  5:35,  6 users,  load average: 0.95, 0.99, 0.91
Tasks: 197 total,   2 running, 121 sleeping,   0 stopped,   0 zombie
%Cpu(s): 12.6 us,  0.0 sy,  0.0 ni, 87.4 id,  0.0 wa,  0.0 hi,  0.0 si,  0.0 st
KiB Mem : 32843380 total, 17058344 free,   381928 used, 15403108 buff/cache
--
  PID USER      PR  NI    VIRT    RES    SHR S %CPU %MEM     TIME+ COMMAND
12089 freshman  20   0   73804  67572   1856 R 12.5  0.2   0:31.77 libquantum_+

top - 18:30:35 up 11 days,  5:35,  6 users,  load average: 0.95, 0.99, 0.91
Tasks: 197 total,   2 running, 121 sleeping,   0 stopped,   0 zombie
%Cpu(s): 12.5 us,  0.1 sy,  0.0 ni, 87.3 id,  0.0 wa,  0.0 hi,  0.0 si,  0.0 st
KiB Mem : 32843380 total, 17058344 free,   381928 used, 15403108 buff/cache
--
  PID USER      PR  NI    VIRT    RES    SHR S %CPU %MEM     TIME+ COMMAND
12089 freshman  20   0   73804  67572   1856 R 12.5  0.2   0:32.77 libquantum_+

top - 18:30:36 up 11 days,  5:35,  6 users,  load average: 0.95, 0.99, 0.91
Tasks: 197 total,   2 running, 121 sleeping,   0 stopped,   0 zombie
%Cpu(s): 12.5 us,  0.0 sy,  0.0 ni, 87.5 id,  0.0 wa,  0.0 hi,  0.0 si,  0.0 st
KiB Mem : 32843380 total, 17058328 free,   381940 used, 15403112 buff/cache
--
  PID USER      PR  NI    VIRT    RES    SHR S %CPU %MEM     TIME+ COMMAND
12089 freshman  20   0   73804  67572   1856 R 12.5  0.2   0:33.78 libquantum_+
   38 root      rt   0       0      0      0 S  0.1  0.0   0:01.90 watchdog/5
11560 freshman  20   0   42788   3996   3368 R  0.1  0.0   0:09.29 top
--
top - 18:30:37 up 11 days,  5:35,  6 users,  load average: 0.95, 0.99, 0.91
Tasks: 197 total,   2 running, 121 sleeping,   0 stopped,   0 zombie
%Cpu(s): 12.5 us,  0.1 sy,  0.0 ni, 87.3 id,  0.0 wa,  0.0 hi,  0.0 si,  0.0 st
KiB Mem : 32843380 total, 17058328 free,   381940 used, 15403112 buff/cache
--
  PID USER      PR  NI    VIRT    RES    SHR S %CPU %MEM     TIME+ COMMAND
12089 freshman  20   0   73804  67572   1856 R 12.4  0.2   0:34.78 libquantum_+

top - 18:30:38 up 11 days,  5:35,  6 users,  load average: 0.95, 0.99, 0.91
Tasks: 197 total,   2 running, 121 sleeping,   0 stopped,   0 zombie
%Cpu(s): 12.6 us,  0.0 sy,  0.0 ni, 87.4 id,  0.0 wa,  0.0 hi,  0.0 si,  0.0 st
KiB Mem : 32843380 total, 17058328 free,   381940 used, 15403112 buff/cache
--
  PID USER      PR  NI    VIRT    RES    SHR S %CPU %MEM     TIME+ COMMAND
12089 freshman  20   0   73804  67572   1856 R 12.6  0.2   0:35.79 libquantum_+
11560 freshman  20   0   42788   3996   3368 R  0.2  0.0   0:09.31 top

top - 18:30:39 up 11 days,  5:35,  6 users,  load average: 0.95, 0.99, 0.91
Tasks: 197 total,   2 running, 121 sleeping,   0 stopped,   0 zombie
%Cpu(s): 12.4 us,  0.0 sy,  0.0 ni, 87.6 id,  0.0 wa,  0.0 hi,  0.0 si,  0.0 st
KiB Mem : 32843380 total, 17058344 free,   381920 used, 15403116 buff/cache
--
  PID USER      PR  NI    VIRT    RES    SHR S %CPU %MEM     TIME+ COMMAND
12089 freshman  20   0   73804  67572   1856 R 12.4  0.2   0:36.79 libquantum_+

top - 18:30:40 up 11 days,  5:35,  6 users,  load average: 0.95, 0.99, 0.91
Tasks: 197 total,   2 running, 121 sleeping,   0 stopped,   0 zombie
%Cpu(s): 12.5 us,  0.1 sy,  0.0 ni, 87.3 id,  0.0 wa,  0.0 hi,  0.0 si,  0.0 st
KiB Mem : 32843380 total, 17058344 free,   381920 used, 15403116 buff/cache
--
  PID USER      PR  NI    VIRT    RES    SHR S %CPU %MEM     TIME+ COMMAND
12089 freshman  20   0   73804  67572   1856 R 12.6  0.2   0:37.80 libquantum_+

top - 18:30:41 up 11 days,  5:35,  6 users,  load average: 0.96, 0.99, 0.92
Tasks: 197 total,   2 running, 121 sleeping,   0 stopped,   0 zombie
%Cpu(s): 12.5 us,  0.0 sy,  0.0 ni, 87.5 id,  0.0 wa,  0.0 hi,  0.0 si,  0.0 st
KiB Mem : 32843380 total, 17058344 free,   381920 used, 15403116 buff/cache
--
  PID USER      PR  NI    VIRT    RES    SHR S %CPU %MEM     TIME+ COMMAND
12089 freshman  20   0   73804  67572   1856 R 12.5  0.2   0:38.81 libquantum_+
11560 freshman  20   0   42788   3996   3368 R  0.1  0.0   0:09.32 top

top - 18:30:42 up 11 days,  5:35,  6 users,  load average: 0.96, 0.99, 0.92
Tasks: 197 total,   2 running, 121 sleeping,   0 stopped,   0 zombie
%Cpu(s): 12.4 us,  0.1 sy,  0.0 ni, 87.4 id,  0.0 wa,  0.0 hi,  0.0 si,  0.0 st
KiB Mem : 32843380 total, 17058328 free,   381928 used, 15403124 buff/cache
--
  PID USER      PR  NI    VIRT    RES    SHR S %CPU %MEM     TIME+ COMMAND
12089 freshman  20   0   73804  67572   1856 R 12.5  0.2   0:39.81 libquantum_+

top - 18:30:43 up 11 days,  5:35,  6 users,  load average: 0.96, 0.99, 0.92
Tasks: 197 total,   2 running, 121 sleeping,   0 stopped,   0 zombie
%Cpu(s): 12.5 us,  0.0 sy,  0.0 ni, 87.5 id,  0.0 wa,  0.0 hi,  0.0 si,  0.0 st
KiB Mem : 32843380 total, 17058328 free,   381928 used, 15403124 buff/cache
--
  PID USER      PR  NI    VIRT    RES    SHR S %CPU %MEM     TIME+ COMMAND
12089 freshman  20   0   73804  67572   1856 R 12.5  0.2   0:40.82 libquantum_+
11560 freshman  20   0   42788   3996   3368 R  0.1  0.0   0:09.33 top

top - 18:30:44 up 11 days,  5:35,  6 users,  load average: 0.96, 0.99, 0.92
Tasks: 197 total,   2 running, 121 sleeping,   0 stopped,   0 zombie
%Cpu(s): 12.5 us,  0.1 sy,  0.0 ni, 87.3 id,  0.0 wa,  0.0 hi,  0.0 si,  0.0 st
KiB Mem : 32843380 total, 17058328 free,   381928 used, 15403124 buff/cache
--
  PID USER      PR  NI    VIRT    RES    SHR S %CPU %MEM     TIME+ COMMAND
12089 freshman  20   0   73804  67572   1856 R 12.4  0.2   0:41.82 libquantum_+
 1020 root      20   0  178600   9400   8600 S  0.1  0.0   1:09.91 thermald

top - 18:30:45 up 11 days,  5:35,  6 users,  load average: 0.96, 0.99, 0.92
Tasks: 197 total,   2 running, 121 sleeping,   0 stopped,   0 zombie
%Cpu(s): 12.5 us,  0.0 sy,  0.0 ni, 87.5 id,  0.0 wa,  0.0 hi,  0.0 si,  0.0 st
KiB Mem : 32843380 total, 17058344 free,   381912 used, 15403124 buff/cache
--
  PID USER      PR  NI    VIRT    RES    SHR S %CPU %MEM     TIME+ COMMAND
12089 freshman  20   0   73804  67572   1856 R 12.6  0.2   0:42.83 libquantum_+
11560 freshman  20   0   42788   3996   3368 R  0.1  0.0   0:09.34 top

top - 18:30:46 up 11 days,  5:35,  6 users,  load average: 0.96, 0.99, 0.92
Tasks: 197 total,   2 running, 121 sleeping,   0 stopped,   0 zombie
%Cpu(s): 12.5 us,  0.1 sy,  0.0 ni, 87.3 id,  0.0 wa,  0.0 hi,  0.0 si,  0.0 st
KiB Mem : 32843380 total, 17058344 free,   381912 used, 15403124 buff/cache
--
  PID USER      PR  NI    VIRT    RES    SHR S %CPU %MEM     TIME+ COMMAND
12089 freshman  20   0   73804  67572   1856 R 12.4  0.2   0:43.83 libquantum_+

top - 18:30:47 up 11 days,  5:35,  6 users,  load average: 0.96, 0.99, 0.92
Tasks: 197 total,   2 running, 121 sleeping,   0 stopped,   0 zombie
%Cpu(s): 12.6 us,  0.0 sy,  0.0 ni, 87.4 id,  0.0 wa,  0.0 hi,  0.0 si,  0.0 st
KiB Mem : 32843380 total, 17058344 free,   381912 used, 15403124 buff/cache
--
  PID USER      PR  NI    VIRT    RES    SHR S %CPU %MEM     TIME+ COMMAND
12089 freshman  20   0   73804  67572   1856 R 12.6  0.2   0:44.84 libquantum_+
11560 freshman  20   0   42788   3996   3368 R  0.1  0.0   0:09.35 top

top - 18:30:48 up 11 days,  5:35,  6 users,  load average: 0.96, 0.99, 0.92
Tasks: 197 total,   2 running, 121 sleeping,   0 stopped,   0 zombie
%Cpu(s): 12.4 us,  0.1 sy,  0.0 ni, 87.5 id,  0.0 wa,  0.0 hi,  0.0 si,  0.0 st
KiB Mem : 32843380 total, 17058328 free,   381920 used, 15403132 buff/cache
--
  PID USER      PR  NI    VIRT    RES    SHR S %CPU %MEM     TIME+ COMMAND
12089 freshman  20   0   73804  67572   1856 R 12.5  0.2   0:45.85 libquantum_+
11405 root      20   0       0      0      0 I  0.1  0.0   0:00.21 kworker/u16+

top - 18:30:49 up 11 days,  5:35,  6 users,  load average: 0.96, 0.99, 0.92
Tasks: 197 total,   2 running, 121 sleeping,   0 stopped,   0 zombie
%Cpu(s): 12.6 us,  0.0 sy,  0.0 ni, 87.4 id,  0.0 wa,  0.0 hi,  0.0 si,  0.0 st
KiB Mem : 32843380 total, 17058328 free,   381920 used, 15403132 buff/cache
--
  PID USER      PR  NI    VIRT    RES    SHR S %CPU %MEM     TIME+ COMMAND
12089 freshman  20   0   73804  67572   1856 R 12.4  0.2   0:46.85 libquantum_+

top - 18:30:50 up 11 days,  5:35,  6 users,  load average: 0.96, 0.99, 0.92
Tasks: 197 total,   2 running, 121 sleeping,   0 stopped,   0 zombie
%Cpu(s): 12.5 us,  0.1 sy,  0.0 ni, 87.3 id,  0.0 wa,  0.0 hi,  0.0 si,  0.0 st
KiB Mem : 32843380 total, 17058328 free,   381920 used, 15403132 buff/cache
--
  PID USER      PR  NI    VIRT    RES    SHR S %CPU %MEM     TIME+ COMMAND
12089 freshman  20   0   73804  67572   1856 R 12.6  0.2   0:47.86 libquantum_+
11560 freshman  20   0   42788   3996   3368 R  0.1  0.0   0:09.36 top

top - 18:30:51 up 11 days,  5:35,  6 users,  load average: 0.96, 0.99, 0.92
Tasks: 197 total,   2 running, 121 sleeping,   0 stopped,   0 zombie
%Cpu(s): 12.4 us,  0.0 sy,  0.0 ni, 87.6 id,  0.0 wa,  0.0 hi,  0.0 si,  0.0 st
KiB Mem : 32843380 total, 17058344 free,   381900 used, 15403136 buff/cache
--
  PID USER      PR  NI    VIRT    RES    SHR S %CPU %MEM     TIME+ COMMAND
12089 freshman  20   0   73804  67572   1856 R 12.5  0.2   0:48.87 libquantum_+

top - 18:30:52 up 11 days,  5:35,  6 users,  load average: 0.96, 0.99, 0.92
Tasks: 197 total,   2 running, 121 sleeping,   0 stopped,   0 zombie
%Cpu(s): 12.5 us,  0.1 sy,  0.0 ni, 87.3 id,  0.0 wa,  0.0 hi,  0.0 si,  0.0 st
KiB Mem : 32843380 total, 17058344 free,   381900 used, 15403136 buff/cache
--
  PID USER      PR  NI    VIRT    RES    SHR S %CPU %MEM     TIME+ COMMAND
12089 freshman  20   0   73804  67572   1856 R 12.5  0.2   0:49.87 libquantum_+
11560 freshman  20   0   42788   3996   3368 R  0.1  0.0   0:09.37 top

top - 18:30:53 up 11 days,  5:35,  6 users,  load average: 0.96, 0.99, 0.92
Tasks: 197 total,   2 running, 121 sleeping,   0 stopped,   0 zombie
%Cpu(s): 12.5 us,  0.1 sy,  0.0 ni, 87.3 id,  0.0 wa,  0.0 hi,  0.0 si,  0.0 st
KiB Mem : 32843380 total, 17058344 free,   381900 used, 15403136 buff/cache
--
  PID USER      PR  NI    VIRT    RES    SHR S %CPU %MEM     TIME+ COMMAND
12089 freshman  20   0   73804  67572   1856 R 12.5  0.2   0:50.88 libquantum_+

top - 18:30:54 up 11 days,  5:35,  6 users,  load average: 0.96, 0.99, 0.92
Tasks: 197 total,   2 running, 121 sleeping,   0 stopped,   0 zombie
%Cpu(s): 12.5 us,  0.0 sy,  0.0 ni, 87.3 id,  0.1 wa,  0.0 hi,  0.0 si,  0.0 st
KiB Mem : 32843380 total, 17058328 free,   381908 used, 15403144 buff/cache
--
  PID USER      PR  NI    VIRT    RES    SHR S %CPU %MEM     TIME+ COMMAND
12089 freshman  20   0   73804  67572   1856 R 12.4  0.2   0:51.88 libquantum_+
11560 freshman  20   0   42788   3996   3368 R  0.2  0.0   0:09.39 top

top - 18:30:55 up 11 days,  5:35,  6 users,  load average: 0.96, 0.99, 0.92
Tasks: 197 total,   2 running, 121 sleeping,   0 stopped,   0 zombie
%Cpu(s): 12.5 us,  0.0 sy,  0.0 ni, 87.5 id,  0.0 wa,  0.0 hi,  0.0 si,  0.0 st
KiB Mem : 32843380 total, 17058328 free,   381908 used, 15403144 buff/cache
--
  PID USER      PR  NI    VIRT    RES    SHR S %CPU %MEM     TIME+ COMMAND
12089 freshman  20   0   73804  67572   1856 R 12.6  0.2   0:52.89 libquantum_+

top - 18:30:56 up 11 days,  5:35,  6 users,  load average: 0.97, 0.99, 0.92
Tasks: 197 total,   2 running, 121 sleeping,   0 stopped,   0 zombie
%Cpu(s): 12.4 us,  0.1 sy,  0.0 ni, 87.4 id,  0.0 wa,  0.0 hi,  0.0 si,  0.0 st
KiB Mem : 32843380 total, 17058328 free,   381908 used, 15403144 buff/cache
--
  PID USER      PR  NI    VIRT    RES    SHR S %CPU %MEM     TIME+ COMMAND
12089 freshman  20   0   73804  67572   1856 R 12.4  0.2   0:53.89 libquantum_+

top - 18:30:57 up 11 days,  5:35,  6 users,  load average: 0.97, 0.99, 0.92
Tasks: 197 total,   2 running, 121 sleeping,   0 stopped,   0 zombie
%Cpu(s): 12.5 us,  0.0 sy,  0.0 ni, 87.5 id,  0.0 wa,  0.0 hi,  0.0 si,  0.0 st
KiB Mem : 32843380 total, 17058344 free,   381892 used, 15403144 buff/cache
--
  PID USER      PR  NI    VIRT    RES    SHR S %CPU %MEM     TIME+ COMMAND
12089 freshman  20   0   73804  67572   1856 R 12.6  0.2   0:54.90 libquantum_+
11560 freshman  20   0   42788   3996   3368 R  0.1  0.0   0:09.40 top

top - 18:30:58 up 11 days,  5:35,  6 users,  load average: 0.97, 0.99, 0.92
Tasks: 197 total,   2 running, 121 sleeping,   0 stopped,   0 zombie
%Cpu(s): 12.5 us,  0.1 sy,  0.0 ni, 87.3 id,  0.0 wa,  0.0 hi,  0.0 si,  0.0 st
KiB Mem : 32843380 total, 17058344 free,   381892 used, 15403144 buff/cache
--
  PID USER      PR  NI    VIRT    RES    SHR S %CPU %MEM     TIME+ COMMAND
12089 freshman  20   0   73804  67572   1856 R 12.4  0.2   0:55.90 libquantum_+

top - 18:30:59 up 11 days,  5:35,  6 users,  load average: 0.97, 0.99, 0.92
Tasks: 197 total,   2 running, 121 sleeping,   0 stopped,   0 zombie
%Cpu(s): 12.4 us,  0.0 sy,  0.0 ni, 87.6 id,  0.0 wa,  0.0 hi,  0.0 si,  0.0 st
KiB Mem : 32843380 total, 17058344 free,   381892 used, 15403144 buff/cache
--
  PID USER      PR  NI    VIRT    RES    SHR S %CPU %MEM     TIME+ COMMAND
12089 freshman  20   0   73804  67572   1856 R 12.5  0.2   0:56.91 libquantum_+

top - 18:31:00 up 11 days,  5:35,  6 users,  load average: 0.97, 0.99, 0.92
Tasks: 197 total,   2 running, 121 sleeping,   0 stopped,   0 zombie
%Cpu(s): 12.5 us,  0.1 sy,  0.0 ni, 87.3 id,  0.0 wa,  0.0 hi,  0.0 si,  0.0 st
KiB Mem : 32843380 total, 17058328 free,   381904 used, 15403148 buff/cache
--
  PID USER      PR  NI    VIRT    RES    SHR S %CPU %MEM     TIME+ COMMAND
12089 freshman  20   0   73804  67572   1856 R 12.6  0.2   0:57.92 libquantum_+
11560 freshman  20   0   42788   3996   3368 R  0.1  0.0   0:09.41 top

top - 18:31:01 up 11 days,  5:35,  6 users,  load average: 0.97, 0.99, 0.92
Tasks: 197 total,   2 running, 121 sleeping,   0 stopped,   0 zombie
%Cpu(s): 12.5 us,  0.1 sy,  0.0 ni, 87.3 id,  0.0 wa,  0.0 hi,  0.0 si,  0.0 st
KiB Mem : 32843380 total, 17058328 free,   381904 used, 15403148 buff/cache
--
  PID USER      PR  NI    VIRT    RES    SHR S %CPU %MEM     TIME+ COMMAND
12089 freshman  20   0   73804  67572   1856 R 12.4  0.2   0:58.92 libquantum_+
11561 freshman  20   0   13136   1004    908 S  0.1  0.0   0:00.10 grep

top - 18:31:02 up 11 days,  5:35,  6 users,  load average: 0.97, 0.99, 0.92
Tasks: 197 total,   2 running, 121 sleeping,   0 stopped,   0 zombie
%Cpu(s): 12.4 us,  0.0 sy,  0.0 ni, 87.6 id,  0.0 wa,  0.0 hi,  0.0 si,  0.0 st
KiB Mem : 32843380 total, 17058328 free,   381904 used, 15403148 buff/cache
--
  PID USER      PR  NI    VIRT    RES    SHR S %CPU %MEM     TIME+ COMMAND
12089 freshman  20   0   73804  67572   1856 R 12.6  0.2   0:59.93 libquantum_+
11560 freshman  20   0   42788   3996   3368 R  0.2  0.0   0:09.43 top

top - 18:31:03 up 11 days,  5:35,  6 users,  load average: 0.97, 0.99, 0.92
Tasks: 197 total,   2 running, 121 sleeping,   0 stopped,   0 zombie
%Cpu(s): 12.7 us,  0.0 sy,  0.0 ni, 87.3 id,  0.0 wa,  0.0 hi,  0.0 si,  0.0 st
KiB Mem : 32843380 total, 17058344 free,   381888 used, 15403148 buff/cache
--
  PID USER      PR  NI    VIRT    RES    SHR S %CPU %MEM     TIME+ COMMAND
12089 freshman  20   0   73804  67572   1856 R 12.5  0.2   1:00.94 libquantum_+

top - 18:31:04 up 11 days,  5:35,  6 users,  load average: 0.97, 0.99, 0.92
Tasks: 197 total,   2 running, 121 sleeping,   0 stopped,   0 zombie
%Cpu(s): 12.5 us,  0.0 sy,  0.0 ni, 87.5 id,  0.0 wa,  0.0 hi,  0.0 si,  0.0 st
KiB Mem : 32843380 total, 17058344 free,   381888 used, 15403148 buff/cache
--
  PID USER      PR  NI    VIRT    RES    SHR S %CPU %MEM     TIME+ COMMAND
12089 freshman  20   0   73804  67572   1856 R 12.4  0.2   1:01.94 libquantum_+

top - 18:31:05 up 11 days,  5:35,  6 users,  load average: 0.97, 0.99, 0.92
Tasks: 197 total,   2 running, 121 sleeping,   0 stopped,   0 zombie
%Cpu(s): 12.6 us,  0.1 sy,  0.0 ni, 87.2 id,  0.0 wa,  0.0 hi,  0.0 si,  0.0 st
KiB Mem : 32843380 total, 17058344 free,   381888 used, 15403148 buff/cache
--
  PID USER      PR  NI    VIRT    RES    SHR S %CPU %MEM     TIME+ COMMAND
12089 freshman  20   0   73804  67572   1856 R 12.6  0.2   1:02.95 libquantum_+

top - 18:31:06 up 11 days,  5:35,  6 users,  load average: 0.97, 0.99, 0.92
Tasks: 197 total,   2 running, 121 sleeping,   0 stopped,   0 zombie
%Cpu(s): 12.4 us,  0.0 sy,  0.0 ni, 87.6 id,  0.0 wa,  0.0 hi,  0.0 si,  0.0 st
KiB Mem : 32843380 total, 17058328 free,   381896 used, 15403156 buff/cache
--
  PID USER      PR  NI    VIRT    RES    SHR S %CPU %MEM     TIME+ COMMAND
12089 freshman  20   0   73804  67572   1856 R 12.4  0.2   1:03.95 libquantum_+
11560 freshman  20   0   42788   3996   3368 R  0.1  0.0   0:09.44 top

top - 18:31:07 up 11 days,  5:35,  6 users,  load average: 0.97, 0.99, 0.92
Tasks: 199 total,   2 running, 123 sleeping,   0 stopped,   0 zombie
%Cpu(s): 12.6 us,  0.1 sy,  0.0 ni, 87.3 id,  0.0 wa,  0.0 hi,  0.0 si,  0.0 st
KiB Mem : 32843380 total, 17058328 free,   381896 used, 15403156 buff/cache
--
  PID USER      PR  NI    VIRT    RES    SHR S %CPU %MEM     TIME+ COMMAND
12089 freshman  20   0   73804  67572   1856 R 12.6  0.2   1:04.96 libquantum_+

top - 18:31:08 up 11 days,  5:35,  6 users,  load average: 0.97, 0.99, 0.92
Tasks: 199 total,   2 running, 123 sleeping,   0 stopped,   0 zombie
%Cpu(s): 12.5 us,  0.1 sy,  0.0 ni, 87.3 id,  0.0 wa,  0.0 hi,  0.0 si,  0.0 st
KiB Mem : 32843380 total, 17058328 free,   381896 used, 15403156 buff/cache
--
  PID USER      PR  NI    VIRT    RES    SHR S %CPU %MEM     TIME+ COMMAND
12089 freshman  20   0   73804  67572   1856 R 12.4  0.2   1:05.96 libquantum_+
11560 freshman  20   0   42788   4104   3432 R  0.1  0.0   0:09.45 top

top - 18:31:09 up 11 days,  5:35,  6 users,  load average: 0.97, 0.99, 0.92
Tasks: 199 total,   2 running, 123 sleeping,   0 stopped,   0 zombie
%Cpu(s): 12.4 us,  0.0 sy,  0.0 ni, 87.6 id,  0.0 wa,  0.0 hi,  0.0 si,  0.0 st
KiB Mem : 32843380 total, 17057024 free,   383156 used, 15403200 buff/cache
--
  PID USER      PR  NI    VIRT    RES    SHR S %CPU %MEM     TIME+ COMMAND
12089 freshman  20   0   73804  67572   1856 R 12.5  0.2   1:06.97 libquantum_+

top - 18:31:10 up 11 days,  5:35,  6 users,  load average: 0.97, 0.99, 0.92
Tasks: 204 total,   3 running, 127 sleeping,   0 stopped,   0 zombie
%Cpu(s): 16.6 us,  0.6 sy,  0.0 ni, 82.4 id,  0.0 wa,  0.0 hi,  0.4 si,  0.0 st
KiB Mem : 32843380 total, 17057024 free,   383156 used, 15403200 buff/cache
--
  PID USER      PR  NI    VIRT    RES    SHR S %CPU %MEM     TIME+ COMMAND
12089 freshman  20   0   73804  67572   1856 R 12.6  0.2   1:07.98 libquantum_+
  918 syslog    20   0  263040   4656   3620 S  0.1  0.0   0:00.28 rsyslogd
11560 freshman  20   0   42788   4104   3432 R  0.1  0.0   0:09.46 top
--
top - 18:31:11 up 11 days,  5:35,  7 users,  load average: 0.97, 0.99, 0.92
Tasks: 200 total,   2 running, 124 sleeping,   0 stopped,   0 zombie
%Cpu(s): 12.9 us,  0.7 sy,  0.0 ni, 86.3 id,  0.0 wa,  0.0 hi,  0.0 si,  0.0 st
KiB Mem : 32843380 total, 17057024 free,   383156 used, 15403200 buff/cache
--
  PID USER      PR  NI    VIRT    RES    SHR S %CPU %MEM     TIME+ COMMAND
12089 freshman  20   0   73804  67572   1856 R 12.4  0.2   1:08.98 libquantum_+
12172 freshman  20   0   21464   5220   3520 S  0.2  0.0   0:00.02 bash

top - 18:31:12 up 11 days,  5:35,  7 users,  load average: 0.97, 0.99, 0.92
Tasks: 200 total,   2 running, 124 sleeping,   0 stopped,   0 zombie
%Cpu(s): 12.6 us,  0.0 sy,  0.0 ni, 87.4 id,  0.0 wa,  0.0 hi,  0.0 si,  0.0 st
KiB Mem : 32843380 total, 17054268 free,   385880 used, 15403232 buff/cache
--
  PID USER      PR  NI    VIRT    RES    SHR S %CPU %MEM     TIME+ COMMAND
12089 freshman  20   0   73804  67572   1856 R 12.6  0.2   1:09.99 libquantum_+
11560 freshman  20   0   42788   4104   3432 R  0.2  0.0   0:09.48 top

top - 18:31:13 up 11 days,  5:35,  7 users,  load average: 0.97, 0.99, 0.92
Tasks: 200 total,   2 running, 124 sleeping,   0 stopped,   0 zombie
%Cpu(s): 12.5 us,  0.1 sy,  0.0 ni, 87.3 id,  0.0 wa,  0.0 hi,  0.0 si,  0.0 st
KiB Mem : 32843380 total, 17054268 free,   385880 used, 15403232 buff/cache
--
  PID USER      PR  NI    VIRT    RES    SHR S %CPU %MEM     TIME+ COMMAND
12089 freshman  20   0   73804  67572   1856 R 12.5  0.2   1:11.00 libquantum_+

top - 18:31:14 up 11 days,  5:35,  7 users,  load average: 0.97, 0.99, 0.92
Tasks: 200 total,   2 running, 124 sleeping,   0 stopped,   0 zombie
%Cpu(s): 12.5 us,  0.0 sy,  0.0 ni, 87.5 id,  0.0 wa,  0.0 hi,  0.0 si,  0.0 st
KiB Mem : 32843380 total, 17054268 free,   385880 used, 15403232 buff/cache
--
  PID USER      PR  NI    VIRT    RES    SHR S %CPU %MEM     TIME+ COMMAND
12089 freshman  20   0   73804  67572   1856 R 12.4  0.2   1:12.00 libquantum_+
11560 freshman  20   0   42788   4104   3432 R  0.1  0.0   0:09.49 top
12172 freshman  20   0   21464   5544   3776 S  0.1  0.0   0:00.03 bash
--
top - 18:31:15 up 11 days,  5:36,  7 users,  load average: 0.97, 0.99, 0.92
Tasks: 200 total,   2 running, 124 sleeping,   0 stopped,   0 zombie
%Cpu(s): 12.5 us,  0.1 sy,  0.0 ni, 87.3 id,  0.0 wa,  0.0 hi,  0.0 si,  0.0 st
KiB Mem : 32843380 total, 17054244 free,   385900 used, 15403236 buff/cache
--
  PID USER      PR  NI    VIRT    RES    SHR S %CPU %MEM     TIME+ COMMAND
12089 freshman  20   0   73804  67572   1856 R 12.6  0.2   1:13.01 libquantum_+

top - 18:31:16 up 11 days,  5:36,  7 users,  load average: 0.98, 0.99, 0.92
Tasks: 200 total,   2 running, 124 sleeping,   0 stopped,   0 zombie
%Cpu(s): 12.4 us,  0.0 sy,  0.0 ni, 87.4 id,  0.1 wa,  0.0 hi,  0.0 si,  0.0 st
KiB Mem : 32843380 total, 17054244 free,   385900 used, 15403236 buff/cache
--
  PID USER      PR  NI    VIRT    RES    SHR S %CPU %MEM     TIME+ COMMAND
12089 freshman  20   0   73804  67572   1856 R 12.4  0.2   1:14.01 libquantum_+
11560 freshman  20   0   42788   4104   3432 R  0.1  0.0   0:09.50 top

top - 18:31:17 up 11 days,  5:36,  7 users,  load average: 0.98, 0.99, 0.92
Tasks: 200 total,   2 running, 124 sleeping,   0 stopped,   0 zombie
%Cpu(s): 12.5 us,  0.1 sy,  0.0 ni, 87.3 id,  0.0 wa,  0.0 hi,  0.0 si,  0.0 st
KiB Mem : 32843380 total, 17054244 free,   385900 used, 15403236 buff/cache
--
  PID USER      PR  NI    VIRT    RES    SHR S %CPU %MEM     TIME+ COMMAND
12089 freshman  20   0   73804  67572   1856 R 12.6  0.2   1:15.02 libquantum_+

top - 18:31:18 up 11 days,  5:36,  7 users,  load average: 0.98, 0.99, 0.92
Tasks: 201 total,   2 running, 125 sleeping,   0 stopped,   0 zombie
%Cpu(s): 12.7 us,  0.0 sy,  0.0 ni, 87.3 id,  0.0 wa,  0.0 hi,  0.0 si,  0.0 st
KiB Mem : 32843380 total, 17050384 free,   389752 used, 15403244 buff/cache
--
  PID USER      PR  NI    VIRT    RES    SHR S %CPU %MEM     TIME+ COMMAND
12089 freshman  20   0   73804  67572   1856 R 12.4  0.2   1:16.02 libquantum_+
12189 freshman  20   0   55264  10400   6136 S  0.1  0.0   0:00.01 vim

top - 18:31:19 up 11 days,  5:36,  7 users,  load average: 0.98, 0.99, 0.92
Tasks: 201 total,   2 running, 125 sleeping,   0 stopped,   0 zombie
%Cpu(s): 12.6 us,  0.1 sy,  0.0 ni, 87.2 id,  0.0 wa,  0.0 hi,  0.0 si,  0.0 st
KiB Mem : 32843380 total, 17050384 free,   389752 used, 15403244 buff/cache
--
  PID USER      PR  NI    VIRT    RES    SHR S %CPU %MEM     TIME+ COMMAND
12089 freshman  20   0   73804  67572   1856 R 12.5  0.2   1:17.03 libquantum_+

top - 18:31:20 up 11 days,  5:36,  7 users,  load average: 0.98, 0.99, 0.92
Tasks: 201 total,   2 running, 125 sleeping,   0 stopped,   0 zombie
%Cpu(s): 12.5 us,  0.0 sy,  0.0 ni, 87.5 id,  0.0 wa,  0.0 hi,  0.0 si,  0.0 st
KiB Mem : 32843380 total, 17050384 free,   389752 used, 15403244 buff/cache
--
  PID USER      PR  NI    VIRT    RES    SHR S %CPU %MEM     TIME+ COMMAND
12089 freshman  20   0   73804  67572   1856 R 12.6  0.2   1:18.04 libquantum_+
11560 freshman  20   0   42788   4104   3432 R  0.2  0.0   0:09.52 top

top - 18:31:21 up 11 days,  5:36,  7 users,  load average: 0.98, 0.99, 0.92
Tasks: 201 total,   2 running, 125 sleeping,   0 stopped,   0 zombie
%Cpu(s): 12.6 us,  0.0 sy,  0.0 ni, 87.4 id,  0.0 wa,  0.0 hi,  0.0 si,  0.0 st
KiB Mem : 32843380 total, 17050236 free,   389856 used, 15403288 buff/cache
--
  PID USER      PR  NI    VIRT    RES    SHR S %CPU %MEM     TIME+ COMMAND
12089 freshman  20   0   73804  67572   1856 R 12.4  0.2   1:19.04 libquantum_+

top - 18:31:22 up 11 days,  5:36,  7 users,  load average: 0.98, 0.99, 0.92
Tasks: 201 total,   2 running, 125 sleeping,   0 stopped,   0 zombie
%Cpu(s): 12.5 us,  0.0 sy,  0.0 ni, 87.5 id,  0.0 wa,  0.0 hi,  0.0 si,  0.0 st
KiB Mem : 32843380 total, 17050236 free,   389856 used, 15403288 buff/cache
--
  PID USER      PR  NI    VIRT    RES    SHR S %CPU %MEM     TIME+ COMMAND
12089 freshman  20   0   73804  67572   1856 R 12.6  0.2   1:20.05 libquantum_+
11560 freshman  20   0   42788   4104   3432 R  0.1  0.0   0:09.53 top

top - 18:31:23 up 11 days,  5:36,  7 users,  load average: 0.98, 0.99, 0.92
Tasks: 201 total,   2 running, 125 sleeping,   0 stopped,   0 zombie
%Cpu(s): 12.5 us,  0.0 sy,  0.0 ni, 87.5 id,  0.0 wa,  0.0 hi,  0.0 si,  0.0 st
KiB Mem : 32843380 total, 17050236 free,   389856 used, 15403288 buff/cache
--
  PID USER      PR  NI    VIRT    RES    SHR S %CPU %MEM     TIME+ COMMAND
12089 freshman  20   0   73804  67572   1856 R 12.5  0.2   1:21.06 libquantum_+

top - 18:31:24 up 11 days,  5:36,  7 users,  load average: 0.98, 0.99, 0.92
Tasks: 201 total,   2 running, 125 sleeping,   0 stopped,   0 zombie
%Cpu(s): 12.5 us,  0.1 sy,  0.0 ni, 87.4 id,  0.0 wa,  0.0 hi,  0.0 si,  0.0 st
KiB Mem : 32843380 total, 17050260 free,   389828 used, 15403292 buff/cache
--
  PID USER      PR  NI    VIRT    RES    SHR S %CPU %MEM     TIME+ COMMAND
12089 freshman  20   0   73804  67572   1856 R 12.4  0.2   1:22.06 libquantum_+

top - 18:31:25 up 11 days,  5:36,  7 users,  load average: 0.98, 0.99, 0.92
Tasks: 201 total,   2 running, 125 sleeping,   0 stopped,   0 zombie
%Cpu(s): 12.5 us,  0.1 sy,  0.0 ni, 87.3 id,  0.0 wa,  0.0 hi,  0.0 si,  0.0 st
KiB Mem : 32843380 total, 17050260 free,   389828 used, 15403292 buff/cache
--
  PID USER      PR  NI    VIRT    RES    SHR S %CPU %MEM     TIME+ COMMAND
12089 freshman  20   0   73804  67572   1856 R 12.6  0.2   1:23.07 libquantum_+
11560 freshman  20   0   42788   4104   3432 R  0.1  0.0   0:09.54 top
12043 root      20   0       0      0      0 I  0.1  0.0   0:00.03 kworker/u16+
--
top - 18:31:26 up 11 days,  5:36,  7 users,  load average: 0.98, 0.99, 0.92
Tasks: 201 total,   2 running, 125 sleeping,   0 stopped,   0 zombie
%Cpu(s): 12.4 us,  0.0 sy,  0.0 ni, 87.6 id,  0.0 wa,  0.0 hi,  0.0 si,  0.0 st
KiB Mem : 32843380 total, 17050260 free,   389828 used, 15403292 buff/cache
--
  PID USER      PR  NI    VIRT    RES    SHR S %CPU %MEM     TIME+ COMMAND
12089 freshman  20   0   73804  67572   1856 R 12.4  0.2   1:24.07 libquantum_+

top - 18:31:27 up 11 days,  5:36,  7 users,  load average: 0.98, 0.99, 0.92
Tasks: 201 total,   2 running, 125 sleeping,   0 stopped,   0 zombie
%Cpu(s): 12.6 us,  0.0 sy,  0.0 ni, 87.4 id,  0.0 wa,  0.0 hi,  0.0 si,  0.0 st
KiB Mem : 32843380 total, 17050112 free,   389968 used, 15403300 buff/cache
--
  PID USER      PR  NI    VIRT    RES    SHR S %CPU %MEM     TIME+ COMMAND
12089 freshman  20   0   73804  67572   1856 R 12.6  0.2   1:25.08 libquantum_+
11560 freshman  20   0   42788   4104   3432 R  0.1  0.0   0:09.55 top

top - 18:31:28 up 11 days,  5:36,  7 users,  load average: 0.98, 0.99, 0.92
Tasks: 200 total,   2 running, 124 sleeping,   0 stopped,   0 zombie
%Cpu(s): 12.5 us,  0.1 sy,  0.0 ni, 87.3 id,  0.0 wa,  0.0 hi,  0.0 si,  0.0 st
KiB Mem : 32843380 total, 17050112 free,   389968 used, 15403300 buff/cache
--
  PID USER      PR  NI    VIRT    RES    SHR S %CPU %MEM     TIME+ COMMAND
12089 freshman  20   0   73804  67572   1856 R 12.4  0.2   1:26.08 libquantum_+

top - 18:31:29 up 11 days,  5:36,  7 users,  load average: 0.98, 0.99, 0.92
Tasks: 200 total,   2 running, 124 sleeping,   0 stopped,   0 zombie
%Cpu(s): 12.5 us,  0.1 sy,  0.0 ni, 87.3 id,  0.0 wa,  0.0 hi,  0.0 si,  0.0 st
KiB Mem : 32843380 total, 17050112 free,   389968 used, 15403300 buff/cache
--
  PID USER      PR  NI    VIRT    RES    SHR S %CPU %MEM     TIME+ COMMAND
12089 freshman  20   0   73804  67572   1856 R 12.5  0.2   1:27.09 libquantum_+

top - 18:31:30 up 11 days,  5:36,  7 users,  load average: 0.98, 0.99, 0.92
Tasks: 200 total,   2 running, 124 sleeping,   0 stopped,   0 zombie
%Cpu(s): 12.4 us,  0.0 sy,  0.0 ni, 87.6 id,  0.0 wa,  0.0 hi,  0.0 si,  0.0 st
KiB Mem : 32843380 total, 17054328 free,   385756 used, 15403296 buff/cache
--
  PID USER      PR  NI    VIRT    RES    SHR S %CPU %MEM     TIME+ COMMAND 
